[0.005s][info][gc,init] CardTable entry size: 512
[0.005s][info][gc     ] Using G1
[0.008s][info][gc,init] Version: 25.0.4.1+1-LTS (release)
[0.008s][info][gc,init] CPUs: 12 total, 4 available
[0.008s][info][gc,init] Memory: 4096M
[0.009s][info][gc,init] Large Page Support: Disabled
[0.009s][info][gc,init] NUMA Support: Disabled
[0.009s][info][gc,init] Compressed Oops: Enabled (Zero based)
[0.009s][info][gc,init] Heap Region Size: 2M
[0.009s][info][gc,init] Heap Min Capacity: 8M
[0.009s][info][gc,init] Heap Initial Capacity: 2868M
[0.009s][info][gc,init] Heap Max Capacity: 2868M
[0.009s][info][gc,init] Pre-touch: Disabled
[0.009s][info][gc,init] Parallel Workers: 4
[0.009s][info][gc,init] Concurrent Workers: 1
[0.009s][info][gc,init] Concurrent Refinement Workers: 4
[0.009s][info][gc,init] Periodic GC: Disabled
[0.013s][info][gc,metaspace] CDS archive(s) mapped at: [0x00001ff800000000-0x00001ff800e70000-0x00001ff800e70000), size 15138816, SharedBaseAddress: 0x00001ff800000000, ArchiveRelocationMode: 1.
[0.013s][info][gc,metaspace] Compressed class space mapped at: 0x00001ff801000000-0x00001ff841000000, reserved size: 1073741824
[0.013s][info][gc,metaspace] UseCompressedClassPointers 1, UseCompactObjectHeaders 1
[0.013s][info][gc,metaspace] Narrow klass pointer bits 22, Max shift 10
[0.013s][info][gc,metaspace] Narrow klass base: 0x00001ff800000000, Narrow klass shift: 10
[0.013s][info][gc,metaspace] Encoding Range: [0x00001ff800000000 - 0x00001ff900000000), (4294967296 bytes)
[0.013s][info][gc,metaspace] Klass Range:    [0x00001ff800010000 - 0x00001ff841000000), (1090453504 bytes)
[0.013s][info][gc,metaspace] Klass ID Range:  [64 - 1064960) (1064896)
[0.013s][info][gc,metaspace] Protection zone: [0x00001ff800000000 - 0x00001ff800010000), (65536 bytes)
[1.183s][info][gc,start    ] GC(0) Pause Young (Normal) (G1 Evacuation Pause)
[1.184s][info][gc,task     ] GC(0) Using 4 workers of 4 for evacuation
[1.190s][info][gc,phases   ] GC(0)   Pre Evacuate Collection Set: 0.14ms
[1.190s][info][gc,phases   ] GC(0)   Merge Heap Roots: 0.07ms
[1.190s][info][gc,phases   ] GC(0)   Evacuate Collection Set: 4.90ms
[1.190s][info][gc,phases   ] GC(0)   Post Evacuate Collection Set: 1.23ms
[1.190s][info][gc,phases   ] GC(0)   Other: 0.43ms
[1.190s][info][gc,heap     ] GC(0) Eden regions: 71->0(201)
[1.190s][info][gc,heap     ] GC(0) Survivor regions: 0->5(9)
[1.190s][info][gc,heap     ] GC(0) Old regions: 1->1
[1.190s][info][gc,heap     ] GC(0) Humongous regions: 2->2
[1.190s][info][gc,metaspace] GC(0) Metaspace: 17078K(17344K)->17078K(17344K) NonClass: 13482K(13632K)->13482K(13632K) Class: 3596K(3712K)->3596K(3712K)
[1.190s][info][gc          ] GC(0) Pause Young (Normal) (G1 Evacuation Pause) 147M->13M(2868M) 6.978ms
[1.190s][info][gc,cpu      ] GC(0) User=0.02s Sys=0.00s Real=0.01s
[1.867s][info][gc,start    ] GC(1) Pause Young (Concurrent Start) (Metadata GC Threshold)
[1.867s][info][gc,task     ] GC(1) Using 4 workers of 4 for evacuation
[1.874s][info][gc,phases   ] GC(1)   Pre Evacuate Collection Set: 0.26ms
[1.874s][info][gc,phases   ] GC(1)   Merge Heap Roots: 0.09ms
[1.874s][info][gc,phases   ] GC(1)   Evacuate Collection Set: 5.18ms
[1.874s][info][gc,phases   ] GC(1)   Post Evacuate Collection Set: 1.18ms
[1.874s][info][gc,phases   ] GC(1)   Other: 0.08ms
[1.874s][info][gc,heap     ] GC(1) Eden regions: 128->0(519)
[1.874s][info][gc,heap     ] GC(1) Survivor regions: 5->6(26)
[1.874s][info][gc,heap     ] GC(1) Old regions: 1->1
[1.874s][info][gc,heap     ] GC(1) Humongous regions: 2->2
[1.874s][info][gc,metaspace] GC(1) Metaspace: 21191K(21504K)->21191K(21504K) NonClass: 16556K(16704K)->16556K(16704K) Class: 4634K(4800K)->4634K(4800K)
[1.874s][info][gc          ] GC(1) Pause Young (Concurrent Start) (Metadata GC Threshold) 269M->16M(2868M) 6.902ms
[1.874s][info][gc,cpu      ] GC(1) User=0.04s Sys=0.00s Real=0.01s
[1.874s][info][gc          ] GC(2) Concurrent Mark Cycle
[1.874s][info][gc,marking  ] GC(2) Concurrent Scan Root Regions
[1.878s][info][gc,marking  ] GC(2) Concurrent Scan Root Regions 4.148ms
[1.878s][info][gc,marking  ] GC(2) Concurrent Mark
[1.878s][info][gc,marking  ] GC(2) Concurrent Mark From Roots
[1.878s][info][gc,task     ] GC(2) Using 1 workers of 1 for marking
[1.879s][info][gc,marking  ] GC(2) Concurrent Mark From Roots 1.134ms
[1.879s][info][gc,marking  ] GC(2) Concurrent Preclean
[1.879s][info][gc,marking  ] GC(2) Concurrent Preclean 0.004ms
[1.879s][info][gc,start    ] GC(2) Pause Remark
[1.883s][info][gc          ] GC(2) Pause Remark 18M->18M(60M) 3.113ms
[1.883s][info][gc,cpu      ] GC(2) User=0.01s Sys=0.00s Real=0.01s
[1.883s][info][gc,marking  ] GC(2) Concurrent Mark 4.595ms
[1.883s][info][gc,marking  ] GC(2) Concurrent Rebuild Remembered Sets and Scrub Regions
[1.883s][info][gc,marking  ] GC(2) Concurrent Rebuild Remembered Sets and Scrub Regions 0.489ms
[1.883s][info][gc,start    ] GC(2) Pause Cleanup
[1.883s][info][gc          ] GC(2) Pause Cleanup 18M->18M(60M) 0.021ms
[1.883s][info][gc,cpu      ] GC(2) User=0.00s Sys=0.00s Real=0.00s
[1.883s][info][gc,marking  ] GC(2) Concurrent Clear Claimed Marks
[1.884s][info][gc,marking  ] GC(2) Concurrent Clear Claimed Marks 0.025ms
[1.884s][info][gc,marking  ] GC(2) Concurrent Cleanup for Next Mark
[1.884s][info][gc,marking  ] GC(2) Concurrent Cleanup for Next Mark 0.352ms
[1.884s][info][gc          ] GC(2) Concurrent Mark Cycle 10.098ms
[2.097s][info][gc,start    ] GC(3) Pause Young (Prepare Mixed) (G1 Evacuation Pause)
[2.097s][info][gc,task     ] GC(3) Using 3 workers of 4 for evacuation
[2.105s][info][gc,phases   ] GC(3)   Pre Evacuate Collection Set: 0.12ms
[2.105s][info][gc,phases   ] GC(3)   Merge Heap Roots: 0.10ms
[2.105s][info][gc,phases   ] GC(3)   Evacuate Collection Set: 6.87ms
[2.105s][info][gc,phases   ] GC(3)   Post Evacuate Collection Set: 0.96ms
[2.105s][info][gc,phases   ] GC(3)   Other: 0.05ms
[2.105s][info][gc,heap     ] GC(3) Eden regions: 21->0(15)
[2.105s][info][gc,heap     ] GC(3) Survivor regions: 6->7(66)
[2.105s][info][gc,heap     ] GC(3) Old regions: 1->1
[2.105s][info][gc,heap     ] GC(3) Humongous regions: 2->2
[2.105s][info][gc,metaspace] GC(3) Metaspace: 22283K(22656K)->22283K(22656K) NonClass: 17487K(17728K)->17487K(17728K) Class: 4795K(4928K)->4795K(4928K)
[2.105s][info][gc          ] GC(3) Pause Young (Prepare Mixed) (G1 Evacuation Pause) 58M->19M(74M) 8.236ms
[2.105s][info][gc,cpu      ] GC(3) User=0.02s Sys=0.00s Real=0.01s
[2.140s][info][gc,start    ] GC(4) Pause Young (Mixed) (G1 Evacuation Pause)
[2.140s][info][gc,task     ] GC(4) Using 2 workers of 4 for evacuation
[2.150s][info][gc,phases   ] GC(4)   Pre Evacuate Collection Set: 0.17ms
[2.150s][info][gc,phases   ] GC(4)   Merge Heap Roots: 0.05ms
[2.150s][info][gc,phases   ] GC(4)   Evacuate Collection Set: 8.88ms
[2.150s][info][gc,phases   ] GC(4)   Post Evacuate Collection Set: 1.05ms
[2.150s][info][gc,phases   ] GC(4)   Other: 0.05ms
[2.150s][info][gc,heap     ] GC(4) Eden regions: 15->0(17)
[2.150s][info][gc,heap     ] GC(4) Survivor regions: 7->3(3)
[2.150s][info][gc,heap     ] GC(4) Old regions: 1->7
[2.150s][info][gc,heap     ] GC(4) Humongous regions: 2->2
[2.150s][info][gc,metaspace] GC(4) Metaspace: 22371K(22720K)->22371K(22720K) NonClass: 17544K(17728K)->17544K(17728K) Class: 4826K(4992K)->4826K(4992K)
[2.150s][info][gc          ] GC(4) Pause Young (Mixed) (G1 Evacuation Pause) 49M->21M(74M) 10.329ms
[2.150s][info][gc,cpu      ] GC(4) User=0.03s Sys=0.00s Real=0.01s
[2.277s][info][gc,start    ] GC(5) Pause Young (Normal) (G1 Evacuation Pause)
[2.277s][info][gc,task     ] GC(5) Using 2 workers of 4 for evacuation
[2.279s][info][gc,phases   ] GC(5)   Pre Evacuate Collection Set: 0.10ms
[2.279s][info][gc,phases   ] GC(5)   Merge Heap Roots: 0.05ms
[2.279s][info][gc,phases   ] GC(5)   Evacuate Collection Set: 1.86ms
[2.279s][info][gc,phases   ] GC(5)   Post Evacuate Collection Set: 0.36ms
[2.279s][info][gc,phases   ] GC(5)   Other: 0.04ms
[2.279s][info][gc,heap     ] GC(5) Eden regions: 17->0(17)
[2.279s][info][gc,heap     ] GC(5) Survivor regions: 3->2(3)
[2.279s][info][gc,heap     ] GC(5) Old regions: 7->8
[2.279s][info][gc,heap     ] GC(5) Humongous regions: 2->2
[2.279s][info][gc,metaspace] GC(5) Metaspace: 24260K(24640K)->24260K(24640K) NonClass: 19010K(19200K)->19010K(19200K) Class: 5249K(5440K)->5249K(5440K)
[2.279s][info][gc          ] GC(5) Pause Young (Normal) (G1 Evacuation Pause) 55M->22M(74M) 2.505ms
[2.279s][info][gc,cpu      ] GC(5) User=0.00s Sys=0.00s Real=0.00s
[2.374s][info][gc,start    ] GC(6) Pause Young (Normal) (G1 Evacuation Pause)
[2.374s][info][gc,task     ] GC(6) Using 2 workers of 4 for evacuation
[2.376s][info][gc,phases   ] GC(6)   Pre Evacuate Collection Set: 0.12ms
[2.376s][info][gc,phases   ] GC(6)   Merge Heap Roots: 0.05ms
[2.376s][info][gc,phases   ] GC(6)   Evacuate Collection Set: 1.17ms
[2.376s][info][gc,phases   ] GC(6)   Post Evacuate Collection Set: 0.22ms
[2.376s][info][gc,phases   ] GC(6)   Other: 0.03ms
[2.376s][info][gc,heap     ] GC(6) Eden regions: 17->0(18)
[2.376s][info][gc,heap     ] GC(6) Survivor regions: 2->2(3)
[2.376s][info][gc,heap     ] GC(6) Old regions: 8->8
[2.376s][info][gc,heap     ] GC(6) Humongous regions: 2->2
[2.376s][info][gc,metaspace] GC(6) Metaspace: 25826K(26240K)->25826K(26240K) NonClass: 20238K(20480K)->20238K(20480K) Class: 5588K(5760K)->5588K(5760K)
[2.376s][info][gc          ] GC(6) Pause Young (Normal) (G1 Evacuation Pause) 56M->21M(74M) 1.678ms
[2.376s][info][gc,cpu      ] GC(6) User=0.01s Sys=0.00s Real=0.00s
[2.518s][info][gc,start    ] GC(7) Pause Young (Normal) (G1 Evacuation Pause)
[2.518s][info][gc,task     ] GC(7) Using 2 workers of 4 for evacuation
[2.523s][info][gc,phases   ] GC(7)   Pre Evacuate Collection Set: 0.13ms
[2.523s][info][gc,phases   ] GC(7)   Merge Heap Roots: 0.09ms
[2.523s][info][gc,phases   ] GC(7)   Evacuate Collection Set: 2.93ms
[2.523s][info][gc,phases   ] GC(7)   Post Evacuate Collection Set: 1.62ms
[2.523s][info][gc,phases   ] GC(7)   Other: 0.04ms
[2.523s][info][gc,heap     ] GC(7) Eden regions: 18->0(439)
[2.523s][info][gc,heap     ] GC(7) Survivor regions: 2->2(3)
[2.523s][info][gc,heap     ] GC(7) Old regions: 8->8
[2.523s][info][gc,heap     ] GC(7) Humongous regions: 2->2
[2.523s][info][gc,metaspace] GC(7) Metaspace: 28598K(28992K)->28598K(28992K) NonClass: 22314K(22528K)->22314K(22528K) Class: 6283K(6464K)->6283K(6464K)
[2.523s][info][gc          ] GC(7) Pause Young (Normal) (G1 Evacuation Pause) 57M->22M(1472M) 4.920ms
[2.523s][info][gc,cpu      ] GC(7) User=0.01s Sys=0.01s Real=0.01s
[2.745s][info][gc,start    ] GC(8) Pause Young (Concurrent Start) (Metadata GC Threshold)
[2.745s][info][gc,task     ] GC(8) Using 4 workers of 4 for evacuation
[2.747s][info][gc,phases   ] GC(8)   Pre Evacuate Collection Set: 0.19ms
[2.747s][info][gc,phases   ] GC(8)   Merge Heap Roots: 0.05ms
[2.747s][info][gc,phases   ] GC(8)   Evacuate Collection Set: 2.04ms
[2.747s][info][gc,phases   ] GC(8)   Post Evacuate Collection Set: 0.54ms
[2.747s][info][gc,phases   ] GC(8)   Other: 0.04ms
[2.747s][info][gc,heap     ] GC(8) Eden regions: 41->0(438)
[2.747s][info][gc,heap     ] GC(8) Survivor regions: 2->3(56)
[2.747s][info][gc,heap     ] GC(8) Old regions: 8->8
[2.747s][info][gc,heap     ] GC(8) Humongous regions: 2->2
[2.747s][info][gc,metaspace] GC(8) Metaspace: 35732K(36096K)->35732K(36096K) NonClass: 27894K(28096K)->27894K(28096K) Class: 7838K(8000K)->7838K(8000K)
[2.747s][info][gc          ] GC(8) Pause Young (Concurrent Start) (Metadata GC Threshold) 103M->24M(1472M) 2.946ms
[2.747s][info][gc,cpu      ] GC(8) User=0.01s Sys=0.00s Real=0.00s
[2.748s][info][gc          ] GC(9) Concurrent Mark Cycle
[2.748s][info][gc,marking  ] GC(9) Concurrent Scan Root Regions
[2.752s][info][gc,marking  ] GC(9) Concurrent Scan Root Regions 4.384ms
[2.752s][info][gc,marking  ] GC(9) Concurrent Mark
[2.752s][info][gc,marking  ] GC(9) Concurrent Mark From Roots
[2.752s][info][gc,task     ] GC(9) Using 1 workers of 1 for marking
[2.764s][info][gc,marking  ] GC(9) Concurrent Mark From Roots 11.840ms
[2.764s][info][gc,marking  ] GC(9) Concurrent Preclean
[2.764s][info][gc,marking  ] GC(9) Concurrent Preclean 0.060ms
[2.764s][info][gc,start    ] GC(9) Pause Remark
[2.767s][info][gc          ] GC(9) Pause Remark 34M->34M(88M) 2.792ms
[2.767s][info][gc,cpu      ] GC(9) User=0.01s Sys=0.00s Real=0.00s
[2.767s][info][gc,marking  ] GC(9) Concurrent Mark 15.424ms
[2.767s][info][gc,marking  ] GC(9) Concurrent Rebuild Remembered Sets and Scrub Regions
[2.771s][info][gc,marking  ] GC(9) Concurrent Rebuild Remembered Sets and Scrub Regions 4.139ms
[2.773s][info][gc,start    ] GC(9) Pause Cleanup
[2.773s][info][gc          ] GC(9) Pause Cleanup 36M->36M(88M) 0.036ms
[2.773s][info][gc,cpu      ] GC(9) User=0.00s Sys=0.00s Real=0.00s
[2.773s][info][gc,marking  ] GC(9) Concurrent Clear Claimed Marks
[2.773s][info][gc,marking  ] GC(9) Concurrent Clear Claimed Marks 0.039ms
[2.773s][info][gc,marking  ] GC(9) Concurrent Cleanup for Next Mark
[2.773s][info][gc,marking  ] GC(9) Concurrent Cleanup for Next Mark 0.202ms
[2.773s][info][gc          ] GC(9) Concurrent Mark Cycle 25.424ms
[2.886s][info][gc,start    ] GC(10) Pause Young (Prepare Mixed) (G1 Evacuation Pause)
[2.886s][info][gc,task     ] GC(10) Using 4 workers of 4 for evacuation
[2.890s][info][gc,phases   ] GC(10)   Pre Evacuate Collection Set: 0.13ms
[2.890s][info][gc,phases   ] GC(10)   Merge Heap Roots: 0.06ms
[2.890s][info][gc,phases   ] GC(10)   Evacuate Collection Set: 3.86ms
[2.890s][info][gc,phases   ] GC(10)   Post Evacuate Collection Set: 0.63ms
[2.890s][info][gc,phases   ] GC(10)   Other: 0.05ms
[2.890s][info][gc,heap     ] GC(10) Eden regions: 31->0(24)
[2.890s][info][gc,heap     ] GC(10) Survivor regions: 3->4(56)
[2.890s][info][gc,heap     ] GC(10) Old regions: 8->8
[2.890s][info][gc,heap     ] GC(10) Humongous regions: 2->2
[2.890s][info][gc,metaspace] GC(10) Metaspace: 40158K(40576K)->40158K(40576K) NonClass: 31321K(31552K)->31321K(31552K) Class: 8836K(9024K)->8836K(9024K)
[2.890s][info][gc          ] GC(10) Pause Young (Prepare Mixed) (G1 Evacuation Pause) 86M->26M(96M) 4.879ms
[2.890s][info][gc,cpu      ] GC(10) User=0.02s Sys=0.00s Real=0.01s
[2.982s][info][gc,start    ] GC(11) Pause Young (Mixed) (G1 Evacuation Pause)
[2.982s][info][gc,task     ] GC(11) Using 4 workers of 4 for evacuation
[2.985s][info][gc,phases   ] GC(11)   Pre Evacuate Collection Set: 0.12ms
[2.985s][info][gc,phases   ] GC(11)   Merge Heap Roots: 0.04ms
[2.985s][info][gc,phases   ] GC(11)   Evacuate Collection Set: 2.70ms
[2.985s][info][gc,phases   ] GC(11)   Post Evacuate Collection Set: 0.39ms
[2.985s][info][gc,phases   ] GC(11)   Other: 0.05ms
[2.985s][info][gc,heap     ] GC(11) Eden regions: 24->0(25)
[2.985s][info][gc,heap     ] GC(11) Survivor regions: 4->3(4)
[2.985s][info][gc,heap     ] GC(11) Old regions: 8->10
[2.985s][info][gc,heap     ] GC(11) Humongous regions: 2->2
[2.985s][info][gc,metaspace] GC(11) Metaspace: 42119K(42560K)->42119K(42560K) NonClass: 32656K(32896K)->32656K(32896K) Class: 9463K(9664K)->9463K(9664K)
[2.985s][info][gc          ] GC(11) Pause Young (Mixed) (G1 Evacuation Pause) 74M->27M(96M) 3.390ms
[2.985s][info][gc,cpu      ] GC(11) User=0.02s Sys=0.00s Real=0.00s
[3.133s][info][gc,start    ] GC(12) Pause Young (Normal) (G1 Evacuation Pause)
[3.133s][info][gc,task     ] GC(12) Using 3 workers of 4 for evacuation
[3.137s][info][gc,phases   ] GC(12)   Pre Evacuate Collection Set: 0.17ms
[3.137s][info][gc,phases   ] GC(12)   Merge Heap Roots: 0.07ms
[3.137s][info][gc,phases   ] GC(12)   Evacuate Collection Set: 2.95ms
[3.137s][info][gc,phases   ] GC(12)   Post Evacuate Collection Set: 0.48ms
[3.137s][info][gc,phases   ] GC(12)   Other: 0.05ms
[3.137s][info][gc,heap     ] GC(12) Eden regions: 25->0(25)
[3.137s][info][gc,heap     ] GC(12) Survivor regions: 3->3(4)
[3.137s][info][gc,heap     ] GC(12) Old regions: 10->11
[3.137s][info][gc,heap     ] GC(12) Humongous regions: 2->2
[3.137s][info][gc,metaspace] GC(12) Metaspace: 43984K(44416K)->43984K(44416K) NonClass: 34137K(34368K)->34137K(34368K) Class: 9847K(10048K)->9847K(10048K)
[3.137s][info][gc          ] GC(12) Pause Young (Normal) (G1 Evacuation Pause) 77M->30M(96M) 3.821ms
[3.137s][info][gc,cpu      ] GC(12) User=0.01s Sys=0.00s Real=0.00s
[3.322s][info][gc,start    ] GC(13) Pause Young (Normal) (G1 Evacuation Pause)
[3.322s][info][gc,task     ] GC(13) Using 2 workers of 4 for evacuation
[3.326s][info][gc,phases   ] GC(13)   Pre Evacuate Collection Set: 0.11ms
[3.326s][info][gc,phases   ] GC(13)   Merge Heap Roots: 0.04ms
[3.326s][info][gc,phases   ] GC(13)   Evacuate Collection Set: 3.98ms
[3.326s][info][gc,phases   ] GC(13)   Post Evacuate Collection Set: 0.39ms
[3.326s][info][gc,phases   ] GC(13)   Other: 0.05ms
[3.326s][info][gc,heap     ] GC(13) Eden regions: 25->0(25)
[3.326s][info][gc,heap     ] GC(13) Survivor regions: 3->3(4)
[3.326s][info][gc,heap     ] GC(13) Old regions: 11->13
[3.326s][info][gc,heap     ] GC(13) Humongous regions: 2->2
[3.326s][info][gc,metaspace] GC(13) Metaspace: 45126K(45568K)->45126K(45568K) NonClass: 35074K(35328K)->35074K(35328K) Class: 10051K(10240K)->10051K(10240K)
[3.326s][info][gc          ] GC(13) Pause Young (Normal) (G1 Evacuation Pause) 80M->34M(96M) 4.646ms
[3.326s][info][gc,cpu      ] GC(13) User=0.02s Sys=0.00s Real=0.00s
[3.489s][info][gc,start    ] GC(14) Pause Young (Normal) (G1 Evacuation Pause)
[3.490s][info][gc,task     ] GC(14) Using 2 workers of 4 for evacuation
[3.495s][info][gc,phases   ] GC(14)   Pre Evacuate Collection Set: 0.09ms
[3.495s][info][gc,phases   ] GC(14)   Merge Heap Roots: 0.07ms
[3.495s][info][gc,phases   ] GC(14)   Evacuate Collection Set: 3.98ms
[3.495s][info][gc,phases   ] GC(14)   Post Evacuate Collection Set: 1.18ms
[3.495s][info][gc,phases   ] GC(14)   Other: 0.07ms
[3.495s][info][gc,heap     ] GC(14) Eden regions: 25->0(441)
[3.495s][info][gc,heap     ] GC(14) Survivor regions: 3->3(4)
[3.495s][info][gc,heap     ] GC(14) Old regions: 13->14
[3.495s][info][gc,heap     ] GC(14) Humongous regions: 2->2
[3.495s][info][gc,metaspace] GC(14) Metaspace: 47063K(47552K)->47063K(47552K) NonClass: 36574K(36864K)->36574K(36864K) Class: 10489K(10688K)->10489K(10688K)
[3.495s][info][gc          ] GC(14) Pause Young (Normal) (G1 Evacuation Pause) 84M->35M(1482M) 5.499ms
[3.495s][info][gc,cpu      ] GC(14) User=0.01s Sys=0.00s Real=0.01s
[4.361s][info][gc,start    ] GC(15) Pause Young (Concurrent Start) (Metadata GC Threshold)
[4.361s][info][gc,task     ] GC(15) Using 4 workers of 4 for evacuation
[4.366s][info][gc,phases   ] GC(15)   Pre Evacuate Collection Set: 0.16ms
[4.366s][info][gc,phases   ] GC(15)   Merge Heap Roots: 0.05ms
[4.366s][info][gc,phases   ] GC(15)   Evacuate Collection Set: 4.87ms
[4.366s][info][gc,phases   ] GC(15)   Post Evacuate Collection Set: 0.73ms
[4.367s][info][gc,phases   ] GC(15)   Other: 0.06ms
[4.367s][info][gc,heap     ] GC(15) Eden regions: 142->0(438)
[4.367s][info][gc,heap     ] GC(15) Survivor regions: 3->6(56)
[4.367s][info][gc,heap     ] GC(15) Old regions: 14->14
[4.367s][info][gc,heap     ] GC(15) Humongous regions: 2->2
[4.367s][info][gc,metaspace] GC(15) Metaspace: 60841K(61440K)->60841K(61440K) NonClass: 47103K(47424K)->47103K(47424K) Class: 13737K(14016K)->13737K(14016K)
[4.367s][info][gc          ] GC(15) Pause Young (Concurrent Start) (Metadata GC Threshold) 319M->41M(1482M) 5.962ms
[4.367s][info][gc,cpu      ] GC(15) User=0.02s Sys=0.00s Real=0.00s
[4.367s][info][gc          ] GC(16) Concurrent Mark Cycle
[4.367s][info][gc,marking  ] GC(16) Concurrent Scan Root Regions
[4.372s][info][gc,marking  ] GC(16) Concurrent Scan Root Regions 5.772ms
[4.372s][info][gc,marking  ] GC(16) Concurrent Mark
[4.372s][info][gc,marking  ] GC(16) Concurrent Mark From Roots
[4.372s][info][gc,task     ] GC(16) Using 1 workers of 1 for marking
[4.393s][info][gc,marking  ] GC(16) Concurrent Mark From Roots 21.098ms
[4.393s][info][gc,marking  ] GC(16) Concurrent Preclean
[4.394s][info][gc,marking  ] GC(16) Concurrent Preclean 0.157ms
[4.394s][info][gc,start    ] GC(16) Pause Remark
[4.397s][info][gc          ] GC(16) Pause Remark 54M->54M(148M) 3.680ms
[4.397s][info][gc,cpu      ] GC(16) User=0.02s Sys=0.00s Real=0.00s
[4.398s][info][gc,marking  ] GC(16) Concurrent Mark 25.130ms
[4.398s][info][gc,marking  ] GC(16) Concurrent Rebuild Remembered Sets and Scrub Regions
[4.406s][info][gc,marking  ] GC(16) Concurrent Rebuild Remembered Sets and Scrub Regions 8.653ms
[4.406s][info][gc,start    ] GC(16) Pause Cleanup
[4.406s][info][gc          ] GC(16) Pause Cleanup 56M->56M(148M) 0.053ms
[4.406s][info][gc,cpu      ] GC(16) User=0.00s Sys=0.00s Real=0.00s
[4.406s][info][gc,marking  ] GC(16) Concurrent Clear Claimed Marks
[4.407s][info][gc,marking  ] GC(16) Concurrent Clear Claimed Marks 0.072ms
[4.407s][info][gc,marking  ] GC(16) Concurrent Cleanup for Next Mark
[4.407s][info][gc,marking  ] GC(16) Concurrent Cleanup for Next Mark 0.302ms
[4.407s][info][gc          ] GC(16) Concurrent Mark Cycle 40.316ms
[4.570s][info][gc,start    ] GC(17) Pause Young (Prepare Mixed) (G1 Evacuation Pause)
[4.570s][info][gc,task     ] GC(17) Using 4 workers of 4 for evacuation
[4.577s][info][gc,phases   ] GC(17)   Pre Evacuate Collection Set: 0.15ms
[4.577s][info][gc,phases   ] GC(17)   Merge Heap Roots: 0.08ms
[4.577s][info][gc,phases   ] GC(17)   Evacuate Collection Set: 5.36ms
[4.577s][info][gc,phases   ] GC(17)   Post Evacuate Collection Set: 0.69ms
[4.577s][info][gc,phases   ] GC(17)   Other: 0.04ms
[4.577s][info][gc,heap     ] GC(17) Eden regions: 38->0(42)
[4.577s][info][gc,heap     ] GC(17) Survivor regions: 6->2(6)
[4.577s][info][gc,heap     ] GC(17) Old regions: 14->20
[4.577s][info][gc,heap     ] GC(17) Humongous regions: 2->2
[4.577s][info][gc,metaspace] GC(17) Metaspace: 65474K(66176K)->65474K(66176K) NonClass: 50554K(50944K)->50554K(50944K) Class: 14919K(15232K)->14919K(15232K)
[4.577s][info][gc          ] GC(17) Pause Young (Prepare Mixed) (G1 Evacuation Pause) 117M->43M(148M) 6.438ms
[4.577s][info][gc,cpu      ] GC(17) User=0.03s Sys=0.00s Real=0.01s
[4.771s][info][gc,start    ] GC(18) Pause Young (Mixed) (G1 Evacuation Pause)
[4.771s][info][gc,task     ] GC(18) Using 4 workers of 4 for evacuation
[4.773s][info][gc,phases   ] GC(18)   Pre Evacuate Collection Set: 0.16ms
[4.773s][info][gc,phases   ] GC(18)   Merge Heap Roots: 0.07ms
[4.773s][info][gc,phases   ] GC(18)   Evacuate Collection Set: 1.61ms
[4.773s][info][gc,phases   ] GC(18)   Post Evacuate Collection Set: 0.39ms
[4.773s][info][gc,phases   ] GC(18)   Other: 0.04ms
[4.773s][info][gc,heap     ] GC(18) Eden regions: 42->0(42)
[4.773s][info][gc,heap     ] GC(18) Survivor regions: 2->2(6)
[4.773s][info][gc,heap     ] GC(18) Old regions: 20->19
[4.773s][info][gc,heap     ] GC(18) Humongous regions: 2->2
[4.773s][info][gc,metaspace] GC(18) Metaspace: 69518K(70144K)->69518K(70144K) NonClass: 53855K(54208K)->53855K(54208K) Class: 15662K(15936K)->15662K(15936K)
[4.773s][info][gc          ] GC(18) Pause Young (Mixed) (G1 Evacuation Pause) 127M->44M(148M) 2.376ms
[4.773s][info][gc,cpu      ] GC(18) User=0.01s Sys=0.00s Real=0.00s
[4.984s][info][gc,start    ] GC(19) Pause Young (Normal) (G1 Evacuation Pause)
[4.984s][info][gc,task     ] GC(19) Using 4 workers of 4 for evacuation
[4.987s][info][gc,phases   ] GC(19)   Pre Evacuate Collection Set: 0.09ms
[4.987s][info][gc,phases   ] GC(19)   Merge Heap Roots: 0.05ms
[4.987s][info][gc,phases   ] GC(19)   Evacuate Collection Set: 2.15ms
[4.987s][info][gc,phases   ] GC(19)   Post Evacuate Collection Set: 0.45ms
[4.987s][info][gc,phases   ] GC(19)   Other: 0.04ms
[4.987s][info][gc,heap     ] GC(19) Eden regions: 42->0(40)
[4.987s][info][gc,heap     ] GC(19) Survivor regions: 2->4(6)
[4.987s][info][gc,heap     ] GC(19) Old regions: 19->19
[4.987s][info][gc,heap     ] GC(19) Humongous regions: 2->2
[4.987s][info][gc,metaspace] GC(19) Metaspace: 75340K(76032K)->75340K(76032K) NonClass: 58600K(59008K)->58600K(59008K) Class: 16740K(17024K)->16740K(17024K)
[4.987s][info][gc          ] GC(19) Pause Young (Normal) (G1 Evacuation Pause) 128M->46M(148M) 2.888ms
[4.987s][info][gc,cpu      ] GC(19) User=0.02s Sys=0.00s Real=0.00s
[5.280s][info][gc,start    ] GC(20) Pause Young (Normal) (G1 Evacuation Pause)
[5.280s][info][gc,task     ] GC(20) Using 4 workers of 4 for evacuation
[5.284s][info][gc,phases   ] GC(20)   Pre Evacuate Collection Set: 0.09ms
[5.284s][info][gc,phases   ] GC(20)   Merge Heap Roots: 0.06ms
[5.284s][info][gc,phases   ] GC(20)   Evacuate Collection Set: 3.01ms
[5.284s][info][gc,phases   ] GC(20)   Post Evacuate Collection Set: 0.50ms
[5.284s][info][gc,phases   ] GC(20)   Other: 0.04ms
[5.284s][info][gc,heap     ] GC(20) Eden regions: 40->0(39)
[5.284s][info][gc,heap     ] GC(20) Survivor regions: 4->5(6)
[5.284s][info][gc,heap     ] GC(20) Old regions: 19->19
[5.284s][info][gc,heap     ] GC(20) Humongous regions: 2->2
[5.284s][info][gc,metaspace] GC(20) Metaspace: 79517K(80256K)->79517K(80256K) NonClass: 61706K(62144K)->61706K(62144K) Class: 17811K(18112K)->17811K(18112K)
[5.284s][info][gc          ] GC(20) Pause Young (Normal) (G1 Evacuation Pause) 126M->49M(148M) 3.813ms
[5.284s][info][gc,cpu      ] GC(20) User=0.02s Sys=0.00s Real=0.01s
[10.232s][info][gc,start    ] GC(21) Pause Young (Normal) (G1 Evacuation Pause)
[10.232s][info][gc,task     ] GC(21) Using 4 workers of 4 for evacuation
[10.237s][info][gc,phases   ] GC(21)   Pre Evacuate Collection Set: 0.09ms
[10.237s][info][gc,phases   ] GC(21)   Merge Heap Roots: 0.06ms
[10.237s][info][gc,phases   ] GC(21)   Evacuate Collection Set: 4.20ms
[10.237s][info][gc,phases   ] GC(21)   Post Evacuate Collection Set: 1.08ms
[10.237s][info][gc,phases   ] GC(21)   Other: 0.05ms
[10.237s][info][gc,heap     ] GC(21) Eden regions: 39->0(448)
[10.237s][info][gc,heap     ] GC(21) Survivor regions: 5->4(6)
[10.237s][info][gc,heap     ] GC(21) Old regions: 19->21
[10.237s][info][gc,heap     ] GC(21) Humongous regions: 2->2
[10.237s][info][gc,metaspace] GC(21) Metaspace: 84969K(85824K)->84969K(85824K) NonClass: 65887K(66368K)->65887K(66368K) Class: 19082K(19456K)->19082K(19456K)
[10.237s][info][gc          ] GC(21) Pause Young (Normal) (G1 Evacuation Pause) 127M->50M(1508M) 5.576ms
[10.237s][info][gc,cpu      ] GC(21) User=0.02s Sys=0.00s Real=0.00s
[46.674s][info][gc,start    ] GC(22) Pause Young (Concurrent Start) (G1 Humongous Allocation)
[46.674s][info][gc,task     ] GC(22) Using 4 workers of 4 for evacuation
[46.684s][info][gc,phases   ] GC(22)   Pre Evacuate Collection Set: 0.30ms
[46.684s][info][gc,phases   ] GC(22)   Merge Heap Roots: 0.07ms
[46.684s][info][gc,phases   ] GC(22)   Evacuate Collection Set: 7.75ms
[46.684s][info][gc,phases   ] GC(22)   Post Evacuate Collection Set: 1.12ms
[46.684s][info][gc,phases   ] GC(22)   Other: 0.07ms
[46.684s][info][gc,heap     ] GC(22) Eden regions: 243->0(445)
[46.684s][info][gc,heap     ] GC(22) Survivor regions: 4->7(57)
[46.684s][info][gc,heap     ] GC(22) Old regions: 21->21
[46.684s][info][gc,heap     ] GC(22) Humongous regions: 237->168
[46.684s][info][gc,metaspace] GC(22) Metaspace: 98654K(99776K)->98654K(99776K) NonClass: 76611K(77248K)->76611K(77248K) Class: 22043K(22528K)->22043K(22528K)
[46.684s][info][gc          ] GC(22) Pause Young (Concurrent Start) (G1 Humongous Allocation) 1006M->388M(1508M) 9.423ms
[46.684s][info][gc,cpu      ] GC(22) User=0.03s Sys=0.01s Real=0.01s
[46.684s][info][gc          ] GC(23) Concurrent Undo Cycle
[46.684s][info][gc,marking  ] GC(23) Concurrent Clear Claimed Marks
[46.684s][info][gc,marking  ] GC(23) Concurrent Clear Claimed Marks 0.135ms
[46.684s][info][gc,marking  ] GC(23) Concurrent Cleanup for Next Mark
[46.684s][info][gc,marking  ] GC(23) Concurrent Cleanup for Next Mark 0.155ms
[46.684s][info][gc          ] GC(23) Concurrent Undo Cycle 0.352ms
[46.691s][info][gc,start    ] GC(24) Pause Young (Concurrent Start) (G1 Humongous Allocation)
[46.692s][info][gc,task     ] GC(24) Using 4 workers of 4 for evacuation
[46.698s][info][gc,phases   ] GC(24)   Pre Evacuate Collection Set: 0.29ms
[46.698s][info][gc,phases   ] GC(24)   Merge Heap Roots: 0.10ms
[46.698s][info][gc,phases   ] GC(24)   Evacuate Collection Set: 5.30ms
[46.698s][info][gc,phases   ] GC(24)   Post Evacuate Collection Set: 0.58ms
[46.698s][info][gc,phases   ] GC(24)   Other: 0.05ms
[46.698s][info][gc,heap     ] GC(24) Eden regions: 9->0(445)
[46.698s][info][gc,heap     ] GC(24) Survivor regions: 7->7(57)
[46.698s][info][gc,heap     ] GC(24) Old regions: 21->21
[46.698s][info][gc,heap     ] GC(24) Humongous regions: 238->196
[46.698s][info][gc,metaspace] GC(24) Metaspace: 98655K(99776K)->98655K(99776K) NonClass: 76611K(77248K)->76611K(77248K) Class: 22044K(22528K)->22044K(22528K)
[46.698s][info][gc          ] GC(24) Pause Young (Concurrent Start) (G1 Humongous Allocation) 546M->444M(1508M) 6.441ms
[46.698s][info][gc,cpu      ] GC(24) User=0.02s Sys=0.00s Real=0.00s
[46.698s][info][gc          ] GC(25) Concurrent Undo Cycle
[46.698s][info][gc,marking  ] GC(25) Concurrent Clear Claimed Marks
[46.698s][info][gc,marking  ] GC(25) Concurrent Clear Claimed Marks 0.115ms
[46.698s][info][gc,marking  ] GC(25) Concurrent Cleanup for Next Mark
[46.698s][info][gc,marking  ] GC(25) Concurrent Cleanup for Next Mark 0.113ms
[46.698s][info][gc          ] GC(25) Concurrent Undo Cycle 0.258ms
[46.699s][info][gc,start    ] GC(26) Pause Young (Concurrent Start) (G1 Humongous Allocation)
[46.699s][info][gc,task     ] GC(26) Using 4 workers of 4 for evacuation
[46.705s][info][gc,phases   ] GC(26)   Pre Evacuate Collection Set: 0.25ms
[46.705s][info][gc,phases   ] GC(26)   Merge Heap Roots: 0.08ms
[46.705s][info][gc,phases   ] GC(26)   Evacuate Collection Set: 4.96ms
[46.705s][info][gc,phases   ] GC(26)   Post Evacuate Collection Set: 0.84ms
[46.705s][info][gc,phases   ] GC(26)   Other: 0.07ms
[46.705s][info][gc,heap     ] GC(26) Eden regions: 2->0(445)
[46.705s][info][gc,heap     ] GC(26) Survivor regions: 7->7(57)
[46.705s][info][gc,heap     ] GC(26) Old regions: 21->21
[46.705s][info][gc,heap     ] GC(26) Humongous regions: 201->198
[46.705s][info][gc,metaspace] GC(26) Metaspace: 98659K(99776K)->98659K(99776K) NonClass: 76615K(77248K)->76615K(77248K) Class: 22044K(22528K)->22044K(22528K)
[46.705s][info][gc          ] GC(26) Pause Young (Concurrent Start) (G1 Humongous Allocation) 458M->449M(1508M) 6.300ms
[46.705s][info][gc,cpu      ] GC(26) User=0.02s Sys=0.00s Real=0.01s
[46.705s][info][gc          ] GC(27) Concurrent Mark Cycle
[46.705s][info][gc,marking  ] GC(27) Concurrent Scan Root Regions
[46.714s][info][gc,marking  ] GC(27) Concurrent Scan Root Regions 8.747ms
[46.714s][info][gc,marking  ] GC(27) Concurrent Mark
[46.714s][info][gc,marking  ] GC(27) Concurrent Mark From Roots
[46.714s][info][gc,task     ] GC(27) Using 1 workers of 1 for marking
[46.746s][info][gc,marking  ] GC(27) Concurrent Mark From Roots 32.040ms
[46.746s][info][gc,marking  ] GC(27) Concurrent Preclean
[46.746s][info][gc,marking  ] GC(27) Concurrent Preclean 0.189ms
[46.747s][info][gc,start    ] GC(27) Pause Remark
[46.754s][info][gc          ] GC(27) Pause Remark 655M->655M(1508M) 6.891ms
[46.754s][info][gc,cpu      ] GC(27) User=0.02s Sys=0.00s Real=0.01s
[46.754s][info][gc,marking  ] GC(27) Concurrent Mark 40.591ms
[46.754s][info][gc,marking  ] GC(27) Concurrent Rebuild Remembered Sets and Scrub Regions
[46.769s][info][gc,marking  ] GC(27) Concurrent Rebuild Remembered Sets and Scrub Regions 14.257ms
[46.769s][info][gc,start    ] GC(27) Pause Cleanup
[46.769s][info][gc          ] GC(27) Pause Cleanup 704M->704M(1508M) 0.072ms
[46.769s][info][gc,cpu      ] GC(27) User=0.00s Sys=0.00s Real=0.00s
[46.770s][info][gc,marking  ] GC(27) Concurrent Clear Claimed Marks
[46.771s][info][gc,marking  ] GC(27) Concurrent Clear Claimed Marks 0.149ms
[46.771s][info][gc,marking  ] GC(27) Concurrent Cleanup for Next Mark
[46.775s][info][gc,marking  ] GC(27) Concurrent Cleanup for Next Mark 4.192ms
[46.775s][info][gc          ] GC(27) Concurrent Mark Cycle 69.773ms
[273.705s][info][gc,start    ] GC(28) Pause Young (Prepare Mixed) (G1 Evacuation Pause)
[273.705s][info][gc,task     ] GC(28) Using 4 workers of 4 for evacuation
[273.715s][info][gc,phases   ] GC(28)   Pre Evacuate Collection Set: 0.20ms
[273.715s][info][gc,phases   ] GC(28)   Merge Heap Roots: 0.15ms
[273.715s][info][gc,phases   ] GC(28)   Evacuate Collection Set: 8.37ms
[273.715s][info][gc,phases   ] GC(28)   Post Evacuate Collection Set: 1.06ms
[273.715s][info][gc,phases   ] GC(28)   Other: 0.08ms
[273.715s][info][gc,heap     ] GC(28) Eden regions: 168->0(449)
[273.715s][info][gc,heap     ] GC(28) Survivor regions: 7->8(57)
[273.715s][info][gc,heap     ] GC(28) Old regions: 21->21
[273.715s][info][gc,heap     ] GC(28) Humongous regions: 558->2
[273.715s][info][gc,metaspace] GC(28) Metaspace: 111816K(113024K)->111816K(113024K) NonClass: 87974K(88640K)->87974K(88640K) Class: 23841K(24384K)->23841K(24384K)
[273.715s][info][gc          ] GC(28) Pause Young (Prepare Mixed) (G1 Evacuation Pause) 1505M->58M(1524M) 9.962ms
[273.715s][info][gc,cpu      ] GC(28) User=0.03s Sys=0.00s Real=0.01s
