[0.003s][info][gc,init] CardTable entry size: 512
[0.003s][info][gc     ] Using G1
[0.008s][info][gc,init] Version: 25.0.4.1+1-LTS (release)
[0.008s][info][gc,init] CPUs: 12 total, 4 available
[0.008s][info][gc,init] Memory: 4096M
[0.008s][info][gc,init] Large Page Support: Disabled
[0.008s][info][gc,init] NUMA Support: Disabled
[0.008s][info][gc,init] Compressed Oops: Enabled (Zero based)
[0.008s][info][gc,init] Heap Region Size: 2M
[0.008s][info][gc,init] Heap Min Capacity: 8M
[0.008s][info][gc,init] Heap Initial Capacity: 2868M
[0.008s][info][gc,init] Heap Max Capacity: 2868M
[0.008s][info][gc,init] Pre-touch: Disabled
[0.008s][info][gc,init] Parallel Workers: 4
[0.009s][info][gc,init] Concurrent Workers: 1
[0.009s][info][gc,init] Concurrent Refinement Workers: 4
[0.009s][info][gc,init] Periodic GC: Disabled
[0.011s][info][gc,metaspace] CDS archive(s) mapped at: [0x000007ff00000000-0x000007ff00e70000-0x000007ff00e70000), size 15138816, SharedBaseAddress: 0x000007ff00000000, ArchiveRelocationMode: 1.
[0.011s][info][gc,metaspace] Compressed class space mapped at: 0x000007ff01000000-0x000007ff41000000, reserved size: 1073741824
[0.011s][info][gc,metaspace] UseCompressedClassPointers 1, UseCompactObjectHeaders 1
[0.011s][info][gc,metaspace] Narrow klass pointer bits 22, Max shift 10
[0.011s][info][gc,metaspace] Narrow klass base: 0x000007ff00000000, Narrow klass shift: 10
[0.011s][info][gc,metaspace] Encoding Range: [0x000007ff00000000 - 0x0000080000000000), (4294967296 bytes)
[0.011s][info][gc,metaspace] Klass Range:    [0x000007ff00010000 - 0x000007ff41000000), (1090453504 bytes)
[0.011s][info][gc,metaspace] Klass ID Range:  [64 - 1064960) (1064896)
[0.011s][info][gc,metaspace] Protection zone: [0x000007ff00000000 - 0x000007ff00010000), (65536 bytes)
[0.972s][info][gc,start    ] GC(0) Pause Young (Normal) (G1 Evacuation Pause)
[0.972s][info][gc,task     ] GC(0) Using 4 workers of 4 for evacuation
[0.980s][info][gc,phases   ] GC(0)   Pre Evacuate Collection Set: 0.15ms
[0.980s][info][gc,phases   ] GC(0)   Merge Heap Roots: 0.08ms
[0.980s][info][gc,phases   ] GC(0)   Evacuate Collection Set: 6.63ms
[0.980s][info][gc,phases   ] GC(0)   Post Evacuate Collection Set: 1.15ms
[0.980s][info][gc,phases   ] GC(0)   Other: 0.46ms
[0.980s][info][gc,heap     ] GC(0) Eden regions: 71->0(188)
[0.980s][info][gc,heap     ] GC(0) Survivor regions: 0->5(9)
[0.980s][info][gc,heap     ] GC(0) Old regions: 1->1
[0.980s][info][gc,heap     ] GC(0) Humongous regions: 2->2
[0.980s][info][gc,metaspace] GC(0) Metaspace: 17116K(17408K)->17116K(17408K) NonClass: 13520K(13696K)->13520K(13696K) Class: 3596K(3712K)->3596K(3712K)
[0.980s][info][gc          ] GC(0) Pause Young (Normal) (G1 Evacuation Pause) 147M->13M(2868M) 8.625ms
[0.980s][info][gc,cpu      ] GC(0) User=0.02s Sys=0.01s Real=0.01s
[1.706s][info][gc,start    ] GC(1) Pause Young (Concurrent Start) (Metadata GC Threshold)
[1.706s][info][gc,task     ] GC(1) Using 4 workers of 4 for evacuation
[1.713s][info][gc,phases   ] GC(1)   Pre Evacuate Collection Set: 0.33ms
[1.713s][info][gc,phases   ] GC(1)   Merge Heap Roots: 0.09ms
[1.713s][info][gc,phases   ] GC(1)   Evacuate Collection Set: 5.25ms
[1.713s][info][gc,phases   ] GC(1)   Post Evacuate Collection Set: 0.95ms
[1.713s][info][gc,phases   ] GC(1)   Other: 0.06ms
[1.713s][info][gc,heap     ] GC(1) Eden regions: 129->0(500)
[1.713s][info][gc,heap     ] GC(1) Survivor regions: 5->6(25)
[1.713s][info][gc,heap     ] GC(1) Old regions: 1->1
[1.713s][info][gc,heap     ] GC(1) Humongous regions: 2->2
[1.713s][info][gc,metaspace] GC(1) Metaspace: 21203K(21504K)->21203K(21504K) NonClass: 16565K(16704K)->16565K(16704K) Class: 4637K(4800K)->4637K(4800K)
[1.713s][info][gc          ] GC(1) Pause Young (Concurrent Start) (Metadata GC Threshold) 270M->16M(2868M) 6.774ms
[1.713s][info][gc,cpu      ] GC(1) User=0.03s Sys=0.00s Real=0.01s
[1.713s][info][gc          ] GC(2) Concurrent Mark Cycle
[1.713s][info][gc,marking  ] GC(2) Concurrent Scan Root Regions
[1.718s][info][gc,marking  ] GC(2) Concurrent Scan Root Regions 5.072ms
[1.718s][info][gc,marking  ] GC(2) Concurrent Mark
[1.718s][info][gc,marking  ] GC(2) Concurrent Mark From Roots
[1.718s][info][gc,task     ] GC(2) Using 1 workers of 1 for marking
[1.719s][info][gc,marking  ] GC(2) Concurrent Mark From Roots 1.569ms
[1.719s][info][gc,marking  ] GC(2) Concurrent Preclean
[1.719s][info][gc,marking  ] GC(2) Concurrent Preclean 0.004ms
[1.720s][info][gc,start    ] GC(2) Pause Remark
[1.723s][info][gc          ] GC(2) Pause Remark 18M->18M(60M) 2.971ms
[1.723s][info][gc,cpu      ] GC(2) User=0.00s Sys=0.00s Real=0.00s
[1.723s][info][gc,marking  ] GC(2) Concurrent Mark 5.094ms
[1.723s][info][gc,marking  ] GC(2) Concurrent Rebuild Remembered Sets and Scrub Regions
[1.724s][info][gc,marking  ] GC(2) Concurrent Rebuild Remembered Sets and Scrub Regions 0.834ms
[1.725s][info][gc,start    ] GC(2) Pause Cleanup
[1.725s][info][gc          ] GC(2) Pause Cleanup 18M->18M(60M) 0.044ms
[1.725s][info][gc,cpu      ] GC(2) User=0.00s Sys=0.00s Real=0.00s
[1.725s][info][gc,marking  ] GC(2) Concurrent Clear Claimed Marks
[1.725s][info][gc,marking  ] GC(2) Concurrent Clear Claimed Marks 0.033ms
[1.725s][info][gc,marking  ] GC(2) Concurrent Cleanup for Next Mark
[1.726s][info][gc,marking  ] GC(2) Concurrent Cleanup for Next Mark 0.950ms
[1.726s][info][gc          ] GC(2) Concurrent Mark Cycle 13.570ms
[1.877s][info][gc,start    ] GC(3) Pause Young (Prepare Mixed) (G1 Evacuation Pause)
[1.877s][info][gc,task     ] GC(3) Using 3 workers of 4 for evacuation
[1.884s][info][gc,phases   ] GC(3)   Pre Evacuate Collection Set: 0.10ms
[1.884s][info][gc,phases   ] GC(3)   Merge Heap Roots: 0.04ms
[1.884s][info][gc,phases   ] GC(3)   Evacuate Collection Set: 5.48ms
[1.884s][info][gc,phases   ] GC(3)   Post Evacuate Collection Set: 0.86ms
[1.884s][info][gc,phases   ] GC(3)   Other: 0.04ms
[1.884s][info][gc,heap     ] GC(3) Eden regions: 21->0(15)
[1.884s][info][gc,heap     ] GC(3) Survivor regions: 6->7(64)
[1.884s][info][gc,heap     ] GC(3) Old regions: 1->1
[1.884s][info][gc,heap     ] GC(3) Humongous regions: 2->2
[1.884s][info][gc,metaspace] GC(3) Metaspace: 22326K(22656K)->22326K(22656K) NonClass: 17528K(17728K)->17528K(17728K) Class: 4798K(4928K)->4798K(4928K)
[1.884s][info][gc          ] GC(3) Pause Young (Prepare Mixed) (G1 Evacuation Pause) 58M->19M(74M) 6.631ms
[1.884s][info][gc,cpu      ] GC(3) User=0.01s Sys=0.00s Real=0.01s
[1.919s][info][gc,start    ] GC(4) Pause Young (Mixed) (G1 Evacuation Pause)
[1.919s][info][gc,task     ] GC(4) Using 2 workers of 4 for evacuation
[1.928s][info][gc,phases   ] GC(4)   Pre Evacuate Collection Set: 0.15ms
[1.928s][info][gc,phases   ] GC(4)   Merge Heap Roots: 0.05ms
[1.928s][info][gc,phases   ] GC(4)   Evacuate Collection Set: 8.51ms
[1.928s][info][gc,phases   ] GC(4)   Post Evacuate Collection Set: 0.59ms
[1.928s][info][gc,phases   ] GC(4)   Other: 0.04ms
[1.928s][info][gc,heap     ] GC(4) Eden regions: 15->0(17)
[1.928s][info][gc,heap     ] GC(4) Survivor regions: 7->3(3)
[1.928s][info][gc,heap     ] GC(4) Old regions: 1->6
[1.928s][info][gc,heap     ] GC(4) Humongous regions: 2->2
[1.928s][info][gc,metaspace] GC(4) Metaspace: 22412K(22720K)->22412K(22720K) NonClass: 17582K(17728K)->17582K(17728K) Class: 4829K(4992K)->4829K(4992K)
[1.928s][info][gc          ] GC(4) Pause Young (Mixed) (G1 Evacuation Pause) 49M->20M(74M) 9.452ms
[1.928s][info][gc,cpu      ] GC(4) User=0.03s Sys=0.00s Real=0.01s
[2.057s][info][gc,start    ] GC(5) Pause Young (Normal) (G1 Evacuation Pause)
[2.057s][info][gc,task     ] GC(5) Using 2 workers of 4 for evacuation
[2.060s][info][gc,phases   ] GC(5)   Pre Evacuate Collection Set: 0.10ms
[2.060s][info][gc,phases   ] GC(5)   Merge Heap Roots: 0.04ms
[2.060s][info][gc,phases   ] GC(5)   Evacuate Collection Set: 2.08ms
[2.060s][info][gc,phases   ] GC(5)   Post Evacuate Collection Set: 0.39ms
[2.060s][info][gc,phases   ] GC(5)   Other: 0.04ms
[2.060s][info][gc,heap     ] GC(5) Eden regions: 17->0(17)
[2.060s][info][gc,heap     ] GC(5) Survivor regions: 3->2(3)
[2.060s][info][gc,heap     ] GC(5) Old regions: 6->8
[2.060s][info][gc,heap     ] GC(5) Humongous regions: 2->2
[2.060s][info][gc,metaspace] GC(5) Metaspace: 24304K(24704K)->24304K(24704K) NonClass: 19051K(19264K)->19051K(19264K) Class: 5252K(5440K)->5252K(5440K)
[2.060s][info][gc          ] GC(5) Pause Young (Normal) (G1 Evacuation Pause) 54M->21M(74M) 2.796ms
[2.060s][info][gc,cpu      ] GC(5) User=0.01s Sys=0.00s Real=0.01s
[2.189s][info][gc,start    ] GC(6) Pause Young (Normal) (G1 Evacuation Pause)
[2.189s][info][gc,task     ] GC(6) Using 2 workers of 4 for evacuation
[2.192s][info][gc,phases   ] GC(6)   Pre Evacuate Collection Set: 0.16ms
[2.192s][info][gc,phases   ] GC(6)   Merge Heap Roots: 0.09ms
[2.192s][info][gc,phases   ] GC(6)   Evacuate Collection Set: 2.03ms
[2.192s][info][gc,phases   ] GC(6)   Post Evacuate Collection Set: 0.40ms
[2.192s][info][gc,phases   ] GC(6)   Other: 0.07ms
[2.192s][info][gc,heap     ] GC(6) Eden regions: 17->0(19)
[2.192s][info][gc,heap     ] GC(6) Survivor regions: 2->1(3)
[2.192s][info][gc,heap     ] GC(6) Old regions: 8->8
[2.192s][info][gc,heap     ] GC(6) Humongous regions: 2->2
[2.192s][info][gc,metaspace] GC(6) Metaspace: 25849K(26240K)->25849K(26240K) NonClass: 20258K(20480K)->20258K(20480K) Class: 5590K(5760K)->5590K(5760K)
[2.192s][info][gc          ] GC(6) Pause Young (Normal) (G1 Evacuation Pause) 55M->20M(74M) 2.895ms
[2.192s][info][gc,cpu      ] GC(6) User=0.01s Sys=0.00s Real=0.01s
[2.341s][info][gc,start    ] GC(7) Pause Young (Normal) (G1 Evacuation Pause)
[2.341s][info][gc,task     ] GC(7) Using 2 workers of 4 for evacuation
[2.345s][info][gc,phases   ] GC(7)   Pre Evacuate Collection Set: 0.22ms
[2.345s][info][gc,phases   ] GC(7)   Merge Heap Roots: 0.04ms
[2.345s][info][gc,phases   ] GC(7)   Evacuate Collection Set: 2.38ms
[2.345s][info][gc,phases   ] GC(7)   Post Evacuate Collection Set: 1.43ms
[2.345s][info][gc,phases   ] GC(7)   Other: 0.20ms
[2.345s][info][gc,heap     ] GC(7) Eden regions: 19->0(439)
[2.345s][info][gc,heap     ] GC(7) Survivor regions: 1->2(3)
[2.345s][info][gc,heap     ] GC(7) Old regions: 8->8
[2.345s][info][gc,heap     ] GC(7) Humongous regions: 2->2
[2.345s][info][gc,metaspace] GC(7) Metaspace: 28720K(29184K)->28720K(29184K) NonClass: 22416K(22656K)->22416K(22656K) Class: 6304K(6528K)->6304K(6528K)
[2.345s][info][gc          ] GC(7) Pause Young (Normal) (G1 Evacuation Pause) 58M->22M(1472M) 4.414ms
[2.345s][info][gc,cpu      ] GC(7) User=0.00s Sys=0.00s Real=0.00s
[2.573s][info][gc,start    ] GC(8) Pause Young (Concurrent Start) (Metadata GC Threshold)
[2.573s][info][gc,task     ] GC(8) Using 4 workers of 4 for evacuation
[2.576s][info][gc,phases   ] GC(8)   Pre Evacuate Collection Set: 0.22ms
[2.576s][info][gc,phases   ] GC(8)   Merge Heap Roots: 0.06ms
[2.576s][info][gc,phases   ] GC(8)   Evacuate Collection Set: 2.38ms
[2.576s][info][gc,phases   ] GC(8)   Post Evacuate Collection Set: 0.53ms
[2.576s][info][gc,phases   ] GC(8)   Other: 0.04ms
[2.576s][info][gc,heap     ] GC(8) Eden regions: 39->0(438)
[2.576s][info][gc,heap     ] GC(8) Survivor regions: 2->3(56)
[2.576s][info][gc,heap     ] GC(8) Old regions: 8->8
[2.576s][info][gc,heap     ] GC(8) Humongous regions: 2->2
[2.576s][info][gc,metaspace] GC(8) Metaspace: 35724K(36160K)->35724K(36160K) NonClass: 27881K(28096K)->27881K(28096K) Class: 7843K(8064K)->7843K(8064K)
[2.576s][info][gc          ] GC(8) Pause Young (Concurrent Start) (Metadata GC Threshold) 98M->23M(1472M) 3.337ms
[2.576s][info][gc,cpu      ] GC(8) User=0.01s Sys=0.00s Real=0.00s
[2.576s][info][gc          ] GC(9) Concurrent Mark Cycle
[2.576s][info][gc,marking  ] GC(9) Concurrent Scan Root Regions
[2.579s][info][gc,marking  ] GC(9) Concurrent Scan Root Regions 2.742ms
[2.579s][info][gc,marking  ] GC(9) Concurrent Mark
[2.579s][info][gc,marking  ] GC(9) Concurrent Mark From Roots
[2.579s][info][gc,task     ] GC(9) Using 1 workers of 1 for marking
[2.596s][info][gc,marking  ] GC(9) Concurrent Mark From Roots 16.931ms
[2.596s][info][gc,marking  ] GC(9) Concurrent Preclean
[2.596s][info][gc,marking  ] GC(9) Concurrent Preclean 0.078ms
[2.597s][info][gc,start    ] GC(9) Pause Remark
[2.600s][info][gc          ] GC(9) Pause Remark 32M->32M(88M) 3.392ms
[2.600s][info][gc,cpu      ] GC(9) User=0.01s Sys=0.00s Real=0.01s
[2.600s][info][gc,marking  ] GC(9) Concurrent Mark 21.436ms
[2.600s][info][gc,marking  ] GC(9) Concurrent Rebuild Remembered Sets and Scrub Regions
[2.605s][info][gc,marking  ] GC(9) Concurrent Rebuild Remembered Sets and Scrub Regions 4.549ms
[2.613s][info][gc,start    ] GC(9) Pause Cleanup
[2.613s][info][gc          ] GC(9) Pause Cleanup 33M->33M(88M) 0.048ms
[2.613s][info][gc,cpu      ] GC(9) User=0.00s Sys=0.00s Real=0.00s
[2.613s][info][gc,marking  ] GC(9) Concurrent Clear Claimed Marks
[2.613s][info][gc,marking  ] GC(9) Concurrent Clear Claimed Marks 0.062ms
[2.613s][info][gc,marking  ] GC(9) Concurrent Cleanup for Next Mark
[2.613s][info][gc,marking  ] GC(9) Concurrent Cleanup for Next Mark 0.307ms
[2.613s][info][gc          ] GC(9) Concurrent Mark Cycle 37.072ms
[2.728s][info][gc,start    ] GC(10) Pause Young (Prepare Mixed) (G1 Evacuation Pause)
[2.728s][info][gc,task     ] GC(10) Using 4 workers of 4 for evacuation
[2.730s][info][gc,phases   ] GC(10)   Pre Evacuate Collection Set: 0.12ms
[2.730s][info][gc,phases   ] GC(10)   Merge Heap Roots: 0.05ms
[2.730s][info][gc,phases   ] GC(10)   Evacuate Collection Set: 2.06ms
[2.730s][info][gc,phases   ] GC(10)   Post Evacuate Collection Set: 0.28ms
[2.730s][info][gc,phases   ] GC(10)   Other: 0.04ms
[2.730s][info][gc,heap     ] GC(10) Eden regions: 31->0(24)
[2.730s][info][gc,heap     ] GC(10) Survivor regions: 3->4(56)
[2.730s][info][gc,heap     ] GC(10) Old regions: 8->8
[2.730s][info][gc,heap     ] GC(10) Humongous regions: 2->2
[2.730s][info][gc,metaspace] GC(10) Metaspace: 39878K(40384K)->39878K(40384K) NonClass: 31129K(31424K)->31129K(31424K) Class: 8748K(8960K)->8748K(8960K)
[2.730s][info][gc          ] GC(10) Pause Young (Prepare Mixed) (G1 Evacuation Pause) 85M->25M(96M) 2.639ms
[2.730s][info][gc,cpu      ] GC(10) User=0.01s Sys=0.00s Real=0.01s
[2.832s][info][gc,start    ] GC(11) Pause Young (Mixed) (G1 Evacuation Pause)
[2.832s][info][gc,task     ] GC(11) Using 4 workers of 4 for evacuation
[2.836s][info][gc,phases   ] GC(11)   Pre Evacuate Collection Set: 0.14ms
[2.836s][info][gc,phases   ] GC(11)   Merge Heap Roots: 0.04ms
[2.836s][info][gc,phases   ] GC(11)   Evacuate Collection Set: 3.04ms
[2.836s][info][gc,phases   ] GC(11)   Post Evacuate Collection Set: 0.54ms
[2.836s][info][gc,phases   ] GC(11)   Other: 0.04ms
[2.836s][info][gc,heap     ] GC(11) Eden regions: 24->0(24)
[2.836s][info][gc,heap     ] GC(11) Survivor regions: 4->4(4)
[2.836s][info][gc,heap     ] GC(11) Old regions: 8->10
[2.836s][info][gc,heap     ] GC(11) Humongous regions: 2->2
[2.836s][info][gc,metaspace] GC(11) Metaspace: 42070K(42560K)->42070K(42560K) NonClass: 32625K(32896K)->32625K(32896K) Class: 9445K(9664K)->9445K(9664K)
[2.836s][info][gc          ] GC(11) Pause Young (Mixed) (G1 Evacuation Pause) (Evacuation Failure: Pinned) 73M->29M(96M) 3.895ms
[2.836s][info][gc,cpu      ] GC(11) User=0.01s Sys=0.00s Real=0.00s
[2.949s][info][gc,start    ] GC(12) Pause Young (Normal) (G1 Evacuation Pause)
[2.949s][info][gc,task     ] GC(12) Using 3 workers of 4 for evacuation
[2.956s][info][gc,phases   ] GC(12)   Pre Evacuate Collection Set: 0.13ms
[2.956s][info][gc,phases   ] GC(12)   Merge Heap Roots: 0.11ms
[2.956s][info][gc,phases   ] GC(12)   Evacuate Collection Set: 5.96ms
[2.956s][info][gc,phases   ] GC(12)   Post Evacuate Collection Set: 0.65ms
[2.956s][info][gc,phases   ] GC(12)   Other: 0.06ms
[2.956s][info][gc,heap     ] GC(12) Eden regions: 24->0(25)
[2.956s][info][gc,heap     ] GC(12) Survivor regions: 4->3(4)
[2.956s][info][gc,heap     ] GC(12) Old regions: 10->10
[2.956s][info][gc,heap     ] GC(12) Humongous regions: 2->2
[2.956s][info][gc,metaspace] GC(12) Metaspace: 43877K(44288K)->43877K(44288K) NonClass: 34060K(34304K)->34060K(34304K) Class: 9817K(9984K)->9817K(9984K)
[2.956s][info][gc          ] GC(12) Pause Young (Normal) (G1 Evacuation Pause) 77M->28M(96M) 7.012ms
[2.956s][info][gc,cpu      ] GC(12) User=0.02s Sys=0.00s Real=0.01s
[3.117s][info][gc,start    ] GC(13) Pause Young (Normal) (G1 Evacuation Pause)
[3.117s][info][gc,task     ] GC(13) Using 2 workers of 4 for evacuation
[3.122s][info][gc,phases   ] GC(13)   Pre Evacuate Collection Set: 0.12ms
[3.122s][info][gc,phases   ] GC(13)   Merge Heap Roots: 0.04ms
[3.122s][info][gc,phases   ] GC(13)   Evacuate Collection Set: 4.58ms
[3.122s][info][gc,phases   ] GC(13)   Post Evacuate Collection Set: 0.39ms
[3.122s][info][gc,phases   ] GC(13)   Other: 0.05ms
[3.122s][info][gc,heap     ] GC(13) Eden regions: 25->0(25)
[3.122s][info][gc,heap     ] GC(13) Survivor regions: 3->3(4)
[3.122s][info][gc,heap     ] GC(13) Old regions: 10->12
[3.122s][info][gc,heap     ] GC(13) Humongous regions: 2->2
[3.122s][info][gc,metaspace] GC(13) Metaspace: 44969K(45440K)->44969K(45440K) NonClass: 34949K(35200K)->34949K(35200K) Class: 10019K(10240K)->10019K(10240K)
[3.122s][info][gc          ] GC(13) Pause Young (Normal) (G1 Evacuation Pause) 78M->32M(96M) 5.309ms
[3.122s][info][gc,cpu      ] GC(13) User=0.01s Sys=0.00s Real=0.01s
[3.293s][info][gc,start    ] GC(14) Pause Young (Normal) (G1 Evacuation Pause)
[3.293s][info][gc,task     ] GC(14) Using 2 workers of 4 for evacuation
[3.298s][info][gc,phases   ] GC(14)   Pre Evacuate Collection Set: 0.09ms
[3.298s][info][gc,phases   ] GC(14)   Merge Heap Roots: 0.05ms
[3.298s][info][gc,phases   ] GC(14)   Evacuate Collection Set: 3.67ms
[3.298s][info][gc,phases   ] GC(14)   Post Evacuate Collection Set: 1.01ms
[3.298s][info][gc,phases   ] GC(14)   Other: 0.04ms
[3.298s][info][gc,heap     ] GC(14) Eden regions: 25->0(441)
[3.298s][info][gc,heap     ] GC(14) Survivor regions: 3->3(4)
[3.298s][info][gc,heap     ] GC(14) Old regions: 12->13
[3.298s][info][gc,heap     ] GC(14) Humongous regions: 2->2
[3.298s][info][gc,metaspace] GC(14) Metaspace: 46925K(47360K)->46925K(47360K) NonClass: 36474K(36736K)->36474K(36736K) Class: 10450K(10624K)->10450K(10624K)
[3.298s][info][gc          ] GC(14) Pause Young (Normal) (G1 Evacuation Pause) 82M->34M(1482M) 4.973ms
[3.298s][info][gc,cpu      ] GC(14) User=0.01s Sys=0.00s Real=0.00s
[4.389s][info][gc,start    ] GC(15) Pause Young (Concurrent Start) (Metadata GC Threshold)
[4.389s][info][gc,task     ] GC(15) Using 4 workers of 4 for evacuation
[4.396s][info][gc,phases   ] GC(15)   Pre Evacuate Collection Set: 0.31ms
[4.396s][info][gc,phases   ] GC(15)   Merge Heap Roots: 0.11ms
[4.396s][info][gc,phases   ] GC(15)   Evacuate Collection Set: 5.30ms
[4.396s][info][gc,phases   ] GC(15)   Post Evacuate Collection Set: 0.68ms
[4.396s][info][gc,phases   ] GC(15)   Other: 0.06ms
[4.396s][info][gc,heap     ] GC(15) Eden regions: 142->0(438)
[4.396s][info][gc,heap     ] GC(15) Survivor regions: 3->6(56)
[4.396s][info][gc,heap     ] GC(15) Old regions: 13->13
[4.396s][info][gc,heap     ] GC(15) Humongous regions: 2->2
[4.396s][info][gc,metaspace] GC(15) Metaspace: 60707K(61248K)->60707K(61248K) NonClass: 46994K(47296K)->46994K(47296K) Class: 13712K(13952K)->13712K(13952K)
[4.396s][info][gc          ] GC(15) Pause Young (Concurrent Start) (Metadata GC Threshold) 318M->40M(1482M) 6.566ms
[4.396s][info][gc,cpu      ] GC(15) User=0.02s Sys=0.00s Real=0.01s
[4.396s][info][gc          ] GC(16) Concurrent Mark Cycle
[4.396s][info][gc,marking  ] GC(16) Concurrent Scan Root Regions
[4.402s][info][gc,marking  ] GC(16) Concurrent Scan Root Regions 6.293ms
[4.402s][info][gc,marking  ] GC(16) Concurrent Mark
[4.402s][info][gc,marking  ] GC(16) Concurrent Mark From Roots
[4.402s][info][gc,task     ] GC(16) Using 1 workers of 1 for marking
[4.424s][info][gc,marking  ] GC(16) Concurrent Mark From Roots 21.695ms
[4.424s][info][gc,marking  ] GC(16) Concurrent Preclean
[4.424s][info][gc,marking  ] GC(16) Concurrent Preclean 0.149ms
[4.424s][info][gc,start    ] GC(16) Pause Remark
[4.428s][info][gc          ] GC(16) Pause Remark 47M->47M(140M) 4.019ms
[4.428s][info][gc,cpu      ] GC(16) User=0.01s Sys=0.00s Real=0.00s
[4.428s][info][gc,marking  ] GC(16) Concurrent Mark 26.064ms
[4.428s][info][gc,marking  ] GC(16) Concurrent Rebuild Remembered Sets and Scrub Regions
[4.438s][info][gc,marking  ] GC(16) Concurrent Rebuild Remembered Sets and Scrub Regions 9.323ms
[4.439s][info][gc,start    ] GC(16) Pause Cleanup
[4.439s][info][gc          ] GC(16) Pause Cleanup 53M->53M(140M) 0.032ms
[4.439s][info][gc,cpu      ] GC(16) User=0.00s Sys=0.00s Real=0.00s
[4.439s][info][gc,marking  ] GC(16) Concurrent Clear Claimed Marks
[4.439s][info][gc,marking  ] GC(16) Concurrent Clear Claimed Marks 0.087ms
[4.439s][info][gc,marking  ] GC(16) Concurrent Cleanup for Next Mark
[4.439s][info][gc,marking  ] GC(16) Concurrent Cleanup for Next Mark 0.367ms
[4.439s][info][gc          ] GC(16) Concurrent Mark Cycle 43.363ms
[4.604s][info][gc,start    ] GC(17) Pause Young (Prepare Mixed) (G1 Evacuation Pause)
[4.604s][info][gc,task     ] GC(17) Using 4 workers of 4 for evacuation
[4.609s][info][gc,phases   ] GC(17)   Pre Evacuate Collection Set: 0.10ms
[4.609s][info][gc,phases   ] GC(17)   Merge Heap Roots: 0.06ms
[4.609s][info][gc,phases   ] GC(17)   Evacuate Collection Set: 4.21ms
[4.609s][info][gc,phases   ] GC(17)   Post Evacuate Collection Set: 0.55ms
[4.609s][info][gc,phases   ] GC(17)   Other: 0.05ms
[4.609s][info][gc,heap     ] GC(17) Eden regions: 36->0(40)
[4.609s][info][gc,heap     ] GC(17) Survivor regions: 6->2(6)
[4.609s][info][gc,heap     ] GC(17) Old regions: 13->19
[4.609s][info][gc,heap     ] GC(17) Humongous regions: 2->2
[4.609s][info][gc,metaspace] GC(17) Metaspace: 65097K(65792K)->65097K(65792K) NonClass: 50273K(50688K)->50273K(50688K) Class: 14823K(15104K)->14823K(15104K)
[4.609s][info][gc          ] GC(17) Pause Young (Prepare Mixed) (G1 Evacuation Pause) 112M->42M(140M) 5.063ms
[4.609s][info][gc,cpu      ] GC(17) User=0.02s Sys=0.00s Real=0.00s
[4.814s][info][gc,start    ] GC(18) Pause Young (Mixed) (G1 Evacuation Pause)
[4.814s][info][gc,task     ] GC(18) Using 4 workers of 4 for evacuation
[4.816s][info][gc,phases   ] GC(18)   Pre Evacuate Collection Set: 0.10ms
[4.816s][info][gc,phases   ] GC(18)   Merge Heap Roots: 0.06ms
[4.816s][info][gc,phases   ] GC(18)   Evacuate Collection Set: 1.75ms
[4.816s][info][gc,phases   ] GC(18)   Post Evacuate Collection Set: 0.50ms
[4.816s][info][gc,phases   ] GC(18)   Other: 0.04ms
[4.816s][info][gc,heap     ] GC(18) Eden regions: 40->0(39)
[4.816s][info][gc,heap     ] GC(18) Survivor regions: 2->3(6)
[4.816s][info][gc,heap     ] GC(18) Old regions: 19->18
[4.816s][info][gc,heap     ] GC(18) Humongous regions: 2->2
[4.816s][info][gc,metaspace] GC(18) Metaspace: 69721K(70336K)->69721K(70336K) NonClass: 53991K(54336K)->53991K(54336K) Class: 15729K(16000K)->15729K(16000K)
[4.816s][info][gc          ] GC(18) Pause Young (Mixed) (G1 Evacuation Pause) 122M->44M(140M) 2.551ms
[4.816s][info][gc,cpu      ] GC(18) User=0.01s Sys=0.00s Real=0.00s
[4.991s][info][gc,start    ] GC(19) Pause Young (Normal) (G1 Evacuation Pause)
[4.991s][info][gc,task     ] GC(19) Using 4 workers of 4 for evacuation
[4.994s][info][gc,phases   ] GC(19)   Pre Evacuate Collection Set: 0.14ms
[4.994s][info][gc,phases   ] GC(19)   Merge Heap Roots: 0.06ms
[4.994s][info][gc,phases   ] GC(19)   Evacuate Collection Set: 2.12ms
[4.994s][info][gc,phases   ] GC(19)   Post Evacuate Collection Set: 0.48ms
[4.994s][info][gc,phases   ] GC(19)   Other: 0.06ms
[4.994s][info][gc,heap     ] GC(19) Eden regions: 39->0(39)
[4.994s][info][gc,heap     ] GC(19) Survivor regions: 3->3(6)
[4.994s][info][gc,heap     ] GC(19) Old regions: 18->18
[4.994s][info][gc,heap     ] GC(19) Humongous regions: 2->2
[4.994s][info][gc,metaspace] GC(19) Metaspace: 74010K(74688K)->74010K(74688K) NonClass: 57618K(57984K)->57618K(57984K) Class: 16391K(16704K)->16391K(16704K)
[4.994s][info][gc          ] GC(19) Pause Young (Normal) (G1 Evacuation Pause) 122M->44M(140M) 2.947ms
[4.994s][info][gc,cpu      ] GC(19) User=0.01s Sys=0.00s Real=0.00s
[5.305s][info][gc,start    ] GC(20) Pause Young (Normal) (G1 Evacuation Pause)
[5.305s][info][gc,task     ] GC(20) Using 4 workers of 4 for evacuation
[5.309s][info][gc,phases   ] GC(20)   Pre Evacuate Collection Set: 0.09ms
[5.309s][info][gc,phases   ] GC(20)   Merge Heap Roots: 0.08ms
[5.309s][info][gc,phases   ] GC(20)   Evacuate Collection Set: 2.93ms
[5.309s][info][gc,phases   ] GC(20)   Post Evacuate Collection Set: 0.48ms
[5.309s][info][gc,phases   ] GC(20)   Other: 0.04ms
[5.309s][info][gc,heap     ] GC(20) Eden regions: 39->0(38)
[5.309s][info][gc,heap     ] GC(20) Survivor regions: 3->4(6)
[5.309s][info][gc,heap     ] GC(20) Old regions: 18->18
[5.309s][info][gc,heap     ] GC(20) Humongous regions: 2->2
[5.309s][info][gc,metaspace] GC(20) Metaspace: 78291K(79040K)->78291K(79040K) NonClass: 60846K(61312K)->60846K(61312K) Class: 17445K(17728K)->17445K(17728K)
[5.309s][info][gc          ] GC(20) Pause Young (Normal) (G1 Evacuation Pause) 122M->47M(140M) 3.733ms
[5.309s][info][gc,cpu      ] GC(20) User=0.01s Sys=0.00s Real=0.00s
