[0.005s][info][gc,init] CardTable entry size: 512
[0.005s][info][gc     ] Using G1
[0.007s][info][gc,init] Version: 25.0.4.1+1-LTS (release)
[0.007s][info][gc,init] CPUs: 12 total, 4 available
[0.007s][info][gc,init] Memory: 4096M
[0.007s][info][gc,init] Large Page Support: Disabled
[0.007s][info][gc,init] NUMA Support: Disabled
[0.007s][info][gc,init] Compressed Oops: Enabled (Zero based)
[0.007s][info][gc,init] Heap Region Size: 2M
[0.007s][info][gc,init] Heap Min Capacity: 8M
[0.007s][info][gc,init] Heap Initial Capacity: 2868M
[0.007s][info][gc,init] Heap Max Capacity: 2868M
[0.007s][info][gc,init] Pre-touch: Disabled
[0.007s][info][gc,init] Parallel Workers: 4
[0.007s][info][gc,init] Concurrent Workers: 1
[0.007s][info][gc,init] Concurrent Refinement Workers: 4
[0.007s][info][gc,init] Periodic GC: Disabled
[0.009s][info][gc,metaspace] CDS archive(s) mapped at: [0x00000ff800000000-0x00000ff800e70000-0x00000ff800e70000), size 15138816, SharedBaseAddress: 0x00000ff800000000, ArchiveRelocationMode: 1.
[0.009s][info][gc,metaspace] Compressed class space mapped at: 0x00000ff801000000-0x00000ff841000000, reserved size: 1073741824
[0.009s][info][gc,metaspace] UseCompressedClassPointers 1, UseCompactObjectHeaders 1
[0.009s][info][gc,metaspace] Narrow klass pointer bits 22, Max shift 10
[0.009s][info][gc,metaspace] Narrow klass base: 0x00000ff800000000, Narrow klass shift: 10
[0.009s][info][gc,metaspace] Encoding Range: [0x00000ff800000000 - 0x00000ff900000000), (4294967296 bytes)
[0.009s][info][gc,metaspace] Klass Range:    [0x00000ff800010000 - 0x00000ff841000000), (1090453504 bytes)
[0.009s][info][gc,metaspace] Klass ID Range:  [64 - 1064960) (1064896)
[0.009s][info][gc,metaspace] Protection zone: [0x00000ff800000000 - 0x00000ff800010000), (65536 bytes)
[0.761s][info][gc,start    ] GC(0) Pause Young (Normal) (G1 Evacuation Pause)
[0.762s][info][gc,task     ] GC(0) Using 4 workers of 4 for evacuation
[0.768s][info][gc,phases   ] GC(0)   Pre Evacuate Collection Set: 0.17ms
[0.768s][info][gc,phases   ] GC(0)   Merge Heap Roots: 0.12ms
[0.768s][info][gc,phases   ] GC(0)   Evacuate Collection Set: 4.53ms
[0.768s][info][gc,phases   ] GC(0)   Post Evacuate Collection Set: 0.91ms
[0.768s][info][gc,phases   ] GC(0)   Other: 0.48ms
[0.768s][info][gc,heap     ] GC(0) Eden regions: 71->0(201)
[0.768s][info][gc,heap     ] GC(0) Survivor regions: 0->5(9)
[0.768s][info][gc,heap     ] GC(0) Old regions: 1->1
[0.768s][info][gc,heap     ] GC(0) Humongous regions: 2->2
[0.768s][info][gc,metaspace] GC(0) Metaspace: 17071K(17344K)->17071K(17344K) NonClass: 13477K(13632K)->13477K(13632K) Class: 3594K(3712K)->3594K(3712K)
[0.768s][info][gc          ] GC(0) Pause Young (Normal) (G1 Evacuation Pause) 147M->13M(2868M) 6.363ms
[0.768s][info][gc,cpu      ] GC(0) User=0.02s Sys=0.00s Real=0.01s
[1.301s][info][gc,start    ] GC(1) Pause Young (Concurrent Start) (Metadata GC Threshold)
[1.301s][info][gc,task     ] GC(1) Using 4 workers of 4 for evacuation
[1.307s][info][gc,phases   ] GC(1)   Pre Evacuate Collection Set: 0.22ms
[1.307s][info][gc,phases   ] GC(1)   Merge Heap Roots: 0.04ms
[1.307s][info][gc,phases   ] GC(1)   Evacuate Collection Set: 4.05ms
[1.307s][info][gc,phases   ] GC(1)   Post Evacuate Collection Set: 0.86ms
[1.307s][info][gc,phases   ] GC(1)   Other: 0.05ms
[1.307s][info][gc,heap     ] GC(1) Eden regions: 129->0(539)
[1.307s][info][gc,heap     ] GC(1) Survivor regions: 5->6(26)
[1.307s][info][gc,heap     ] GC(1) Old regions: 1->1
[1.307s][info][gc,heap     ] GC(1) Humongous regions: 2->2
[1.307s][info][gc,metaspace] GC(1) Metaspace: 21190K(21504K)->21190K(21504K) NonClass: 16552K(16704K)->16552K(16704K) Class: 4637K(4800K)->4637K(4800K)
[1.307s][info][gc          ] GC(1) Pause Young (Concurrent Start) (Metadata GC Threshold) 271M->16M(2868M) 5.300ms
[1.307s][info][gc,cpu      ] GC(1) User=0.02s Sys=0.00s Real=0.01s
[1.307s][info][gc          ] GC(2) Concurrent Mark Cycle
[1.307s][info][gc,marking  ] GC(2) Concurrent Scan Root Regions
[1.311s][info][gc,marking  ] GC(2) Concurrent Scan Root Regions 4.052ms
[1.311s][info][gc,marking  ] GC(2) Concurrent Mark
[1.311s][info][gc,marking  ] GC(2) Concurrent Mark From Roots
[1.311s][info][gc,task     ] GC(2) Using 1 workers of 1 for marking
[1.312s][info][gc,marking  ] GC(2) Concurrent Mark From Roots 1.033ms
[1.312s][info][gc,marking  ] GC(2) Concurrent Preclean
[1.312s][info][gc,marking  ] GC(2) Concurrent Preclean 0.004ms
[1.312s][info][gc,start    ] GC(2) Pause Remark
[1.314s][info][gc          ] GC(2) Pause Remark 18M->18M(60M) 2.080ms
[1.314s][info][gc,cpu      ] GC(2) User=0.01s Sys=0.00s Real=0.01s
[1.314s][info][gc,marking  ] GC(2) Concurrent Mark 3.417ms
[1.314s][info][gc,marking  ] GC(2) Concurrent Rebuild Remembered Sets and Scrub Regions
[1.315s][info][gc,marking  ] GC(2) Concurrent Rebuild Remembered Sets and Scrub Regions 0.423ms
[1.315s][info][gc,start    ] GC(2) Pause Cleanup
[1.315s][info][gc          ] GC(2) Pause Cleanup 19M->19M(60M) 0.022ms
[1.315s][info][gc,cpu      ] GC(2) User=0.00s Sys=0.00s Real=0.00s
[1.315s][info][gc,marking  ] GC(2) Concurrent Clear Claimed Marks
[1.315s][info][gc,marking  ] GC(2) Concurrent Clear Claimed Marks 0.035ms
[1.315s][info][gc,marking  ] GC(2) Concurrent Cleanup for Next Mark
[1.316s][info][gc,marking  ] GC(2) Concurrent Cleanup for Next Mark 0.372ms
[1.316s][info][gc          ] GC(2) Concurrent Mark Cycle 8.874ms
[1.469s][info][gc,start    ] GC(3) Pause Young (Prepare Mixed) (G1 Evacuation Pause)
[1.469s][info][gc,task     ] GC(3) Using 3 workers of 4 for evacuation
[1.475s][info][gc,phases   ] GC(3)   Pre Evacuate Collection Set: 0.11ms
[1.476s][info][gc,phases   ] GC(3)   Merge Heap Roots: 0.05ms
[1.476s][info][gc,phases   ] GC(3)   Evacuate Collection Set: 5.60ms
[1.476s][info][gc,phases   ] GC(3)   Post Evacuate Collection Set: 0.69ms
[1.476s][info][gc,phases   ] GC(3)   Other: 0.04ms
[1.476s][info][gc,heap     ] GC(3) Eden regions: 21->0(15)
[1.476s][info][gc,heap     ] GC(3) Survivor regions: 6->7(69)
[1.476s][info][gc,heap     ] GC(3) Old regions: 1->1
[1.476s][info][gc,heap     ] GC(3) Humongous regions: 2->2
[1.476s][info][gc,metaspace] GC(3) Metaspace: 22300K(22656K)->22300K(22656K) NonClass: 17501K(17728K)->17501K(17728K) Class: 4798K(4928K)->4798K(4928K)
[1.476s][info][gc          ] GC(3) Pause Young (Prepare Mixed) (G1 Evacuation Pause) 58M->19M(74M) 6.561ms
[1.476s][info][gc,cpu      ] GC(3) User=0.02s Sys=0.00s Real=0.01s
[1.516s][info][gc,start    ] GC(4) Pause Young (Mixed) (G1 Evacuation Pause)
[1.516s][info][gc,task     ] GC(4) Using 2 workers of 4 for evacuation
[1.528s][info][gc,phases   ] GC(4)   Pre Evacuate Collection Set: 0.12ms
[1.528s][info][gc,phases   ] GC(4)   Merge Heap Roots: 0.03ms
[1.528s][info][gc,phases   ] GC(4)   Evacuate Collection Set: 10.93ms
[1.528s][info][gc,phases   ] GC(4)   Post Evacuate Collection Set: 0.59ms
[1.528s][info][gc,phases   ] GC(4)   Other: 0.04ms
[1.528s][info][gc,heap     ] GC(4) Eden regions: 15->0(18)
[1.528s][info][gc,heap     ] GC(4) Survivor regions: 7->2(3)
[1.528s][info][gc,heap     ] GC(4) Old regions: 1->6
[1.528s][info][gc,heap     ] GC(4) Humongous regions: 2->2
[1.528s][info][gc,metaspace] GC(4) Metaspace: 22391K(22720K)->22391K(22720K) NonClass: 17562K(17728K)->17562K(17728K) Class: 4829K(4992K)->4829K(4992K)
[1.528s][info][gc          ] GC(4) Pause Young (Mixed) (G1 Evacuation Pause) 49M->19M(74M) 11.812ms
[1.528s][info][gc,cpu      ] GC(4) User=0.02s Sys=0.01s Real=0.01s
[1.635s][info][gc,start    ] GC(5) Pause Young (Normal) (G1 Evacuation Pause)
[1.635s][info][gc,task     ] GC(5) Using 2 workers of 4 for evacuation
[1.638s][info][gc,phases   ] GC(5)   Pre Evacuate Collection Set: 0.12ms
[1.638s][info][gc,phases   ] GC(5)   Merge Heap Roots: 0.04ms
[1.638s][info][gc,phases   ] GC(5)   Evacuate Collection Set: 1.96ms
[1.638s][info][gc,phases   ] GC(5)   Post Evacuate Collection Set: 0.29ms
[1.638s][info][gc,phases   ] GC(5)   Other: 0.04ms
[1.638s][info][gc,heap     ] GC(5) Eden regions: 18->0(18)
[1.638s][info][gc,heap     ] GC(5) Survivor regions: 2->1(3)
[1.638s][info][gc,heap     ] GC(5) Old regions: 6->8
[1.638s][info][gc,heap     ] GC(5) Humongous regions: 2->2
[1.638s][info][gc,metaspace] GC(5) Metaspace: 24306K(24704K)->24306K(24704K) NonClass: 19051K(19264K)->19051K(19264K) Class: 5254K(5440K)->5254K(5440K)
[1.638s][info][gc          ] GC(5) Pause Young (Normal) (G1 Evacuation Pause) 55M->20M(74M) 2.576ms
[1.638s][info][gc,cpu      ] GC(5) User=0.01s Sys=0.00s Real=0.00s
[1.741s][info][gc,start    ] GC(6) Pause Young (Normal) (G1 Evacuation Pause)
[1.741s][info][gc,task     ] GC(6) Using 2 workers of 4 for evacuation
[1.744s][info][gc,phases   ] GC(6)   Pre Evacuate Collection Set: 0.13ms
[1.744s][info][gc,phases   ] GC(6)   Merge Heap Roots: 0.07ms
[1.744s][info][gc,phases   ] GC(6)   Evacuate Collection Set: 1.72ms
[1.744s][info][gc,phases   ] GC(6)   Post Evacuate Collection Set: 0.45ms
[1.744s][info][gc,phases   ] GC(6)   Other: 0.05ms
[1.744s][info][gc,heap     ] GC(6) Eden regions: 18->0(18)
[1.744s][info][gc,heap     ] GC(6) Survivor regions: 1->2(3)
[1.744s][info][gc,heap     ] GC(6) Old regions: 8->8
[1.744s][info][gc,heap     ] GC(6) Humongous regions: 2->2
[1.744s][info][gc,metaspace] GC(6) Metaspace: 25979K(26368K)->25979K(26368K) NonClass: 20357K(20544K)->20357K(20544K) Class: 5622K(5824K)->5622K(5824K)
[1.744s][info][gc          ] GC(6) Pause Young (Normal) (G1 Evacuation Pause) 56M->21M(74M) 2.582ms
[1.744s][info][gc,cpu      ] GC(6) User=0.00s Sys=0.00s Real=0.01s
[1.871s][info][gc,start    ] GC(7) Pause Young (Normal) (G1 Evacuation Pause)
[1.871s][info][gc,task     ] GC(7) Using 2 workers of 4 for evacuation
[1.874s][info][gc,phases   ] GC(7)   Pre Evacuate Collection Set: 0.15ms
[1.874s][info][gc,phases   ] GC(7)   Merge Heap Roots: 0.06ms
[1.874s][info][gc,phases   ] GC(7)   Evacuate Collection Set: 2.48ms
[1.874s][info][gc,phases   ] GC(7)   Post Evacuate Collection Set: 0.81ms
[1.874s][info][gc,phases   ] GC(7)   Other: 0.04ms
[1.874s][info][gc,heap     ] GC(7) Eden regions: 18->0(439)
[1.874s][info][gc,heap     ] GC(7) Survivor regions: 2->2(3)
[1.874s][info][gc,heap     ] GC(7) Old regions: 8->8
[1.874s][info][gc,heap     ] GC(7) Humongous regions: 2->2
[1.874s][info][gc,metaspace] GC(7) Metaspace: 28799K(29248K)->28799K(29248K) NonClass: 22478K(22720K)->22478K(22720K) Class: 6320K(6528K)->6320K(6528K)
[1.874s][info][gc          ] GC(7) Pause Young (Normal) (G1 Evacuation Pause) 57M->21M(1472M) 3.654ms
[1.874s][info][gc,cpu      ] GC(7) User=0.01s Sys=0.00s Real=0.01s
[2.086s][info][gc,start    ] GC(8) Pause Young (Concurrent Start) (Metadata GC Threshold)
[2.086s][info][gc,task     ] GC(8) Using 4 workers of 4 for evacuation
[2.089s][info][gc,phases   ] GC(8)   Pre Evacuate Collection Set: 0.25ms
[2.089s][info][gc,phases   ] GC(8)   Merge Heap Roots: 0.06ms
[2.089s][info][gc,phases   ] GC(8)   Evacuate Collection Set: 2.37ms
[2.089s][info][gc,phases   ] GC(8)   Post Evacuate Collection Set: 0.56ms
[2.089s][info][gc,phases   ] GC(8)   Other: 0.05ms
[2.089s][info][gc,heap     ] GC(8) Eden regions: 39->0(438)
[2.089s][info][gc,heap     ] GC(8) Survivor regions: 2->3(56)
[2.089s][info][gc,heap     ] GC(8) Old regions: 8->8
[2.089s][info][gc,heap     ] GC(8) Humongous regions: 2->2
[2.089s][info][gc,metaspace] GC(8) Metaspace: 35740K(36160K)->35740K(36160K) NonClass: 27892K(28096K)->27892K(28096K) Class: 7847K(8064K)->7847K(8064K)
[2.089s][info][gc          ] GC(8) Pause Young (Concurrent Start) (Metadata GC Threshold) 99M->23M(1472M) 3.402ms
[2.089s][info][gc,cpu      ] GC(8) User=0.01s Sys=0.00s Real=0.00s
[2.089s][info][gc          ] GC(9) Concurrent Mark Cycle
[2.089s][info][gc,marking  ] GC(9) Concurrent Scan Root Regions
[2.092s][info][gc,marking  ] GC(9) Concurrent Scan Root Regions 2.502ms
[2.092s][info][gc,marking  ] GC(9) Concurrent Mark
[2.092s][info][gc,marking  ] GC(9) Concurrent Mark From Roots
[2.092s][info][gc,task     ] GC(9) Using 1 workers of 1 for marking
[2.106s][info][gc,marking  ] GC(9) Concurrent Mark From Roots 14.506ms
[2.106s][info][gc,marking  ] GC(9) Concurrent Preclean
[2.106s][info][gc,marking  ] GC(9) Concurrent Preclean 0.058ms
[2.107s][info][gc,start    ] GC(9) Pause Remark
[2.111s][info][gc          ] GC(9) Pause Remark 31M->31M(88M) 3.635ms
[2.111s][info][gc,cpu      ] GC(9) User=0.01s Sys=0.00s Real=0.00s
[2.111s][info][gc,marking  ] GC(9) Concurrent Mark 19.194ms
[2.111s][info][gc,marking  ] GC(9) Concurrent Rebuild Remembered Sets and Scrub Regions
[2.117s][info][gc,marking  ] GC(9) Concurrent Rebuild Remembered Sets and Scrub Regions 5.868ms
[2.118s][info][gc,start    ] GC(9) Pause Cleanup
[2.118s][info][gc          ] GC(9) Pause Cleanup 33M->33M(88M) 0.028ms
[2.118s][info][gc,cpu      ] GC(9) User=0.00s Sys=0.00s Real=0.00s
[2.118s][info][gc,marking  ] GC(9) Concurrent Clear Claimed Marks
[2.118s][info][gc,marking  ] GC(9) Concurrent Clear Claimed Marks 0.055ms
[2.118s][info][gc,marking  ] GC(9) Concurrent Cleanup for Next Mark
[2.119s][info][gc,marking  ] GC(9) Concurrent Cleanup for Next Mark 0.308ms
[2.119s][info][gc          ] GC(9) Concurrent Mark Cycle 29.275ms
[2.243s][info][gc,start    ] GC(10) Pause Young (Normal) (G1 Evacuation Pause)
[2.243s][info][gc,task     ] GC(10) Using 4 workers of 4 for evacuation
[2.246s][info][gc,phases   ] GC(10)   Pre Evacuate Collection Set: 0.06ms
[2.246s][info][gc,phases   ] GC(10)   Merge Heap Roots: 0.04ms
[2.246s][info][gc,phases   ] GC(10)   Evacuate Collection Set: 2.34ms
[2.246s][info][gc,phases   ] GC(10)   Post Evacuate Collection Set: 0.31ms
[2.246s][info][gc,phases   ] GC(10)   Other: 0.03ms
[2.246s][info][gc,heap     ] GC(10) Eden regions: 31->0(24)
[2.246s][info][gc,heap     ] GC(10) Survivor regions: 3->4(56)
[2.246s][info][gc,heap     ] GC(10) Old regions: 8->8
[2.246s][info][gc,heap     ] GC(10) Humongous regions: 2->2
[2.246s][info][gc,metaspace] GC(10) Metaspace: 40234K(40704K)->40234K(40704K) NonClass: 31362K(31616K)->31362K(31616K) Class: 8871K(9088K)->8871K(9088K)
[2.246s][info][gc          ] GC(10) Pause Young (Normal) (G1 Evacuation Pause) 85M->25M(96M) 2.854ms
[2.246s][info][gc,cpu      ] GC(10) User=0.01s Sys=0.00s Real=0.00s
[2.329s][info][gc,start    ] GC(11) Pause Young (Normal) (G1 Evacuation Pause)
[2.329s][info][gc,task     ] GC(11) Using 4 workers of 4 for evacuation
[2.332s][info][gc,phases   ] GC(11)   Pre Evacuate Collection Set: 0.10ms
[2.332s][info][gc,phases   ] GC(11)   Merge Heap Roots: 0.05ms
[2.332s][info][gc,phases   ] GC(11)   Evacuate Collection Set: 2.75ms
[2.332s][info][gc,phases   ] GC(11)   Post Evacuate Collection Set: 0.29ms
[2.332s][info][gc,phases   ] GC(11)   Other: 0.05ms
[2.332s][info][gc,heap     ] GC(11) Eden regions: 24->0(25)
[2.332s][info][gc,heap     ] GC(11) Survivor regions: 4->3(4)
[2.332s][info][gc,heap     ] GC(11) Old regions: 8->11
[2.332s][info][gc,heap     ] GC(11) Humongous regions: 2->2
[2.332s][info][gc,metaspace] GC(11) Metaspace: 41973K(42368K)->41973K(42368K) NonClass: 32549K(32768K)->32549K(32768K) Class: 9424K(9600K)->9424K(9600K)
[2.333s][info][gc          ] GC(11) Pause Young (Normal) (G1 Evacuation Pause) 73M->28M(96M) 3.334ms
[2.333s][info][gc,cpu      ] GC(11) User=0.01s Sys=0.00s Real=0.00s
[2.449s][info][gc,start    ] GC(12) Pause Young (Normal) (G1 Evacuation Pause)
[2.449s][info][gc,task     ] GC(12) Using 3 workers of 4 for evacuation
[2.452s][info][gc,phases   ] GC(12)   Pre Evacuate Collection Set: 0.09ms
[2.452s][info][gc,phases   ] GC(12)   Merge Heap Roots: 0.05ms
[2.452s][info][gc,phases   ] GC(12)   Evacuate Collection Set: 2.28ms
[2.452s][info][gc,phases   ] GC(12)   Post Evacuate Collection Set: 0.35ms
[2.452s][info][gc,phases   ] GC(12)   Other: 0.04ms
[2.452s][info][gc,heap     ] GC(12) Eden regions: 25->0(25)
[2.452s][info][gc,heap     ] GC(12) Survivor regions: 3->3(4)
[2.452s][info][gc,heap     ] GC(12) Old regions: 11->12
[2.452s][info][gc,heap     ] GC(12) Humongous regions: 2->2
[2.452s][info][gc,metaspace] GC(12) Metaspace: 44006K(44480K)->44006K(44480K) NonClass: 34148K(34368K)->34148K(34368K) Class: 9857K(10112K)->9857K(10112K)
[2.452s][info][gc          ] GC(12) Pause Young (Normal) (G1 Evacuation Pause) 78M->29M(96M) 2.895ms
[2.452s][info][gc,cpu      ] GC(12) User=0.01s Sys=0.00s Real=0.00s
[2.579s][info][gc,start    ] GC(13) Pause Young (Normal) (G1 Evacuation Pause)
[2.579s][info][gc,task     ] GC(13) Using 2 workers of 4 for evacuation
[2.584s][info][gc,phases   ] GC(13)   Pre Evacuate Collection Set: 0.10ms
[2.584s][info][gc,phases   ] GC(13)   Merge Heap Roots: 0.05ms
[2.584s][info][gc,phases   ] GC(13)   Evacuate Collection Set: 3.69ms
[2.584s][info][gc,phases   ] GC(13)   Post Evacuate Collection Set: 0.35ms
[2.584s][info][gc,phases   ] GC(13)   Other: 0.05ms
[2.584s][info][gc,heap     ] GC(13) Eden regions: 25->0(25)
[2.584s][info][gc,heap     ] GC(13) Survivor regions: 3->3(4)
[2.584s][info][gc,heap     ] GC(13) Old regions: 12->13
[2.584s][info][gc,heap     ] GC(13) Humongous regions: 2->2
[2.584s][info][gc,metaspace] GC(13) Metaspace: 45125K(45632K)->45125K(45632K) NonClass: 35065K(35328K)->35065K(35328K) Class: 10059K(10304K)->10059K(10304K)
[2.584s][info][gc          ] GC(13) Pause Young (Normal) (G1 Evacuation Pause) 79M->33M(96M) 4.337ms
[2.584s][info][gc,cpu      ] GC(13) User=0.01s Sys=0.00s Real=0.01s
[2.743s][info][gc,start    ] GC(14) Pause Young (Normal) (G1 Evacuation Pause)
[2.743s][info][gc,task     ] GC(14) Using 2 workers of 4 for evacuation
[2.748s][info][gc,phases   ] GC(14)   Pre Evacuate Collection Set: 0.07ms
[2.748s][info][gc,phases   ] GC(14)   Merge Heap Roots: 0.04ms
[2.748s][info][gc,phases   ] GC(14)   Evacuate Collection Set: 3.71ms
[2.748s][info][gc,phases   ] GC(14)   Post Evacuate Collection Set: 1.03ms
[2.748s][info][gc,phases   ] GC(14)   Other: 0.04ms
[2.748s][info][gc,heap     ] GC(14) Eden regions: 25->0(441)
[2.748s][info][gc,heap     ] GC(14) Survivor regions: 3->3(4)
[2.748s][info][gc,heap     ] GC(14) Old regions: 13->14
[2.748s][info][gc,heap     ] GC(14) Humongous regions: 2->2
[2.748s][info][gc,metaspace] GC(14) Metaspace: 47203K(47616K)->47203K(47616K) NonClass: 36665K(36864K)->36665K(36864K) Class: 10537K(10752K)->10537K(10752K)
[2.748s][info][gc          ] GC(14) Pause Young (Normal) (G1 Evacuation Pause) 83M->35M(1482M) 4.985ms
[2.748s][info][gc,cpu      ] GC(14) User=0.01s Sys=0.00s Real=0.01s
[3.597s][info][gc,start    ] GC(15) Pause Young (Concurrent Start) (Metadata GC Threshold)
[3.597s][info][gc,task     ] GC(15) Using 4 workers of 4 for evacuation
[3.604s][info][gc,phases   ] GC(15)   Pre Evacuate Collection Set: 0.16ms
[3.604s][info][gc,phases   ] GC(15)   Merge Heap Roots: 0.07ms
[3.604s][info][gc,phases   ] GC(15)   Evacuate Collection Set: 5.80ms
[3.604s][info][gc,phases   ] GC(15)   Post Evacuate Collection Set: 0.49ms
[3.604s][info][gc,phases   ] GC(15)   Other: 0.04ms
[3.604s][info][gc,heap     ] GC(15) Eden regions: 141->0(438)
[3.604s][info][gc,heap     ] GC(15) Survivor regions: 3->6(56)
[3.604s][info][gc,heap     ] GC(15) Old regions: 14->14
[3.604s][info][gc,heap     ] GC(15) Humongous regions: 2->2
[3.604s][info][gc,metaspace] GC(15) Metaspace: 60844K(61376K)->60844K(61376K) NonClass: 47095K(47424K)->47095K(47424K) Class: 13748K(13952K)->13748K(13952K)
[3.604s][info][gc          ] GC(15) Pause Young (Concurrent Start) (Metadata GC Threshold) 315M->41M(1482M) 6.658ms
[3.604s][info][gc,cpu      ] GC(15) User=0.02s Sys=0.00s Real=0.01s
[3.604s][info][gc          ] GC(16) Concurrent Mark Cycle
[3.604s][info][gc,marking  ] GC(16) Concurrent Scan Root Regions
[3.609s][info][gc,marking  ] GC(16) Concurrent Scan Root Regions 5.456ms
[3.609s][info][gc,marking  ] GC(16) Concurrent Mark
[3.609s][info][gc,marking  ] GC(16) Concurrent Mark From Roots
[3.609s][info][gc,task     ] GC(16) Using 1 workers of 1 for marking
[3.629s][info][gc,marking  ] GC(16) Concurrent Mark From Roots 19.283ms
[3.629s][info][gc,marking  ] GC(16) Concurrent Preclean
[3.629s][info][gc,marking  ] GC(16) Concurrent Preclean 0.167ms
[3.630s][info][gc,start    ] GC(16) Pause Remark
[3.634s][info][gc          ] GC(16) Pause Remark 54M->54M(148M) 4.003ms
[3.634s][info][gc,cpu      ] GC(16) User=0.01s Sys=0.00s Real=0.01s
[3.635s][info][gc,marking  ] GC(16) Concurrent Mark 25.218ms
[3.635s][info][gc,marking  ] GC(16) Concurrent Rebuild Remembered Sets and Scrub Regions
[3.643s][info][gc,marking  ] GC(16) Concurrent Rebuild Remembered Sets and Scrub Regions 8.386ms
[3.644s][info][gc,start    ] GC(16) Pause Cleanup
[3.645s][info][gc          ] GC(16) Pause Cleanup 56M->56M(148M) 0.050ms
[3.645s][info][gc,cpu      ] GC(16) User=0.00s Sys=0.00s Real=0.00s
[3.645s][info][gc,marking  ] GC(16) Concurrent Clear Claimed Marks
[3.645s][info][gc,marking  ] GC(16) Concurrent Clear Claimed Marks 0.076ms
[3.645s][info][gc,marking  ] GC(16) Concurrent Cleanup for Next Mark
[3.645s][info][gc,marking  ] GC(16) Concurrent Cleanup for Next Mark 0.308ms
[3.645s][info][gc          ] GC(16) Concurrent Mark Cycle 41.181ms
[3.836s][info][gc,start    ] GC(17) Pause Young (Prepare Mixed) (G1 Evacuation Pause)
[3.837s][info][gc,task     ] GC(17) Using 4 workers of 4 for evacuation
[3.842s][info][gc,phases   ] GC(17)   Pre Evacuate Collection Set: 0.12ms
[3.842s][info][gc,phases   ] GC(17)   Merge Heap Roots: 0.08ms
[3.842s][info][gc,phases   ] GC(17)   Evacuate Collection Set: 4.70ms
[3.842s][info][gc,phases   ] GC(17)   Post Evacuate Collection Set: 0.59ms
[3.842s][info][gc,phases   ] GC(17)   Other: 0.04ms
[3.842s][info][gc,heap     ] GC(17) Eden regions: 38->0(42)
[3.842s][info][gc,heap     ] GC(17) Survivor regions: 6->2(6)
[3.842s][info][gc,heap     ] GC(17) Old regions: 14->20
[3.842s][info][gc,heap     ] GC(17) Humongous regions: 2->2
[3.842s][info][gc,metaspace] GC(17) Metaspace: 65475K(66176K)->65475K(66176K) NonClass: 50545K(50944K)->50545K(50944K) Class: 14930K(15232K)->14930K(15232K)
[3.842s][info][gc          ] GC(17) Pause Young (Prepare Mixed) (G1 Evacuation Pause) 117M->43M(148M) 5.621ms
[3.842s][info][gc,cpu      ] GC(17) User=0.03s Sys=0.00s Real=0.00s
[4.040s][info][gc,start    ] GC(18) Pause Young (Mixed) (G1 Evacuation Pause)
[4.040s][info][gc,task     ] GC(18) Using 4 workers of 4 for evacuation
[4.042s][info][gc,phases   ] GC(18)   Pre Evacuate Collection Set: 0.08ms
[4.042s][info][gc,phases   ] GC(18)   Merge Heap Roots: 0.04ms
[4.042s][info][gc,phases   ] GC(18)   Evacuate Collection Set: 1.53ms
[4.042s][info][gc,phases   ] GC(18)   Post Evacuate Collection Set: 0.29ms
[4.042s][info][gc,phases   ] GC(18)   Other: 0.04ms
[4.042s][info][gc,heap     ] GC(18) Eden regions: 42->0(41)
[4.042s][info][gc,heap     ] GC(18) Survivor regions: 2->3(6)
[4.042s][info][gc,heap     ] GC(18) Old regions: 20->19
[4.042s][info][gc,heap     ] GC(18) Humongous regions: 2->2
[4.042s][info][gc,metaspace] GC(18) Metaspace: 69894K(70528K)->69894K(70528K) NonClass: 54139K(54528K)->54139K(54528K) Class: 15754K(16000K)->15754K(16000K)
[4.042s][info][gc          ] GC(18) Pause Young (Mixed) (G1 Evacuation Pause) 127M->44M(148M) 2.059ms
[4.043s][info][gc,cpu      ] GC(18) User=0.01s Sys=0.00s Real=0.00s
[4.263s][info][gc,start    ] GC(19) Pause Young (Normal) (G1 Evacuation Pause)
[4.263s][info][gc,task     ] GC(19) Using 4 workers of 4 for evacuation
[4.266s][info][gc,phases   ] GC(19)   Pre Evacuate Collection Set: 0.07ms
[4.266s][info][gc,phases   ] GC(19)   Merge Heap Roots: 0.04ms
[4.266s][info][gc,phases   ] GC(19)   Evacuate Collection Set: 1.93ms
[4.266s][info][gc,phases   ] GC(19)   Post Evacuate Collection Set: 0.33ms
[4.266s][info][gc,phases   ] GC(19)   Other: 0.04ms
[4.266s][info][gc,heap     ] GC(19) Eden regions: 41->0(41)
[4.266s][info][gc,heap     ] GC(19) Survivor regions: 3->3(6)
[4.266s][info][gc,heap     ] GC(19) Old regions: 19->19
[4.266s][info][gc,heap     ] GC(19) Humongous regions: 2->2
[4.266s][info][gc,metaspace] GC(19) Metaspace: 74900K(75584K)->74900K(75584K) NonClass: 58242K(58624K)->58242K(58624K) Class: 16658K(16960K)->16658K(16960K)
[4.266s][info][gc          ] GC(19) Pause Young (Normal) (G1 Evacuation Pause) 126M->46M(148M) 2.484ms
[4.266s][info][gc,cpu      ] GC(19) User=0.01s Sys=0.00s Real=0.00s
[4.574s][info][gc,start    ] GC(20) Pause Young (Normal) (G1 Evacuation Pause)
[4.574s][info][gc,task     ] GC(20) Using 4 workers of 4 for evacuation
[4.579s][info][gc,phases   ] GC(20)   Pre Evacuate Collection Set: 0.08ms
[4.579s][info][gc,phases   ] GC(20)   Merge Heap Roots: 0.07ms
[4.579s][info][gc,phases   ] GC(20)   Evacuate Collection Set: 3.58ms
[4.579s][info][gc,phases   ] GC(20)   Post Evacuate Collection Set: 0.54ms
[4.579s][info][gc,phases   ] GC(20)   Other: 0.05ms
[4.579s][info][gc,heap     ] GC(20) Eden regions: 41->0(39)
[4.579s][info][gc,heap     ] GC(20) Survivor regions: 3->5(6)
[4.579s][info][gc,heap     ] GC(20) Old regions: 19->19
[4.579s][info][gc,heap     ] GC(20) Humongous regions: 2->2
[4.579s][info][gc,metaspace] GC(20) Metaspace: 79326K(80128K)->79326K(80128K) NonClass: 61586K(62016K)->61586K(62016K) Class: 17740K(18112K)->17740K(18112K)
[4.579s][info][gc          ] GC(20) Pause Young (Normal) (G1 Evacuation Pause) 128M->49M(148M) 4.416ms
[4.579s][info][gc,cpu      ] GC(20) User=0.02s Sys=0.00s Real=0.00s
[5.154s][info][gc,start    ] GC(21) Pause Young (Normal) (G1 Evacuation Pause)
[5.154s][info][gc,task     ] GC(21) Using 4 workers of 4 for evacuation
[5.159s][info][gc,phases   ] GC(21)   Pre Evacuate Collection Set: 0.09ms
[5.159s][info][gc,phases   ] GC(21)   Merge Heap Roots: 0.06ms
[5.159s][info][gc,phases   ] GC(21)   Evacuate Collection Set: 3.78ms
[5.159s][info][gc,phases   ] GC(21)   Post Evacuate Collection Set: 0.57ms
[5.159s][info][gc,phases   ] GC(21)   Other: 0.04ms
[5.159s][info][gc,heap     ] GC(21) Eden regions: 39->0(40)
[5.159s][info][gc,heap     ] GC(21) Survivor regions: 5->4(6)
[5.159s][info][gc,heap     ] GC(21) Old regions: 19->21
[5.159s][info][gc,heap     ] GC(21) Humongous regions: 2->2
[5.159s][info][gc,metaspace] GC(21) Metaspace: 84513K(85376K)->84513K(85376K) NonClass: 65522K(66048K)->65522K(66048K) Class: 18990K(19328K)->18990K(19328K)
[5.159s][info][gc          ] GC(21) Pause Young (Normal) (G1 Evacuation Pause) 127M->50M(148M) 4.614ms
[5.159s][info][gc,cpu      ] GC(21) User=0.01s Sys=0.00s Real=0.00s
[14.812s][info][gc,start    ] GC(22) Pause Young (Normal) (G1 Evacuation Pause)
[14.812s][info][gc,task     ] GC(22) Using 4 workers of 4 for evacuation
[14.816s][info][gc,phases   ] GC(22)   Pre Evacuate Collection Set: 0.16ms
[14.816s][info][gc,phases   ] GC(22)   Merge Heap Roots: 0.06ms
[14.816s][info][gc,phases   ] GC(22)   Evacuate Collection Set: 3.09ms
[14.816s][info][gc,phases   ] GC(22)   Post Evacuate Collection Set: 0.40ms
[14.816s][info][gc,phases   ] GC(22)   Other: 0.05ms
[14.816s][info][gc,heap     ] GC(22) Eden regions: 40->0(40)
[14.816s][info][gc,heap     ] GC(22) Survivor regions: 4->4(6)
[14.816s][info][gc,heap     ] GC(22) Old regions: 21->21
[14.816s][info][gc,heap     ] GC(22) Humongous regions: 2->2
[14.816s][info][gc,metaspace] GC(22) Metaspace: 88064K(88960K)->88064K(88960K) NonClass: 68236K(68736K)->68236K(68736K) Class: 19827K(20224K)->19827K(20224K)
[14.816s][info][gc          ] GC(22) Pause Young (Normal) (G1 Evacuation Pause) 130M->51M(148M) 3.852ms
[14.816s][info][gc,cpu      ] GC(22) User=0.01s Sys=0.00s Real=0.01s
[14.900s][info][gc,start    ] GC(23) Pause Young (Normal) (G1 Evacuation Pause)
[14.900s][info][gc,task     ] GC(23) Using 4 workers of 4 for evacuation
[14.903s][info][gc,phases   ] GC(23)   Pre Evacuate Collection Set: 0.09ms
[14.903s][info][gc,phases   ] GC(23)   Merge Heap Roots: 0.06ms
[14.903s][info][gc,phases   ] GC(23)   Evacuate Collection Set: 2.96ms
[14.903s][info][gc,phases   ] GC(23)   Post Evacuate Collection Set: 0.40ms
[14.903s][info][gc,phases   ] GC(23)   Other: 0.04ms
[14.903s][info][gc,heap     ] GC(23) Eden regions: 40->0(41)
[14.903s][info][gc,heap     ] GC(23) Survivor regions: 4->3(6)
[14.903s][info][gc,heap     ] GC(23) Old regions: 21->23
[14.903s][info][gc,heap     ] GC(23) Humongous regions: 2->2
[14.903s][info][gc,metaspace] GC(23) Metaspace: 89085K(89920K)->89085K(89920K) NonClass: 69040K(69504K)->69040K(69504K) Class: 20045K(20416K)->20045K(20416K)
[14.903s][info][gc          ] GC(23) Pause Young (Normal) (G1 Evacuation Pause) 131M->53M(148M) 3.638ms
[14.903s][info][gc,cpu      ] GC(23) User=0.02s Sys=0.00s Real=0.01s
[21.019s][info][gc,start    ] GC(24) Pause Young (Normal) (G1 Evacuation Pause)
[21.019s][info][gc,task     ] GC(24) Using 4 workers of 4 for evacuation
[21.023s][info][gc,phases   ] GC(24)   Pre Evacuate Collection Set: 0.15ms
[21.023s][info][gc,phases   ] GC(24)   Merge Heap Roots: 0.09ms
[21.023s][info][gc,phases   ] GC(24)   Evacuate Collection Set: 2.66ms
[21.023s][info][gc,phases   ] GC(24)   Post Evacuate Collection Set: 1.19ms
[21.023s][info][gc,phases   ] GC(24)   Other: 0.05ms
[21.023s][info][gc,heap     ] GC(24) Eden regions: 41->0(449)
[21.023s][info][gc,heap     ] GC(24) Survivor regions: 3->3(6)
[21.023s][info][gc,heap     ] GC(24) Old regions: 23->23
[21.023s][info][gc,heap     ] GC(24) Humongous regions: 2->2
[21.023s][info][gc,metaspace] GC(24) Metaspace: 93542K(94528K)->93542K(94528K) NonClass: 72431K(72960K)->72431K(72960K) Class: 21111K(21568K)->21111K(21568K)
[21.023s][info][gc          ] GC(24) Pause Young (Normal) (G1 Evacuation Pause) 135M->53M(1508M) 4.238ms
[21.023s][info][gc,cpu      ] GC(24) User=0.02s Sys=0.00s Real=0.01s
