[0.005s][info][gc,init] CardTable entry size: 512
[0.005s][info][gc     ] Using G1
[0.008s][info][gc,init] Version: 25.0.4.1+1-LTS (release)
[0.008s][info][gc,init] CPUs: 12 total, 4 available
[0.008s][info][gc,init] Memory: 4096M
[0.008s][info][gc,init] Large Page Support: Disabled
[0.008s][info][gc,init] NUMA Support: Disabled
[0.008s][info][gc,init] Compressed Oops: Enabled (Zero based)
[0.008s][info][gc,init] Heap Region Size: 2M
[0.008s][info][gc,init] Heap Min Capacity: 8M
[0.008s][info][gc,init] Heap Initial Capacity: 2868M
[0.008s][info][gc,init] Heap Max Capacity: 2868M
[0.008s][info][gc,init] Pre-touch: Disabled
[0.008s][info][gc,init] Parallel Workers: 4
[0.008s][info][gc,init] Concurrent Workers: 1
[0.008s][info][gc,init] Concurrent Refinement Workers: 4
[0.008s][info][gc,init] Periodic GC: Disabled
[0.013s][info][gc,metaspace] CDS archive(s) mapped at: [0x00000fc000000000-0x00000fc000e70000-0x00000fc000e70000), size 15138816, SharedBaseAddress: 0x00000fc000000000, ArchiveRelocationMode: 1.
[0.013s][info][gc,metaspace] Compressed class space mapped at: 0x00000fc001000000-0x00000fc041000000, reserved size: 1073741824
[0.013s][info][gc,metaspace] UseCompressedClassPointers 1, UseCompactObjectHeaders 1
[0.013s][info][gc,metaspace] Narrow klass pointer bits 22, Max shift 10
[0.013s][info][gc,metaspace] Narrow klass base: 0x00000fc000000000, Narrow klass shift: 10
[0.013s][info][gc,metaspace] Encoding Range: [0x00000fc000000000 - 0x00000fc100000000), (4294967296 bytes)
[0.013s][info][gc,metaspace] Klass Range:    [0x00000fc000010000 - 0x00000fc041000000), (1090453504 bytes)
[0.013s][info][gc,metaspace] Klass ID Range:  [64 - 1064960) (1064896)
[0.013s][info][gc,metaspace] Protection zone: [0x00000fc000000000 - 0x00000fc000010000), (65536 bytes)
[0.964s][info][gc,start    ] GC(0) Pause Young (Normal) (G1 Evacuation Pause)
[0.965s][info][gc,task     ] GC(0) Using 4 workers of 4 for evacuation
[0.971s][info][gc,phases   ] GC(0)   Pre Evacuate Collection Set: 0.17ms
[0.971s][info][gc,phases   ] GC(0)   Merge Heap Roots: 0.09ms
[0.971s][info][gc,phases   ] GC(0)   Evacuate Collection Set: 4.89ms
[0.971s][info][gc,phases   ] GC(0)   Post Evacuate Collection Set: 1.08ms
[0.971s][info][gc,phases   ] GC(0)   Other: 0.51ms
[0.971s][info][gc,heap     ] GC(0) Eden regions: 71->0(167)
[0.971s][info][gc,heap     ] GC(0) Survivor regions: 0->5(9)
[0.971s][info][gc,heap     ] GC(0) Old regions: 1->1
[0.971s][info][gc,heap     ] GC(0) Humongous regions: 2->2
[0.971s][info][gc,metaspace] GC(0) Metaspace: 17108K(17344K)->17108K(17344K) NonClass: 13512K(13632K)->13512K(13632K) Class: 3596K(3712K)->3596K(3712K)
[0.971s][info][gc          ] GC(0) Pause Young (Normal) (G1 Evacuation Pause) 147M->13M(2868M) 6.868ms
[0.971s][info][gc,cpu      ] GC(0) User=0.04s Sys=0.00s Real=0.01s
[1.597s][info][gc,start    ] GC(1) Pause Young (Concurrent Start) (Metadata GC Threshold)
[1.597s][info][gc,task     ] GC(1) Using 4 workers of 4 for evacuation
[1.602s][info][gc,phases   ] GC(1)   Pre Evacuate Collection Set: 0.28ms
[1.602s][info][gc,phases   ] GC(1)   Merge Heap Roots: 0.05ms
[1.602s][info][gc,phases   ] GC(1)   Evacuate Collection Set: 3.95ms
[1.602s][info][gc,phases   ] GC(1)   Post Evacuate Collection Set: 0.79ms
[1.602s][info][gc,phases   ] GC(1)   Other: 0.05ms
[1.602s][info][gc,heap     ] GC(1) Eden regions: 128->0(470)
[1.602s][info][gc,heap     ] GC(1) Survivor regions: 5->6(22)
[1.602s][info][gc,heap     ] GC(1) Old regions: 1->1
[1.602s][info][gc,heap     ] GC(1) Humongous regions: 2->2
[1.602s][info][gc,metaspace] GC(1) Metaspace: 21206K(21504K)->21206K(21504K) NonClass: 16568K(16704K)->16568K(16704K) Class: 4637K(4800K)->4637K(4800K)
[1.602s][info][gc          ] GC(1) Pause Young (Concurrent Start) (Metadata GC Threshold) 269M->17M(2868M) 5.222ms
[1.602s][info][gc,cpu      ] GC(1) User=0.02s Sys=0.00s Real=0.01s
[1.602s][info][gc          ] GC(2) Concurrent Mark Cycle
[1.602s][info][gc,marking  ] GC(2) Concurrent Scan Root Regions
[1.607s][info][gc,marking  ] GC(2) Concurrent Scan Root Regions 4.783ms
[1.607s][info][gc,marking  ] GC(2) Concurrent Mark
[1.607s][info][gc,marking  ] GC(2) Concurrent Mark From Roots
[1.607s][info][gc,task     ] GC(2) Using 1 workers of 1 for marking
[1.608s][info][gc,marking  ] GC(2) Concurrent Mark From Roots 1.037ms
[1.608s][info][gc,marking  ] GC(2) Concurrent Preclean
[1.608s][info][gc,marking  ] GC(2) Concurrent Preclean 0.004ms
[1.609s][info][gc,start    ] GC(2) Pause Remark
[1.612s][info][gc          ] GC(2) Pause Remark 19M->19M(60M) 2.413ms
[1.612s][info][gc,cpu      ] GC(2) User=0.01s Sys=0.00s Real=0.00s
[1.612s][info][gc,marking  ] GC(2) Concurrent Mark 4.961ms
[1.612s][info][gc,marking  ] GC(2) Concurrent Rebuild Remembered Sets and Scrub Regions
[1.612s][info][gc,marking  ] GC(2) Concurrent Rebuild Remembered Sets and Scrub Regions 0.450ms
[1.612s][info][gc,start    ] GC(2) Pause Cleanup
[1.612s][info][gc          ] GC(2) Pause Cleanup 19M->19M(60M) 0.036ms
[1.612s][info][gc,cpu      ] GC(2) User=0.00s Sys=0.00s Real=0.00s
[1.612s][info][gc,marking  ] GC(2) Concurrent Clear Claimed Marks
[1.612s][info][gc,marking  ] GC(2) Concurrent Clear Claimed Marks 0.026ms
[1.612s][info][gc,marking  ] GC(2) Concurrent Cleanup for Next Mark
[1.613s][info][gc,marking  ] GC(2) Concurrent Cleanup for Next Mark 0.325ms
[1.613s][info][gc          ] GC(2) Concurrent Mark Cycle 10.762ms
[1.765s][info][gc,start    ] GC(3) Pause Young (Prepare Mixed) (G1 Evacuation Pause)
[1.765s][info][gc,task     ] GC(3) Using 3 workers of 4 for evacuation
[1.771s][info][gc,phases   ] GC(3)   Pre Evacuate Collection Set: 0.10ms
[1.771s][info][gc,phases   ] GC(3)   Merge Heap Roots: 0.06ms
[1.771s][info][gc,phases   ] GC(3)   Evacuate Collection Set: 5.22ms
[1.771s][info][gc,phases   ] GC(3)   Post Evacuate Collection Set: 0.85ms
[1.771s][info][gc,phases   ] GC(3)   Other: 0.04ms
[1.771s][info][gc,heap     ] GC(3) Eden regions: 21->0(15)
[1.771s][info][gc,heap     ] GC(3) Survivor regions: 6->7(60)
[1.771s][info][gc,heap     ] GC(3) Old regions: 1->1
[1.771s][info][gc,heap     ] GC(3) Humongous regions: 2->2
[1.771s][info][gc,metaspace] GC(3) Metaspace: 22312K(22656K)->22312K(22656K) NonClass: 17513K(17728K)->17513K(17728K) Class: 4798K(4928K)->4798K(4928K)
[1.771s][info][gc          ] GC(3) Pause Young (Prepare Mixed) (G1 Evacuation Pause) 59M->19M(74M) 6.389ms
[1.771s][info][gc,cpu      ] GC(3) User=0.02s Sys=0.00s Real=0.01s
[1.810s][info][gc,start    ] GC(4) Pause Young (Mixed) (G1 Evacuation Pause)
[1.810s][info][gc,task     ] GC(4) Using 2 workers of 4 for evacuation
[1.819s][info][gc,phases   ] GC(4)   Pre Evacuate Collection Set: 0.09ms
[1.819s][info][gc,phases   ] GC(4)   Merge Heap Roots: 0.04ms
[1.819s][info][gc,phases   ] GC(4)   Evacuate Collection Set: 7.75ms
[1.819s][info][gc,phases   ] GC(4)   Post Evacuate Collection Set: 0.85ms
[1.819s][info][gc,phases   ] GC(4)   Other: 0.03ms
[1.819s][info][gc,heap     ] GC(4) Eden regions: 15->0(18)
[1.819s][info][gc,heap     ] GC(4) Survivor regions: 7->2(3)
[1.819s][info][gc,heap     ] GC(4) Old regions: 1->6
[1.819s][info][gc,heap     ] GC(4) Humongous regions: 2->2
[1.819s][info][gc,metaspace] GC(4) Metaspace: 22397K(22784K)->22397K(22784K) NonClass: 17567K(17792K)->17567K(17792K) Class: 4829K(4992K)->4829K(4992K)
[1.819s][info][gc          ] GC(4) Pause Young (Mixed) (G1 Evacuation Pause) 49M->19M(74M) 8.866ms
[1.819s][info][gc,cpu      ] GC(4) User=0.02s Sys=0.00s Real=0.01s
[1.938s][info][gc,start    ] GC(5) Pause Young (Normal) (G1 Evacuation Pause)
[1.938s][info][gc,task     ] GC(5) Using 2 workers of 4 for evacuation
[1.941s][info][gc,phases   ] GC(5)   Pre Evacuate Collection Set: 0.12ms
[1.941s][info][gc,phases   ] GC(5)   Merge Heap Roots: 0.06ms
[1.941s][info][gc,phases   ] GC(5)   Evacuate Collection Set: 1.83ms
[1.941s][info][gc,phases   ] GC(5)   Post Evacuate Collection Set: 0.31ms
[1.941s][info][gc,phases   ] GC(5)   Other: 0.03ms
[1.941s][info][gc,heap     ] GC(5) Eden regions: 18->0(18)
[1.941s][info][gc,heap     ] GC(5) Survivor regions: 2->1(3)
[1.941s][info][gc,heap     ] GC(5) Old regions: 6->8
[1.941s][info][gc,heap     ] GC(5) Humongous regions: 2->2
[1.941s][info][gc,metaspace] GC(5) Metaspace: 24302K(24704K)->24302K(24704K) NonClass: 19047K(19264K)->19047K(19264K) Class: 5254K(5440K)->5254K(5440K)
[1.941s][info][gc          ] GC(5) Pause Young (Normal) (G1 Evacuation Pause) 55M->20M(74M) 2.465ms
[1.941s][info][gc,cpu      ] GC(5) User=0.01s Sys=0.00s Real=0.00s
[2.026s][info][gc,start    ] GC(6) Pause Young (Normal) (G1 Evacuation Pause)
[2.026s][info][gc,task     ] GC(6) Using 2 workers of 4 for evacuation
[2.028s][info][gc,phases   ] GC(6)   Pre Evacuate Collection Set: 0.14ms
[2.028s][info][gc,phases   ] GC(6)   Merge Heap Roots: 0.08ms
[2.028s][info][gc,phases   ] GC(6)   Evacuate Collection Set: 1.50ms
[2.028s][info][gc,phases   ] GC(6)   Post Evacuate Collection Set: 0.48ms
[2.028s][info][gc,phases   ] GC(6)   Other: 0.05ms
[2.028s][info][gc,heap     ] GC(6) Eden regions: 18->0(19)
[2.028s][info][gc,heap     ] GC(6) Survivor regions: 1->1(3)
[2.028s][info][gc,heap     ] GC(6) Old regions: 8->8
[2.028s][info][gc,heap     ] GC(6) Humongous regions: 2->2
[2.028s][info][gc,metaspace] GC(6) Metaspace: 25971K(26368K)->25971K(26368K) NonClass: 20348K(20544K)->20348K(20544K) Class: 5622K(5824K)->5622K(5824K)
[2.028s][info][gc          ] GC(6) Pause Young (Normal) (G1 Evacuation Pause) 56M->20M(74M) 2.367ms
[2.028s][info][gc,cpu      ] GC(6) User=0.01s Sys=0.00s Real=0.01s
[2.158s][info][gc,start    ] GC(7) Pause Young (Normal) (G1 Evacuation Pause)
[2.158s][info][gc,task     ] GC(7) Using 2 workers of 4 for evacuation
[2.162s][info][gc,phases   ] GC(7)   Pre Evacuate Collection Set: 0.14ms
[2.162s][info][gc,phases   ] GC(7)   Merge Heap Roots: 0.09ms
[2.162s][info][gc,phases   ] GC(7)   Evacuate Collection Set: 2.65ms
[2.162s][info][gc,phases   ] GC(7)   Post Evacuate Collection Set: 1.25ms
[2.162s][info][gc,phases   ] GC(7)   Other: 0.05ms
[2.162s][info][gc,heap     ] GC(7) Eden regions: 19->0(439)
[2.162s][info][gc,heap     ] GC(7) Survivor regions: 1->2(3)
[2.162s][info][gc,heap     ] GC(7) Old regions: 8->8
[2.162s][info][gc,heap     ] GC(7) Humongous regions: 2->2
[2.162s][info][gc,metaspace] GC(7) Metaspace: 28860K(29248K)->28860K(29248K) NonClass: 22525K(22720K)->22525K(22720K) Class: 6335K(6528K)->6335K(6528K)
[2.162s][info][gc          ] GC(7) Pause Young (Normal) (G1 Evacuation Pause) 58M->22M(1472M) 4.313ms
[2.162s][info][gc,cpu      ] GC(7) User=0.02s Sys=0.00s Real=0.00s
[2.336s][info][gc,start    ] GC(8) Pause Young (Concurrent Start) (Metadata GC Threshold)
[2.336s][info][gc,task     ] GC(8) Using 4 workers of 4 for evacuation
[2.340s][info][gc,phases   ] GC(8)   Pre Evacuate Collection Set: 0.23ms
[2.340s][info][gc,phases   ] GC(8)   Merge Heap Roots: 0.06ms
[2.340s][info][gc,phases   ] GC(8)   Evacuate Collection Set: 2.70ms
[2.340s][info][gc,phases   ] GC(8)   Post Evacuate Collection Set: 0.75ms
[2.340s][info][gc,phases   ] GC(8)   Other: 0.05ms
[2.340s][info][gc,heap     ] GC(8) Eden regions: 36->0(438)
[2.340s][info][gc,heap     ] GC(8) Survivor regions: 2->3(56)
[2.340s][info][gc,heap     ] GC(8) Old regions: 8->8
[2.340s][info][gc,heap     ] GC(8) Humongous regions: 2->2
[2.340s][info][gc,metaspace] GC(8) Metaspace: 35728K(36160K)->35728K(36160K) NonClass: 27867K(28096K)->27867K(28096K) Class: 7860K(8064K)->7860K(8064K)
[2.340s][info][gc          ] GC(8) Pause Young (Concurrent Start) (Metadata GC Threshold) 93M->23M(1472M) 3.897ms
[2.340s][info][gc,cpu      ] GC(8) User=0.01s Sys=0.00s Real=0.01s
[2.340s][info][gc          ] GC(9) Concurrent Mark Cycle
[2.340s][info][gc,marking  ] GC(9) Concurrent Scan Root Regions
[2.343s][info][gc,marking  ] GC(9) Concurrent Scan Root Regions 2.758ms
[2.343s][info][gc,marking  ] GC(9) Concurrent Mark
[2.343s][info][gc,marking  ] GC(9) Concurrent Mark From Roots
[2.343s][info][gc,task     ] GC(9) Using 1 workers of 1 for marking
[2.358s][info][gc,marking  ] GC(9) Concurrent Mark From Roots 15.444ms
[2.358s][info][gc,marking  ] GC(9) Concurrent Preclean
[2.358s][info][gc,marking  ] GC(9) Concurrent Preclean 0.074ms
[2.359s][info][gc,start    ] GC(9) Pause Remark
[2.364s][info][gc          ] GC(9) Pause Remark 31M->31M(88M) 4.532ms
[2.364s][info][gc,cpu      ] GC(9) User=0.02s Sys=0.00s Real=0.00s
[2.364s][info][gc,marking  ] GC(9) Concurrent Mark 20.971ms
[2.364s][info][gc,marking  ] GC(9) Concurrent Rebuild Remembered Sets and Scrub Regions
[2.368s][info][gc,marking  ] GC(9) Concurrent Rebuild Remembered Sets and Scrub Regions 4.441ms
[2.369s][info][gc,start    ] GC(9) Pause Cleanup
[2.369s][info][gc          ] GC(9) Pause Cleanup 31M->31M(88M) 0.044ms
[2.369s][info][gc,cpu      ] GC(9) User=0.00s Sys=0.00s Real=0.00s
[2.369s][info][gc,marking  ] GC(9) Concurrent Clear Claimed Marks
[2.369s][info][gc,marking  ] GC(9) Concurrent Clear Claimed Marks 0.060ms
[2.369s][info][gc,marking  ] GC(9) Concurrent Cleanup for Next Mark
[2.370s][info][gc,marking  ] GC(9) Concurrent Cleanup for Next Mark 0.326ms
[2.370s][info][gc          ] GC(9) Concurrent Mark Cycle 29.701ms
[2.474s][info][gc,start    ] GC(10) Pause Young (Prepare Mixed) (G1 Evacuation Pause)
[2.474s][info][gc,task     ] GC(10) Using 4 workers of 4 for evacuation
[2.477s][info][gc,phases   ] GC(10)   Pre Evacuate Collection Set: 0.04ms
[2.477s][info][gc,phases   ] GC(10)   Merge Heap Roots: 0.05ms
[2.477s][info][gc,phases   ] GC(10)   Evacuate Collection Set: 2.76ms
[2.477s][info][gc,phases   ] GC(10)   Post Evacuate Collection Set: 0.37ms
[2.477s][info][gc,phases   ] GC(10)   Other: 0.04ms
[2.477s][info][gc,heap     ] GC(10) Eden regions: 31->0(24)
[2.477s][info][gc,heap     ] GC(10) Survivor regions: 3->4(56)
[2.477s][info][gc,heap     ] GC(10) Old regions: 8->8
[2.477s][info][gc,heap     ] GC(10) Humongous regions: 2->2
[2.477s][info][gc,metaspace] GC(10) Metaspace: 39823K(40320K)->39823K(40320K) NonClass: 31082K(31360K)->31082K(31360K) Class: 8740K(8960K)->8740K(8960K)
[2.477s][info][gc          ] GC(10) Pause Young (Prepare Mixed) (G1 Evacuation Pause) 85M->25M(96M) 3.351ms
[2.477s][info][gc,cpu      ] GC(10) User=0.01s Sys=0.00s Real=0.01s
[2.578s][info][gc,start    ] GC(11) Pause Young (Mixed) (G1 Evacuation Pause)
[2.579s][info][gc,task     ] GC(11) Using 4 workers of 4 for evacuation
[2.582s][info][gc,phases   ] GC(11)   Pre Evacuate Collection Set: 0.12ms
[2.582s][info][gc,phases   ] GC(11)   Merge Heap Roots: 0.05ms
[2.582s][info][gc,phases   ] GC(11)   Evacuate Collection Set: 3.20ms
[2.582s][info][gc,phases   ] GC(11)   Post Evacuate Collection Set: 0.44ms
[2.582s][info][gc,phases   ] GC(11)   Other: 0.05ms
[2.582s][info][gc,heap     ] GC(11) Eden regions: 24->0(24)
[2.582s][info][gc,heap     ] GC(11) Survivor regions: 4->4(4)
[2.582s][info][gc,heap     ] GC(11) Old regions: 8->9
[2.582s][info][gc,heap     ] GC(11) Humongous regions: 2->2
[2.582s][info][gc,metaspace] GC(11) Metaspace: 42024K(42560K)->42024K(42560K) NonClass: 32580K(32896K)->32580K(32896K) Class: 9444K(9664K)->9444K(9664K)
[2.582s][info][gc          ] GC(11) Pause Young (Mixed) (G1 Evacuation Pause) 73M->27M(96M) 3.997ms
[2.582s][info][gc,cpu      ] GC(11) User=0.01s Sys=0.00s Real=0.00s
[2.688s][info][gc,start    ] GC(12) Pause Young (Normal) (G1 Evacuation Pause)
[2.688s][info][gc,task     ] GC(12) Using 3 workers of 4 for evacuation
[2.692s][info][gc,phases   ] GC(12)   Pre Evacuate Collection Set: 0.09ms
[2.692s][info][gc,phases   ] GC(12)   Merge Heap Roots: 0.05ms
[2.692s][info][gc,phases   ] GC(12)   Evacuate Collection Set: 2.74ms
[2.692s][info][gc,phases   ] GC(12)   Post Evacuate Collection Set: 0.33ms
[2.692s][info][gc,phases   ] GC(12)   Other: 0.04ms
[2.692s][info][gc,heap     ] GC(12) Eden regions: 24->0(24)
[2.692s][info][gc,heap     ] GC(12) Survivor regions: 4->4(4)
[2.692s][info][gc,heap     ] GC(12) Old regions: 9->10
[2.692s][info][gc,heap     ] GC(12) Humongous regions: 2->2
[2.692s][info][gc,metaspace] GC(12) Metaspace: 43785K(44224K)->43785K(44224K) NonClass: 33977K(34240K)->33977K(34240K) Class: 9808K(9984K)->9808K(9984K)
[2.692s][info][gc          ] GC(12) Pause Young (Normal) (G1 Evacuation Pause) 75M->29M(96M) 3.332ms
[2.692s][info][gc,cpu      ] GC(12) User=0.01s Sys=0.00s Real=0.00s
[2.805s][info][gc,start    ] GC(13) Pause Young (Normal) (G1 Evacuation Pause)
[2.805s][info][gc,task     ] GC(13) Using 2 workers of 4 for evacuation
[2.810s][info][gc,phases   ] GC(13)   Pre Evacuate Collection Set: 0.09ms
[2.810s][info][gc,phases   ] GC(13)   Merge Heap Roots: 0.05ms
[2.810s][info][gc,phases   ] GC(13)   Evacuate Collection Set: 4.25ms
[2.810s][info][gc,phases   ] GC(13)   Post Evacuate Collection Set: 0.29ms
[2.810s][info][gc,phases   ] GC(13)   Other: 0.06ms
[2.810s][info][gc,heap     ] GC(13) Eden regions: 24->0(25)
[2.810s][info][gc,heap     ] GC(13) Survivor regions: 4->3(4)
[2.810s][info][gc,heap     ] GC(13) Old regions: 10->12
[2.810s][info][gc,heap     ] GC(13) Humongous regions: 2->2
[2.810s][info][gc,metaspace] GC(13) Metaspace: 44892K(45376K)->44892K(45376K) NonClass: 34873K(35136K)->34873K(35136K) Class: 10018K(10240K)->10018K(10240K)
[2.810s][info][gc          ] GC(13) Pause Young (Normal) (G1 Evacuation Pause) 77M->32M(96M) 4.839ms
[2.810s][info][gc,cpu      ] GC(13) User=0.02s Sys=0.00s Real=0.01s
[2.968s][info][gc,start    ] GC(14) Pause Young (Normal) (G1 Evacuation Pause)
[2.968s][info][gc,task     ] GC(14) Using 2 workers of 4 for evacuation
[2.974s][info][gc,phases   ] GC(14)   Pre Evacuate Collection Set: 0.18ms
[2.974s][info][gc,phases   ] GC(14)   Merge Heap Roots: 0.10ms
[2.974s][info][gc,phases   ] GC(14)   Evacuate Collection Set: 4.78ms
[2.974s][info][gc,phases   ] GC(14)   Post Evacuate Collection Set: 0.92ms
[2.974s][info][gc,phases   ] GC(14)   Other: 0.05ms
[2.974s][info][gc,heap     ] GC(14) Eden regions: 25->0(441)
[2.974s][info][gc,heap     ] GC(14) Survivor regions: 3->3(4)
[2.974s][info][gc,heap     ] GC(14) Old regions: 12->14
[2.974s][info][gc,heap     ] GC(14) Humongous regions: 2->2
[2.974s][info][gc,metaspace] GC(14) Metaspace: 46751K(47232K)->46751K(47232K) NonClass: 36325K(36608K)->36325K(36608K) Class: 10425K(10624K)->10425K(10624K)
[2.974s][info][gc          ] GC(14) Pause Young (Normal) (G1 Evacuation Pause) 82M->34M(1482M) 6.137ms
[2.974s][info][gc,cpu      ] GC(14) User=0.01s Sys=0.00s Real=0.00s
[3.842s][info][gc,start    ] GC(15) Pause Young (Concurrent Start) (Metadata GC Threshold)
[3.842s][info][gc,task     ] GC(15) Using 4 workers of 4 for evacuation
[3.849s][info][gc,phases   ] GC(15)   Pre Evacuate Collection Set: 0.20ms
[3.849s][info][gc,phases   ] GC(15)   Merge Heap Roots: 0.09ms
[3.849s][info][gc,phases   ] GC(15)   Evacuate Collection Set: 5.73ms
[3.849s][info][gc,phases   ] GC(15)   Post Evacuate Collection Set: 0.79ms
[3.849s][info][gc,phases   ] GC(15)   Other: 0.06ms
[3.849s][info][gc,heap     ] GC(15) Eden regions: 141->0(438)
[3.849s][info][gc,heap     ] GC(15) Survivor regions: 3->6(56)
[3.849s][info][gc,heap     ] GC(15) Old regions: 14->14
[3.849s][info][gc,heap     ] GC(15) Humongous regions: 2->2
[3.849s][info][gc,metaspace] GC(15) Metaspace: 60423K(61056K)->60423K(61056K) NonClass: 46773K(47104K)->46773K(47104K) Class: 13650K(13952K)->13650K(13952K)
[3.849s][info][gc          ] GC(15) Pause Young (Concurrent Start) (Metadata GC Threshold) 316M->40M(1482M) 6.995ms
[3.849s][info][gc,cpu      ] GC(15) User=0.04s Sys=0.00s Real=0.01s
[3.849s][info][gc          ] GC(16) Concurrent Mark Cycle
[3.849s][info][gc,marking  ] GC(16) Concurrent Scan Root Regions
[3.856s][info][gc,marking  ] GC(16) Concurrent Scan Root Regions 6.579ms
[3.856s][info][gc,marking  ] GC(16) Concurrent Mark
[3.856s][info][gc,marking  ] GC(16) Concurrent Mark From Roots
[3.856s][info][gc,task     ] GC(16) Using 1 workers of 1 for marking
[3.876s][info][gc,marking  ] GC(16) Concurrent Mark From Roots 20.282ms
[3.876s][info][gc,marking  ] GC(16) Concurrent Preclean
[3.876s][info][gc,marking  ] GC(16) Concurrent Preclean 0.121ms
[3.877s][info][gc,start    ] GC(16) Pause Remark
[3.881s][info][gc          ] GC(16) Pause Remark 48M->48M(148M) 3.564ms
[3.881s][info][gc,cpu      ] GC(16) User=0.01s Sys=0.00s Real=0.00s
[3.881s][info][gc,marking  ] GC(16) Concurrent Mark 24.796ms
[3.881s][info][gc,marking  ] GC(16) Concurrent Rebuild Remembered Sets and Scrub Regions
[3.889s][info][gc,marking  ] GC(16) Concurrent Rebuild Remembered Sets and Scrub Regions 8.414ms
[3.889s][info][gc,start    ] GC(16) Pause Cleanup
[3.889s][info][gc          ] GC(16) Pause Cleanup 51M->51M(148M) 0.058ms
[3.889s][info][gc,cpu      ] GC(16) User=0.00s Sys=0.00s Real=0.00s
[3.889s][info][gc,marking  ] GC(16) Concurrent Clear Claimed Marks
[3.889s][info][gc,marking  ] GC(16) Concurrent Clear Claimed Marks 0.075ms
[3.889s][info][gc,marking  ] GC(16) Concurrent Cleanup for Next Mark
[3.890s][info][gc,marking  ] GC(16) Concurrent Cleanup for Next Mark 0.556ms
[3.890s][info][gc          ] GC(16) Concurrent Mark Cycle 40.707ms
[4.047s][info][gc,start    ] GC(17) Pause Young (Prepare Mixed) (G1 Evacuation Pause)
[4.047s][info][gc,task     ] GC(17) Using 4 workers of 4 for evacuation
[4.052s][info][gc,phases   ] GC(17)   Pre Evacuate Collection Set: 0.13ms
[4.052s][info][gc,phases   ] GC(17)   Merge Heap Roots: 0.08ms
[4.052s][info][gc,phases   ] GC(17)   Evacuate Collection Set: 4.22ms
[4.052s][info][gc,phases   ] GC(17)   Post Evacuate Collection Set: 0.56ms
[4.052s][info][gc,phases   ] GC(17)   Other: 0.04ms
[4.052s][info][gc,heap     ] GC(17) Eden regions: 38->0(42)
[4.052s][info][gc,heap     ] GC(17) Survivor regions: 6->2(6)
[4.052s][info][gc,heap     ] GC(17) Old regions: 14->20
[4.052s][info][gc,heap     ] GC(17) Humongous regions: 2->2
[4.052s][info][gc,metaspace] GC(17) Metaspace: 65013K(65600K)->65013K(65600K) NonClass: 50194K(50496K)->50194K(50496K) Class: 14819K(15104K)->14819K(15104K)
[4.052s][info][gc          ] GC(17) Pause Young (Prepare Mixed) (G1 Evacuation Pause) 116M->43M(148M) 5.150ms
[4.052s][info][gc,cpu      ] GC(17) User=0.03s Sys=0.01s Real=0.01s
[4.264s][info][gc,start    ] GC(18) Pause Young (Mixed) (G1 Evacuation Pause)
[4.264s][info][gc,task     ] GC(18) Using 4 workers of 4 for evacuation
[4.268s][info][gc,phases   ] GC(18)   Pre Evacuate Collection Set: 0.16ms
[4.268s][info][gc,phases   ] GC(18)   Merge Heap Roots: 0.10ms
[4.268s][info][gc,phases   ] GC(18)   Evacuate Collection Set: 2.52ms
[4.268s][info][gc,phases   ] GC(18)   Post Evacuate Collection Set: 0.83ms
[4.268s][info][gc,phases   ] GC(18)   Other: 0.06ms
[4.268s][info][gc,heap     ] GC(18) Eden regions: 42->0(42)
[4.268s][info][gc,heap     ] GC(18) Survivor regions: 2->2(6)
[4.268s][info][gc,heap     ] GC(18) Old regions: 20->19
[4.268s][info][gc,heap     ] GC(18) Humongous regions: 2->2
[4.268s][info][gc,metaspace] GC(18) Metaspace: 68754K(69440K)->68754K(69440K) NonClass: 53181K(53568K)->53181K(53568K) Class: 15573K(15872K)->15573K(15872K)
[4.268s][info][gc          ] GC(18) Pause Young (Mixed) (G1 Evacuation Pause) 127M->44M(148M) 3.765ms
[4.268s][info][gc,cpu      ] GC(18) User=0.01s Sys=0.00s Real=0.01s
[4.518s][info][gc,start    ] GC(19) Pause Young (Normal) (G1 Evacuation Pause)
[4.518s][info][gc,task     ] GC(19) Using 4 workers of 4 for evacuation
[4.521s][info][gc,phases   ] GC(19)   Pre Evacuate Collection Set: 0.10ms
[4.521s][info][gc,phases   ] GC(19)   Merge Heap Roots: 0.08ms
[4.521s][info][gc,phases   ] GC(19)   Evacuate Collection Set: 2.03ms
[4.521s][info][gc,phases   ] GC(19)   Post Evacuate Collection Set: 0.42ms
[4.521s][info][gc,phases   ] GC(19)   Other: 0.04ms
[4.521s][info][gc,heap     ] GC(19) Eden regions: 42->0(41)
[4.521s][info][gc,heap     ] GC(19) Survivor regions: 2->3(6)
[4.521s][info][gc,heap     ] GC(19) Old regions: 19->19
[4.521s][info][gc,heap     ] GC(19) Humongous regions: 2->2
[4.521s][info][gc,metaspace] GC(19) Metaspace: 74806K(75520K)->74806K(75520K) NonClass: 58173K(58560K)->58173K(58560K) Class: 16632K(16960K)->16632K(16960K)
[4.521s][info][gc          ] GC(19) Pause Young (Normal) (G1 Evacuation Pause) 128M->45M(148M) 2.766ms
[4.521s][info][gc,cpu      ] GC(19) User=0.01s Sys=0.00s Real=0.00s
[4.845s][info][gc,start    ] GC(20) Pause Young (Normal) (G1 Evacuation Pause)
[4.845s][info][gc,task     ] GC(20) Using 4 workers of 4 for evacuation
[4.849s][info][gc,phases   ] GC(20)   Pre Evacuate Collection Set: 0.13ms
[4.849s][info][gc,phases   ] GC(20)   Merge Heap Roots: 0.08ms
[4.849s][info][gc,phases   ] GC(20)   Evacuate Collection Set: 3.14ms
[4.849s][info][gc,phases   ] GC(20)   Post Evacuate Collection Set: 0.59ms
[4.849s][info][gc,phases   ] GC(20)   Other: 0.04ms
[4.849s][info][gc,heap     ] GC(20) Eden regions: 41->0(39)
[4.849s][info][gc,heap     ] GC(20) Survivor regions: 3->5(6)
[4.849s][info][gc,heap     ] GC(20) Old regions: 19->19
[4.849s][info][gc,heap     ] GC(20) Humongous regions: 2->2
[4.849s][info][gc,metaspace] GC(20) Metaspace: 78996K(79808K)->78996K(79808K) NonClass: 61331K(61824K)->61331K(61824K) Class: 17664K(17984K)->17664K(17984K)
[4.849s][info][gc          ] GC(20) Pause Young (Normal) (G1 Evacuation Pause) 127M->48M(148M) 4.084ms
[4.849s][info][gc,cpu      ] GC(20) User=0.01s Sys=0.00s Real=0.01s
[5.144s][info][gc,start    ] GC(21) Pause Young (Normal) (G1 Evacuation Pause)
[5.144s][info][gc,task     ] GC(21) Using 4 workers of 4 for evacuation
[5.150s][info][gc,phases   ] GC(21)   Pre Evacuate Collection Set: 0.13ms
[5.150s][info][gc,phases   ] GC(21)   Merge Heap Roots: 0.08ms
[5.150s][info][gc,phases   ] GC(21)   Evacuate Collection Set: 4.35ms
[5.150s][info][gc,phases   ] GC(21)   Post Evacuate Collection Set: 1.48ms
[5.150s][info][gc,phases   ] GC(21)   Other: 0.06ms
[5.150s][info][gc,heap     ] GC(21) Eden regions: 39->0(448)
[5.150s][info][gc,heap     ] GC(21) Survivor regions: 5->4(6)
[5.150s][info][gc,heap     ] GC(21) Old regions: 19->21
[5.150s][info][gc,heap     ] GC(21) Humongous regions: 2->2
[5.150s][info][gc,metaspace] GC(21) Metaspace: 84107K(84992K)->84107K(84992K) NonClass: 65210K(65664K)->65210K(65664K) Class: 18896K(19328K)->18896K(19328K)
[5.150s][info][gc          ] GC(21) Pause Young (Normal) (G1 Evacuation Pause) 126M->50M(1508M) 6.220ms
[5.150s][info][gc,cpu      ] GC(21) User=0.03s Sys=0.00s Real=0.01s
[46.189s][info][gc,start    ] GC(22) Pause Young (Concurrent Start) (G1 Humongous Allocation)
[46.190s][info][gc,task     ] GC(22) Using 4 workers of 4 for evacuation
[46.198s][info][gc,phases   ] GC(22)   Pre Evacuate Collection Set: 0.24ms
[46.198s][info][gc,phases   ] GC(22)   Merge Heap Roots: 0.10ms
[46.198s][info][gc,phases   ] GC(22)   Evacuate Collection Set: 6.83ms
[46.198s][info][gc,phases   ] GC(22)   Post Evacuate Collection Set: 1.63ms
[46.198s][info][gc,phases   ] GC(22)   Other: 0.07ms
[46.198s][info][gc,heap     ] GC(22) Eden regions: 236->0(445)
[46.198s][info][gc,heap     ] GC(22) Survivor regions: 4->7(57)
[46.198s][info][gc,heap     ] GC(22) Old regions: 21->21
[46.198s][info][gc,heap     ] GC(22) Humongous regions: 238->93
[46.198s][info][gc,metaspace] GC(22) Metaspace: 98720K(99776K)->98720K(99776K) NonClass: 76651K(77248K)->76651K(77248K) Class: 22068K(22528K)->22068K(22528K)
[46.199s][info][gc          ] GC(22) Pause Young (Concurrent Start) (G1 Humongous Allocation) 993M->238M(1508M) 9.058ms
[46.199s][info][gc,cpu      ] GC(22) User=0.03s Sys=0.00s Real=0.01s
[46.199s][info][gc          ] GC(23) Concurrent Undo Cycle
[46.199s][info][gc,marking  ] GC(23) Concurrent Clear Claimed Marks
[46.199s][info][gc,marking  ] GC(23) Concurrent Clear Claimed Marks 0.164ms
[46.199s][info][gc,marking  ] GC(23) Concurrent Cleanup for Next Mark
[46.200s][info][gc,marking  ] GC(23) Concurrent Cleanup for Next Mark 1.434ms
[46.200s][info][gc          ] GC(23) Concurrent Undo Cycle 1.685ms
[46.734s][info][gc,start    ] GC(24) Pause Young (Concurrent Start) (Metadata GC Threshold)
[46.734s][info][gc,task     ] GC(24) Using 4 workers of 4 for evacuation
[46.740s][info][gc,phases   ] GC(24)   Pre Evacuate Collection Set: 0.18ms
[46.740s][info][gc,phases   ] GC(24)   Merge Heap Roots: 0.06ms
[46.740s][info][gc,phases   ] GC(24)   Evacuate Collection Set: 4.32ms
[46.740s][info][gc,phases   ] GC(24)   Post Evacuate Collection Set: 0.61ms
[46.740s][info][gc,phases   ] GC(24)   Other: 0.04ms
[46.740s][info][gc,heap     ] GC(24) Eden regions: 31->0(445)
[46.740s][info][gc,heap     ] GC(24) Survivor regions: 7->7(57)
[46.740s][info][gc,heap     ] GC(24) Old regions: 21->21
[46.740s][info][gc,heap     ] GC(24) Humongous regions: 107->2
[46.740s][info][gc,metaspace] GC(24) Metaspace: 101280K(102400K)->101280K(102400K) NonClass: 78811K(79424K)->78811K(79424K) Class: 22469K(22976K)->22469K(22976K)
[46.740s][info][gc          ] GC(24) Pause Young (Concurrent Start) (Metadata GC Threshold) 327M->56M(1508M) 5.314ms
[46.740s][info][gc,cpu      ] GC(24) User=0.02s Sys=0.00s Real=0.01s
[46.740s][info][gc          ] GC(25) Concurrent Mark Cycle
[46.740s][info][gc,marking  ] GC(25) Concurrent Scan Root Regions
[46.747s][info][gc,marking  ] GC(25) Concurrent Scan Root Regions 6.892ms
[46.747s][info][gc,marking  ] GC(25) Concurrent Mark
[46.747s][info][gc,marking  ] GC(25) Concurrent Mark From Roots
[46.747s][info][gc,task     ] GC(25) Using 1 workers of 1 for marking
[46.775s][info][gc,marking  ] GC(25) Concurrent Mark From Roots 27.962ms
[46.775s][info][gc,marking  ] GC(25) Concurrent Preclean
[46.775s][info][gc,marking  ] GC(25) Concurrent Preclean 0.084ms
[46.775s][info][gc,start    ] GC(25) Pause Remark
[46.780s][info][gc          ] GC(25) Pause Remark 72M->72M(200M) 5.183ms
[46.780s][info][gc,cpu      ] GC(25) User=0.02s Sys=0.00s Real=0.01s
[46.780s][info][gc,marking  ] GC(25) Concurrent Mark 33.502ms
[46.780s][info][gc,marking  ] GC(25) Concurrent Rebuild Remembered Sets and Scrub Regions
[46.792s][info][gc,marking  ] GC(25) Concurrent Rebuild Remembered Sets and Scrub Regions 12.232ms
[46.793s][info][gc,start    ] GC(25) Pause Cleanup
[46.793s][info][gc          ] GC(25) Pause Cleanup 77M->77M(200M) 0.029ms
[46.793s][info][gc,cpu      ] GC(25) User=0.00s Sys=0.00s Real=0.00s
[46.793s][info][gc,marking  ] GC(25) Concurrent Clear Claimed Marks
[46.793s][info][gc,marking  ] GC(25) Concurrent Clear Claimed Marks 0.126ms
[46.793s][info][gc,marking  ] GC(25) Concurrent Cleanup for Next Mark
[46.793s][info][gc,marking  ] GC(25) Concurrent Cleanup for Next Mark 0.308ms
[46.794s][info][gc          ] GC(25) Concurrent Mark Cycle 53.770ms
[55.693s][info][gc,start    ] GC(26) Pause Young (Prepare Mixed) (G1 Evacuation Pause)
[55.693s][info][gc,task     ] GC(26) Using 4 workers of 4 for evacuation
[55.701s][info][gc,phases   ] GC(26)   Pre Evacuate Collection Set: 0.13ms
[55.701s][info][gc,phases   ] GC(26)   Merge Heap Roots: 0.10ms
[55.701s][info][gc,phases   ] GC(26)   Evacuate Collection Set: 7.27ms
[55.701s][info][gc,phases   ] GC(26)   Post Evacuate Collection Set: 0.74ms
[55.701s][info][gc,phases   ] GC(26)   Other: 0.05ms
[55.701s][info][gc,heap     ] GC(26) Eden regions: 53->0(55)
[55.701s][info][gc,heap     ] GC(26) Survivor regions: 7->5(8)
[55.701s][info][gc,heap     ] GC(26) Old regions: 21->24
[55.701s][info][gc,heap     ] GC(26) Humongous regions: 2->2
[55.701s][info][gc,metaspace] GC(26) Metaspace: 110207K(111424K)->110207K(111424K) NonClass: 86406K(87104K)->86406K(87104K) Class: 23801K(24320K)->23801K(24320K)
[55.701s][info][gc          ] GC(26) Pause Young (Prepare Mixed) (G1 Evacuation Pause) 162M->58M(200M) 8.406ms
[55.701s][info][gc,cpu      ] GC(26) User=0.03s Sys=0.00s Real=0.01s
