[0.002s][info][gc,init] CardTable entry size: 512
[0.002s][info][gc     ] Using G1
[0.004s][info][gc,init] Version: 25.0.4.1+1-LTS (release)
[0.004s][info][gc,init] CPUs: 12 total, 4 available
[0.004s][info][gc,init] Memory: 4096M
[0.004s][info][gc,init] Large Page Support: Disabled
[0.004s][info][gc,init] NUMA Support: Disabled
[0.004s][info][gc,init] Compressed Oops: Enabled (Zero based)
[0.004s][info][gc,init] Heap Region Size: 2M
[0.004s][info][gc,init] Heap Min Capacity: 8M
[0.004s][info][gc,init] Heap Initial Capacity: 2868M
[0.004s][info][gc,init] Heap Max Capacity: 2868M
[0.004s][info][gc,init] Pre-touch: Disabled
[0.004s][info][gc,init] Parallel Workers: 4
[0.004s][info][gc,init] Concurrent Workers: 1
[0.004s][info][gc,init] Concurrent Refinement Workers: 4
[0.004s][info][gc,init] Periodic GC: Disabled
[0.007s][info][gc,metaspace] CDS archive(s) mapped at: [0x00000fff00000000-0x00000fff00e70000-0x00000fff00e70000), size 15138816, SharedBaseAddress: 0x00000fff00000000, ArchiveRelocationMode: 1.
[0.007s][info][gc,metaspace] Compressed class space mapped at: 0x00000fff01000000-0x00000fff41000000, reserved size: 1073741824
[0.007s][info][gc,metaspace] UseCompressedClassPointers 1, UseCompactObjectHeaders 1
[0.007s][info][gc,metaspace] Narrow klass pointer bits 22, Max shift 10
[0.007s][info][gc,metaspace] Narrow klass base: 0x00000fff00000000, Narrow klass shift: 10
[0.007s][info][gc,metaspace] Encoding Range: [0x00000fff00000000 - 0x0000100000000000), (4294967296 bytes)
[0.007s][info][gc,metaspace] Klass Range:    [0x00000fff00010000 - 0x00000fff41000000), (1090453504 bytes)
[0.007s][info][gc,metaspace] Klass ID Range:  [64 - 1064960) (1064896)
[0.007s][info][gc,metaspace] Protection zone: [0x00000fff00000000 - 0x00000fff00010000), (65536 bytes)
[0.758s][info][gc,start    ] GC(0) Pause Young (Normal) (G1 Evacuation Pause)
[0.758s][info][gc,task     ] GC(0) Using 4 workers of 4 for evacuation
[0.764s][info][gc,phases   ] GC(0)   Pre Evacuate Collection Set: 0.20ms
[0.764s][info][gc,phases   ] GC(0)   Merge Heap Roots: 0.07ms
[0.764s][info][gc,phases   ] GC(0)   Evacuate Collection Set: 4.28ms
[0.764s][info][gc,phases   ] GC(0)   Post Evacuate Collection Set: 1.03ms
[0.764s][info][gc,phases   ] GC(0)   Other: 0.57ms
[0.764s][info][gc,heap     ] GC(0) Eden regions: 71->0(197)
[0.764s][info][gc,heap     ] GC(0) Survivor regions: 0->5(9)
[0.764s][info][gc,heap     ] GC(0) Old regions: 1->1
[0.764s][info][gc,heap     ] GC(0) Humongous regions: 2->2
[0.764s][info][gc,metaspace] GC(0) Metaspace: 17087K(17344K)->17087K(17344K) NonClass: 13486K(13632K)->13486K(13632K) Class: 3600K(3712K)->3600K(3712K)
[0.764s][info][gc          ] GC(0) Pause Young (Normal) (G1 Evacuation Pause) 147M->13M(2868M) 6.358ms
[0.764s][info][gc,cpu      ] GC(0) User=0.02s Sys=0.01s Real=0.01s
[1.377s][info][gc,start    ] GC(1) Pause Young (Concurrent Start) (Metadata GC Threshold)
[1.377s][info][gc,task     ] GC(1) Using 4 workers of 4 for evacuation
[1.384s][info][gc,phases   ] GC(1)   Pre Evacuate Collection Set: 0.22ms
[1.384s][info][gc,phases   ] GC(1)   Merge Heap Roots: 0.05ms
[1.384s][info][gc,phases   ] GC(1)   Evacuate Collection Set: 5.54ms
[1.384s][info][gc,phases   ] GC(1)   Post Evacuate Collection Set: 1.13ms
[1.384s][info][gc,phases   ] GC(1)   Other: 0.05ms
[1.384s][info][gc,heap     ] GC(1) Eden regions: 128->0(489)
[1.384s][info][gc,heap     ] GC(1) Survivor regions: 5->6(26)
[1.384s][info][gc,heap     ] GC(1) Old regions: 1->1
[1.384s][info][gc,heap     ] GC(1) Humongous regions: 2->2
[1.384s][info][gc,metaspace] GC(1) Metaspace: 21194K(21504K)->21194K(21504K) NonClass: 16556K(16704K)->16556K(16704K) Class: 4637K(4800K)->4637K(4800K)
[1.384s][info][gc          ] GC(1) Pause Young (Concurrent Start) (Metadata GC Threshold) 269M->16M(2868M) 7.101ms
[1.384s][info][gc,cpu      ] GC(1) User=0.02s Sys=0.00s Real=0.01s
[1.384s][info][gc          ] GC(2) Concurrent Mark Cycle
[1.385s][info][gc,marking  ] GC(2) Concurrent Scan Root Regions
[1.388s][info][gc,marking  ] GC(2) Concurrent Scan Root Regions 3.881ms
[1.388s][info][gc,marking  ] GC(2) Concurrent Mark
[1.388s][info][gc,marking  ] GC(2) Concurrent Mark From Roots
[1.388s][info][gc,task     ] GC(2) Using 1 workers of 1 for marking
[1.391s][info][gc,marking  ] GC(2) Concurrent Mark From Roots 2.837ms
[1.391s][info][gc,marking  ] GC(2) Concurrent Preclean
[1.391s][info][gc,marking  ] GC(2) Concurrent Preclean 0.013ms
[1.392s][info][gc,start    ] GC(2) Pause Remark
[1.395s][info][gc          ] GC(2) Pause Remark 18M->18M(60M) 3.037ms
[1.395s][info][gc,cpu      ] GC(2) User=0.01s Sys=0.00s Real=0.01s
[1.395s][info][gc,marking  ] GC(2) Concurrent Mark 6.710ms
[1.395s][info][gc,marking  ] GC(2) Concurrent Rebuild Remembered Sets and Scrub Regions
[1.396s][info][gc,marking  ] GC(2) Concurrent Rebuild Remembered Sets and Scrub Regions 0.887ms
[1.396s][info][gc,start    ] GC(2) Pause Cleanup
[1.396s][info][gc          ] GC(2) Pause Cleanup 18M->18M(60M) 0.026ms
[1.396s][info][gc,cpu      ] GC(2) User=0.00s Sys=0.00s Real=0.00s
[1.396s][info][gc,marking  ] GC(2) Concurrent Clear Claimed Marks
[1.396s][info][gc,marking  ] GC(2) Concurrent Clear Claimed Marks 0.033ms
[1.396s][info][gc,marking  ] GC(2) Concurrent Cleanup for Next Mark
[1.397s][info][gc,marking  ] GC(2) Concurrent Cleanup for Next Mark 0.402ms
[1.397s][info][gc          ] GC(2) Concurrent Mark Cycle 12.128ms
[1.607s][info][gc,start    ] GC(3) Pause Young (Prepare Mixed) (G1 Evacuation Pause)
[1.607s][info][gc,task     ] GC(3) Using 3 workers of 4 for evacuation
[1.614s][info][gc,phases   ] GC(3)   Pre Evacuate Collection Set: 0.16ms
[1.614s][info][gc,phases   ] GC(3)   Merge Heap Roots: 0.09ms
[1.614s][info][gc,phases   ] GC(3)   Evacuate Collection Set: 5.70ms
[1.614s][info][gc,phases   ] GC(3)   Post Evacuate Collection Set: 0.94ms
[1.614s][info][gc,phases   ] GC(3)   Other: 0.03ms
[1.614s][info][gc,heap     ] GC(3) Eden regions: 21->0(15)
[1.614s][info][gc,heap     ] GC(3) Survivor regions: 6->7(62)
[1.614s][info][gc,heap     ] GC(3) Old regions: 1->1
[1.614s][info][gc,heap     ] GC(3) Humongous regions: 2->2
[1.614s][info][gc,metaspace] GC(3) Metaspace: 22287K(22656K)->22287K(22656K) NonClass: 17489K(17728K)->17489K(17728K) Class: 4798K(4928K)->4798K(4928K)
[1.614s][info][gc          ] GC(3) Pause Young (Prepare Mixed) (G1 Evacuation Pause) 58M->19M(74M) 7.022ms
[1.614s][info][gc,cpu      ] GC(3) User=0.02s Sys=0.00s Real=0.01s
[1.653s][info][gc,start    ] GC(4) Pause Young (Mixed) (G1 Evacuation Pause)
[1.653s][info][gc,task     ] GC(4) Using 2 workers of 4 for evacuation
[1.663s][info][gc,phases   ] GC(4)   Pre Evacuate Collection Set: 0.10ms
[1.663s][info][gc,phases   ] GC(4)   Merge Heap Roots: 0.04ms
[1.663s][info][gc,phases   ] GC(4)   Evacuate Collection Set: 8.81ms
[1.663s][info][gc,phases   ] GC(4)   Post Evacuate Collection Set: 0.66ms
[1.663s][info][gc,phases   ] GC(4)   Other: 0.04ms
[1.663s][info][gc,heap     ] GC(4) Eden regions: 15->0(17)
[1.663s][info][gc,heap     ] GC(4) Survivor regions: 7->3(3)
[1.663s][info][gc,heap     ] GC(4) Old regions: 1->6
[1.663s][info][gc,heap     ] GC(4) Humongous regions: 2->2
[1.663s][info][gc,metaspace] GC(4) Metaspace: 22373K(22720K)->22373K(22720K) NonClass: 17543K(17728K)->17543K(17728K) Class: 4829K(4992K)->4829K(4992K)
[1.663s][info][gc          ] GC(4) Pause Young (Mixed) (G1 Evacuation Pause) 49M->20M(74M) 9.744ms
[1.663s][info][gc,cpu      ] GC(4) User=0.02s Sys=0.00s Real=0.00s
[1.779s][info][gc,start    ] GC(5) Pause Young (Normal) (G1 Evacuation Pause)
[1.779s][info][gc,task     ] GC(5) Using 2 workers of 4 for evacuation
[1.782s][info][gc,phases   ] GC(5)   Pre Evacuate Collection Set: 0.16ms
[1.782s][info][gc,phases   ] GC(5)   Merge Heap Roots: 0.08ms
[1.782s][info][gc,phases   ] GC(5)   Evacuate Collection Set: 1.94ms
[1.782s][info][gc,phases   ] GC(5)   Post Evacuate Collection Set: 0.47ms
[1.782s][info][gc,phases   ] GC(5)   Other: 0.04ms
[1.782s][info][gc,heap     ] GC(5) Eden regions: 17->0(18)
[1.782s][info][gc,heap     ] GC(5) Survivor regions: 3->1(3)
[1.782s][info][gc,heap     ] GC(5) Old regions: 6->8
[1.782s][info][gc,heap     ] GC(5) Humongous regions: 2->2
[1.782s][info][gc,metaspace] GC(5) Metaspace: 24255K(24640K)->24255K(24640K) NonClass: 19002K(19200K)->19002K(19200K) Class: 5252K(5440K)->5252K(5440K)
[1.782s][info][gc          ] GC(5) Pause Young (Normal) (G1 Evacuation Pause) 54M->20M(74M) 2.826ms
[1.782s][info][gc,cpu      ] GC(5) User=0.01s Sys=0.00s Real=0.00s
[1.882s][info][gc,start    ] GC(6) Pause Young (Normal) (G1 Evacuation Pause)
[1.882s][info][gc,task     ] GC(6) Using 2 workers of 4 for evacuation
[1.885s][info][gc,phases   ] GC(6)   Pre Evacuate Collection Set: 0.16ms
[1.885s][info][gc,phases   ] GC(6)   Merge Heap Roots: 0.06ms
[1.885s][info][gc,phases   ] GC(6)   Evacuate Collection Set: 1.62ms
[1.885s][info][gc,phases   ] GC(6)   Post Evacuate Collection Set: 0.39ms
[1.885s][info][gc,phases   ] GC(6)   Other: 0.05ms
[1.885s][info][gc,heap     ] GC(6) Eden regions: 18->0(18)
[1.885s][info][gc,heap     ] GC(6) Survivor regions: 1->2(3)
[1.885s][info][gc,heap     ] GC(6) Old regions: 8->8
[1.885s][info][gc,heap     ] GC(6) Humongous regions: 2->2
[1.885s][info][gc,metaspace] GC(6) Metaspace: 25871K(26240K)->25871K(26240K) NonClass: 20268K(20480K)->20268K(20480K) Class: 5603K(5760K)->5603K(5760K)
[1.885s][info][gc          ] GC(6) Pause Young (Normal) (G1 Evacuation Pause) 56M->21M(74M) 2.396ms
[1.885s][info][gc,cpu      ] GC(6) User=0.00s Sys=0.00s Real=0.01s
[2.012s][info][gc,start    ] GC(7) Pause Young (Normal) (G1 Evacuation Pause)
[2.012s][info][gc,task     ] GC(7) Using 2 workers of 4 for evacuation
[2.016s][info][gc,phases   ] GC(7)   Pre Evacuate Collection Set: 0.17ms
[2.016s][info][gc,phases   ] GC(7)   Merge Heap Roots: 0.08ms
[2.016s][info][gc,phases   ] GC(7)   Evacuate Collection Set: 2.14ms
[2.016s][info][gc,phases   ] GC(7)   Post Evacuate Collection Set: 1.14ms
[2.016s][info][gc,phases   ] GC(7)   Other: 0.04ms
[2.016s][info][gc,heap     ] GC(7) Eden regions: 18->0(439)
[2.016s][info][gc,heap     ] GC(7) Survivor regions: 2->2(3)
[2.016s][info][gc,heap     ] GC(7) Old regions: 8->8
[2.016s][info][gc,heap     ] GC(7) Humongous regions: 2->2
[2.016s][info][gc,metaspace] GC(7) Metaspace: 28634K(28992K)->28634K(28992K) NonClass: 22334K(22528K)->22334K(22528K) Class: 6299K(6464K)->6299K(6464K)
[2.016s][info][gc          ] GC(7) Pause Young (Normal) (G1 Evacuation Pause) 57M->21M(1472M) 3.732ms
[2.016s][info][gc,cpu      ] GC(7) User=0.01s Sys=0.00s Real=0.01s
[2.248s][info][gc,start    ] GC(8) Pause Young (Concurrent Start) (Metadata GC Threshold)
[2.248s][info][gc,task     ] GC(8) Using 4 workers of 4 for evacuation
[2.250s][info][gc,phases   ] GC(8)   Pre Evacuate Collection Set: 0.20ms
[2.250s][info][gc,phases   ] GC(8)   Merge Heap Roots: 0.06ms
[2.250s][info][gc,phases   ] GC(8)   Evacuate Collection Set: 1.83ms
[2.250s][info][gc,phases   ] GC(8)   Post Evacuate Collection Set: 0.65ms
[2.250s][info][gc,phases   ] GC(8)   Other: 0.07ms
[2.250s][info][gc,heap     ] GC(8) Eden regions: 37->0(438)
[2.250s][info][gc,heap     ] GC(8) Survivor regions: 2->3(56)
[2.250s][info][gc,heap     ] GC(8) Old regions: 8->8
[2.250s][info][gc,heap     ] GC(8) Humongous regions: 2->2
[2.250s][info][gc,metaspace] GC(8) Metaspace: 35530K(35968K)->35530K(35968K) NonClass: 27726K(27968K)->27726K(27968K) Class: 7803K(8000K)->7803K(8000K)
[2.250s][info][gc          ] GC(8) Pause Young (Concurrent Start) (Metadata GC Threshold) 95M->24M(1472M) 2.909ms
[2.250s][info][gc,cpu      ] GC(8) User=0.01s Sys=0.00s Real=0.00s
[2.250s][info][gc          ] GC(9) Concurrent Mark Cycle
[2.251s][info][gc,marking  ] GC(9) Concurrent Scan Root Regions
[2.256s][info][gc,marking  ] GC(9) Concurrent Scan Root Regions 5.211ms
[2.256s][info][gc,marking  ] GC(9) Concurrent Mark
[2.256s][info][gc,marking  ] GC(9) Concurrent Mark From Roots
[2.256s][info][gc,task     ] GC(9) Using 1 workers of 1 for marking
[2.273s][info][gc,marking  ] GC(9) Concurrent Mark From Roots 16.825ms
[2.273s][info][gc,marking  ] GC(9) Concurrent Preclean
[2.273s][info][gc,marking  ] GC(9) Concurrent Preclean 0.045ms
[2.274s][info][gc,start    ] GC(9) Pause Remark
[2.279s][info][gc          ] GC(9) Pause Remark 32M->32M(88M) 4.566ms
[2.279s][info][gc,cpu      ] GC(9) User=0.01s Sys=0.00s Real=0.00s
[2.279s][info][gc,marking  ] GC(9) Concurrent Mark 23.017ms
[2.279s][info][gc,marking  ] GC(9) Concurrent Rebuild Remembered Sets and Scrub Regions
[2.283s][info][gc,marking  ] GC(9) Concurrent Rebuild Remembered Sets and Scrub Regions 4.550ms
[2.284s][info][gc,start    ] GC(9) Pause Cleanup
[2.284s][info][gc          ] GC(9) Pause Cleanup 33M->33M(88M) 0.056ms
[2.284s][info][gc,cpu      ] GC(9) User=0.00s Sys=0.00s Real=0.00s
[2.285s][info][gc,marking  ] GC(9) Concurrent Clear Claimed Marks
[2.285s][info][gc,marking  ] GC(9) Concurrent Clear Claimed Marks 0.074ms
[2.285s][info][gc,marking  ] GC(9) Concurrent Cleanup for Next Mark
[2.285s][info][gc,marking  ] GC(9) Concurrent Cleanup for Next Mark 0.206ms
[2.285s][info][gc          ] GC(9) Concurrent Mark Cycle 34.831ms
[2.411s][info][gc,start    ] GC(10) Pause Young (Prepare Mixed) (G1 Evacuation Pause)
[2.411s][info][gc,task     ] GC(10) Using 4 workers of 4 for evacuation
[2.415s][info][gc,phases   ] GC(10)   Pre Evacuate Collection Set: 0.16ms
[2.415s][info][gc,phases   ] GC(10)   Merge Heap Roots: 0.07ms
[2.415s][info][gc,phases   ] GC(10)   Evacuate Collection Set: 2.76ms
[2.415s][info][gc,phases   ] GC(10)   Post Evacuate Collection Set: 0.58ms
[2.415s][info][gc,phases   ] GC(10)   Other: 0.04ms
[2.415s][info][gc,heap     ] GC(10) Eden regions: 31->0(24)
[2.415s][info][gc,heap     ] GC(10) Survivor regions: 3->4(56)
[2.415s][info][gc,heap     ] GC(10) Old regions: 8->8
[2.415s][info][gc,heap     ] GC(10) Humongous regions: 2->2
[2.415s][info][gc,metaspace] GC(10) Metaspace: 39733K(40192K)->39733K(40192K) NonClass: 31017K(31232K)->31017K(31232K) Class: 8716K(8960K)->8716K(8960K)
[2.415s][info][gc          ] GC(10) Pause Young (Prepare Mixed) (G1 Evacuation Pause) 86M->25M(96M) 3.723ms
[2.415s][info][gc,cpu      ] GC(10) User=0.01s Sys=0.00s Real=0.01s
[2.517s][info][gc,start    ] GC(11) Pause Young (Mixed) (G1 Evacuation Pause)
[2.517s][info][gc,task     ] GC(11) Using 4 workers of 4 for evacuation
[2.521s][info][gc,phases   ] GC(11)   Pre Evacuate Collection Set: 0.13ms
[2.521s][info][gc,phases   ] GC(11)   Merge Heap Roots: 0.07ms
[2.521s][info][gc,phases   ] GC(11)   Evacuate Collection Set: 3.34ms
[2.521s][info][gc,phases   ] GC(11)   Post Evacuate Collection Set: 0.61ms
[2.521s][info][gc,phases   ] GC(11)   Other: 0.04ms
[2.521s][info][gc,heap     ] GC(11) Eden regions: 24->0(24)
[2.521s][info][gc,heap     ] GC(11) Survivor regions: 4->4(4)
[2.521s][info][gc,heap     ] GC(11) Old regions: 8->9
[2.521s][info][gc,heap     ] GC(11) Humongous regions: 2->2
[2.521s][info][gc,metaspace] GC(11) Metaspace: 41962K(42432K)->41962K(42432K) NonClass: 32542K(32768K)->32542K(32768K) Class: 9419K(9664K)->9419K(9664K)
[2.521s][info][gc          ] GC(11) Pause Young (Mixed) (G1 Evacuation Pause) 73M->26M(96M) 4.294ms
[2.521s][info][gc,cpu      ] GC(11) User=0.01s Sys=0.00s Real=0.00s
[2.622s][info][gc,start    ] GC(12) Pause Young (Normal) (G1 Evacuation Pause)
[2.622s][info][gc,task     ] GC(12) Using 3 workers of 4 for evacuation
[2.625s][info][gc,phases   ] GC(12)   Pre Evacuate Collection Set: 0.11ms
[2.625s][info][gc,phases   ] GC(12)   Merge Heap Roots: 0.06ms
[2.625s][info][gc,phases   ] GC(12)   Evacuate Collection Set: 2.90ms
[2.625s][info][gc,phases   ] GC(12)   Post Evacuate Collection Set: 0.42ms
[2.625s][info][gc,phases   ] GC(12)   Other: 0.04ms
[2.625s][info][gc,heap     ] GC(12) Eden regions: 24->0(24)
[2.625s][info][gc,heap     ] GC(12) Survivor regions: 4->4(4)
[2.625s][info][gc,heap     ] GC(12) Old regions: 9->10
[2.625s][info][gc,heap     ] GC(12) Humongous regions: 2->2
[2.625s][info][gc,metaspace] GC(12) Metaspace: 43688K(44160K)->43688K(44160K) NonClass: 33908K(34176K)->33908K(34176K) Class: 9780K(9984K)->9780K(9984K)
[2.625s][info][gc          ] GC(12) Pause Young (Normal) (G1 Evacuation Pause) 74M->29M(96M) 3.623ms
[2.625s][info][gc,cpu      ] GC(12) User=0.01s Sys=0.00s Real=0.01s
[2.745s][info][gc,start    ] GC(13) Pause Young (Normal) (G1 Evacuation Pause)
[2.745s][info][gc,task     ] GC(13) Using 2 workers of 4 for evacuation
[2.751s][info][gc,phases   ] GC(13)   Pre Evacuate Collection Set: 0.15ms
[2.751s][info][gc,phases   ] GC(13)   Merge Heap Roots: 0.07ms
[2.751s][info][gc,phases   ] GC(13)   Evacuate Collection Set: 4.90ms
[2.751s][info][gc,phases   ] GC(13)   Post Evacuate Collection Set: 0.36ms
[2.751s][info][gc,phases   ] GC(13)   Other: 0.06ms
[2.751s][info][gc,heap     ] GC(13) Eden regions: 24->0(25)
[2.751s][info][gc,heap     ] GC(13) Survivor regions: 4->3(4)
[2.751s][info][gc,heap     ] GC(13) Old regions: 10->12
[2.751s][info][gc,heap     ] GC(13) Humongous regions: 2->2
[2.751s][info][gc,metaspace] GC(13) Metaspace: 44844K(45312K)->44844K(45312K) NonClass: 34841K(35136K)->34841K(35136K) Class: 10002K(10176K)->10002K(10176K)
[2.751s][info][gc          ] GC(13) Pause Young (Normal) (G1 Evacuation Pause) 77M->32M(96M) 5.658ms
[2.751s][info][gc,cpu      ] GC(13) User=0.01s Sys=0.00s Real=0.00s
[2.903s][info][gc,start    ] GC(14) Pause Young (Normal) (G1 Evacuation Pause)
[2.903s][info][gc,task     ] GC(14) Using 2 workers of 4 for evacuation
[2.908s][info][gc,phases   ] GC(14)   Pre Evacuate Collection Set: 0.12ms
[2.908s][info][gc,phases   ] GC(14)   Merge Heap Roots: 0.05ms
[2.908s][info][gc,phases   ] GC(14)   Evacuate Collection Set: 3.63ms
[2.908s][info][gc,phases   ] GC(14)   Post Evacuate Collection Set: 0.90ms
[2.908s][info][gc,phases   ] GC(14)   Other: 0.04ms
[2.908s][info][gc,heap     ] GC(14) Eden regions: 25->0(441)
[2.908s][info][gc,heap     ] GC(14) Survivor regions: 3->3(4)
[2.908s][info][gc,heap     ] GC(14) Old regions: 12->14
[2.908s][info][gc,heap     ] GC(14) Humongous regions: 2->2
[2.908s][info][gc,metaspace] GC(14) Metaspace: 46778K(47232K)->46778K(47232K) NonClass: 36348K(36608K)->36348K(36608K) Class: 10429K(10624K)->10429K(10624K)
[2.908s][info][gc          ] GC(14) Pause Young (Normal) (G1 Evacuation Pause) 82M->34M(1482M) 4.847ms
[2.908s][info][gc,cpu      ] GC(14) User=0.01s Sys=0.01s Real=0.01s
[3.816s][info][gc,start    ] GC(15) Pause Young (Concurrent Start) (Metadata GC Threshold)
[3.816s][info][gc,task     ] GC(15) Using 4 workers of 4 for evacuation
[3.823s][info][gc,phases   ] GC(15)   Pre Evacuate Collection Set: 0.15ms
[3.823s][info][gc,phases   ] GC(15)   Merge Heap Roots: 0.05ms
[3.823s][info][gc,phases   ] GC(15)   Evacuate Collection Set: 5.72ms
[3.823s][info][gc,phases   ] GC(15)   Post Evacuate Collection Set: 1.05ms
[3.823s][info][gc,phases   ] GC(15)   Other: 0.05ms
[3.823s][info][gc,heap     ] GC(15) Eden regions: 140->0(438)
[3.823s][info][gc,heap     ] GC(15) Survivor regions: 3->6(56)
[3.823s][info][gc,heap     ] GC(15) Old regions: 14->14
[3.823s][info][gc,heap     ] GC(15) Humongous regions: 2->2
[3.823s][info][gc,metaspace] GC(15) Metaspace: 60402K(60928K)->60402K(60928K) NonClass: 46747K(47040K)->46747K(47040K) Class: 13654K(13888K)->13654K(13888K)
[3.823s][info][gc          ] GC(15) Pause Young (Concurrent Start) (Metadata GC Threshold) 313M->40M(1482M) 7.116ms
[3.823s][info][gc,cpu      ] GC(15) User=0.03s Sys=0.00s Real=0.01s
[3.823s][info][gc          ] GC(16) Concurrent Mark Cycle
[3.823s][info][gc,marking  ] GC(16) Concurrent Scan Root Regions
[3.829s][info][gc,marking  ] GC(16) Concurrent Scan Root Regions 5.606ms
[3.829s][info][gc,marking  ] GC(16) Concurrent Mark
[3.829s][info][gc,marking  ] GC(16) Concurrent Mark From Roots
[3.829s][info][gc,task     ] GC(16) Using 1 workers of 1 for marking
[3.847s][info][gc,marking  ] GC(16) Concurrent Mark From Roots 18.680ms
[3.847s][info][gc,marking  ] GC(16) Concurrent Preclean
[3.847s][info][gc,marking  ] GC(16) Concurrent Preclean 0.133ms
[3.848s][info][gc,start    ] GC(16) Pause Remark
[3.852s][info][gc          ] GC(16) Pause Remark 48M->48M(148M) 4.425ms
[3.852s][info][gc,cpu      ] GC(16) User=0.02s Sys=0.00s Real=0.00s
[3.852s][info][gc,marking  ] GC(16) Concurrent Mark 23.853ms
[3.852s][info][gc,marking  ] GC(16) Concurrent Rebuild Remembered Sets and Scrub Regions
[3.862s][info][gc,marking  ] GC(16) Concurrent Rebuild Remembered Sets and Scrub Regions 9.138ms
[3.862s][info][gc,start    ] GC(16) Pause Cleanup
[3.862s][info][gc          ] GC(16) Pause Cleanup 50M->50M(148M) 0.037ms
[3.862s][info][gc,cpu      ] GC(16) User=0.00s Sys=0.00s Real=0.00s
[3.862s][info][gc,marking  ] GC(16) Concurrent Clear Claimed Marks
[3.862s][info][gc,marking  ] GC(16) Concurrent Clear Claimed Marks 0.089ms
[3.862s][info][gc,marking  ] GC(16) Concurrent Cleanup for Next Mark
[3.862s][info][gc,marking  ] GC(16) Concurrent Cleanup for Next Mark 0.332ms
[3.862s][info][gc          ] GC(16) Concurrent Mark Cycle 39.449ms
[4.066s][info][gc,start    ] GC(17) Pause Young (Prepare Mixed) (G1 Evacuation Pause)
[4.066s][info][gc,task     ] GC(17) Using 4 workers of 4 for evacuation
[4.070s][info][gc,phases   ] GC(17)   Pre Evacuate Collection Set: 0.07ms
[4.070s][info][gc,phases   ] GC(17)   Merge Heap Roots: 0.05ms
[4.070s][info][gc,phases   ] GC(17)   Evacuate Collection Set: 3.96ms
[4.070s][info][gc,phases   ] GC(17)   Post Evacuate Collection Set: 0.54ms
[4.070s][info][gc,phases   ] GC(17)   Other: 0.04ms
[4.070s][info][gc,heap     ] GC(17) Eden regions: 38->0(42)
[4.070s][info][gc,heap     ] GC(17) Survivor regions: 6->2(6)
[4.070s][info][gc,heap     ] GC(17) Old regions: 14->19
[4.070s][info][gc,heap     ] GC(17) Humongous regions: 2->2
[4.070s][info][gc,metaspace] GC(17) Metaspace: 65010K(65664K)->65010K(65664K) NonClass: 50195K(50560K)->50195K(50560K) Class: 14814K(15104K)->14814K(15104K)
[4.070s][info][gc          ] GC(17) Pause Young (Prepare Mixed) (G1 Evacuation Pause) 116M->42M(148M) 4.773ms
[4.070s][info][gc,cpu      ] GC(17) User=0.02s Sys=0.01s Real=0.00s
[4.306s][info][gc,start    ] GC(18) Pause Young (Mixed) (G1 Evacuation Pause)
[4.306s][info][gc,task     ] GC(18) Using 4 workers of 4 for evacuation
[4.310s][info][gc,phases   ] GC(18)   Pre Evacuate Collection Set: 0.18ms
[4.310s][info][gc,phases   ] GC(18)   Merge Heap Roots: 0.11ms
[4.310s][info][gc,phases   ] GC(18)   Evacuate Collection Set: 2.61ms
[4.310s][info][gc,phases   ] GC(18)   Post Evacuate Collection Set: 1.13ms
[4.310s][info][gc,phases   ] GC(18)   Other: 0.05ms
[4.310s][info][gc,heap     ] GC(18) Eden regions: 42->0(41)
[4.310s][info][gc,heap     ] GC(18) Survivor regions: 2->3(6)
[4.310s][info][gc,heap     ] GC(18) Old regions: 19->19
[4.310s][info][gc,heap     ] GC(18) Humongous regions: 2->2
[4.310s][info][gc,metaspace] GC(18) Metaspace: 69679K(70272K)->69679K(70272K) NonClass: 53945K(54272K)->53945K(54272K) Class: 15733K(16000K)->15733K(16000K)
[4.310s][info][gc          ] GC(18) Pause Young (Mixed) (G1 Evacuation Pause) 126M->44M(148M) 4.201ms
[4.310s][info][gc,cpu      ] GC(18) User=0.02s Sys=0.00s Real=0.00s
[4.609s][info][gc,start    ] GC(19) Pause Young (Normal) (G1 Evacuation Pause)
[4.609s][info][gc,task     ] GC(19) Using 4 workers of 4 for evacuation
[4.614s][info][gc,phases   ] GC(19)   Pre Evacuate Collection Set: 0.15ms
[4.614s][info][gc,phases   ] GC(19)   Merge Heap Roots: 0.08ms
[4.614s][info][gc,phases   ] GC(19)   Evacuate Collection Set: 3.13ms
[4.614s][info][gc,phases   ] GC(19)   Post Evacuate Collection Set: 0.87ms
[4.614s][info][gc,phases   ] GC(19)   Other: 0.07ms
[4.614s][info][gc,heap     ] GC(19) Eden regions: 41->0(41)
[4.614s][info][gc,heap     ] GC(19) Survivor regions: 3->3(6)
[4.614s][info][gc,heap     ] GC(19) Old regions: 19->19
[4.614s][info][gc,heap     ] GC(19) Humongous regions: 2->2
[4.614s][info][gc,metaspace] GC(19) Metaspace: 74369K(75072K)->74369K(75072K) NonClass: 57863K(58240K)->57863K(58240K) Class: 16505K(16832K)->16505K(16832K)
[4.614s][info][gc          ] GC(19) Pause Young (Normal) (G1 Evacuation Pause) 126M->45M(148M) 4.524ms
[4.614s][info][gc,cpu      ] GC(19) User=0.02s Sys=0.00s Real=0.01s
[5.053s][info][gc,start    ] GC(20) Pause Young (Normal) (G1 Evacuation Pause)
[5.053s][info][gc,task     ] GC(20) Using 4 workers of 4 for evacuation
[5.057s][info][gc,phases   ] GC(20)   Pre Evacuate Collection Set: 0.09ms
[5.057s][info][gc,phases   ] GC(20)   Merge Heap Roots: 0.07ms
[5.057s][info][gc,phases   ] GC(20)   Evacuate Collection Set: 3.43ms
[5.057s][info][gc,phases   ] GC(20)   Post Evacuate Collection Set: 0.59ms
[5.057s][info][gc,phases   ] GC(20)   Other: 0.05ms
[5.057s][info][gc,heap     ] GC(20) Eden regions: 41->0(39)
[5.057s][info][gc,heap     ] GC(20) Survivor regions: 3->5(6)
[5.057s][info][gc,heap     ] GC(20) Old regions: 19->19
[5.057s][info][gc,heap     ] GC(20) Humongous regions: 2->2
[5.057s][info][gc,metaspace] GC(20) Metaspace: 78781K(79488K)->78781K(79488K) NonClass: 61166K(61568K)->61166K(61568K) Class: 17615K(17920K)->17615K(17920K)
[5.057s][info][gc          ] GC(20) Pause Young (Normal) (G1 Evacuation Pause) 127M->48M(148M) 4.348ms
[5.057s][info][gc,cpu      ] GC(20) User=0.02s Sys=0.00s Real=0.00s
[6.271s][info][gc,start    ] GC(21) Pause Young (Normal) (G1 Evacuation Pause)
[6.271s][info][gc,task     ] GC(21) Using 4 workers of 4 for evacuation
[6.276s][info][gc,phases   ] GC(21)   Pre Evacuate Collection Set: 0.10ms
[6.276s][info][gc,phases   ] GC(21)   Merge Heap Roots: 0.05ms
[6.276s][info][gc,phases   ] GC(21)   Evacuate Collection Set: 3.81ms
[6.276s][info][gc,phases   ] GC(21)   Post Evacuate Collection Set: 0.52ms
[6.276s][info][gc,phases   ] GC(21)   Other: 0.05ms
[6.276s][info][gc,heap     ] GC(21) Eden regions: 39->0(40)
[6.276s][info][gc,heap     ] GC(21) Survivor regions: 5->4(6)
[6.276s][info][gc,heap     ] GC(21) Old regions: 19->21
[6.276s][info][gc,heap     ] GC(21) Humongous regions: 2->2
[6.276s][info][gc,metaspace] GC(21) Metaspace: 83838K(84672K)->83838K(84672K) NonClass: 65008K(65472K)->65008K(65472K) Class: 18829K(19200K)->18829K(19200K)
[6.276s][info][gc          ] GC(21) Pause Young (Normal) (G1 Evacuation Pause) 126M->50M(148M) 4.630ms
[6.276s][info][gc,cpu      ] GC(21) User=0.02s Sys=0.00s Real=0.01s
[15.410s][info][gc,start    ] GC(22) Pause Young (Normal) (G1 Evacuation Pause)
[15.410s][info][gc,task     ] GC(22) Using 4 workers of 4 for evacuation
[15.417s][info][gc,phases   ] GC(22)   Pre Evacuate Collection Set: 0.06ms
[15.417s][info][gc,phases   ] GC(22)   Merge Heap Roots: 0.11ms
[15.417s][info][gc,phases   ] GC(22)   Evacuate Collection Set: 5.42ms
[15.417s][info][gc,phases   ] GC(22)   Post Evacuate Collection Set: 0.80ms
[15.417s][info][gc,phases   ] GC(22)   Other: 0.06ms
[15.417s][info][gc,heap     ] GC(22) Eden regions: 40->0(40)
[15.417s][info][gc,heap     ] GC(22) Survivor regions: 4->4(6)
[15.417s][info][gc,heap     ] GC(22) Old regions: 21->21
[15.417s][info][gc,heap     ] GC(22) Humongous regions: 2->2
[15.417s][info][gc,metaspace] GC(22) Metaspace: 88945K(89856K)->88945K(89856K) NonClass: 68862K(69376K)->68862K(69376K) Class: 20083K(20480K)->20083K(20480K)
[15.417s][info][gc          ] GC(22) Pause Young (Normal) (G1 Evacuation Pause) 130M->51M(148M) 6.615ms
[15.417s][info][gc,cpu      ] GC(22) User=0.03s Sys=0.00s Real=0.01s
[15.597s][info][gc,start    ] GC(23) Pause Young (Normal) (G1 Evacuation Pause)
[15.597s][info][gc,task     ] GC(23) Using 4 workers of 4 for evacuation
[15.602s][info][gc,phases   ] GC(23)   Pre Evacuate Collection Set: 0.12ms
[15.602s][info][gc,phases   ] GC(23)   Merge Heap Roots: 0.12ms
[15.602s][info][gc,phases   ] GC(23)   Evacuate Collection Set: 3.90ms
[15.602s][info][gc,phases   ] GC(23)   Post Evacuate Collection Set: 0.77ms
[15.602s][info][gc,phases   ] GC(23)   Other: 0.08ms
[15.602s][info][gc,heap     ] GC(23) Eden regions: 40->0(41)
[15.602s][info][gc,heap     ] GC(23) Survivor regions: 4->3(6)
[15.602s][info][gc,heap     ] GC(23) Old regions: 21->23
[15.602s][info][gc,heap     ] GC(23) Humongous regions: 2->2
[15.602s][info][gc,metaspace] GC(23) Metaspace: 89714K(90624K)->89714K(90624K) NonClass: 69450K(69952K)->69450K(69952K) Class: 20263K(20672K)->20263K(20672K)
[15.602s][info][gc          ] GC(23) Pause Young (Normal) (G1 Evacuation Pause) 131M->52M(148M) 5.212ms
[15.602s][info][gc,cpu      ] GC(23) User=0.02s Sys=0.00s Real=0.00s
[15.794s][info][gc,start    ] GC(24) Pause Young (Concurrent Start) (G1 Evacuation Pause)
[15.794s][info][gc,task     ] GC(24) Using 4 workers of 4 for evacuation
[15.798s][info][gc,phases   ] GC(24)   Pre Evacuate Collection Set: 0.12ms
[15.798s][info][gc,phases   ] GC(24)   Merge Heap Roots: 0.08ms
[15.798s][info][gc,phases   ] GC(24)   Evacuate Collection Set: 2.64ms
[15.798s][info][gc,phases   ] GC(24)   Post Evacuate Collection Set: 0.96ms
[15.798s][info][gc,phases   ] GC(24)   Other: 0.05ms
[15.798s][info][gc,heap     ] GC(24) Eden regions: 41->0(448)
[15.798s][info][gc,heap     ] GC(24) Survivor regions: 3->4(6)
[15.798s][info][gc,heap     ] GC(24) Old regions: 23->23
[15.798s][info][gc,heap     ] GC(24) Humongous regions: 2->2
[15.798s][info][gc,metaspace] GC(24) Metaspace: 93047K(93888K)->93047K(93888K) NonClass: 72012K(72512K)->72012K(72512K) Class: 21035K(21376K)->21035K(21376K)
[15.798s][info][gc          ] GC(24) Pause Young (Concurrent Start) (G1 Evacuation Pause) 134M->53M(1508M) 3.947ms
[15.798s][info][gc          ] GC(25) Concurrent Mark Cycle
[15.798s][info][gc,marking  ] GC(25) Concurrent Scan Root Regions
[15.798s][info][gc,cpu      ] GC(24) User=0.02s Sys=0.00s Real=0.00s
[15.802s][info][gc,marking  ] GC(25) Concurrent Scan Root Regions 4.040ms
[15.802s][info][gc,marking  ] GC(25) Concurrent Mark
[15.802s][info][gc,marking  ] GC(25) Concurrent Mark From Roots
[15.802s][info][gc,task     ] GC(25) Using 1 workers of 1 for marking
[15.834s][info][gc,marking  ] GC(25) Concurrent Mark From Roots 32.302ms
[15.834s][info][gc,marking  ] GC(25) Concurrent Preclean
[15.835s][info][gc,marking  ] GC(25) Concurrent Preclean 0.268ms
[15.835s][info][gc,start    ] GC(25) Pause Remark
[15.840s][info][gc          ] GC(25) Pause Remark 66M->66M(194M) 4.869ms
[15.840s][info][gc,cpu      ] GC(25) User=0.01s Sys=0.00s Real=0.00s
[15.840s][info][gc,marking  ] GC(25) Concurrent Mark 37.675ms
[15.840s][info][gc,marking  ] GC(25) Concurrent Rebuild Remembered Sets and Scrub Regions
[15.854s][info][gc,marking  ] GC(25) Concurrent Rebuild Remembered Sets and Scrub Regions 14.256ms
[15.855s][info][gc,start    ] GC(25) Pause Cleanup
[15.855s][info][gc          ] GC(25) Pause Cleanup 70M->70M(194M) 0.033ms
[15.855s][info][gc,cpu      ] GC(25) User=0.00s Sys=0.00s Real=0.00s
[15.855s][info][gc,marking  ] GC(25) Concurrent Clear Claimed Marks
[15.855s][info][gc,marking  ] GC(25) Concurrent Clear Claimed Marks 0.098ms
[15.855s][info][gc,marking  ] GC(25) Concurrent Cleanup for Next Mark
[15.855s][info][gc,marking  ] GC(25) Concurrent Cleanup for Next Mark 0.127ms
[15.855s][info][gc          ] GC(25) Concurrent Mark Cycle 57.465ms
[16.332s][info][gc,start    ] GC(26) Pause Young (Prepare Mixed) (G1 Evacuation Pause)
[16.332s][info][gc,task     ] GC(26) Using 4 workers of 4 for evacuation
[16.336s][info][gc,phases   ] GC(26)   Pre Evacuate Collection Set: 0.09ms
[16.336s][info][gc,phases   ] GC(26)   Merge Heap Roots: 0.06ms
[16.336s][info][gc,phases   ] GC(26)   Evacuate Collection Set: 3.48ms
[16.336s][info][gc,phases   ] GC(26)   Post Evacuate Collection Set: 0.53ms
[16.336s][info][gc,phases   ] GC(26)   Other: 0.05ms
[16.336s][info][gc,heap     ] GC(26) Eden regions: 54->0(53)
[16.336s][info][gc,heap     ] GC(26) Survivor regions: 4->5(8)
[16.336s][info][gc,heap     ] GC(26) Old regions: 23->23
[16.336s][info][gc,heap     ] GC(26) Humongous regions: 2->2
[16.336s][info][gc,metaspace] GC(26) Metaspace: 97286K(98304K)->97286K(98304K) NonClass: 75346K(75904K)->75346K(75904K) Class: 21939K(22400K)->21939K(22400K)
[16.336s][info][gc          ] GC(26) Pause Young (Prepare Mixed) (G1 Evacuation Pause) 161M->55M(194M) 4.306ms
[16.336s][info][gc,cpu      ] GC(26) User=0.01s Sys=0.00s Real=0.01s
[16.395s][info][gc,start    ] GC(27) Pause Young (Mixed) (G1 Evacuation Pause)
[16.395s][info][gc,task     ] GC(27) Using 4 workers of 4 for evacuation
[16.399s][info][gc,phases   ] GC(27)   Pre Evacuate Collection Set: 0.12ms
[16.399s][info][gc,phases   ] GC(27)   Merge Heap Roots: 0.09ms
[16.399s][info][gc,phases   ] GC(27)   Evacuate Collection Set: 3.93ms
[16.399s][info][gc,phases   ] GC(27)   Post Evacuate Collection Set: 0.66ms
[16.400s][info][gc,phases   ] GC(27)   Other: 0.04ms
[16.400s][info][gc,heap     ] GC(27) Eden regions: 12->0(12)
[16.400s][info][gc,heap     ] GC(27) Survivor regions: 5->6(8)
[16.400s][info][gc,heap     ] GC(27) Old regions: 23->22
[16.400s][info][gc,heap     ] GC(27) Humongous regions: 202->202
[16.400s][info][gc,metaspace] GC(27) Metaspace: 97632K(98688K)->97632K(98688K) NonClass: 75648K(76224K)->75648K(76224K) Class: 21984K(22464K)->21984K(22464K)
[16.400s][info][gc          ] GC(27) Pause Young (Mixed) (G1 Evacuation Pause) 479M->457M(498M) 4.961ms
[16.400s][info][gc,cpu      ] GC(27) User=0.02s Sys=0.00s Real=0.00s
[16.411s][info][gc,start    ] GC(28) Pause Young (Concurrent Start) (G1 Humongous Allocation)
[16.411s][info][gc,task     ] GC(28) Using 4 workers of 4 for evacuation
[16.416s][info][gc,phases   ] GC(28)   Pre Evacuate Collection Set: 0.18ms
[16.416s][info][gc,phases   ] GC(28)   Merge Heap Roots: 0.06ms
[16.416s][info][gc,phases   ] GC(28)   Evacuate Collection Set: 3.87ms
[16.416s][info][gc,phases   ] GC(28)   Post Evacuate Collection Set: 0.67ms
[16.416s][info][gc,phases   ] GC(28)   Other: 0.09ms
[16.416s][info][gc,heap     ] GC(28) Eden regions: 9->0(10)
[16.416s][info][gc,heap     ] GC(28) Survivor regions: 6->3(3)
[16.416s][info][gc,heap     ] GC(28) Old regions: 22->28
[16.416s][info][gc,heap     ] GC(28) Humongous regions: 202->202
[16.416s][info][gc,metaspace] GC(28) Metaspace: 97777K(98816K)->97777K(98816K) NonClass: 75785K(76352K)->75785K(76352K) Class: 21992K(22464K)->21992K(22464K)
[16.416s][info][gc          ] GC(28) Pause Young (Concurrent Start) (G1 Humongous Allocation) 473M->463M(498M) 4.997ms
[16.416s][info][gc,cpu      ] GC(28) User=0.02s Sys=0.00s Real=0.01s
[16.416s][info][gc          ] GC(29) Concurrent Mark Cycle
[16.416s][info][gc,marking  ] GC(29) Concurrent Scan Root Regions
[16.423s][info][gc,marking  ] GC(29) Concurrent Scan Root Regions 6.688ms
[16.423s][info][gc,marking  ] GC(29) Concurrent Mark
[16.423s][info][gc,marking  ] GC(29) Concurrent Mark From Roots
[16.423s][info][gc,task     ] GC(29) Using 1 workers of 1 for marking
[16.440s][info][gc,start    ] GC(30) Pause Young (Normal) (G1 Evacuation Pause)
[16.440s][info][gc,task     ] GC(30) Using 4 workers of 4 for evacuation
[16.441s][info][gc,phases   ] GC(30)   Pre Evacuate Collection Set: 0.09ms
[16.441s][info][gc,phases   ] GC(30)   Merge Heap Roots: 0.06ms
[16.441s][info][gc,phases   ] GC(30)   Evacuate Collection Set: 0.78ms
[16.441s][info][gc,phases   ] GC(30)   Post Evacuate Collection Set: 0.35ms
[16.441s][info][gc,phases   ] GC(30)   Other: 0.05ms
[16.441s][info][gc,heap     ] GC(30) Eden regions: 6->0(10)
[16.441s][info][gc,heap     ] GC(30) Survivor regions: 3->2(2)
[16.441s][info][gc,heap     ] GC(30) Old regions: 28->29
[16.441s][info][gc,heap     ] GC(30) Humongous regions: 213->208
[16.441s][info][gc,metaspace] GC(30) Metaspace: 97843K(98880K)->97843K(98880K) NonClass: 75851K(76416K)->75851K(76416K) Class: 21992K(22464K)->21992K(22464K)
[16.441s][info][gc          ] GC(30) Pause Young (Normal) (G1 Evacuation Pause) 497M->474M(506M) 1.419ms
[16.441s][info][gc,cpu      ] GC(30) User=0.01s Sys=0.00s Real=0.00s
[16.468s][info][gc,start    ] GC(31) Pause Young (Normal) (G1 Evacuation Pause)
[16.468s][info][gc,task     ] GC(31) Using 4 workers of 4 for evacuation
[16.469s][info][gc,phases   ] GC(31)   Pre Evacuate Collection Set: 0.11ms
[16.469s][info][gc,phases   ] GC(31)   Merge Heap Roots: 0.04ms
[16.469s][info][gc,phases   ] GC(31)   Evacuate Collection Set: 0.45ms
[16.469s][info][gc,phases   ] GC(31)   Post Evacuate Collection Set: 0.28ms
[16.469s][info][gc,phases   ] GC(31)   Other: 0.04ms
[16.469s][info][gc,heap     ] GC(31) Eden regions: 4->0(11)
[16.469s][info][gc,heap     ] GC(31) Survivor regions: 2->1(2)
[16.469s][info][gc,heap     ] GC(31) Old regions: 29->30
[16.469s][info][gc,heap     ] GC(31) Humongous regions: 221->216
[16.469s][info][gc,metaspace] GC(31) Metaspace: 97860K(98880K)->97860K(98880K) NonClass: 75868K(76416K)->75868K(76416K) Class: 21992K(22464K)->21992K(22464K)
[16.469s][info][gc          ] GC(31) Pause Young (Normal) (G1 Evacuation Pause) 508M->490M(516M) 1.009ms
[16.469s][info][gc,cpu      ] GC(31) User=0.00s Sys=0.00s Real=0.00s
[16.474s][info][gc,start    ] GC(32) Pause Young (Normal) (G1 Evacuation Pause)
[16.474s][info][gc,task     ] GC(32) Using 4 workers of 4 for evacuation
[16.475s][info][gc,phases   ] GC(32)   Pre Evacuate Collection Set: 0.13ms
[16.475s][info][gc,phases   ] GC(32)   Merge Heap Roots: 0.04ms
[16.475s][info][gc,phases   ] GC(32)   Evacuate Collection Set: 0.32ms
[16.475s][info][gc,phases   ] GC(32)   Post Evacuate Collection Set: 0.76ms
[16.475s][info][gc,phases   ] GC(32)   Other: 0.04ms
[16.475s][info][gc,heap     ] GC(32) Eden regions: 4->0(432)
[16.475s][info][gc,heap     ] GC(32) Survivor regions: 1->1(2)
[16.475s][info][gc,heap     ] GC(32) Old regions: 30->30
[16.475s][info][gc,heap     ] GC(32) Humongous regions: 235->227
[16.475s][info][gc,metaspace] GC(32) Metaspace: 97876K(98880K)->97876K(98880K) NonClass: 75884K(76416K)->75884K(76416K) Class: 21992K(22464K)->21992K(22464K)
[16.475s][info][gc          ] GC(32) Pause Young (Normal) (G1 Evacuation Pause) 536M->512M(1706M) 1.373ms
[16.475s][info][gc,cpu      ] GC(32) User=0.00s Sys=0.00s Real=0.00s
[16.478s][info][gc,marking  ] GC(29) Concurrent Mark From Roots 55.616ms
[16.478s][info][gc,marking  ] GC(29) Concurrent Preclean
[16.479s][info][gc,marking  ] GC(29) Concurrent Preclean 0.279ms
[16.479s][info][gc,start    ] GC(29) Pause Remark
[16.484s][info][gc          ] GC(29) Pause Remark 515M->515M(1706M) 5.558ms
[16.484s][info][gc,cpu      ] GC(29) User=0.02s Sys=0.01s Real=0.01s
[16.485s][info][gc,marking  ] GC(29) Concurrent Mark 62.150ms
[16.485s][info][gc,marking  ] GC(29) Concurrent Rebuild Remembered Sets and Scrub Regions
[16.504s][info][gc,marking  ] GC(29) Concurrent Rebuild Remembered Sets and Scrub Regions 19.044ms
[16.504s][info][gc,start    ] GC(29) Pause Cleanup
[16.504s][info][gc          ] GC(29) Pause Cleanup 568M->568M(1706M) 0.055ms
[16.504s][info][gc,cpu      ] GC(29) User=0.00s Sys=0.00s Real=0.00s
[16.504s][info][gc,marking  ] GC(29) Concurrent Clear Claimed Marks
[16.504s][info][gc,marking  ] GC(29) Concurrent Clear Claimed Marks 0.166ms
[16.504s][info][gc,marking  ] GC(29) Concurrent Cleanup for Next Mark
[16.506s][info][gc,marking  ] GC(29) Concurrent Cleanup for Next Mark 1.887ms
[16.506s][info][gc          ] GC(29) Concurrent Mark Cycle 90.297ms
[16.801s][info][gc,start    ] GC(33) Pause Young (Prepare Mixed) (G1 Evacuation Pause)
[16.801s][info][gc,task     ] GC(33) Using 4 workers of 4 for evacuation
[16.803s][info][gc,phases   ] GC(33)   Pre Evacuate Collection Set: 0.13ms
[16.803s][info][gc,phases   ] GC(33)   Merge Heap Roots: 0.07ms
[16.803s][info][gc,phases   ] GC(33)   Evacuate Collection Set: 1.46ms
[16.803s][info][gc,phases   ] GC(33)   Post Evacuate Collection Set: 0.41ms
[16.803s][info][gc,phases   ] GC(33)   Other: 0.05ms
[16.803s][info][gc,heap     ] GC(33) Eden regions: 118->0(307)
[16.803s][info][gc,heap     ] GC(33) Survivor regions: 1->1(55)
[16.803s][info][gc,heap     ] GC(33) Old regions: 30->30
[16.803s][info][gc,heap     ] GC(33) Humongous regions: 759->477
[16.803s][info][gc,metaspace] GC(33) Metaspace: 98083K(99136K)->98083K(99136K) NonClass: 76091K(76672K)->76091K(76672K) Class: 21992K(22464K)->21992K(22464K)
[16.803s][info][gc          ] GC(33) Pause Young (Prepare Mixed) (G1 Evacuation Pause) 1812M->1011M(1818M) 2.202ms
[16.803s][info][gc,cpu      ] GC(33) User=0.00s Sys=0.00s Real=0.01s
[17.792s][info][gc,start    ] GC(34) Pause Young (Mixed) (G1 Evacuation Pause)
[17.792s][info][gc,task     ] GC(34) Using 4 workers of 4 for evacuation
[17.853s][info][gc,phases   ] GC(34)   Pre Evacuate Collection Set: 0.26ms
[17.853s][info][gc,phases   ] GC(34)   Merge Heap Roots: 0.14ms
[17.853s][info][gc,phases   ] GC(34)   Evacuate Collection Set: 59.82ms
[17.853s][info][gc,phases   ] GC(34)   Post Evacuate Collection Set: 0.54ms
[17.853s][info][gc,phases   ] GC(34)   Other: 0.08ms
[17.853s][info][gc,heap     ] GC(34) Eden regions: 227->0(316)
[17.853s][info][gc,heap     ] GC(34) Survivor regions: 1->39(39)
[17.853s][info][gc,heap     ] GC(34) Old regions: 30->78
[17.853s][info][gc,heap     ] GC(34) Humongous regions: 652->436
[17.853s][info][gc,metaspace] GC(34) Metaspace: 98345K(99392K)->98345K(99392K) NonClass: 76332K(76928K)->76332K(76928K) Class: 22012K(22464K)->22012K(22464K)
[17.853s][info][gc          ] GC(34) Pause Young (Mixed) (G1 Evacuation Pause) 1815M->1105M(1998M) 60.941ms
[17.853s][info][gc,cpu      ] GC(34) User=0.03s Sys=0.08s Real=0.06s
[17.854s][info][gc,start    ] GC(35) Pause Young (Concurrent Start) (G1 Humongous Allocation)
[17.854s][info][gc,task     ] GC(35) Using 4 workers of 4 for evacuation
[17.858s][info][gc,phases   ] GC(35)   Pre Evacuate Collection Set: 0.15ms
[17.858s][info][gc,phases   ] GC(35)   Merge Heap Roots: 0.04ms
[17.858s][info][gc,phases   ] GC(35)   Evacuate Collection Set: 3.14ms
[17.858s][info][gc,phases   ] GC(35)   Post Evacuate Collection Set: 0.40ms
[17.858s][info][gc,phases   ] GC(35)   Other: 0.04ms
[17.858s][info][gc,heap     ] GC(35) Eden regions: 3->0(282)
[17.858s][info][gc,heap     ] GC(35) Survivor regions: 39->3(45)
[17.858s][info][gc,heap     ] GC(35) Old regions: 78->118
[17.858s][info][gc,heap     ] GC(35) Humongous regions: 438->437
[17.858s][info][gc,metaspace] GC(35) Metaspace: 98345K(99392K)->98345K(99392K) NonClass: 76332K(76928K)->76332K(76928K) Class: 22012K(22464K)->22012K(22464K)
[17.858s][info][gc          ] GC(35) Pause Young (Concurrent Start) (G1 Humongous Allocation) 1115M->1114M(1998M) 3.844ms
[17.858s][info][gc          ] GC(36) Concurrent Mark Cycle
[17.858s][info][gc,marking  ] GC(36) Concurrent Scan Root Regions
[17.858s][info][gc,cpu      ] GC(35) User=0.01s Sys=0.00s Real=0.00s
[17.866s][info][gc,marking  ] GC(36) Concurrent Scan Root Regions 8.070ms
[17.866s][info][gc,marking  ] GC(36) Concurrent Mark
[17.866s][info][gc,marking  ] GC(36) Concurrent Mark From Roots
[17.866s][info][gc,task     ] GC(36) Using 1 workers of 1 for marking
[17.942s][info][gc,marking  ] GC(36) Concurrent Mark From Roots 75.706ms
[17.942s][info][gc,marking  ] GC(36) Concurrent Preclean
[17.942s][info][gc,marking  ] GC(36) Concurrent Preclean 0.128ms
[17.942s][info][gc,start    ] GC(36) Pause Remark
[17.953s][info][gc          ] GC(36) Pause Remark 1891M->1635M(2594M) 11.575ms
[17.954s][info][gc,cpu      ] GC(36) User=0.03s Sys=0.00s Real=0.02s
[17.954s][info][gc,marking  ] GC(36) Concurrent Mark 87.676ms
[17.954s][info][gc,marking  ] GC(36) Concurrent Rebuild Remembered Sets and Scrub Regions
[17.990s][info][gc,marking  ] GC(36) Concurrent Rebuild Remembered Sets and Scrub Regions 36.343ms
[17.990s][info][gc,start    ] GC(36) Pause Cleanup
[17.990s][info][gc          ] GC(36) Pause Cleanup 1809M->1809M(2594M) 0.422ms
[17.991s][info][gc,cpu      ] GC(36) User=0.00s Sys=0.00s Real=0.00s
[17.991s][info][gc,marking  ] GC(36) Concurrent Clear Claimed Marks
[17.991s][info][gc,marking  ] GC(36) Concurrent Clear Claimed Marks 0.159ms
[17.991s][info][gc,marking  ] GC(36) Concurrent Cleanup for Next Mark
[17.995s][info][gc,marking  ] GC(36) Concurrent Cleanup for Next Mark 3.807ms
[17.995s][info][gc          ] GC(36) Concurrent Mark Cycle 136.816ms
[18.904s][info][gc,start    ] GC(37) Pause Young (Prepare Mixed) (G1 Evacuation Pause)
[18.904s][info][gc,task     ] GC(37) Using 4 workers of 4 for evacuation
[18.952s][info][gc,phases   ] GC(37)   Pre Evacuate Collection Set: 0.16ms
[18.952s][info][gc,phases   ] GC(37)   Merge Heap Roots: 0.10ms
[18.952s][info][gc,phases   ] GC(37)   Evacuate Collection Set: 47.43ms
[18.952s][info][gc,phases   ] GC(37)   Post Evacuate Collection Set: 0.47ms
[18.952s][info][gc,phases   ] GC(37)   Other: 0.09ms
[18.952s][info][gc,heap     ] GC(37) Eden regions: 282->0(348)
[18.952s][info][gc,heap     ] GC(37) Survivor regions: 3->36(36)
[18.952s][info][gc,heap     ] GC(37) Old regions: 118->194
[18.952s][info][gc,heap     ] GC(37) Humongous regions: 843->457
[18.952s][info][gc,metaspace] GC(37) Metaspace: 98557K(99648K)->98557K(99648K) NonClass: 76543K(77184K)->76543K(77184K) Class: 22014K(22464K)->22014K(22464K)
[18.952s][info][gc          ] GC(37) Pause Young (Prepare Mixed) (G1 Evacuation Pause) 2490M->1374M(2716M) 48.354ms
[18.952s][info][gc,cpu      ] GC(37) User=0.04s Sys=0.09s Real=0.04s
[21.495s][info][gc,start    ] GC(38) Pause Young (Mixed) (G1 Humongous Allocation)
[21.495s][info][gc,task     ] GC(38) Using 4 workers of 4 for evacuation
[21.509s][info][gc,phases   ] GC(38)   Pre Evacuate Collection Set: 0.24ms
[21.509s][info][gc,phases   ] GC(38)   Merge Heap Roots: 0.11ms
[21.509s][info][gc,phases   ] GC(38)   Evacuate Collection Set: 9.79ms
[21.509s][info][gc,phases   ] GC(38)   Post Evacuate Collection Set: 3.82ms
[21.509s][info][gc,phases   ] GC(38)   Other: 0.11ms
[21.509s][info][gc,heap     ] GC(38) Eden regions: 111->0(262)
[21.509s][info][gc,heap     ] GC(38) Survivor regions: 36->4(7)
[21.509s][info][gc,heap     ] GC(38) Old regions: 194->338
[21.509s][info][gc,heap     ] GC(38) Humongous regions: 1086->637
[21.509s][info][gc,metaspace] GC(38) Metaspace: 110422K(111552K)->110422K(111552K) NonClass: 86641K(87232K)->86641K(87232K) Class: 23781K(24320K)->23781K(24320K)
[21.509s][info][gc          ] GC(38) Pause Young (Mixed) (G1 Humongous Allocation) (Evacuation Failure: Allocation) 2854M->1958M(2868M) 14.325ms
[21.509s][info][gc,cpu      ] GC(38) User=0.04s Sys=0.01s Real=0.01s
[21.516s][info][gc,start    ] GC(39) Pause Young (Concurrent Start) (G1 Humongous Allocation)
[21.516s][info][gc,task     ] GC(39) Using 4 workers of 4 for evacuation
[21.522s][info][gc,phases   ] GC(39)   Pre Evacuate Collection Set: 0.42ms
[21.522s][info][gc,phases   ] GC(39)   Merge Heap Roots: 0.14ms
[21.522s][info][gc,phases   ] GC(39)   Evacuate Collection Set: 4.93ms
[21.522s][info][gc,phases   ] GC(39)   Post Evacuate Collection Set: 0.78ms
[21.522s][info][gc,phases   ] GC(39)   Other: 0.08ms
[21.522s][info][gc,heap     ] GC(39) Eden regions: 9->0(343)
[21.522s][info][gc,heap     ] GC(39) Survivor regions: 4->8(34)
[21.522s][info][gc,heap     ] GC(39) Old regions: 338->226
[21.522s][info][gc,heap     ] GC(39) Humongous regions: 642->642
[21.522s][info][gc,metaspace] GC(39) Metaspace: 110427K(111552K)->110427K(111552K) NonClass: 86645K(87232K)->86645K(87232K) Class: 23781K(24320K)->23781K(24320K)
[21.523s][info][gc          ] GC(39) Pause Young (Concurrent Start) (G1 Humongous Allocation) 1986M->1752M(2868M) 6.609ms
[21.523s][info][gc,cpu      ] GC(39) User=0.02s Sys=0.00s Real=0.00s
[21.523s][info][gc          ] GC(40) Concurrent Mark Cycle
[21.523s][info][gc,marking  ] GC(40) Concurrent Scan Root Regions
[21.532s][info][gc,marking  ] GC(40) Concurrent Scan Root Regions 9.401ms
[21.532s][info][gc,marking  ] GC(40) Concurrent Mark
[21.532s][info][gc,marking  ] GC(40) Concurrent Mark From Roots
[21.532s][info][gc,task     ] GC(40) Using 1 workers of 1 for marking
[21.612s][info][gc,marking  ] GC(40) Concurrent Mark From Roots 79.738ms
[21.612s][info][gc,marking  ] GC(40) Concurrent Preclean
[21.612s][info][gc,marking  ] GC(40) Concurrent Preclean 0.183ms
[21.612s][info][gc,start    ] GC(40) Pause Remark
[21.632s][info][gc          ] GC(40) Pause Remark 1984M->1218M(2868M) 20.075ms
[21.632s][info][gc,cpu      ] GC(40) User=0.05s Sys=0.01s Real=0.02s
[21.632s][info][gc,marking  ] GC(40) Concurrent Mark 100.303ms
[21.632s][info][gc,marking  ] GC(40) Concurrent Rebuild Remembered Sets and Scrub Regions
[21.667s][info][gc,marking  ] GC(40) Concurrent Rebuild Remembered Sets and Scrub Regions 34.650ms
[21.667s][info][gc,start    ] GC(40) Pause Cleanup
[21.667s][info][gc          ] GC(40) Pause Cleanup 1418M->1418M(2868M) 0.101ms
[21.667s][info][gc,cpu      ] GC(40) User=0.00s Sys=0.00s Real=0.00s
[21.667s][info][gc,marking  ] GC(40) Concurrent Clear Claimed Marks
[21.667s][info][gc,marking  ] GC(40) Concurrent Clear Claimed Marks 0.167ms
[21.667s][info][gc,marking  ] GC(40) Concurrent Cleanup for Next Mark
[21.670s][info][gc,marking  ] GC(40) Concurrent Cleanup for Next Mark 2.255ms
[21.670s][info][gc          ] GC(40) Concurrent Mark Cycle 147.146ms
[24.525s][info][gc,start    ] GC(41) Pause Young (Prepare Mixed) (G1 Evacuation Pause)
[24.525s][info][gc,task     ] GC(41) Using 4 workers of 4 for evacuation
[24.542s][info][gc,phases   ] GC(41)   Pre Evacuate Collection Set: 0.42ms
[24.542s][info][gc,phases   ] GC(41)   Merge Heap Roots: 0.22ms
[24.542s][info][gc,phases   ] GC(41)   Evacuate Collection Set: 12.36ms
[24.542s][info][gc,phases   ] GC(41)   Post Evacuate Collection Set: 4.07ms
[24.542s][info][gc,phases   ] GC(41)   Other: 0.12ms
[24.542s][info][gc,heap     ] GC(41) Eden regions: 343->0(367)
[24.542s][info][gc,heap     ] GC(41) Survivor regions: 8->44(44)
[24.542s][info][gc,heap     ] GC(41) Old regions: 158->439
[24.542s][info][gc,heap     ] GC(41) Humongous regions: 837->392
[24.542s][info][gc,metaspace] GC(41) Metaspace: 110531K(111680K)->110531K(111680K) NonClass: 86750K(87360K)->86750K(87360K) Class: 23781K(24320K)->23781K(24320K)
[24.542s][info][gc          ] GC(41) Pause Young (Prepare Mixed) (G1 Evacuation Pause) (Evacuation Failure: Allocation) 2692M->1750M(2868M) 17.383ms
[24.542s][info][gc,cpu      ] GC(41) User=0.07s Sys=0.01s Real=0.01s
[24.777s][info][gc,start    ] GC(42) Pause Young (Mixed) (G1 Humongous Allocation)
[24.777s][info][gc,task     ] GC(42) Using 4 workers of 4 for evacuation
[24.786s][info][gc,phases   ] GC(42)   Pre Evacuate Collection Set: 0.19ms
[24.786s][info][gc,phases   ] GC(42)   Merge Heap Roots: 0.08ms
[24.786s][info][gc,phases   ] GC(42)   Evacuate Collection Set: 3.87ms
[24.786s][info][gc,phases   ] GC(42)   Post Evacuate Collection Set: 4.92ms
[24.786s][info][gc,phases   ] GC(42)   Other: 0.05ms
[24.786s][info][gc,heap     ] GC(42) Eden regions: 56->0(213)
[24.786s][info][gc,heap     ] GC(42) Survivor regions: 44->0(0)
[24.786s][info][gc,heap     ] GC(42) Old regions: 439->536
[24.786s][info][gc,heap     ] GC(42) Humongous regions: 895->534
[24.786s][info][gc,metaspace] GC(42) Metaspace: 110585K(111744K)->110585K(111744K) NonClass: 86804K(87424K)->86804K(87424K) Class: 23781K(24320K)->23781K(24320K)
[24.786s][info][gc          ] GC(42) Pause Young (Mixed) (G1 Humongous Allocation) (Evacuation Failure: Allocation) 2866M->2140M(2868M) 9.202ms
[24.786s][info][gc,cpu      ] GC(42) User=0.03s Sys=0.01s Real=0.01s
[24.787s][info][gc,start    ] GC(43) Pause Young (Concurrent Start) (G1 Humongous Allocation)
[24.787s][info][gc,task     ] GC(43) Using 4 workers of 4 for evacuation
[24.791s][info][gc,phases   ] GC(43)   Pre Evacuate Collection Set: 0.29ms
[24.791s][info][gc,phases   ] GC(43)   Merge Heap Roots: 0.09ms
[24.791s][info][gc,phases   ] GC(43)   Evacuate Collection Set: 3.53ms
[24.791s][info][gc,phases   ] GC(43)   Post Evacuate Collection Set: 0.47ms
[24.791s][info][gc,phases   ] GC(43)   Other: 0.05ms
[24.791s][info][gc,heap     ] GC(43) Eden regions: 2->0(384)
[24.791s][info][gc,heap     ] GC(43) Survivor regions: 0->1(27)
[24.791s][info][gc,heap     ] GC(43) Old regions: 536->372
[24.791s][info][gc,heap     ] GC(43) Humongous regions: 536->532
[24.791s][info][gc,metaspace] GC(43) Metaspace: 110585K(111744K)->110585K(111744K) NonClass: 86804K(87424K)->86804K(87424K) Class: 23781K(24320K)->23781K(24320K)
[24.791s][info][gc          ] GC(43) Pause Young (Concurrent Start) (G1 Humongous Allocation) 2146M->1808M(2868M) 4.526ms
[24.791s][info][gc,cpu      ] GC(43) User=0.01s Sys=0.00s Real=0.00s
[24.791s][info][gc          ] GC(44) Concurrent Mark Cycle
[24.791s][info][gc,marking  ] GC(44) Concurrent Scan Root Regions
[24.799s][info][gc,marking  ] GC(44) Concurrent Scan Root Regions 7.682ms
[24.799s][info][gc,marking  ] GC(44) Concurrent Mark
[24.799s][info][gc,marking  ] GC(44) Concurrent Mark From Roots
[24.799s][info][gc,task     ] GC(44) Using 1 workers of 1 for marking
[24.851s][info][gc,marking  ] GC(44) Concurrent Mark From Roots 51.478ms
[24.851s][info][gc,marking  ] GC(44) Concurrent Preclean
[24.851s][info][gc,marking  ] GC(44) Concurrent Preclean 0.086ms
[24.851s][info][gc,start    ] GC(44) Pause Remark
[24.859s][info][gc          ] GC(44) Pause Remark 1840M->1612M(2868M) 8.607ms
[24.860s][info][gc,cpu      ] GC(44) User=0.02s Sys=0.00s Real=0.01s
[24.860s][info][gc,marking  ] GC(44) Concurrent Mark 60.419ms
[24.860s][info][gc,marking  ] GC(44) Concurrent Rebuild Remembered Sets and Scrub Regions
[24.890s][info][gc,marking  ] GC(44) Concurrent Rebuild Remembered Sets and Scrub Regions 30.678ms
[24.890s][info][gc,start    ] GC(44) Pause Cleanup
[24.890s][info][gc          ] GC(44) Pause Cleanup 1612M->1612M(2868M) 0.122ms
[24.890s][info][gc,cpu      ] GC(44) User=0.00s Sys=0.00s Real=0.00s
[24.890s][info][gc,marking  ] GC(44) Concurrent Clear Claimed Marks
[24.891s][info][gc,marking  ] GC(44) Concurrent Clear Claimed Marks 0.156ms
[24.891s][info][gc,marking  ] GC(44) Concurrent Cleanup for Next Mark
[24.892s][info][gc,marking  ] GC(44) Concurrent Cleanup for Next Mark 1.339ms
[24.892s][info][gc          ] GC(44) Concurrent Mark Cycle 100.579ms
[26.930s][info][gc,start    ] GC(45) Pause Young (Prepare Mixed) (G1 Humongous Allocation)
[26.930s][info][gc,task     ] GC(45) Using 4 workers of 4 for evacuation
[26.938s][info][gc,phases   ] GC(45)   Pre Evacuate Collection Set: 0.19ms
[26.938s][info][gc,phases   ] GC(45)   Merge Heap Roots: 0.10ms
[26.938s][info][gc,phases   ] GC(45)   Evacuate Collection Set: 2.79ms
[26.938s][info][gc,phases   ] GC(45)   Post Evacuate Collection Set: 4.78ms
[26.938s][info][gc,phases   ] GC(45)   Other: 0.05ms
[26.938s][info][gc,heap     ] GC(45) Eden regions: 260->0(240)
[26.938s][info][gc,heap     ] GC(45) Survivor regions: 1->1(1)
[26.938s][info][gc,heap     ] GC(45) Old regions: 343->592
[26.938s][info][gc,heap     ] GC(45) Humongous regions: 829->502
[26.938s][info][gc,metaspace] GC(45) Metaspace: 110692K(111808K)->110692K(111808K) NonClass: 86910K(87488K)->86910K(87488K) Class: 23781K(24320K)->23781K(24320K)
[26.938s][info][gc          ] GC(45) Pause Young (Prepare Mixed) (G1 Humongous Allocation) (Evacuation Failure: Allocation) 2864M->2190M(2868M) 8.017ms
[26.938s][info][gc,cpu      ] GC(45) User=0.03s Sys=0.00s Real=0.01s
