[0.004s][info][gc,init] CardTable entry size: 512
[0.004s][info][gc     ] Using G1
[0.010s][info][gc,init] Version: 25.0.4.1+1-LTS (release)
[0.010s][info][gc,init] CPUs: 12 total, 4 available
[0.010s][info][gc,init] Memory: 4096M
[0.010s][info][gc,init] Large Page Support: Disabled
[0.010s][info][gc,init] NUMA Support: Disabled
[0.010s][info][gc,init] Compressed Oops: Enabled (Zero based)
[0.010s][info][gc,init] Heap Region Size: 2M
[0.010s][info][gc,init] Heap Min Capacity: 8M
[0.010s][info][gc,init] Heap Initial Capacity: 2868M
[0.010s][info][gc,init] Heap Max Capacity: 2868M
[0.010s][info][gc,init] Pre-touch: Disabled
[0.010s][info][gc,init] Parallel Workers: 4
[0.010s][info][gc,init] Concurrent Workers: 1
[0.010s][info][gc,init] Concurrent Refinement Workers: 4
[0.010s][info][gc,init] Periodic GC: Disabled
[0.013s][info][gc,metaspace] CDS archive(s) mapped at: [0x00001c0000000000-0x00001c0000e70000-0x00001c0000e70000), size 15138816, SharedBaseAddress: 0x00001c0000000000, ArchiveRelocationMode: 1.
[0.013s][info][gc,metaspace] Compressed class space mapped at: 0x00001c0001000000-0x00001c0041000000, reserved size: 1073741824
[0.013s][info][gc,metaspace] UseCompressedClassPointers 1, UseCompactObjectHeaders 1
[0.013s][info][gc,metaspace] Narrow klass pointer bits 22, Max shift 10
[0.013s][info][gc,metaspace] Narrow klass base: 0x00001c0000000000, Narrow klass shift: 10
[0.013s][info][gc,metaspace] Encoding Range: [0x00001c0000000000 - 0x00001c0100000000), (4294967296 bytes)
[0.013s][info][gc,metaspace] Klass Range:    [0x00001c0000010000 - 0x00001c0041000000), (1090453504 bytes)
[0.013s][info][gc,metaspace] Klass ID Range:  [64 - 1064960) (1064896)
[0.013s][info][gc,metaspace] Protection zone: [0x00001c0000000000 - 0x00001c0000010000), (65536 bytes)
[0.819s][info][gc,start    ] GC(0) Pause Young (Normal) (G1 Evacuation Pause)
[0.820s][info][gc,task     ] GC(0) Using 4 workers of 4 for evacuation
[0.825s][info][gc,phases   ] GC(0)   Pre Evacuate Collection Set: 0.13ms
[0.825s][info][gc,phases   ] GC(0)   Merge Heap Roots: 0.06ms
[0.825s][info][gc,phases   ] GC(0)   Evacuate Collection Set: 3.85ms
[0.825s][info][gc,phases   ] GC(0)   Post Evacuate Collection Set: 0.70ms
[0.825s][info][gc,phases   ] GC(0)   Other: 0.49ms
[0.825s][info][gc,heap     ] GC(0) Eden regions: 71->0(205)
[0.825s][info][gc,heap     ] GC(0) Survivor regions: 0->5(9)
[0.825s][info][gc,heap     ] GC(0) Old regions: 1->1
[0.825s][info][gc,heap     ] GC(0) Humongous regions: 2->2
[0.825s][info][gc,metaspace] GC(0) Metaspace: 17085K(17344K)->17085K(17344K) NonClass: 13489K(13632K)->13489K(13632K) Class: 3596K(3712K)->3596K(3712K)
[0.825s][info][gc          ] GC(0) Pause Young (Normal) (G1 Evacuation Pause) 147M->13M(2868M) 5.356ms
[0.825s][info][gc,cpu      ] GC(0) User=0.02s Sys=0.00s Real=0.00s
[1.324s][info][gc,start    ] GC(1) Pause Young (Concurrent Start) (Metadata GC Threshold)
[1.324s][info][gc,task     ] GC(1) Using 4 workers of 4 for evacuation
[1.330s][info][gc,phases   ] GC(1)   Pre Evacuate Collection Set: 0.23ms
[1.330s][info][gc,phases   ] GC(1)   Merge Heap Roots: 0.06ms
[1.330s][info][gc,phases   ] GC(1)   Evacuate Collection Set: 4.28ms
[1.330s][info][gc,phases   ] GC(1)   Post Evacuate Collection Set: 0.83ms
[1.330s][info][gc,phases   ] GC(1)   Other: 0.07ms
[1.330s][info][gc,heap     ] GC(1) Eden regions: 129->0(530)
[1.330s][info][gc,heap     ] GC(1) Survivor regions: 5->6(27)
[1.330s][info][gc,heap     ] GC(1) Old regions: 1->1
[1.330s][info][gc,heap     ] GC(1) Humongous regions: 2->2
[1.330s][info][gc,metaspace] GC(1) Metaspace: 21195K(21504K)->21195K(21504K) NonClass: 16556K(16704K)->16556K(16704K) Class: 4638K(4800K)->4638K(4800K)
[1.330s][info][gc          ] GC(1) Pause Young (Concurrent Start) (Metadata GC Threshold) 271M->16M(2868M) 5.584ms
[1.330s][info][gc,cpu      ] GC(1) User=0.02s Sys=0.00s Real=0.01s
[1.330s][info][gc          ] GC(2) Concurrent Mark Cycle
[1.330s][info][gc,marking  ] GC(2) Concurrent Scan Root Regions
[1.334s][info][gc,marking  ] GC(2) Concurrent Scan Root Regions 3.819ms
[1.334s][info][gc,marking  ] GC(2) Concurrent Mark
[1.334s][info][gc,marking  ] GC(2) Concurrent Mark From Roots
[1.334s][info][gc,task     ] GC(2) Using 1 workers of 1 for marking
[1.335s][info][gc,marking  ] GC(2) Concurrent Mark From Roots 1.293ms
[1.335s][info][gc,marking  ] GC(2) Concurrent Preclean
[1.335s][info][gc,marking  ] GC(2) Concurrent Preclean 0.006ms
[1.336s][info][gc,start    ] GC(2) Pause Remark
[1.338s][info][gc          ] GC(2) Pause Remark 18M->18M(60M) 2.204ms
[1.338s][info][gc,cpu      ] GC(2) User=0.00s Sys=0.00s Real=0.00s
[1.338s][info][gc,marking  ] GC(2) Concurrent Mark 4.561ms
[1.338s][info][gc,marking  ] GC(2) Concurrent Rebuild Remembered Sets and Scrub Regions
[1.339s][info][gc,marking  ] GC(2) Concurrent Rebuild Remembered Sets and Scrub Regions 0.559ms
[1.340s][info][gc,start    ] GC(2) Pause Cleanup
[1.340s][info][gc          ] GC(2) Pause Cleanup 18M->18M(60M) 0.019ms
[1.340s][info][gc,cpu      ] GC(2) User=0.00s Sys=0.00s Real=0.00s
[1.340s][info][gc,marking  ] GC(2) Concurrent Clear Claimed Marks
[1.340s][info][gc,marking  ] GC(2) Concurrent Clear Claimed Marks 0.018ms
[1.340s][info][gc,marking  ] GC(2) Concurrent Cleanup for Next Mark
[1.340s][info][gc,marking  ] GC(2) Concurrent Cleanup for Next Mark 0.296ms
[1.340s][info][gc          ] GC(2) Concurrent Mark Cycle 10.586ms
[1.495s][info][gc,start    ] GC(3) Pause Young (Prepare Mixed) (G1 Evacuation Pause)
[1.495s][info][gc,task     ] GC(3) Using 3 workers of 4 for evacuation
[1.503s][info][gc,phases   ] GC(3)   Pre Evacuate Collection Set: 0.12ms
[1.503s][info][gc,phases   ] GC(3)   Merge Heap Roots: 0.06ms
[1.503s][info][gc,phases   ] GC(3)   Evacuate Collection Set: 6.97ms
[1.503s][info][gc,phases   ] GC(3)   Post Evacuate Collection Set: 0.98ms
[1.503s][info][gc,phases   ] GC(3)   Other: 0.06ms
[1.503s][info][gc,heap     ] GC(3) Eden regions: 21->0(14)
[1.503s][info][gc,heap     ] GC(3) Survivor regions: 6->8(67)
[1.503s][info][gc,heap     ] GC(3) Old regions: 1->1
[1.503s][info][gc,heap     ] GC(3) Humongous regions: 2->2
[1.503s][info][gc,metaspace] GC(3) Metaspace: 22304K(22656K)->22304K(22656K) NonClass: 17504K(17728K)->17504K(17728K) Class: 4799K(4928K)->4799K(4928K)
[1.503s][info][gc          ] GC(3) Pause Young (Prepare Mixed) (G1 Evacuation Pause) 58M->19M(76M) 8.301ms
[1.503s][info][gc,cpu      ] GC(3) User=0.02s Sys=0.00s Real=0.01s
[1.537s][info][gc,start    ] GC(4) Pause Young (Mixed) (G1 Evacuation Pause)
[1.537s][info][gc,task     ] GC(4) Using 2 workers of 4 for evacuation
[1.545s][info][gc,phases   ] GC(4)   Pre Evacuate Collection Set: 0.10ms
[1.546s][info][gc,phases   ] GC(4)   Merge Heap Roots: 0.04ms
[1.546s][info][gc,phases   ] GC(4)   Evacuate Collection Set: 7.43ms
[1.546s][info][gc,phases   ] GC(4)   Post Evacuate Collection Set: 0.59ms
[1.546s][info][gc,phases   ] GC(4)   Other: 0.04ms
[1.546s][info][gc,heap     ] GC(4) Eden regions: 14->0(18)
[1.546s][info][gc,heap     ] GC(4) Survivor regions: 8->3(3)
[1.546s][info][gc,heap     ] GC(4) Old regions: 1->6
[1.546s][info][gc,heap     ] GC(4) Humongous regions: 2->2
[1.546s][info][gc,metaspace] GC(4) Metaspace: 22388K(22720K)->22388K(22720K) NonClass: 17557K(17728K)->17557K(17728K) Class: 4830K(4992K)->4830K(4992K)
[1.546s][info][gc          ] GC(4) Pause Young (Mixed) (G1 Evacuation Pause) 47M->20M(76M) 8.282ms
[1.546s][info][gc,cpu      ] GC(4) User=0.03s Sys=0.00s Real=0.00s
[1.650s][info][gc,start    ] GC(5) Pause Young (Normal) (G1 Evacuation Pause)
[1.650s][info][gc,task     ] GC(5) Using 2 workers of 4 for evacuation
[1.652s][info][gc,phases   ] GC(5)   Pre Evacuate Collection Set: 0.09ms
[1.652s][info][gc,phases   ] GC(5)   Merge Heap Roots: 0.04ms
[1.652s][info][gc,phases   ] GC(5)   Evacuate Collection Set: 1.67ms
[1.652s][info][gc,phases   ] GC(5)   Post Evacuate Collection Set: 0.28ms
[1.652s][info][gc,phases   ] GC(5)   Other: 0.04ms
[1.652s][info][gc,heap     ] GC(5) Eden regions: 18->0(19)
[1.652s][info][gc,heap     ] GC(5) Survivor regions: 3->1(3)
[1.652s][info][gc,heap     ] GC(5) Old regions: 6->8
[1.652s][info][gc,heap     ] GC(5) Humongous regions: 2->2
[1.652s][info][gc,metaspace] GC(5) Metaspace: 24271K(24704K)->24271K(24704K) NonClass: 19017K(19264K)->19017K(19264K) Class: 5253K(5440K)->5253K(5440K)
[1.652s][info][gc          ] GC(5) Pause Young (Normal) (G1 Evacuation Pause) 56M->20M(76M) 2.225ms
[1.652s][info][gc,cpu      ] GC(5) User=0.01s Sys=0.00s Real=0.00s
[1.736s][info][gc,start    ] GC(6) Pause Young (Normal) (G1 Evacuation Pause)
[1.736s][info][gc,task     ] GC(6) Using 2 workers of 4 for evacuation
[1.738s][info][gc,phases   ] GC(6)   Pre Evacuate Collection Set: 0.10ms
[1.738s][info][gc,phases   ] GC(6)   Merge Heap Roots: 0.04ms
[1.738s][info][gc,phases   ] GC(6)   Evacuate Collection Set: 1.14ms
[1.738s][info][gc,phases   ] GC(6)   Post Evacuate Collection Set: 0.30ms
[1.738s][info][gc,phases   ] GC(6)   Other: 0.04ms
[1.738s][info][gc,heap     ] GC(6) Eden regions: 19->0(20)
[1.738s][info][gc,heap     ] GC(6) Survivor regions: 1->1(3)
[1.738s][info][gc,heap     ] GC(6) Old regions: 8->8
[1.738s][info][gc,heap     ] GC(6) Humongous regions: 2->2
[1.738s][info][gc,metaspace] GC(6) Metaspace: 25962K(26368K)->25962K(26368K) NonClass: 20341K(20544K)->20341K(20544K) Class: 5620K(5824K)->5620K(5824K)
[1.738s][info][gc          ] GC(6) Pause Young (Normal) (G1 Evacuation Pause) 58M->20M(76M) 1.698ms
[1.738s][info][gc,cpu      ] GC(6) User=0.00s Sys=0.00s Real=0.00s
[1.869s][info][gc,start    ] GC(7) Pause Young (Normal) (G1 Evacuation Pause)
[1.869s][info][gc,task     ] GC(7) Using 2 workers of 4 for evacuation
[1.878s][info][gc,phases   ] GC(7)   Pre Evacuate Collection Set: 0.06ms
[1.878s][info][gc,phases   ] GC(7)   Merge Heap Roots: 0.19ms
[1.878s][info][gc,phases   ] GC(7)   Evacuate Collection Set: 7.58ms
[1.878s][info][gc,phases   ] GC(7)   Post Evacuate Collection Set: 1.70ms
[1.878s][info][gc,phases   ] GC(7)   Other: 0.05ms
[1.878s][info][gc,heap     ] GC(7) Eden regions: 20->0(439)
[1.878s][info][gc,heap     ] GC(7) Survivor regions: 1->2(3)
[1.878s][info][gc,heap     ] GC(7) Old regions: 8->8
[1.878s][info][gc,heap     ] GC(7) Humongous regions: 2->2
[1.878s][info][gc,metaspace] GC(7) Metaspace: 29041K(29504K)->29041K(29504K) NonClass: 22671K(22912K)->22671K(22912K) Class: 6370K(6592K)->6370K(6592K)
[1.878s][info][gc          ] GC(7) Pause Young (Normal) (G1 Evacuation Pause) 60M->21M(1472M) 9.709ms
[1.878s][info][gc,cpu      ] GC(7) User=0.01s Sys=0.00s Real=0.01s
[2.034s][info][gc,start    ] GC(8) Pause Young (Concurrent Start) (Metadata GC Threshold)
[2.034s][info][gc,task     ] GC(8) Using 4 workers of 4 for evacuation
[2.036s][info][gc,phases   ] GC(8)   Pre Evacuate Collection Set: 0.17ms
[2.036s][info][gc,phases   ] GC(8)   Merge Heap Roots: 0.03ms
[2.036s][info][gc,phases   ] GC(8)   Evacuate Collection Set: 1.60ms
[2.036s][info][gc,phases   ] GC(8)   Post Evacuate Collection Set: 0.42ms
[2.036s][info][gc,phases   ] GC(8)   Other: 0.04ms
[2.036s][info][gc,heap     ] GC(8) Eden regions: 37->0(438)
[2.036s][info][gc,heap     ] GC(8) Survivor regions: 2->3(56)
[2.036s][info][gc,heap     ] GC(8) Old regions: 8->8
[2.036s][info][gc,heap     ] GC(8) Humongous regions: 2->2
[2.036s][info][gc,metaspace] GC(8) Metaspace: 35709K(36160K)->35709K(36160K) NonClass: 27866K(28096K)->27866K(28096K) Class: 7843K(8064K)->7843K(8064K)
[2.036s][info][gc          ] GC(8) Pause Young (Concurrent Start) (Metadata GC Threshold) 94M->24M(1472M) 2.352ms
[2.036s][info][gc,cpu      ] GC(8) User=0.01s Sys=0.00s Real=0.01s
[2.036s][info][gc          ] GC(9) Concurrent Mark Cycle
[2.036s][info][gc,marking  ] GC(9) Concurrent Scan Root Regions
[2.041s][info][gc,marking  ] GC(9) Concurrent Scan Root Regions 4.641ms
[2.041s][info][gc,marking  ] GC(9) Concurrent Mark
[2.041s][info][gc,marking  ] GC(9) Concurrent Mark From Roots
[2.041s][info][gc,task     ] GC(9) Using 1 workers of 1 for marking
[2.052s][info][gc,marking  ] GC(9) Concurrent Mark From Roots 11.193ms
[2.052s][info][gc,marking  ] GC(9) Concurrent Preclean
[2.052s][info][gc,marking  ] GC(9) Concurrent Preclean 0.071ms
[2.053s][info][gc,start    ] GC(9) Pause Remark
[2.056s][info][gc          ] GC(9) Pause Remark 33M->33M(88M) 3.340ms
[2.056s][info][gc,cpu      ] GC(9) User=0.01s Sys=0.00s Real=0.01s
[2.056s][info][gc,marking  ] GC(9) Concurrent Mark 15.489ms
[2.056s][info][gc,marking  ] GC(9) Concurrent Rebuild Remembered Sets and Scrub Regions
[2.066s][info][gc,marking  ] GC(9) Concurrent Rebuild Remembered Sets and Scrub Regions 9.721ms
[2.067s][info][gc,start    ] GC(9) Pause Cleanup
[2.067s][info][gc          ] GC(9) Pause Cleanup 36M->36M(88M) 0.034ms
[2.067s][info][gc,cpu      ] GC(9) User=0.00s Sys=0.00s Real=0.00s
[2.067s][info][gc,marking  ] GC(9) Concurrent Clear Claimed Marks
[2.067s][info][gc,marking  ] GC(9) Concurrent Clear Claimed Marks 0.040ms
[2.067s][info][gc,marking  ] GC(9) Concurrent Cleanup for Next Mark
[2.067s][info][gc,marking  ] GC(9) Concurrent Cleanup for Next Mark 0.190ms
[2.067s][info][gc          ] GC(9) Concurrent Mark Cycle 30.995ms
[2.160s][info][gc,start    ] GC(10) Pause Young (Prepare Mixed) (G1 Evacuation Pause)
[2.160s][info][gc,task     ] GC(10) Using 4 workers of 4 for evacuation
[2.163s][info][gc,phases   ] GC(10)   Pre Evacuate Collection Set: 0.11ms
[2.163s][info][gc,phases   ] GC(10)   Merge Heap Roots: 0.04ms
[2.163s][info][gc,phases   ] GC(10)   Evacuate Collection Set: 2.27ms
[2.163s][info][gc,phases   ] GC(10)   Post Evacuate Collection Set: 0.48ms
[2.163s][info][gc,phases   ] GC(10)   Other: 0.05ms
[2.163s][info][gc,heap     ] GC(10) Eden regions: 31->0(24)
[2.163s][info][gc,heap     ] GC(10) Survivor regions: 3->4(56)
[2.163s][info][gc,heap     ] GC(10) Old regions: 8->8
[2.163s][info][gc,heap     ] GC(10) Humongous regions: 2->2
[2.163s][info][gc,metaspace] GC(10) Metaspace: 39896K(40320K)->39896K(40320K) NonClass: 31136K(31360K)->31136K(31360K) Class: 8760K(8960K)->8760K(8960K)
[2.163s][info][gc          ] GC(10) Pause Young (Prepare Mixed) (G1 Evacuation Pause) 86M->25M(96M) 3.058ms
[2.163s][info][gc,cpu      ] GC(10) User=0.00s Sys=0.00s Real=0.00s
[2.244s][info][gc,start    ] GC(11) Pause Young (Mixed) (G1 Evacuation Pause)
[2.244s][info][gc,task     ] GC(11) Using 4 workers of 4 for evacuation
[2.249s][info][gc,phases   ] GC(11)   Pre Evacuate Collection Set: 0.14ms
[2.249s][info][gc,phases   ] GC(11)   Merge Heap Roots: 0.09ms
[2.249s][info][gc,phases   ] GC(11)   Evacuate Collection Set: 4.03ms
[2.249s][info][gc,phases   ] GC(11)   Post Evacuate Collection Set: 0.72ms
[2.249s][info][gc,phases   ] GC(11)   Other: 0.06ms
[2.249s][info][gc,heap     ] GC(11) Eden regions: 24->0(24)
[2.249s][info][gc,heap     ] GC(11) Survivor regions: 4->4(4)
[2.249s][info][gc,heap     ] GC(11) Old regions: 8->9
[2.249s][info][gc,heap     ] GC(11) Humongous regions: 2->2
[2.249s][info][gc,metaspace] GC(11) Metaspace: 42050K(42496K)->42050K(42496K) NonClass: 32599K(32832K)->32599K(32832K) Class: 9450K(9664K)->9450K(9664K)
[2.249s][info][gc          ] GC(11) Pause Young (Mixed) (G1 Evacuation Pause) 73M->27M(96M) 5.137ms
[2.249s][info][gc,cpu      ] GC(11) User=0.02s Sys=0.01s Real=0.01s
[2.348s][info][gc,start    ] GC(12) Pause Young (Normal) (G1 Evacuation Pause)
[2.348s][info][gc,task     ] GC(12) Using 3 workers of 4 for evacuation
[2.351s][info][gc,phases   ] GC(12)   Pre Evacuate Collection Set: 0.10ms
[2.351s][info][gc,phases   ] GC(12)   Merge Heap Roots: 0.06ms
[2.351s][info][gc,phases   ] GC(12)   Evacuate Collection Set: 2.71ms
[2.351s][info][gc,phases   ] GC(12)   Post Evacuate Collection Set: 0.39ms
[2.351s][info][gc,phases   ] GC(12)   Other: 0.05ms
[2.351s][info][gc,heap     ] GC(12) Eden regions: 24->0(24)
[2.351s][info][gc,heap     ] GC(12) Survivor regions: 4->4(4)
[2.351s][info][gc,heap     ] GC(12) Old regions: 9->10
[2.351s][info][gc,heap     ] GC(12) Humongous regions: 2->2
[2.351s][info][gc,metaspace] GC(12) Metaspace: 43851K(44288K)->43851K(44288K) NonClass: 34034K(34304K)->34034K(34304K) Class: 9817K(9984K)->9817K(9984K)
[2.351s][info][gc          ] GC(12) Pause Young (Normal) (G1 Evacuation Pause) 75M->29M(96M) 3.403ms
[2.351s][info][gc,cpu      ] GC(12) User=0.01s Sys=0.00s Real=0.00s
[2.474s][info][gc,start    ] GC(13) Pause Young (Normal) (G1 Evacuation Pause)
[2.474s][info][gc,task     ] GC(13) Using 2 workers of 4 for evacuation
[2.480s][info][gc,phases   ] GC(13)   Pre Evacuate Collection Set: 0.09ms
[2.480s][info][gc,phases   ] GC(13)   Merge Heap Roots: 0.11ms
[2.480s][info][gc,phases   ] GC(13)   Evacuate Collection Set: 4.56ms
[2.480s][info][gc,phases   ] GC(13)   Post Evacuate Collection Set: 0.39ms
[2.480s][info][gc,phases   ] GC(13)   Other: 0.05ms
[2.480s][info][gc,heap     ] GC(13) Eden regions: 24->0(25)
[2.480s][info][gc,heap     ] GC(13) Survivor regions: 4->3(4)
[2.480s][info][gc,heap     ] GC(13) Old regions: 10->12
[2.480s][info][gc,heap     ] GC(13) Humongous regions: 2->2
[2.480s][info][gc,metaspace] GC(13) Metaspace: 44928K(45376K)->44928K(45376K) NonClass: 34915K(35200K)->34915K(35200K) Class: 10013K(10176K)->10013K(10176K)
[2.480s][info][gc          ] GC(13) Pause Young (Normal) (G1 Evacuation Pause) 77M->32M(96M) 5.299ms
[2.480s][info][gc,cpu      ] GC(13) User=0.02s Sys=0.00s Real=0.01s
[2.624s][info][gc,start    ] GC(14) Pause Young (Normal) (G1 Evacuation Pause)
[2.624s][info][gc,task     ] GC(14) Using 2 workers of 4 for evacuation
[2.629s][info][gc,phases   ] GC(14)   Pre Evacuate Collection Set: 0.12ms
[2.629s][info][gc,phases   ] GC(14)   Merge Heap Roots: 0.06ms
[2.629s][info][gc,phases   ] GC(14)   Evacuate Collection Set: 3.59ms
[2.629s][info][gc,phases   ] GC(14)   Post Evacuate Collection Set: 1.03ms
[2.629s][info][gc,phases   ] GC(14)   Other: 0.06ms
[2.629s][info][gc,heap     ] GC(14) Eden regions: 25->0(441)
[2.629s][info][gc,heap     ] GC(14) Survivor regions: 3->3(4)
[2.629s][info][gc,heap     ] GC(14) Old regions: 12->13
[2.629s][info][gc,heap     ] GC(14) Humongous regions: 2->2
[2.629s][info][gc,metaspace] GC(14) Metaspace: 46868K(47296K)->46868K(47296K) NonClass: 36425K(36672K)->36425K(36672K) Class: 10443K(10624K)->10443K(10624K)
[2.629s][info][gc          ] GC(14) Pause Young (Normal) (G1 Evacuation Pause) 82M->34M(1482M) 4.957ms
[2.629s][info][gc,cpu      ] GC(14) User=0.01s Sys=0.00s Real=0.01s
[3.441s][info][gc,start    ] GC(15) Pause Young (Concurrent Start) (Metadata GC Threshold)
[3.441s][info][gc,task     ] GC(15) Using 4 workers of 4 for evacuation
[3.447s][info][gc,phases   ] GC(15)   Pre Evacuate Collection Set: 0.16ms
[3.447s][info][gc,phases   ] GC(15)   Merge Heap Roots: 0.06ms
[3.447s][info][gc,phases   ] GC(15)   Evacuate Collection Set: 4.69ms
[3.447s][info][gc,phases   ] GC(15)   Post Evacuate Collection Set: 0.74ms
[3.447s][info][gc,phases   ] GC(15)   Other: 0.05ms
[3.447s][info][gc,heap     ] GC(15) Eden regions: 144->0(438)
[3.447s][info][gc,heap     ] GC(15) Survivor regions: 3->6(56)
[3.447s][info][gc,heap     ] GC(15) Old regions: 13->13
[3.447s][info][gc,heap     ] GC(15) Humongous regions: 2->2
[3.447s][info][gc,metaspace] GC(15) Metaspace: 60801K(61376K)->60801K(61376K) NonClass: 47069K(47360K)->47069K(47360K) Class: 13732K(14016K)->13732K(14016K)
[3.447s][info][gc          ] GC(15) Pause Young (Concurrent Start) (Metadata GC Threshold) 322M->40M(1482M) 5.795ms
[3.447s][info][gc,cpu      ] GC(15) User=0.02s Sys=0.00s Real=0.01s
[3.447s][info][gc          ] GC(16) Concurrent Mark Cycle
[3.447s][info][gc,marking  ] GC(16) Concurrent Scan Root Regions
[3.453s][info][gc,marking  ] GC(16) Concurrent Scan Root Regions 5.592ms
[3.453s][info][gc,marking  ] GC(16) Concurrent Mark
[3.453s][info][gc,marking  ] GC(16) Concurrent Mark From Roots
[3.453s][info][gc,task     ] GC(16) Using 1 workers of 1 for marking
[3.472s][info][gc,marking  ] GC(16) Concurrent Mark From Roots 19.247ms
[3.472s][info][gc,marking  ] GC(16) Concurrent Preclean
[3.472s][info][gc,marking  ] GC(16) Concurrent Preclean 0.103ms
[3.473s][info][gc,start    ] GC(16) Pause Remark
[3.476s][info][gc          ] GC(16) Pause Remark 53M->53M(140M) 3.342ms
[3.476s][info][gc,cpu      ] GC(16) User=0.01s Sys=0.00s Real=0.01s
[3.476s][info][gc,marking  ] GC(16) Concurrent Mark 23.601ms
[3.476s][info][gc,marking  ] GC(16) Concurrent Rebuild Remembered Sets and Scrub Regions
[3.487s][info][gc,marking  ] GC(16) Concurrent Rebuild Remembered Sets and Scrub Regions 10.125ms
[3.487s][info][gc,start    ] GC(16) Pause Cleanup
[3.487s][info][gc          ] GC(16) Pause Cleanup 56M->56M(140M) 0.060ms
[3.487s][info][gc,cpu      ] GC(16) User=0.00s Sys=0.00s Real=0.00s
[3.487s][info][gc,marking  ] GC(16) Concurrent Clear Claimed Marks
[3.487s][info][gc,marking  ] GC(16) Concurrent Clear Claimed Marks 0.076ms
[3.487s][info][gc,marking  ] GC(16) Concurrent Cleanup for Next Mark
[3.488s][info][gc,marking  ] GC(16) Concurrent Cleanup for Next Mark 0.942ms
[3.488s][info][gc          ] GC(16) Concurrent Mark Cycle 40.850ms
[3.692s][info][gc,start    ] GC(17) Pause Young (Prepare Mixed) (G1 Evacuation Pause)
[3.692s][info][gc,task     ] GC(17) Using 4 workers of 4 for evacuation
[3.696s][info][gc,phases   ] GC(17)   Pre Evacuate Collection Set: 0.09ms
[3.696s][info][gc,phases   ] GC(17)   Merge Heap Roots: 0.05ms
[3.696s][info][gc,phases   ] GC(17)   Evacuate Collection Set: 3.84ms
[3.696s][info][gc,phases   ] GC(17)   Post Evacuate Collection Set: 0.58ms
[3.696s][info][gc,phases   ] GC(17)   Other: 0.05ms
[3.696s][info][gc,heap     ] GC(17) Eden regions: 36->0(40)
[3.696s][info][gc,heap     ] GC(17) Survivor regions: 6->2(6)
[3.696s][info][gc,heap     ] GC(17) Old regions: 13->19
[3.696s][info][gc,heap     ] GC(17) Humongous regions: 2->2
[3.696s][info][gc,metaspace] GC(17) Metaspace: 65235K(65920K)->65235K(65920K) NonClass: 50375K(50752K)->50375K(50752K) Class: 14860K(15168K)->14860K(15168K)
[3.696s][info][gc          ] GC(17) Pause Young (Prepare Mixed) (G1 Evacuation Pause) 112M->42M(140M) 4.725ms
[3.696s][info][gc,cpu      ] GC(17) User=0.02s Sys=0.00s Real=0.01s
[3.861s][info][gc,start    ] GC(18) Pause Young (Mixed) (G1 Evacuation Pause)
[3.861s][info][gc,task     ] GC(18) Using 4 workers of 4 for evacuation
[3.863s][info][gc,phases   ] GC(18)   Pre Evacuate Collection Set: 0.09ms
[3.863s][info][gc,phases   ] GC(18)   Merge Heap Roots: 0.05ms
[3.863s][info][gc,phases   ] GC(18)   Evacuate Collection Set: 1.88ms
[3.863s][info][gc,phases   ] GC(18)   Post Evacuate Collection Set: 0.45ms
[3.863s][info][gc,phases   ] GC(18)   Other: 0.04ms
[3.863s][info][gc,heap     ] GC(18) Eden regions: 40->0(39)
[3.863s][info][gc,heap     ] GC(18) Survivor regions: 2->3(6)
[3.863s][info][gc,heap     ] GC(18) Old regions: 19->18
[3.863s][info][gc,heap     ] GC(18) Humongous regions: 2->2
[3.863s][info][gc,metaspace] GC(18) Metaspace: 69688K(70336K)->69688K(70336K) NonClass: 53964K(54336K)->53964K(54336K) Class: 15724K(16000K)->15724K(16000K)
[3.863s][info][gc          ] GC(18) Pause Young (Mixed) (G1 Evacuation Pause) 122M->44M(140M) 2.616ms
[3.863s][info][gc,cpu      ] GC(18) User=0.01s Sys=0.00s Real=0.00s
[4.044s][info][gc,start    ] GC(19) Pause Young (Normal) (G1 Evacuation Pause)
[4.044s][info][gc,task     ] GC(19) Using 4 workers of 4 for evacuation
[4.047s][info][gc,phases   ] GC(19)   Pre Evacuate Collection Set: 0.10ms
[4.047s][info][gc,phases   ] GC(19)   Merge Heap Roots: 0.08ms
[4.047s][info][gc,phases   ] GC(19)   Evacuate Collection Set: 2.06ms
[4.047s][info][gc,phases   ] GC(19)   Post Evacuate Collection Set: 0.50ms
[4.047s][info][gc,phases   ] GC(19)   Other: 0.04ms
[4.047s][info][gc,heap     ] GC(19) Eden regions: 39->0(39)
[4.047s][info][gc,heap     ] GC(19) Survivor regions: 3->3(6)
[4.047s][info][gc,heap     ] GC(19) Old regions: 18->18
[4.047s][info][gc,heap     ] GC(19) Humongous regions: 2->2
[4.047s][info][gc,metaspace] GC(19) Metaspace: 74237K(74944K)->74237K(74944K) NonClass: 57800K(58176K)->57800K(58176K) Class: 16436K(16768K)->16436K(16768K)
[4.047s][info][gc          ] GC(19) Pause Young (Normal) (G1 Evacuation Pause) 122M->45M(140M) 2.882ms
[4.047s][info][gc,cpu      ] GC(19) User=0.01s Sys=0.00s Real=0.01s
[4.329s][info][gc,start    ] GC(20) Pause Young (Normal) (G1 Evacuation Pause)
[4.329s][info][gc,task     ] GC(20) Using 4 workers of 4 for evacuation
[4.333s][info][gc,phases   ] GC(20)   Pre Evacuate Collection Set: 0.10ms
[4.333s][info][gc,phases   ] GC(20)   Merge Heap Roots: 0.06ms
[4.333s][info][gc,phases   ] GC(20)   Evacuate Collection Set: 3.28ms
[4.333s][info][gc,phases   ] GC(20)   Post Evacuate Collection Set: 0.60ms
[4.333s][info][gc,phases   ] GC(20)   Other: 0.05ms
[4.333s][info][gc,heap     ] GC(20) Eden regions: 39->0(37)
[4.333s][info][gc,heap     ] GC(20) Survivor regions: 3->5(6)
[4.333s][info][gc,heap     ] GC(20) Old regions: 18->18
[4.333s][info][gc,heap     ] GC(20) Humongous regions: 2->2
[4.333s][info][gc,metaspace] GC(20) Metaspace: 78563K(79296K)->78563K(79296K) NonClass: 61041K(61440K)->61041K(61440K) Class: 17521K(17856K)->17521K(17856K)
[4.333s][info][gc          ] GC(20) Pause Young (Normal) (G1 Evacuation Pause) 123M->47M(140M) 4.197ms
[4.333s][info][gc,cpu      ] GC(20) User=0.02s Sys=0.00s Real=0.00s
[5.100s][info][gc,start    ] GC(21) Pause Young (Normal) (G1 Evacuation Pause)
[5.100s][info][gc,task     ] GC(21) Using 4 workers of 4 for evacuation
[5.106s][info][gc,phases   ] GC(21)   Pre Evacuate Collection Set: 0.11ms
[5.106s][info][gc,phases   ] GC(21)   Merge Heap Roots: 0.06ms
[5.106s][info][gc,phases   ] GC(21)   Evacuate Collection Set: 4.06ms
[5.106s][info][gc,phases   ] GC(21)   Post Evacuate Collection Set: 1.49ms
[5.106s][info][gc,phases   ] GC(21)   Other: 0.05ms
[5.106s][info][gc,heap     ] GC(21) Eden regions: 37->0(446)
[5.106s][info][gc,heap     ] GC(21) Survivor regions: 5->5(6)
[5.106s][info][gc,heap     ] GC(21) Old regions: 18->19
[5.106s][info][gc,heap     ] GC(21) Humongous regions: 2->2
[5.106s][info][gc,metaspace] GC(21) Metaspace: 83262K(84096K)->83262K(84096K) NonClass: 64609K(65088K)->64609K(65088K) Class: 18653K(19008K)->18653K(19008K)
[5.106s][info][gc          ] GC(21) Pause Young (Normal) (G1 Evacuation Pause) 121M->49M(1504M) 5.888ms
[5.106s][info][gc,cpu      ] GC(21) User=0.02s Sys=0.00s Real=0.01s
[1027.644s][info][gc,start    ] GC(22) Pause Young (Concurrent Start) (Metadata GC Threshold)
[1027.644s][info][gc,task     ] GC(22) Using 4 workers of 4 for evacuation
[1027.670s][info][gc,phases   ] GC(22)   Pre Evacuate Collection Set: 0.35ms
[1027.670s][info][gc,phases   ] GC(22)   Merge Heap Roots: 0.11ms
[1027.670s][info][gc,phases   ] GC(22)   Evacuate Collection Set: 23.05ms
[1027.670s][info][gc,phases   ] GC(22)   Post Evacuate Collection Set: 2.04ms
[1027.670s][info][gc,phases   ] GC(22)   Other: 0.76ms
[1027.670s][info][gc,heap     ] GC(22) Eden regions: 274->0(444)
[1027.670s][info][gc,heap     ] GC(22) Survivor regions: 5->7(57)
[1027.670s][info][gc,heap     ] GC(22) Old regions: 19->19
[1027.670s][info][gc,heap     ] GC(22) Humongous regions: 2->2
[1027.670s][info][gc,metaspace] GC(22) Metaspace: 102297K(103360K)->102297K(103360K) NonClass: 80196K(80832K)->80196K(80832K) Class: 22100K(22528K)->22100K(22528K)
[1027.671s][info][gc          ] GC(22) Pause Young (Concurrent Start) (Metadata GC Threshold) 596M->55M(1504M) 26.469ms
[1027.671s][info][gc,cpu      ] GC(22) User=0.10s Sys=0.00s Real=0.03s
[1027.671s][info][gc          ] GC(23) Concurrent Mark Cycle
[1027.671s][info][gc,marking  ] GC(23) Concurrent Scan Root Regions
[1027.682s][info][gc,marking  ] GC(23) Concurrent Scan Root Regions 10.953ms
[1027.682s][info][gc,marking  ] GC(23) Concurrent Mark
[1027.682s][info][gc,marking  ] GC(23) Concurrent Mark From Roots
[1027.682s][info][gc,task     ] GC(23) Using 1 workers of 1 for marking
[1027.714s][info][gc,marking  ] GC(23) Concurrent Mark From Roots 32.395ms
[1027.714s][info][gc,marking  ] GC(23) Concurrent Preclean
[1027.714s][info][gc,marking  ] GC(23) Concurrent Preclean 0.141ms
[1027.714s][info][gc,start    ] GC(23) Pause Remark
[1027.727s][info][gc          ] GC(23) Pause Remark 61M->61M(188M) 12.948ms
[1027.727s][info][gc,cpu      ] GC(23) User=0.04s Sys=0.00s Real=0.02s
[1027.727s][info][gc,marking  ] GC(23) Concurrent Mark 45.604ms
[1027.727s][info][gc,marking  ] GC(23) Concurrent Rebuild Remembered Sets and Scrub Regions
[1027.741s][info][gc,marking  ] GC(23) Concurrent Rebuild Remembered Sets and Scrub Regions 13.512ms
[1027.742s][info][gc,start    ] GC(23) Pause Cleanup
[1027.742s][info][gc          ] GC(23) Pause Cleanup 61M->61M(188M) 0.031ms
[1027.742s][info][gc,cpu      ] GC(23) User=0.00s Sys=0.00s Real=0.00s
[1027.742s][info][gc,marking  ] GC(23) Concurrent Clear Claimed Marks
[1027.742s][info][gc,marking  ] GC(23) Concurrent Clear Claimed Marks 0.152ms
[1027.742s][info][gc,marking  ] GC(23) Concurrent Cleanup for Next Mark
[1027.743s][info][gc,marking  ] GC(23) Concurrent Cleanup for Next Mark 0.639ms
[1027.743s][info][gc          ] GC(23) Concurrent Mark Cycle 72.103ms
[1028.048s][info][gc,start    ] GC(24) Pause Young (Prepare Mixed) (G1 Evacuation Pause)
[1028.048s][info][gc,task     ] GC(24) Using 4 workers of 4 for evacuation
[1028.056s][info][gc,phases   ] GC(24)   Pre Evacuate Collection Set: 0.10ms
[1028.056s][info][gc,phases   ] GC(24)   Merge Heap Roots: 0.09ms
[1028.056s][info][gc,phases   ] GC(24)   Evacuate Collection Set: 7.18ms
[1028.056s][info][gc,phases   ] GC(24)   Post Evacuate Collection Set: 0.80ms
[1028.056s][info][gc,phases   ] GC(24)   Other: 0.05ms
[1028.056s][info][gc,heap     ] GC(24) Eden regions: 49->0(51)
[1028.056s][info][gc,heap     ] GC(24) Survivor regions: 7->5(7)
[1028.056s][info][gc,heap     ] GC(24) Old regions: 19->23
[1028.056s][info][gc,heap     ] GC(24) Humongous regions: 2->2
[1028.056s][info][gc,metaspace] GC(24) Metaspace: 110735K(111872K)->110735K(111872K) NonClass: 87545K(88192K)->87545K(88192K) Class: 23190K(23680K)->23190K(23680K)
[1028.056s][info][gc          ] GC(24) Pause Young (Prepare Mixed) (G1 Evacuation Pause) 153M->56M(188M) 8.296ms
[1028.056s][info][gc,cpu      ] GC(24) User=0.03s Sys=0.00s Real=0.01s
