[0.002s][info][gc,init] CardTable entry size: 512
[0.002s][info][gc     ] Using G1
[0.004s][info][gc,init] Version: 25.0.4.1+1-LTS (release)
[0.004s][info][gc,init] CPUs: 12 total, 4 available
[0.004s][info][gc,init] Memory: 4096M
[0.004s][info][gc,init] Large Page Support: Disabled
[0.004s][info][gc,init] NUMA Support: Disabled
[0.004s][info][gc,init] Compressed Oops: Enabled (Zero based)
[0.004s][info][gc,init] Heap Region Size: 2M
[0.004s][info][gc,init] Heap Min Capacity: 8M
[0.004s][info][gc,init] Heap Initial Capacity: 2868M
[0.004s][info][gc,init] Heap Max Capacity: 2868M
[0.004s][info][gc,init] Pre-touch: Disabled
[0.004s][info][gc,init] Parallel Workers: 4
[0.004s][info][gc,init] Concurrent Workers: 1
[0.004s][info][gc,init] Concurrent Refinement Workers: 4
[0.004s][info][gc,init] Periodic GC: Disabled
[0.008s][info][gc,metaspace] CDS archive(s) mapped at: [0x000001ff00000000-0x000001ff00e70000-0x000001ff00e70000), size 15138816, SharedBaseAddress: 0x000001ff00000000, ArchiveRelocationMode: 1.
[0.008s][info][gc,metaspace] Compressed class space mapped at: 0x000001ff01000000-0x000001ff41000000, reserved size: 1073741824
[0.008s][info][gc,metaspace] UseCompressedClassPointers 1, UseCompactObjectHeaders 1
[0.008s][info][gc,metaspace] Narrow klass pointer bits 22, Max shift 10
[0.008s][info][gc,metaspace] Narrow klass base: 0x000001ff00000000, Narrow klass shift: 10
[0.008s][info][gc,metaspace] Encoding Range: [0x000001ff00000000 - 0x0000020000000000), (4294967296 bytes)
[0.008s][info][gc,metaspace] Klass Range:    [0x000001ff00010000 - 0x000001ff41000000), (1090453504 bytes)
[0.008s][info][gc,metaspace] Klass ID Range:  [64 - 1064960) (1064896)
[0.008s][info][gc,metaspace] Protection zone: [0x000001ff00000000 - 0x000001ff00010000), (65536 bytes)
[0.731s][info][gc,start    ] GC(0) Pause Young (Normal) (G1 Evacuation Pause)
[0.732s][info][gc,task     ] GC(0) Using 4 workers of 4 for evacuation
[0.737s][info][gc,phases   ] GC(0)   Pre Evacuate Collection Set: 0.15ms
[0.737s][info][gc,phases   ] GC(0)   Merge Heap Roots: 0.06ms
[0.737s][info][gc,phases   ] GC(0)   Evacuate Collection Set: 3.91ms
[0.737s][info][gc,phases   ] GC(0)   Post Evacuate Collection Set: 0.80ms
[0.737s][info][gc,phases   ] GC(0)   Other: 0.51ms
[0.737s][info][gc,heap     ] GC(0) Eden regions: 71->0(205)
[0.737s][info][gc,heap     ] GC(0) Survivor regions: 0->4(9)
[0.737s][info][gc,heap     ] GC(0) Old regions: 1->1
[0.737s][info][gc,heap     ] GC(0) Humongous regions: 2->2
[0.737s][info][gc,metaspace] GC(0) Metaspace: 17103K(17344K)->17103K(17344K) NonClass: 13509K(13632K)->13509K(13632K) Class: 3594K(3712K)->3594K(3712K)
[0.737s][info][gc          ] GC(0) Pause Young (Normal) (G1 Evacuation Pause) 147M->13M(2868M) 5.586ms
[0.737s][info][gc,cpu      ] GC(0) User=0.02s Sys=0.00s Real=0.01s
[1.253s][info][gc,start    ] GC(1) Pause Young (Concurrent Start) (Metadata GC Threshold)
[1.253s][info][gc,task     ] GC(1) Using 4 workers of 4 for evacuation
[1.260s][info][gc,phases   ] GC(1)   Pre Evacuate Collection Set: 0.25ms
[1.260s][info][gc,phases   ] GC(1)   Merge Heap Roots: 0.06ms
[1.260s][info][gc,phases   ] GC(1)   Evacuate Collection Set: 4.73ms
[1.260s][info][gc,phases   ] GC(1)   Post Evacuate Collection Set: 1.11ms
[1.260s][info][gc,phases   ] GC(1)   Other: 0.07ms
[1.260s][info][gc,heap     ] GC(1) Eden regions: 128->0(506)
[1.260s][info][gc,heap     ] GC(1) Survivor regions: 4->6(27)
[1.260s][info][gc,heap     ] GC(1) Old regions: 1->1
[1.260s][info][gc,heap     ] GC(1) Humongous regions: 2->2
[1.260s][info][gc,metaspace] GC(1) Metaspace: 21202K(21504K)->21202K(21504K) NonClass: 16561K(16704K)->16561K(16704K) Class: 4641K(4800K)->4641K(4800K)
[1.260s][info][gc          ] GC(1) Pause Young (Concurrent Start) (Metadata GC Threshold) 269M->16M(2868M) 6.367ms
[1.260s][info][gc,cpu      ] GC(1) User=0.02s Sys=0.00s Real=0.01s
[1.260s][info][gc          ] GC(2) Concurrent Mark Cycle
[1.260s][info][gc,marking  ] GC(2) Concurrent Scan Root Regions
[1.268s][info][gc,marking  ] GC(2) Concurrent Scan Root Regions 8.257ms
[1.268s][info][gc,marking  ] GC(2) Concurrent Mark
[1.268s][info][gc,marking  ] GC(2) Concurrent Mark From Roots
[1.268s][info][gc,task     ] GC(2) Using 1 workers of 1 for marking
[1.270s][info][gc,marking  ] GC(2) Concurrent Mark From Roots 2.412ms
[1.271s][info][gc,marking  ] GC(2) Concurrent Preclean
[1.271s][info][gc,marking  ] GC(2) Concurrent Preclean 0.007ms
[1.272s][info][gc,start    ] GC(2) Pause Remark
[1.274s][info][gc          ] GC(2) Pause Remark 20M->20M(60M) 2.913ms
[1.274s][info][gc,cpu      ] GC(2) User=0.01s Sys=0.00s Real=0.00s
[1.275s][info][gc,marking  ] GC(2) Concurrent Mark 6.502ms
[1.275s][info][gc,marking  ] GC(2) Concurrent Rebuild Remembered Sets and Scrub Regions
[1.275s][info][gc,marking  ] GC(2) Concurrent Rebuild Remembered Sets and Scrub Regions 0.426ms
[1.276s][info][gc,start    ] GC(2) Pause Cleanup
[1.276s][info][gc          ] GC(2) Pause Cleanup 20M->20M(60M) 0.025ms
[1.276s][info][gc,cpu      ] GC(2) User=0.00s Sys=0.00s Real=0.00s
[1.276s][info][gc,marking  ] GC(2) Concurrent Clear Claimed Marks
[1.276s][info][gc,marking  ] GC(2) Concurrent Clear Claimed Marks 0.049ms
[1.276s][info][gc,marking  ] GC(2) Concurrent Cleanup for Next Mark
[1.276s][info][gc,marking  ] GC(2) Concurrent Cleanup for Next Mark 0.331ms
[1.276s][info][gc          ] GC(2) Concurrent Mark Cycle 16.244ms
[1.418s][info][gc,start    ] GC(3) Pause Young (Prepare Mixed) (G1 Evacuation Pause)
[1.418s][info][gc,task     ] GC(3) Using 3 workers of 4 for evacuation
[1.424s][info][gc,phases   ] GC(3)   Pre Evacuate Collection Set: 0.12ms
[1.424s][info][gc,phases   ] GC(3)   Merge Heap Roots: 0.06ms
[1.424s][info][gc,phases   ] GC(3)   Evacuate Collection Set: 5.07ms
[1.424s][info][gc,phases   ] GC(3)   Post Evacuate Collection Set: 0.78ms
[1.424s][info][gc,phases   ] GC(3)   Other: 0.04ms
[1.424s][info][gc,heap     ] GC(3) Eden regions: 21->0(15)
[1.424s][info][gc,heap     ] GC(3) Survivor regions: 6->7(64)
[1.424s][info][gc,heap     ] GC(3) Old regions: 1->1
[1.424s][info][gc,heap     ] GC(3) Humongous regions: 2->2
[1.424s][info][gc,metaspace] GC(3) Metaspace: 22298K(22592K)->22298K(22592K) NonClass: 17500K(17664K)->17500K(17664K) Class: 4798K(4928K)->4798K(4928K)
[1.424s][info][gc          ] GC(3) Pause Young (Prepare Mixed) (G1 Evacuation Pause) 58M->18M(74M) 6.176ms
[1.424s][info][gc,cpu      ] GC(3) User=0.02s Sys=0.00s Real=0.00s
[1.462s][info][gc,start    ] GC(4) Pause Young (Mixed) (G1 Evacuation Pause)
[1.462s][info][gc,task     ] GC(4) Using 2 workers of 4 for evacuation
[1.471s][info][gc,phases   ] GC(4)   Pre Evacuate Collection Set: 0.14ms
[1.471s][info][gc,phases   ] GC(4)   Merge Heap Roots: 0.07ms
[1.471s][info][gc,phases   ] GC(4)   Evacuate Collection Set: 8.11ms
[1.471s][info][gc,phases   ] GC(4)   Post Evacuate Collection Set: 0.72ms
[1.471s][info][gc,phases   ] GC(4)   Other: 0.04ms
[1.471s][info][gc,heap     ] GC(4) Eden regions: 15->0(17)
[1.471s][info][gc,heap     ] GC(4) Survivor regions: 7->3(3)
[1.471s][info][gc,heap     ] GC(4) Old regions: 1->6
[1.471s][info][gc,heap     ] GC(4) Humongous regions: 2->2
[1.471s][info][gc,metaspace] GC(4) Metaspace: 22388K(22720K)->22388K(22720K) NonClass: 17558K(17728K)->17558K(17728K) Class: 4829K(4992K)->4829K(4992K)
[1.471s][info][gc          ] GC(4) Pause Young (Mixed) (G1 Evacuation Pause) 48M->21M(74M) 9.179ms
[1.471s][info][gc,cpu      ] GC(4) User=0.02s Sys=0.00s Real=0.01s
[1.591s][info][gc,start    ] GC(5) Pause Young (Normal) (G1 Evacuation Pause)
[1.591s][info][gc,task     ] GC(5) Using 2 workers of 4 for evacuation
[1.594s][info][gc,phases   ] GC(5)   Pre Evacuate Collection Set: 0.04ms
[1.594s][info][gc,phases   ] GC(5)   Merge Heap Roots: 0.04ms
[1.594s][info][gc,phases   ] GC(5)   Evacuate Collection Set: 2.63ms
[1.594s][info][gc,phases   ] GC(5)   Post Evacuate Collection Set: 0.30ms
[1.594s][info][gc,phases   ] GC(5)   Other: 0.04ms
[1.594s][info][gc,heap     ] GC(5) Eden regions: 17->0(18)
[1.594s][info][gc,heap     ] GC(5) Survivor regions: 3->1(3)
[1.594s][info][gc,heap     ] GC(5) Old regions: 6->8
[1.594s][info][gc,heap     ] GC(5) Humongous regions: 2->2
[1.594s][info][gc,metaspace] GC(5) Metaspace: 24261K(24640K)->24261K(24640K) NonClass: 19014K(19200K)->19014K(19200K) Class: 5246K(5440K)->5246K(5440K)
[1.594s][info][gc          ] GC(5) Pause Young (Normal) (G1 Evacuation Pause) 55M->21M(74M) 3.163ms
[1.594s][info][gc,cpu      ] GC(5) User=0.00s Sys=0.00s Real=0.00s
[1.694s][info][gc,start    ] GC(6) Pause Young (Normal) (G1 Evacuation Pause)
[1.694s][info][gc,task     ] GC(6) Using 2 workers of 4 for evacuation
[1.696s][info][gc,phases   ] GC(6)   Pre Evacuate Collection Set: 0.13ms
[1.696s][info][gc,phases   ] GC(6)   Merge Heap Roots: 0.05ms
[1.696s][info][gc,phases   ] GC(6)   Evacuate Collection Set: 1.22ms
[1.696s][info][gc,phases   ] GC(6)   Post Evacuate Collection Set: 0.35ms
[1.696s][info][gc,phases   ] GC(6)   Other: 0.04ms
[1.696s][info][gc,heap     ] GC(6) Eden regions: 18->0(19)
[1.696s][info][gc,heap     ] GC(6) Survivor regions: 1->1(3)
[1.696s][info][gc,heap     ] GC(6) Old regions: 8->8
[1.696s][info][gc,heap     ] GC(6) Humongous regions: 2->2
[1.696s][info][gc,metaspace] GC(6) Metaspace: 25850K(26240K)->25850K(26240K) NonClass: 20250K(20480K)->20250K(20480K) Class: 5599K(5760K)->5599K(5760K)
[1.696s][info][gc          ] GC(6) Pause Young (Normal) (G1 Evacuation Pause) 57M->21M(74M) 1.912ms
[1.696s][info][gc,cpu      ] GC(6) User=0.01s Sys=0.00s Real=0.01s
[1.836s][info][gc,start    ] GC(7) Pause Young (Normal) (G1 Evacuation Pause)
[1.836s][info][gc,task     ] GC(7) Using 2 workers of 4 for evacuation
[1.840s][info][gc,phases   ] GC(7)   Pre Evacuate Collection Set: 0.17ms
[1.840s][info][gc,phases   ] GC(7)   Merge Heap Roots: 0.08ms
[1.840s][info][gc,phases   ] GC(7)   Evacuate Collection Set: 2.37ms
[1.840s][info][gc,phases   ] GC(7)   Post Evacuate Collection Set: 1.45ms
[1.840s][info][gc,phases   ] GC(7)   Other: 0.05ms
[1.840s][info][gc,heap     ] GC(7) Eden regions: 19->0(439)
[1.840s][info][gc,heap     ] GC(7) Survivor regions: 1->2(3)
[1.840s][info][gc,heap     ] GC(7) Old regions: 8->8
[1.840s][info][gc,heap     ] GC(7) Humongous regions: 2->2
[1.840s][info][gc,metaspace] GC(7) Metaspace: 28720K(29184K)->28720K(29184K) NonClass: 22410K(22656K)->22410K(22656K) Class: 6309K(6528K)->6309K(6528K)
[1.840s][info][gc          ] GC(7) Pause Young (Normal) (G1 Evacuation Pause) 59M->22M(1472M) 4.261ms
[1.840s][info][gc,cpu      ] GC(7) User=0.01s Sys=0.01s Real=0.00s
[2.060s][info][gc,start    ] GC(8) Pause Young (Concurrent Start) (Metadata GC Threshold)
[2.060s][info][gc,task     ] GC(8) Using 4 workers of 4 for evacuation
[2.063s][info][gc,phases   ] GC(8)   Pre Evacuate Collection Set: 0.15ms
[2.063s][info][gc,phases   ] GC(8)   Merge Heap Roots: 0.04ms
[2.063s][info][gc,phases   ] GC(8)   Evacuate Collection Set: 1.85ms
[2.063s][info][gc,phases   ] GC(8)   Post Evacuate Collection Set: 0.76ms
[2.063s][info][gc,phases   ] GC(8)   Other: 0.04ms
[2.063s][info][gc,heap     ] GC(8) Eden regions: 39->0(438)
[2.063s][info][gc,heap     ] GC(8) Survivor regions: 2->3(56)
[2.063s][info][gc,heap     ] GC(8) Old regions: 8->8
[2.063s][info][gc,heap     ] GC(8) Humongous regions: 2->2
[2.063s][info][gc,metaspace] GC(8) Metaspace: 35874K(36288K)->35874K(36288K) NonClass: 27994K(28224K)->27994K(28224K) Class: 7879K(8064K)->7879K(8064K)
[2.063s][info][gc          ] GC(8) Pause Young (Concurrent Start) (Metadata GC Threshold) 100M->24M(1472M) 2.942ms
[2.063s][info][gc,cpu      ] GC(8) User=0.02s Sys=0.00s Real=0.00s
[2.063s][info][gc          ] GC(9) Concurrent Mark Cycle
[2.063s][info][gc,marking  ] GC(9) Concurrent Scan Root Regions
[2.067s][info][gc,marking  ] GC(9) Concurrent Scan Root Regions 3.590ms
[2.067s][info][gc,marking  ] GC(9) Concurrent Mark
[2.067s][info][gc,marking  ] GC(9) Concurrent Mark From Roots
[2.067s][info][gc,task     ] GC(9) Using 1 workers of 1 for marking
[2.082s][info][gc,marking  ] GC(9) Concurrent Mark From Roots 15.385ms
[2.082s][info][gc,marking  ] GC(9) Concurrent Preclean
[2.082s][info][gc,marking  ] GC(9) Concurrent Preclean 0.057ms
[2.084s][info][gc,start    ] GC(9) Pause Remark
[2.089s][info][gc          ] GC(9) Pause Remark 31M->31M(88M) 5.001ms
[2.089s][info][gc,cpu      ] GC(9) User=0.02s Sys=0.00s Real=0.01s
[2.089s][info][gc,marking  ] GC(9) Concurrent Mark 21.817ms
[2.089s][info][gc,marking  ] GC(9) Concurrent Rebuild Remembered Sets and Scrub Regions
[2.094s][info][gc,marking  ] GC(9) Concurrent Rebuild Remembered Sets and Scrub Regions 4.837ms
[2.095s][info][gc,start    ] GC(9) Pause Cleanup
[2.095s][info][gc          ] GC(9) Pause Cleanup 33M->33M(88M) 0.044ms
[2.095s][info][gc,cpu      ] GC(9) User=0.00s Sys=0.00s Real=0.00s
[2.095s][info][gc,marking  ] GC(9) Concurrent Clear Claimed Marks
[2.095s][info][gc,marking  ] GC(9) Concurrent Clear Claimed Marks 0.076ms
[2.095s][info][gc,marking  ] GC(9) Concurrent Cleanup for Next Mark
[2.095s][info][gc,marking  ] GC(9) Concurrent Cleanup for Next Mark 0.236ms
[2.095s][info][gc          ] GC(9) Concurrent Mark Cycle 31.878ms
[2.219s][info][gc,start    ] GC(10) Pause Young (Prepare Mixed) (G1 Evacuation Pause)
[2.219s][info][gc,task     ] GC(10) Using 4 workers of 4 for evacuation
[2.224s][info][gc,phases   ] GC(10)   Pre Evacuate Collection Set: 0.05ms
[2.224s][info][gc,phases   ] GC(10)   Merge Heap Roots: 0.03ms
[2.224s][info][gc,phases   ] GC(10)   Evacuate Collection Set: 4.16ms
[2.224s][info][gc,phases   ] GC(10)   Post Evacuate Collection Set: 0.45ms
[2.224s][info][gc,phases   ] GC(10)   Other: 0.04ms
[2.224s][info][gc,heap     ] GC(10) Eden regions: 31->0(24)
[2.224s][info][gc,heap     ] GC(10) Survivor regions: 3->4(56)
[2.224s][info][gc,heap     ] GC(10) Old regions: 8->8
[2.224s][info][gc,heap     ] GC(10) Humongous regions: 2->2
[2.224s][info][gc,metaspace] GC(10) Metaspace: 39905K(40320K)->39905K(40320K) NonClass: 31137K(31360K)->31137K(31360K) Class: 8768K(8960K)->8768K(8960K)
[2.224s][info][gc          ] GC(10) Pause Young (Prepare Mixed) (G1 Evacuation Pause) 86M->26M(96M) 4.837ms
[2.224s][info][gc,cpu      ] GC(10) User=0.01s Sys=0.00s Real=0.00s
[2.325s][info][gc,start    ] GC(11) Pause Young (Mixed) (G1 Evacuation Pause)
[2.325s][info][gc,task     ] GC(11) Using 4 workers of 4 for evacuation
[2.328s][info][gc,phases   ] GC(11)   Pre Evacuate Collection Set: 0.09ms
[2.328s][info][gc,phases   ] GC(11)   Merge Heap Roots: 0.05ms
[2.328s][info][gc,phases   ] GC(11)   Evacuate Collection Set: 2.54ms
[2.328s][info][gc,phases   ] GC(11)   Post Evacuate Collection Set: 0.44ms
[2.328s][info][gc,phases   ] GC(11)   Other: 0.06ms
[2.328s][info][gc,heap     ] GC(11) Eden regions: 24->0(24)
[2.328s][info][gc,heap     ] GC(11) Survivor regions: 4->4(4)
[2.328s][info][gc,heap     ] GC(11) Old regions: 8->10
[2.328s][info][gc,heap     ] GC(11) Humongous regions: 2->2
[2.328s][info][gc,metaspace] GC(11) Metaspace: 42073K(42496K)->42073K(42496K) NonClass: 32615K(32832K)->32615K(32832K) Class: 9458K(9664K)->9458K(9664K)
[2.328s][info][gc          ] GC(11) Pause Young (Mixed) (G1 Evacuation Pause) (Evacuation Failure: Pinned) 74M->29M(96M) 3.275ms
[2.328s][info][gc,cpu      ] GC(11) User=0.01s Sys=0.00s Real=0.01s
[2.436s][info][gc,start    ] GC(12) Pause Young (Normal) (G1 Evacuation Pause)
[2.436s][info][gc,task     ] GC(12) Using 3 workers of 4 for evacuation
[2.440s][info][gc,phases   ] GC(12)   Pre Evacuate Collection Set: 0.11ms
[2.440s][info][gc,phases   ] GC(12)   Merge Heap Roots: 0.06ms
[2.440s][info][gc,phases   ] GC(12)   Evacuate Collection Set: 3.03ms
[2.440s][info][gc,phases   ] GC(12)   Post Evacuate Collection Set: 0.39ms
[2.440s][info][gc,phases   ] GC(12)   Other: 0.04ms
[2.440s][info][gc,heap     ] GC(12) Eden regions: 24->0(25)
[2.440s][info][gc,heap     ] GC(12) Survivor regions: 4->3(4)
[2.440s][info][gc,heap     ] GC(12) Old regions: 10->11
[2.440s][info][gc,heap     ] GC(12) Humongous regions: 2->2
[2.440s][info][gc,metaspace] GC(12) Metaspace: 43849K(44288K)->43849K(44288K) NonClass: 34031K(34304K)->34031K(34304K) Class: 9817K(9984K)->9817K(9984K)
[2.440s][info][gc          ] GC(12) Pause Young (Normal) (G1 Evacuation Pause) 77M->30M(96M) 3.743ms
[2.440s][info][gc,cpu      ] GC(12) User=0.01s Sys=0.00s Real=0.00s
[2.571s][info][gc,start    ] GC(13) Pause Young (Normal) (G1 Evacuation Pause)
[2.571s][info][gc,task     ] GC(13) Using 2 workers of 4 for evacuation
[2.575s][info][gc,phases   ] GC(13)   Pre Evacuate Collection Set: 0.10ms
[2.575s][info][gc,phases   ] GC(13)   Merge Heap Roots: 0.05ms
[2.575s][info][gc,phases   ] GC(13)   Evacuate Collection Set: 3.75ms
[2.575s][info][gc,phases   ] GC(13)   Post Evacuate Collection Set: 0.38ms
[2.575s][info][gc,phases   ] GC(13)   Other: 0.05ms
[2.575s][info][gc,heap     ] GC(13) Eden regions: 25->0(24)
[2.575s][info][gc,heap     ] GC(13) Survivor regions: 3->4(4)
[2.575s][info][gc,heap     ] GC(13) Old regions: 11->13
[2.575s][info][gc,heap     ] GC(13) Humongous regions: 2->2
[2.575s][info][gc,metaspace] GC(13) Metaspace: 44944K(45440K)->44944K(45440K) NonClass: 34920K(35200K)->34920K(35200K) Class: 10023K(10240K)->10023K(10240K)
[2.575s][info][gc          ] GC(13) Pause Young (Normal) (G1 Evacuation Pause) 80M->34M(96M) 4.435ms
[2.575s][info][gc,cpu      ] GC(13) User=0.01s Sys=0.00s Real=0.00s
[2.711s][info][gc,start    ] GC(14) Pause Young (Normal) (G1 Evacuation Pause)
[2.711s][info][gc,task     ] GC(14) Using 2 workers of 4 for evacuation
[2.717s][info][gc,phases   ] GC(14)   Pre Evacuate Collection Set: 0.14ms
[2.717s][info][gc,phases   ] GC(14)   Merge Heap Roots: 0.08ms
[2.717s][info][gc,phases   ] GC(14)   Evacuate Collection Set: 4.18ms
[2.717s][info][gc,phases   ] GC(14)   Post Evacuate Collection Set: 1.07ms
[2.717s][info][gc,phases   ] GC(14)   Other: 0.06ms
[2.717s][info][gc,heap     ] GC(14) Eden regions: 24->0(441)
[2.717s][info][gc,heap     ] GC(14) Survivor regions: 4->3(4)
[2.717s][info][gc,heap     ] GC(14) Old regions: 13->14
[2.717s][info][gc,heap     ] GC(14) Humongous regions: 2->2
[2.717s][info][gc,metaspace] GC(14) Metaspace: 46770K(47232K)->46770K(47232K) NonClass: 36339K(36608K)->36339K(36608K) Class: 10430K(10624K)->10430K(10624K)
[2.717s][info][gc          ] GC(14) Pause Young (Normal) (G1 Evacuation Pause) 82M->35M(1482M) 5.651ms
[2.717s][info][gc,cpu      ] GC(14) User=0.02s Sys=0.00s Real=0.01s
[3.739s][info][gc,start    ] GC(15) Pause Young (Concurrent Start) (Metadata GC Threshold)
[3.739s][info][gc,task     ] GC(15) Using 4 workers of 4 for evacuation
[3.747s][info][gc,phases   ] GC(15)   Pre Evacuate Collection Set: 0.20ms
[3.747s][info][gc,phases   ] GC(15)   Merge Heap Roots: 0.09ms
[3.747s][info][gc,phases   ] GC(15)   Evacuate Collection Set: 6.83ms
[3.747s][info][gc,phases   ] GC(15)   Post Evacuate Collection Set: 1.00ms
[3.747s][info][gc,phases   ] GC(15)   Other: 0.05ms
[3.747s][info][gc,heap     ] GC(15) Eden regions: 144->0(438)
[3.747s][info][gc,heap     ] GC(15) Survivor regions: 3->6(56)
[3.747s][info][gc,heap     ] GC(15) Old regions: 14->14
[3.747s][info][gc,heap     ] GC(15) Humongous regions: 2->2
[3.747s][info][gc,metaspace] GC(15) Metaspace: 60685K(61248K)->60685K(61248K) NonClass: 46967K(47296K)->46967K(47296K) Class: 13717K(13952K)->13717K(13952K)
[3.747s][info][gc          ] GC(15) Pause Young (Concurrent Start) (Metadata GC Threshold) 323M->41M(1482M) 8.269ms
[3.747s][info][gc,cpu      ] GC(15) User=0.04s Sys=0.00s Real=0.01s
[3.747s][info][gc          ] GC(16) Concurrent Mark Cycle
[3.747s][info][gc,marking  ] GC(16) Concurrent Scan Root Regions
[3.754s][info][gc,marking  ] GC(16) Concurrent Scan Root Regions 6.852ms
[3.754s][info][gc,marking  ] GC(16) Concurrent Mark
[3.754s][info][gc,marking  ] GC(16) Concurrent Mark From Roots
[3.754s][info][gc,task     ] GC(16) Using 1 workers of 1 for marking
[3.779s][info][gc,marking  ] GC(16) Concurrent Mark From Roots 25.164ms
[3.779s][info][gc,marking  ] GC(16) Concurrent Preclean
[3.779s][info][gc,marking  ] GC(16) Concurrent Preclean 0.075ms
[3.779s][info][gc,start    ] GC(16) Pause Remark
[3.784s][info][gc          ] GC(16) Pause Remark 49M->49M(148M) 4.700ms
[3.784s][info][gc,cpu      ] GC(16) User=0.02s Sys=0.00s Real=0.00s
[3.784s][info][gc,marking  ] GC(16) Concurrent Mark 30.338ms
[3.784s][info][gc,marking  ] GC(16) Concurrent Rebuild Remembered Sets and Scrub Regions
[3.795s][info][gc,marking  ] GC(16) Concurrent Rebuild Remembered Sets and Scrub Regions 10.311ms
[3.795s][info][gc,start    ] GC(16) Pause Cleanup
[3.796s][info][gc          ] GC(16) Pause Cleanup 55M->55M(148M) 0.065ms
[3.796s][info][gc,cpu      ] GC(16) User=0.00s Sys=0.00s Real=0.00s
[3.796s][info][gc,marking  ] GC(16) Concurrent Clear Claimed Marks
[3.796s][info][gc,marking  ] GC(16) Concurrent Clear Claimed Marks 0.082ms
[3.796s][info][gc,marking  ] GC(16) Concurrent Cleanup for Next Mark
[3.796s][info][gc,marking  ] GC(16) Concurrent Cleanup for Next Mark 0.323ms
[3.796s][info][gc          ] GC(16) Concurrent Mark Cycle 49.011ms
[4.035s][info][gc,start    ] GC(17) Pause Young (Prepare Mixed) (G1 Evacuation Pause)
[4.035s][info][gc,task     ] GC(17) Using 4 workers of 4 for evacuation
[4.041s][info][gc,phases   ] GC(17)   Pre Evacuate Collection Set: 0.15ms
[4.041s][info][gc,phases   ] GC(17)   Merge Heap Roots: 0.11ms
[4.041s][info][gc,phases   ] GC(17)   Evacuate Collection Set: 5.24ms
[4.041s][info][gc,phases   ] GC(17)   Post Evacuate Collection Set: 0.78ms
[4.041s][info][gc,phases   ] GC(17)   Other: 0.06ms
[4.041s][info][gc,heap     ] GC(17) Eden regions: 38->0(42)
[4.041s][info][gc,heap     ] GC(17) Survivor regions: 6->2(6)
[4.041s][info][gc,heap     ] GC(17) Old regions: 14->20
[4.041s][info][gc,heap     ] GC(17) Humongous regions: 2->2
[4.041s][info][gc,metaspace] GC(17) Metaspace: 65286K(65920K)->65286K(65920K) NonClass: 50412K(50752K)->50412K(50752K) Class: 14874K(15168K)->14874K(15168K)
[4.041s][info][gc          ] GC(17) Pause Young (Prepare Mixed) (G1 Evacuation Pause) 117M->43M(148M) 6.495ms
[4.041s][info][gc,cpu      ] GC(17) User=0.02s Sys=0.00s Real=0.01s
[4.302s][info][gc,start    ] GC(18) Pause Young (Mixed) (G1 Evacuation Pause)
[4.302s][info][gc,task     ] GC(18) Using 4 workers of 4 for evacuation
[4.305s][info][gc,phases   ] GC(18)   Pre Evacuate Collection Set: 0.15ms
[4.305s][info][gc,phases   ] GC(18)   Merge Heap Roots: 0.09ms
[4.305s][info][gc,phases   ] GC(18)   Evacuate Collection Set: 2.31ms
[4.305s][info][gc,phases   ] GC(18)   Post Evacuate Collection Set: 0.57ms
[4.305s][info][gc,phases   ] GC(18)   Other: 0.05ms
[4.305s][info][gc,heap     ] GC(18) Eden regions: 42->0(41)
[4.305s][info][gc,heap     ] GC(18) Survivor regions: 2->3(6)
[4.305s][info][gc,heap     ] GC(18) Old regions: 20->19
[4.305s][info][gc,heap     ] GC(18) Humongous regions: 2->2
[4.305s][info][gc,metaspace] GC(18) Metaspace: 69059K(69696K)->69059K(69696K) NonClass: 53424K(53760K)->53424K(53760K) Class: 15634K(15936K)->15634K(15936K)
[4.305s][info][gc          ] GC(18) Pause Young (Mixed) (G1 Evacuation Pause) 127M->43M(148M) 3.277ms
[4.305s][info][gc,cpu      ] GC(18) User=0.02s Sys=0.00s Real=0.00s
[4.523s][info][gc,start    ] GC(19) Pause Young (Normal) (G1 Evacuation Pause)
[4.523s][info][gc,task     ] GC(19) Using 4 workers of 4 for evacuation
[4.527s][info][gc,phases   ] GC(19)   Pre Evacuate Collection Set: 0.14ms
[4.527s][info][gc,phases   ] GC(19)   Merge Heap Roots: 0.07ms
[4.527s][info][gc,phases   ] GC(19)   Evacuate Collection Set: 3.01ms
[4.527s][info][gc,phases   ] GC(19)   Post Evacuate Collection Set: 0.94ms
[4.527s][info][gc,phases   ] GC(19)   Other: 0.06ms
[4.527s][info][gc,heap     ] GC(19) Eden regions: 41->0(41)
[4.527s][info][gc,heap     ] GC(19) Survivor regions: 3->3(6)
[4.527s][info][gc,heap     ] GC(19) Old regions: 19->19
[4.527s][info][gc,heap     ] GC(19) Humongous regions: 2->2
[4.527s][info][gc,metaspace] GC(19) Metaspace: 74878K(75584K)->74878K(75584K) NonClass: 58229K(58624K)->58229K(58624K) Class: 16648K(16960K)->16648K(16960K)
[4.527s][info][gc          ] GC(19) Pause Young (Normal) (G1 Evacuation Pause) 125M->45M(148M) 4.352ms
[4.527s][info][gc,cpu      ] GC(19) User=0.01s Sys=0.00s Real=0.01s
[5.186s][info][gc,start    ] GC(20) Pause Young (Normal) (G1 Evacuation Pause)
[5.186s][info][gc,task     ] GC(20) Using 4 workers of 4 for evacuation
[5.191s][info][gc,phases   ] GC(20)   Pre Evacuate Collection Set: 0.13ms
[5.191s][info][gc,phases   ] GC(20)   Merge Heap Roots: 0.11ms
[5.191s][info][gc,phases   ] GC(20)   Evacuate Collection Set: 4.22ms
[5.191s][info][gc,phases   ] GC(20)   Post Evacuate Collection Set: 0.76ms
[5.191s][info][gc,phases   ] GC(20)   Other: 0.07ms
[5.191s][info][gc,heap     ] GC(20) Eden regions: 41->0(39)
[5.191s][info][gc,heap     ] GC(20) Survivor regions: 3->5(6)
[5.191s][info][gc,heap     ] GC(20) Old regions: 19->19
[5.191s][info][gc,heap     ] GC(20) Humongous regions: 2->2
[5.191s][info][gc,metaspace] GC(20) Metaspace: 79196K(79936K)->79196K(79936K) NonClass: 61480K(61888K)->61480K(61888K) Class: 17715K(18048K)->17715K(18048K)
[5.192s][info][gc          ] GC(20) Pause Young (Normal) (G1 Evacuation Pause) 127M->48M(148M) 5.395ms
[5.192s][info][gc,cpu      ] GC(20) User=0.02s Sys=0.00s Real=0.00s
[6.335s][info][gc,start    ] GC(21) Pause Young (Normal) (G1 Evacuation Pause)
[6.335s][info][gc,task     ] GC(21) Using 4 workers of 4 for evacuation
[6.341s][info][gc,phases   ] GC(21)   Pre Evacuate Collection Set: 0.11ms
[6.341s][info][gc,phases   ] GC(21)   Merge Heap Roots: 0.09ms
[6.341s][info][gc,phases   ] GC(21)   Evacuate Collection Set: 4.88ms
[6.341s][info][gc,phases   ] GC(21)   Post Evacuate Collection Set: 0.77ms
[6.341s][info][gc,phases   ] GC(21)   Other: 0.07ms
[6.341s][info][gc,heap     ] GC(21) Eden regions: 39->0(40)
[6.341s][info][gc,heap     ] GC(21) Survivor regions: 5->4(6)
[6.341s][info][gc,heap     ] GC(21) Old regions: 19->21
[6.341s][info][gc,heap     ] GC(21) Humongous regions: 2->2
[6.341s][info][gc,metaspace] GC(21) Metaspace: 84233K(85120K)->84233K(85120K) NonClass: 65303K(65792K)->65303K(65792K) Class: 18929K(19328K)->18929K(19328K)
[6.341s][info][gc          ] GC(21) Pause Young (Normal) (G1 Evacuation Pause) 126M->50M(148M) 6.086ms
[6.341s][info][gc,cpu      ] GC(21) User=0.02s Sys=0.00s Real=0.01s
[15.483s][info][gc,start    ] GC(22) Pause Young (Normal) (G1 Evacuation Pause)
[15.483s][info][gc,task     ] GC(22) Using 4 workers of 4 for evacuation
[15.487s][info][gc,phases   ] GC(22)   Pre Evacuate Collection Set: 0.12ms
[15.487s][info][gc,phases   ] GC(22)   Merge Heap Roots: 0.06ms
[15.487s][info][gc,phases   ] GC(22)   Evacuate Collection Set: 3.50ms
[15.487s][info][gc,phases   ] GC(22)   Post Evacuate Collection Set: 0.51ms
[15.487s][info][gc,phases   ] GC(22)   Other: 0.05ms
[15.487s][info][gc,heap     ] GC(22) Eden regions: 40->0(40)
[15.487s][info][gc,heap     ] GC(22) Survivor regions: 4->4(6)
[15.487s][info][gc,heap     ] GC(22) Old regions: 21->21
[15.487s][info][gc,heap     ] GC(22) Humongous regions: 2->2
[15.487s][info][gc,metaspace] GC(22) Metaspace: 89247K(90112K)->89247K(90112K) NonClass: 69092K(69568K)->69092K(69568K) Class: 20154K(20544K)->20154K(20544K)
[15.487s][info][gc          ] GC(22) Pause Young (Normal) (G1 Evacuation Pause) 130M->51M(148M) 4.337ms
[15.487s][info][gc,cpu      ] GC(22) User=0.02s Sys=0.00s Real=0.01s
[15.575s][info][gc,start    ] GC(23) Pause Young (Normal) (G1 Evacuation Pause)
[15.575s][info][gc,task     ] GC(23) Using 4 workers of 4 for evacuation
[15.578s][info][gc,phases   ] GC(23)   Pre Evacuate Collection Set: 0.09ms
[15.578s][info][gc,phases   ] GC(23)   Merge Heap Roots: 0.05ms
[15.578s][info][gc,phases   ] GC(23)   Evacuate Collection Set: 2.85ms
[15.578s][info][gc,phases   ] GC(23)   Post Evacuate Collection Set: 0.39ms
[15.578s][info][gc,phases   ] GC(23)   Other: 0.04ms
[15.578s][info][gc,heap     ] GC(23) Eden regions: 40->0(41)
[15.578s][info][gc,heap     ] GC(23) Survivor regions: 4->3(6)
[15.578s][info][gc,heap     ] GC(23) Old regions: 21->23
[15.578s][info][gc,heap     ] GC(23) Humongous regions: 2->2
[15.578s][info][gc,metaspace] GC(23) Metaspace: 90020K(90880K)->90020K(90880K) NonClass: 69688K(70144K)->69688K(70144K) Class: 20332K(20736K)->20332K(20736K)
[15.579s][info][gc          ] GC(23) Pause Young (Normal) (G1 Evacuation Pause) 131M->51M(148M) 3.514ms
[15.579s][info][gc,cpu      ] GC(23) User=0.01s Sys=0.00s Real=0.01s
[15.732s][info][gc,start    ] GC(24) Pause Young (Concurrent Start) (G1 Evacuation Pause)
[15.732s][info][gc,task     ] GC(24) Using 4 workers of 4 for evacuation
[15.736s][info][gc,phases   ] GC(24)   Pre Evacuate Collection Set: 0.17ms
[15.736s][info][gc,phases   ] GC(24)   Merge Heap Roots: 0.07ms
[15.736s][info][gc,phases   ] GC(24)   Evacuate Collection Set: 2.72ms
[15.736s][info][gc,phases   ] GC(24)   Post Evacuate Collection Set: 1.13ms
[15.736s][info][gc,phases   ] GC(24)   Other: 0.04ms
[15.736s][info][gc,heap     ] GC(24) Eden regions: 41->0(448)
[15.736s][info][gc,heap     ] GC(24) Survivor regions: 3->4(6)
[15.736s][info][gc,heap     ] GC(24) Old regions: 23->23
[15.736s][info][gc,heap     ] GC(24) Humongous regions: 2->2
[15.736s][info][gc,metaspace] GC(24) Metaspace: 93342K(94272K)->93342K(94272K) NonClass: 72243K(72704K)->72243K(72704K) Class: 21099K(21568K)->21099K(21568K)
[15.736s][info][gc          ] GC(24) Pause Young (Concurrent Start) (G1 Evacuation Pause) 133M->53M(1508M) 4.481ms
[15.736s][info][gc,cpu      ] GC(24) User=0.01s Sys=0.00s Real=0.01s
[15.736s][info][gc          ] GC(25) Concurrent Mark Cycle
[15.736s][info][gc,marking  ] GC(25) Concurrent Scan Root Regions
[15.740s][info][gc,marking  ] GC(25) Concurrent Scan Root Regions 3.746ms
[15.740s][info][gc,marking  ] GC(25) Concurrent Mark
[15.740s][info][gc,marking  ] GC(25) Concurrent Mark From Roots
[15.740s][info][gc,task     ] GC(25) Using 1 workers of 1 for marking
[15.770s][info][gc,marking  ] GC(25) Concurrent Mark From Roots 30.227ms
[15.770s][info][gc,marking  ] GC(25) Concurrent Preclean
[15.770s][info][gc,marking  ] GC(25) Concurrent Preclean 0.109ms
[15.770s][info][gc,start    ] GC(25) Pause Remark
[15.775s][info][gc          ] GC(25) Pause Remark 68M->68M(194M) 4.364ms
[15.775s][info][gc,cpu      ] GC(25) User=0.02s Sys=0.00s Real=0.00s
[15.775s][info][gc,marking  ] GC(25) Concurrent Mark 34.863ms
[15.775s][info][gc,marking  ] GC(25) Concurrent Rebuild Remembered Sets and Scrub Regions
[15.789s][info][gc,marking  ] GC(25) Concurrent Rebuild Remembered Sets and Scrub Regions 13.999ms
[15.790s][info][gc,start    ] GC(25) Pause Cleanup
[15.790s][info][gc          ] GC(25) Pause Cleanup 72M->72M(194M) 0.036ms
[15.790s][info][gc,cpu      ] GC(25) User=0.00s Sys=0.00s Real=0.00s
[15.790s][info][gc,marking  ] GC(25) Concurrent Clear Claimed Marks
[15.790s][info][gc,marking  ] GC(25) Concurrent Clear Claimed Marks 0.098ms
[15.790s][info][gc,marking  ] GC(25) Concurrent Cleanup for Next Mark
[15.790s][info][gc,marking  ] GC(25) Concurrent Cleanup for Next Mark 0.129ms
[15.790s][info][gc          ] GC(25) Concurrent Mark Cycle 53.886ms
[16.270s][info][gc,start    ] GC(26) Pause Young (Prepare Mixed) (G1 Evacuation Pause)
[16.270s][info][gc,task     ] GC(26) Using 4 workers of 4 for evacuation
[16.274s][info][gc,phases   ] GC(26)   Pre Evacuate Collection Set: 0.10ms
[16.274s][info][gc,phases   ] GC(26)   Merge Heap Roots: 0.06ms
[16.274s][info][gc,phases   ] GC(26)   Evacuate Collection Set: 3.56ms
[16.274s][info][gc,phases   ] GC(26)   Post Evacuate Collection Set: 0.45ms
[16.274s][info][gc,phases   ] GC(26)   Other: 0.04ms
[16.274s][info][gc,heap     ] GC(26) Eden regions: 54->0(53)
[16.274s][info][gc,heap     ] GC(26) Survivor regions: 4->5(8)
[16.274s][info][gc,heap     ] GC(26) Old regions: 23->23
[16.274s][info][gc,heap     ] GC(26) Humongous regions: 2->2
[16.274s][info][gc,metaspace] GC(26) Metaspace: 97595K(98688K)->97595K(98688K) NonClass: 75593K(76224K)->75593K(76224K) Class: 22002K(22464K)->22002K(22464K)
[16.274s][info][gc          ] GC(26) Pause Young (Prepare Mixed) (G1 Evacuation Pause) 161M->55M(194M) 4.297ms
[16.274s][info][gc,cpu      ] GC(26) User=0.02s Sys=0.00s Real=0.00s
[16.316s][info][gc,start    ] GC(27) Pause Young (Mixed) (G1 Evacuation Pause)
[16.316s][info][gc,task     ] GC(27) Using 4 workers of 4 for evacuation
[16.321s][info][gc,phases   ] GC(27)   Pre Evacuate Collection Set: 0.13ms
[16.321s][info][gc,phases   ] GC(27)   Merge Heap Roots: 0.09ms
[16.321s][info][gc,phases   ] GC(27)   Evacuate Collection Set: 3.97ms
[16.321s][info][gc,phases   ] GC(27)   Post Evacuate Collection Set: 0.71ms
[16.321s][info][gc,phases   ] GC(27)   Other: 0.05ms
[16.321s][info][gc,heap     ] GC(27) Eden regions: 13->0(15)
[16.321s][info][gc,heap     ] GC(27) Survivor regions: 5->5(8)
[16.321s][info][gc,heap     ] GC(27) Old regions: 23->22
[16.321s][info][gc,heap     ] GC(27) Humongous regions: 56->55
[16.321s][info][gc,metaspace] GC(27) Metaspace: 97940K(99008K)->97940K(99008K) NonClass: 75887K(76480K)->75887K(76480K) Class: 22052K(22528K)->22052K(22528K)
[16.321s][info][gc          ] GC(27) Pause Young (Mixed) (G1 Evacuation Pause) 189M->161M(206M) 5.118ms
[16.321s][info][gc,cpu      ] GC(27) User=0.02s Sys=0.00s Real=0.00s
[16.322s][info][gc,start    ] GC(28) Pause Young (Concurrent Start) (G1 Humongous Allocation)
[16.322s][info][gc,task     ] GC(28) Using 4 workers of 4 for evacuation
[16.326s][info][gc,phases   ] GC(28)   Pre Evacuate Collection Set: 0.15ms
[16.326s][info][gc,phases   ] GC(28)   Merge Heap Roots: 0.06ms
[16.326s][info][gc,phases   ] GC(28)   Evacuate Collection Set: 3.12ms
[16.326s][info][gc,phases   ] GC(28)   Post Evacuate Collection Set: 0.36ms
[16.326s][info][gc,phases   ] GC(28)   Other: 0.05ms
[16.326s][info][gc,heap     ] GC(28) Eden regions: 1->0(14)
[16.326s][info][gc,heap     ] GC(28) Survivor regions: 5->2(3)
[16.326s][info][gc,heap     ] GC(28) Old regions: 22->26
[16.326s][info][gc,heap     ] GC(28) Humongous regions: 55->55
[16.326s][info][gc,metaspace] GC(28) Metaspace: 97945K(99008K)->97945K(99008K) NonClass: 75892K(76480K)->75892K(76480K) Class: 22052K(22528K)->22052K(22528K)
[16.326s][info][gc          ] GC(28) Pause Young (Concurrent Start) (G1 Humongous Allocation) 162M->162M(206M) 3.818ms
[16.326s][info][gc,cpu      ] GC(28) User=0.01s Sys=0.00s Real=0.01s
[16.326s][info][gc          ] GC(29) Concurrent Mark Cycle
[16.326s][info][gc,marking  ] GC(29) Concurrent Scan Root Regions
[16.332s][info][gc,marking  ] GC(29) Concurrent Scan Root Regions 5.333ms
[16.332s][info][gc,marking  ] GC(29) Concurrent Mark
[16.332s][info][gc,marking  ] GC(29) Concurrent Mark From Roots
[16.332s][info][gc,task     ] GC(29) Using 1 workers of 1 for marking
[16.335s][info][gc,start    ] GC(30) Pause Young (Normal) (G1 Evacuation Pause)
[16.335s][info][gc,task     ] GC(30) Using 4 workers of 4 for evacuation
[16.337s][info][gc,phases   ] GC(30)   Pre Evacuate Collection Set: 0.13ms
[16.337s][info][gc,phases   ] GC(30)   Merge Heap Roots: 0.05ms
[16.337s][info][gc,phases   ] GC(30)   Evacuate Collection Set: 0.77ms
[16.337s][info][gc,phases   ] GC(30)   Post Evacuate Collection Set: 0.48ms
[16.337s][info][gc,phases   ] GC(30)   Other: 0.04ms
[16.337s][info][gc,heap     ] GC(30) Eden regions: 5->0(9)
[16.337s][info][gc,heap     ] GC(30) Survivor regions: 2->1(2)
[16.337s][info][gc,heap     ] GC(30) Old regions: 26->26
[16.337s][info][gc,heap     ] GC(30) Humongous regions: 72->64
[16.337s][info][gc,metaspace] GC(30) Metaspace: 97980K(99072K)->97980K(99072K) NonClass: 75925K(76544K)->75925K(76544K) Class: 22054K(22528K)->22054K(22528K)
[16.337s][info][gc          ] GC(30) Pause Young (Normal) (G1 Evacuation Pause) 206M->179M(212M) 1.567ms
[16.337s][info][gc,cpu      ] GC(30) User=0.00s Sys=0.00s Real=0.01s
[16.346s][info][gc,start    ] GC(31) Pause Young (Normal) (G1 Evacuation Pause)
[16.347s][info][gc,task     ] GC(31) Using 4 workers of 4 for evacuation
[16.348s][info][gc,phases   ] GC(31)   Pre Evacuate Collection Set: 0.10ms
[16.348s][info][gc,phases   ] GC(31)   Merge Heap Roots: 0.05ms
[16.348s][info][gc,phases   ] GC(31)   Evacuate Collection Set: 0.64ms
[16.348s][info][gc,phases   ] GC(31)   Post Evacuate Collection Set: 0.56ms
[16.348s][info][gc,phases   ] GC(31)   Other: 0.07ms
[16.348s][info][gc,heap     ] GC(31) Eden regions: 8->0(8)
[16.348s][info][gc,heap     ] GC(31) Survivor regions: 1->1(2)
[16.348s][info][gc,heap     ] GC(31) Old regions: 26->26
[16.348s][info][gc,heap     ] GC(31) Humongous regions: 88->82
[16.348s][info][gc,metaspace] GC(31) Metaspace: 98012K(99136K)->98012K(99136K) NonClass: 75957K(76608K)->75957K(76608K) Class: 22054K(22528K)->22054K(22528K)
[16.348s][info][gc          ] GC(31) Pause Young (Normal) (G1 Evacuation Pause) 243M->216M(248M) 1.588ms
[16.348s][info][gc,cpu      ] GC(31) User=0.00s Sys=0.01s Real=0.00s
[16.361s][info][gc,start    ] GC(32) Pause Young (Normal) (G1 Evacuation Pause)
[16.361s][info][gc,task     ] GC(32) Using 4 workers of 4 for evacuation
[16.362s][info][gc,phases   ] GC(32)   Pre Evacuate Collection Set: 0.14ms
[16.362s][info][gc,phases   ] GC(32)   Merge Heap Roots: 0.04ms
[16.362s][info][gc,phases   ] GC(32)   Evacuate Collection Set: 0.63ms
[16.362s][info][gc,phases   ] GC(32)   Post Evacuate Collection Set: 0.74ms
[16.362s][info][gc,phases   ] GC(32)   Other: 0.05ms
[16.362s][info][gc,heap     ] GC(32) Eden regions: 6->0(474)
[16.362s][info][gc,heap     ] GC(32) Survivor regions: 1->1(2)
[16.362s][info][gc,heap     ] GC(32) Old regions: 26->26
[16.362s][info][gc,heap     ] GC(32) Humongous regions: 118->100
[16.362s][info][gc,metaspace] GC(32) Metaspace: 98086K(99200K)->98086K(99200K) NonClass: 76029K(76672K)->76029K(76672K) Class: 22056K(22528K)->22056K(22528K)
[16.362s][info][gc          ] GC(32) Pause Young (Normal) (G1 Evacuation Pause) 300M->250M(1586M) 1.687ms
[16.362s][info][gc,cpu      ] GC(32) User=0.00s Sys=0.01s Real=0.00s
[16.379s][info][gc,marking  ] GC(29) Concurrent Mark From Roots 47.279ms
[16.379s][info][gc,marking  ] GC(29) Concurrent Preclean
[16.379s][info][gc,marking  ] GC(29) Concurrent Preclean 0.128ms
[16.379s][info][gc,start    ] GC(29) Pause Remark
[16.410s][info][gc          ] GC(29) Pause Remark 344M->344M(1114M) 30.614ms
[16.410s][info][gc,cpu      ] GC(29) User=0.03s Sys=0.00s Real=0.03s
[16.410s][info][gc,marking  ] GC(29) Concurrent Mark 78.194ms
[16.410s][info][gc,marking  ] GC(29) Concurrent Rebuild Remembered Sets and Scrub Regions
[16.427s][info][gc,marking  ] GC(29) Concurrent Rebuild Remembered Sets and Scrub Regions 17.255ms
[16.427s][info][gc,start    ] GC(29) Pause Cleanup
[16.427s][info][gc          ] GC(29) Pause Cleanup 344M->344M(1114M) 0.045ms
[16.427s][info][gc,cpu      ] GC(29) User=0.00s Sys=0.00s Real=0.00s
[16.427s][info][gc,marking  ] GC(29) Concurrent Clear Claimed Marks
[16.427s][info][gc,marking  ] GC(29) Concurrent Clear Claimed Marks 0.142ms
[16.427s][info][gc,marking  ] GC(29) Concurrent Cleanup for Next Mark
[16.428s][info][gc,marking  ] GC(29) Concurrent Cleanup for Next Mark 0.719ms
[16.428s][info][gc          ] GC(29) Concurrent Mark Cycle 101.848ms
[42.819s][info][gc,start    ] GC(33) Pause Young (Prepare Mixed) (G1 Evacuation Pause)
[42.819s][info][gc,task     ] GC(33) Using 4 workers of 4 for evacuation
[42.823s][info][gc,phases   ] GC(33)   Pre Evacuate Collection Set: 0.14ms
[42.823s][info][gc,phases   ] GC(33)   Merge Heap Roots: 0.06ms
[42.823s][info][gc,phases   ] GC(33)   Evacuate Collection Set: 2.88ms
[42.823s][info][gc,phases   ] GC(33)   Post Evacuate Collection Set: 0.82ms
[42.823s][info][gc,phases   ] GC(33)   Other: 0.05ms
[42.823s][info][gc,heap     ] GC(33) Eden regions: 140->0(339)
[42.823s][info][gc,heap     ] GC(33) Survivor regions: 1->3(42)
[42.823s][info][gc,heap     ] GC(33) Old regions: 26->26
[42.823s][info][gc,heap     ] GC(33) Humongous regions: 400->87
[42.823s][info][gc,metaspace] GC(33) Metaspace: 110461K(111680K)->110461K(111680K) NonClass: 86660K(87296K)->86660K(87296K) Class: 23800K(24384K)->23800K(24384K)
[42.824s][info][gc          ] GC(33) Pause Young (Prepare Mixed) (G1 Evacuation Pause) 1130M->229M(1140M) 4.074ms
[42.824s][info][gc,cpu      ] GC(33) User=0.02s Sys=0.00s Real=0.00s
