[0.003s][info][gc,init] CardTable entry size: 512
[0.003s][info][gc     ] Using G1
[0.005s][info][gc,init] Version: 25.0.4.1+1-LTS (release)
[0.005s][info][gc,init] CPUs: 12 total, 4 available
[0.005s][info][gc,init] Memory: 4096M
[0.005s][info][gc,init] Large Page Support: Disabled
[0.005s][info][gc,init] NUMA Support: Disabled
[0.005s][info][gc,init] Compressed Oops: Enabled (Zero based)
[0.005s][info][gc,init] Heap Region Size: 2M
[0.005s][info][gc,init] Heap Min Capacity: 8M
[0.005s][info][gc,init] Heap Initial Capacity: 2868M
[0.005s][info][gc,init] Heap Max Capacity: 2868M
[0.005s][info][gc,init] Pre-touch: Disabled
[0.005s][info][gc,init] Parallel Workers: 4
[0.005s][info][gc,init] Concurrent Workers: 1
[0.005s][info][gc,init] Concurrent Refinement Workers: 4
[0.005s][info][gc,init] Periodic GC: Disabled
[0.008s][info][gc,metaspace] CDS archive(s) mapped at: [0x0000007c00000000-0x0000007c00e70000-0x0000007c00e70000), size 15138816, SharedBaseAddress: 0x0000007c00000000, ArchiveRelocationMode: 1.
[0.008s][info][gc,metaspace] Compressed class space mapped at: 0x0000007c01000000-0x0000007c41000000, reserved size: 1073741824
[0.008s][info][gc,metaspace] UseCompressedClassPointers 1, UseCompactObjectHeaders 1
[0.008s][info][gc,metaspace] Narrow klass pointer bits 22, Max shift 10
[0.008s][info][gc,metaspace] Narrow klass base: 0x0000007c00000000, Narrow klass shift: 10
[0.008s][info][gc,metaspace] Encoding Range: [0x0000007c00000000 - 0x0000007d00000000), (4294967296 bytes)
[0.008s][info][gc,metaspace] Klass Range:    [0x0000007c00010000 - 0x0000007c41000000), (1090453504 bytes)
[0.008s][info][gc,metaspace] Klass ID Range:  [64 - 1064960) (1064896)
[0.008s][info][gc,metaspace] Protection zone: [0x0000007c00000000 - 0x0000007c00010000), (65536 bytes)
[0.774s][info][gc,start    ] GC(0) Pause Young (Normal) (G1 Evacuation Pause)
[0.774s][info][gc,task     ] GC(0) Using 4 workers of 4 for evacuation
[0.779s][info][gc,phases   ] GC(0)   Pre Evacuate Collection Set: 0.15ms
[0.779s][info][gc,phases   ] GC(0)   Merge Heap Roots: 0.11ms
[0.779s][info][gc,phases   ] GC(0)   Evacuate Collection Set: 3.89ms
[0.779s][info][gc,phases   ] GC(0)   Post Evacuate Collection Set: 0.76ms
[0.779s][info][gc,phases   ] GC(0)   Other: 0.54ms
[0.779s][info][gc,heap     ] GC(0) Eden regions: 71->0(204)
[0.779s][info][gc,heap     ] GC(0) Survivor regions: 0->5(9)
[0.779s][info][gc,heap     ] GC(0) Old regions: 1->1
[0.779s][info][gc,heap     ] GC(0) Humongous regions: 2->2
[0.779s][info][gc,metaspace] GC(0) Metaspace: 17095K(17344K)->17095K(17344K) NonClass: 13497K(13632K)->13497K(13632K) Class: 3597K(3712K)->3597K(3712K)
[0.779s][info][gc          ] GC(0) Pause Young (Normal) (G1 Evacuation Pause) 147M->13M(2868M) 5.583ms
[0.779s][info][gc,cpu      ] GC(0) User=0.02s Sys=0.01s Real=0.01s
[1.322s][info][gc,start    ] GC(1) Pause Young (Concurrent Start) (Metadata GC Threshold)
[1.322s][info][gc,task     ] GC(1) Using 4 workers of 4 for evacuation
[1.327s][info][gc,phases   ] GC(1)   Pre Evacuate Collection Set: 0.28ms
[1.327s][info][gc,phases   ] GC(1)   Merge Heap Roots: 0.05ms
[1.327s][info][gc,phases   ] GC(1)   Evacuate Collection Set: 4.23ms
[1.327s][info][gc,phases   ] GC(1)   Post Evacuate Collection Set: 0.81ms
[1.327s][info][gc,phases   ] GC(1)   Other: 0.05ms
[1.327s][info][gc,heap     ] GC(1) Eden regions: 130->0(529)
[1.327s][info][gc,heap     ] GC(1) Survivor regions: 5->6(27)
[1.327s][info][gc,heap     ] GC(1) Old regions: 1->1
[1.327s][info][gc,heap     ] GC(1) Humongous regions: 2->2
[1.327s][info][gc,metaspace] GC(1) Metaspace: 21185K(21504K)->21185K(21504K) NonClass: 16547K(16704K)->16547K(16704K) Class: 4637K(4800K)->4637K(4800K)
[1.327s][info][gc          ] GC(1) Pause Young (Concurrent Start) (Metadata GC Threshold) 272M->16M(2868M) 5.505ms
[1.327s][info][gc,cpu      ] GC(1) User=0.02s Sys=0.00s Real=0.01s
[1.327s][info][gc          ] GC(2) Concurrent Mark Cycle
[1.327s][info][gc,marking  ] GC(2) Concurrent Scan Root Regions
[1.331s][info][gc,marking  ] GC(2) Concurrent Scan Root Regions 3.626ms
[1.331s][info][gc,marking  ] GC(2) Concurrent Mark
[1.331s][info][gc,marking  ] GC(2) Concurrent Mark From Roots
[1.331s][info][gc,task     ] GC(2) Using 1 workers of 1 for marking
[1.332s][info][gc,marking  ] GC(2) Concurrent Mark From Roots 1.050ms
[1.332s][info][gc,marking  ] GC(2) Concurrent Preclean
[1.332s][info][gc,marking  ] GC(2) Concurrent Preclean 0.003ms
[1.333s][info][gc,start    ] GC(2) Pause Remark
[1.335s][info][gc          ] GC(2) Pause Remark 18M->18M(60M) 2.067ms
[1.335s][info][gc,cpu      ] GC(2) User=0.01s Sys=0.00s Real=0.00s
[1.335s][info][gc,marking  ] GC(2) Concurrent Mark 4.150ms
[1.335s][info][gc,marking  ] GC(2) Concurrent Rebuild Remembered Sets and Scrub Regions
[1.335s][info][gc,marking  ] GC(2) Concurrent Rebuild Remembered Sets and Scrub Regions 0.422ms
[1.336s][info][gc,start    ] GC(2) Pause Cleanup
[1.336s][info][gc          ] GC(2) Pause Cleanup 18M->18M(60M) 0.021ms
[1.336s][info][gc,cpu      ] GC(2) User=0.00s Sys=0.00s Real=0.00s
[1.336s][info][gc,marking  ] GC(2) Concurrent Clear Claimed Marks
[1.336s][info][gc,marking  ] GC(2) Concurrent Clear Claimed Marks 0.018ms
[1.336s][info][gc,marking  ] GC(2) Concurrent Cleanup for Next Mark
[1.336s][info][gc,marking  ] GC(2) Concurrent Cleanup for Next Mark 0.338ms
[1.336s][info][gc          ] GC(2) Concurrent Mark Cycle 8.887ms
[1.454s][info][gc,start    ] GC(3) Pause Young (Prepare Mixed) (G1 Evacuation Pause)
[1.454s][info][gc,task     ] GC(3) Using 3 workers of 4 for evacuation
[1.460s][info][gc,phases   ] GC(3)   Pre Evacuate Collection Set: 0.14ms
[1.460s][info][gc,phases   ] GC(3)   Merge Heap Roots: 0.06ms
[1.460s][info][gc,phases   ] GC(3)   Evacuate Collection Set: 5.16ms
[1.460s][info][gc,phases   ] GC(3)   Post Evacuate Collection Set: 0.77ms
[1.460s][info][gc,phases   ] GC(3)   Other: 0.03ms
[1.460s][info][gc,heap     ] GC(3) Eden regions: 21->0(15)
[1.460s][info][gc,heap     ] GC(3) Survivor regions: 6->7(67)
[1.460s][info][gc,heap     ] GC(3) Old regions: 1->1
[1.460s][info][gc,heap     ] GC(3) Humongous regions: 2->2
[1.460s][info][gc,metaspace] GC(3) Metaspace: 22315K(22656K)->22315K(22656K) NonClass: 17516K(17728K)->17516K(17728K) Class: 4798K(4928K)->4798K(4928K)
[1.460s][info][gc          ] GC(3) Pause Young (Prepare Mixed) (G1 Evacuation Pause) 58M->19M(74M) 6.257ms
[1.460s][info][gc,cpu      ] GC(3) User=0.02s Sys=0.00s Real=0.01s
[1.496s][info][gc,start    ] GC(4) Pause Young (Mixed) (G1 Evacuation Pause)
[1.496s][info][gc,task     ] GC(4) Using 2 workers of 4 for evacuation
[1.505s][info][gc,phases   ] GC(4)   Pre Evacuate Collection Set: 0.09ms
[1.505s][info][gc,phases   ] GC(4)   Merge Heap Roots: 0.04ms
[1.505s][info][gc,phases   ] GC(4)   Evacuate Collection Set: 8.06ms
[1.505s][info][gc,phases   ] GC(4)   Post Evacuate Collection Set: 0.77ms
[1.505s][info][gc,phases   ] GC(4)   Other: 0.03ms
[1.505s][info][gc,heap     ] GC(4) Eden regions: 15->0(17)
[1.505s][info][gc,heap     ] GC(4) Survivor regions: 7->3(3)
[1.505s][info][gc,heap     ] GC(4) Old regions: 1->6
[1.505s][info][gc,heap     ] GC(4) Humongous regions: 2->2
[1.505s][info][gc,metaspace] GC(4) Metaspace: 22405K(22720K)->22405K(22720K) NonClass: 17575K(17728K)->17575K(17728K) Class: 4829K(4992K)->4829K(4992K)
[1.505s][info][gc          ] GC(4) Pause Young (Mixed) (G1 Evacuation Pause) 49M->21M(74M) 9.095ms
[1.505s][info][gc,cpu      ] GC(4) User=0.03s Sys=0.00s Real=0.01s
[1.622s][info][gc,start    ] GC(5) Pause Young (Normal) (G1 Evacuation Pause)
[1.622s][info][gc,task     ] GC(5) Using 2 workers of 4 for evacuation
[1.624s][info][gc,phases   ] GC(5)   Pre Evacuate Collection Set: 0.26ms
[1.624s][info][gc,phases   ] GC(5)   Merge Heap Roots: 0.06ms
[1.624s][info][gc,phases   ] GC(5)   Evacuate Collection Set: 2.09ms
[1.624s][info][gc,phases   ] GC(5)   Post Evacuate Collection Set: 0.30ms
[1.624s][info][gc,phases   ] GC(5)   Other: 0.05ms
[1.624s][info][gc,heap     ] GC(5) Eden regions: 17->0(17)
[1.625s][info][gc,heap     ] GC(5) Survivor regions: 3->2(3)
[1.625s][info][gc,heap     ] GC(5) Old regions: 6->8
[1.625s][info][gc,heap     ] GC(5) Humongous regions: 2->2
[1.625s][info][gc,metaspace] GC(5) Metaspace: 24294K(24704K)->24294K(24704K) NonClass: 19041K(19264K)->19041K(19264K) Class: 5252K(5440K)->5252K(5440K)
[1.625s][info][gc          ] GC(5) Pause Young (Normal) (G1 Evacuation Pause) 55M->22M(74M) 2.909ms
[1.625s][info][gc,cpu      ] GC(5) User=0.01s Sys=0.00s Real=0.00s
[1.703s][info][gc,start    ] GC(6) Pause Young (Normal) (G1 Evacuation Pause)
[1.703s][info][gc,task     ] GC(6) Using 2 workers of 4 for evacuation
[1.705s][info][gc,phases   ] GC(6)   Pre Evacuate Collection Set: 0.11ms
[1.705s][info][gc,phases   ] GC(6)   Merge Heap Roots: 0.05ms
[1.705s][info][gc,phases   ] GC(6)   Evacuate Collection Set: 1.21ms
[1.705s][info][gc,phases   ] GC(6)   Post Evacuate Collection Set: 0.31ms
[1.705s][info][gc,phases   ] GC(6)   Other: 0.04ms
[1.705s][info][gc,heap     ] GC(6) Eden regions: 17->0(18)
[1.705s][info][gc,heap     ] GC(6) Survivor regions: 2->2(3)
[1.705s][info][gc,heap     ] GC(6) Old regions: 8->8
[1.705s][info][gc,heap     ] GC(6) Humongous regions: 2->2
[1.705s][info][gc,metaspace] GC(6) Metaspace: 25845K(26240K)->25845K(26240K) NonClass: 20253K(20480K)->20253K(20480K) Class: 5592K(5760K)->5592K(5760K)
[1.705s][info][gc          ] GC(6) Pause Young (Normal) (G1 Evacuation Pause) 56M->21M(74M) 1.825ms
[1.705s][info][gc,cpu      ] GC(6) User=0.01s Sys=0.00s Real=0.00s
[1.820s][info][gc,start    ] GC(7) Pause Young (Normal) (G1 Evacuation Pause)
[1.820s][info][gc,task     ] GC(7) Using 2 workers of 4 for evacuation
[1.823s][info][gc,phases   ] GC(7)   Pre Evacuate Collection Set: 0.08ms
[1.823s][info][gc,phases   ] GC(7)   Merge Heap Roots: 0.04ms
[1.823s][info][gc,phases   ] GC(7)   Evacuate Collection Set: 1.74ms
[1.823s][info][gc,phases   ] GC(7)   Post Evacuate Collection Set: 0.92ms
[1.823s][info][gc,phases   ] GC(7)   Other: 0.04ms
[1.823s][info][gc,heap     ] GC(7) Eden regions: 18->0(439)
[1.823s][info][gc,heap     ] GC(7) Survivor regions: 2->2(3)
[1.823s][info][gc,heap     ] GC(7) Old regions: 8->8
[1.823s][info][gc,heap     ] GC(7) Humongous regions: 2->2
[1.823s][info][gc,metaspace] GC(7) Metaspace: 28618K(29056K)->28618K(29056K) NonClass: 22330K(22592K)->22330K(22592K) Class: 6287K(6464K)->6287K(6464K)
[1.823s][info][gc          ] GC(7) Pause Young (Normal) (G1 Evacuation Pause) 57M->22M(1472M) 2.912ms
[1.823s][info][gc,cpu      ] GC(7) User=0.01s Sys=0.00s Real=0.00s
[2.010s][info][gc,start    ] GC(8) Pause Young (Concurrent Start) (Metadata GC Threshold)
[2.010s][info][gc,task     ] GC(8) Using 4 workers of 4 for evacuation
[2.012s][info][gc,phases   ] GC(8)   Pre Evacuate Collection Set: 0.14ms
[2.012s][info][gc,phases   ] GC(8)   Merge Heap Roots: 0.06ms
[2.012s][info][gc,phases   ] GC(8)   Evacuate Collection Set: 1.61ms
[2.012s][info][gc,phases   ] GC(8)   Post Evacuate Collection Set: 0.42ms
[2.012s][info][gc,phases   ] GC(8)   Other: 0.04ms
[2.012s][info][gc,heap     ] GC(8) Eden regions: 41->0(438)
[2.012s][info][gc,heap     ] GC(8) Survivor regions: 2->3(56)
[2.012s][info][gc,heap     ] GC(8) Old regions: 8->8
[2.012s][info][gc,heap     ] GC(8) Humongous regions: 2->2
[2.012s][info][gc,metaspace] GC(8) Metaspace: 35722K(36160K)->35722K(36160K) NonClass: 27876K(28096K)->27876K(28096K) Class: 7845K(8064K)->7845K(8064K)
[2.012s][info][gc          ] GC(8) Pause Young (Concurrent Start) (Metadata GC Threshold) 103M->24M(1472M) 2.365ms
[2.012s][info][gc,cpu      ] GC(8) User=0.01s Sys=0.00s Real=0.00s
[2.012s][info][gc          ] GC(9) Concurrent Mark Cycle
[2.012s][info][gc,marking  ] GC(9) Concurrent Scan Root Regions
[2.015s][info][gc,marking  ] GC(9) Concurrent Scan Root Regions 2.426ms
[2.015s][info][gc,marking  ] GC(9) Concurrent Mark
[2.015s][info][gc,marking  ] GC(9) Concurrent Mark From Roots
[2.015s][info][gc,task     ] GC(9) Using 1 workers of 1 for marking
[2.034s][info][gc,marking  ] GC(9) Concurrent Mark From Roots 19.459ms
[2.034s][info][gc,marking  ] GC(9) Concurrent Preclean
[2.034s][info][gc,marking  ] GC(9) Concurrent Preclean 0.058ms
[2.035s][info][gc,start    ] GC(9) Pause Remark
[2.038s][info][gc          ] GC(9) Pause Remark 32M->32M(88M) 2.922ms
[2.038s][info][gc,cpu      ] GC(9) User=0.01s Sys=0.00s Real=0.01s
[2.038s][info][gc,marking  ] GC(9) Concurrent Mark 23.204ms
[2.038s][info][gc,marking  ] GC(9) Concurrent Rebuild Remembered Sets and Scrub Regions
[2.042s][info][gc,marking  ] GC(9) Concurrent Rebuild Remembered Sets and Scrub Regions 4.255ms
[2.042s][info][gc,start    ] GC(9) Pause Cleanup
[2.042s][info][gc          ] GC(9) Pause Cleanup 35M->35M(88M) 0.029ms
[2.042s][info][gc,cpu      ] GC(9) User=0.00s Sys=0.00s Real=0.00s
[2.042s][info][gc,marking  ] GC(9) Concurrent Clear Claimed Marks
[2.042s][info][gc,marking  ] GC(9) Concurrent Clear Claimed Marks 0.067ms
[2.042s][info][gc,marking  ] GC(9) Concurrent Cleanup for Next Mark
[2.043s][info][gc,marking  ] GC(9) Concurrent Cleanup for Next Mark 0.834ms
[2.043s][info][gc          ] GC(9) Concurrent Mark Cycle 31.002ms
[2.160s][info][gc,start    ] GC(10) Pause Young (Prepare Mixed) (G1 Evacuation Pause)
[2.161s][info][gc,task     ] GC(10) Using 4 workers of 4 for evacuation
[2.164s][info][gc,phases   ] GC(10)   Pre Evacuate Collection Set: 0.15ms
[2.164s][info][gc,phases   ] GC(10)   Merge Heap Roots: 0.08ms
[2.164s][info][gc,phases   ] GC(10)   Evacuate Collection Set: 2.82ms
[2.164s][info][gc,phases   ] GC(10)   Post Evacuate Collection Set: 0.69ms
[2.164s][info][gc,phases   ] GC(10)   Other: 0.07ms
[2.164s][info][gc,heap     ] GC(10) Eden regions: 31->0(24)
[2.164s][info][gc,heap     ] GC(10) Survivor regions: 3->4(56)
[2.164s][info][gc,heap     ] GC(10) Old regions: 8->8
[2.164s][info][gc,heap     ] GC(10) Humongous regions: 2->2
[2.164s][info][gc,metaspace] GC(10) Metaspace: 39941K(40384K)->39941K(40384K) NonClass: 31170K(31424K)->31170K(31424K) Class: 8771K(8960K)->8771K(8960K)
[2.164s][info][gc          ] GC(10) Pause Young (Prepare Mixed) (G1 Evacuation Pause) 86M->26M(96M) 3.915ms
[2.164s][info][gc,cpu      ] GC(10) User=0.01s Sys=0.00s Real=0.00s
[2.251s][info][gc,start    ] GC(11) Pause Young (Mixed) (G1 Evacuation Pause)
[2.251s][info][gc,task     ] GC(11) Using 4 workers of 4 for evacuation
[2.254s][info][gc,phases   ] GC(11)   Pre Evacuate Collection Set: 0.13ms
[2.254s][info][gc,phases   ] GC(11)   Merge Heap Roots: 0.04ms
[2.254s][info][gc,phases   ] GC(11)   Evacuate Collection Set: 2.64ms
[2.254s][info][gc,phases   ] GC(11)   Post Evacuate Collection Set: 0.53ms
[2.254s][info][gc,phases   ] GC(11)   Other: 0.04ms
[2.254s][info][gc,heap     ] GC(11) Eden regions: 24->0(25)
[2.254s][info][gc,heap     ] GC(11) Survivor regions: 4->3(4)
[2.254s][info][gc,heap     ] GC(11) Old regions: 8->10
[2.254s][info][gc,heap     ] GC(11) Humongous regions: 2->2
[2.254s][info][gc,metaspace] GC(11) Metaspace: 42112K(42560K)->42112K(42560K) NonClass: 32645K(32896K)->32645K(32896K) Class: 9466K(9664K)->9466K(9664K)
[2.254s][info][gc          ] GC(11) Pause Young (Mixed) (G1 Evacuation Pause) 74M->28M(96M) 3.471ms
[2.254s][info][gc,cpu      ] GC(11) User=0.01s Sys=0.00s Real=0.00s
[2.357s][info][gc,start    ] GC(12) Pause Young (Normal) (G1 Evacuation Pause)
[2.357s][info][gc,task     ] GC(12) Using 3 workers of 4 for evacuation
[2.360s][info][gc,phases   ] GC(12)   Pre Evacuate Collection Set: 0.13ms
[2.360s][info][gc,phases   ] GC(12)   Merge Heap Roots: 0.07ms
[2.360s][info][gc,phases   ] GC(12)   Evacuate Collection Set: 2.60ms
[2.360s][info][gc,phases   ] GC(12)   Post Evacuate Collection Set: 0.50ms
[2.360s][info][gc,phases   ] GC(12)   Other: 0.06ms
[2.360s][info][gc,heap     ] GC(12) Eden regions: 25->0(25)
[2.360s][info][gc,heap     ] GC(12) Survivor regions: 3->3(4)
[2.360s][info][gc,heap     ] GC(12) Old regions: 10->11
[2.360s][info][gc,heap     ] GC(12) Humongous regions: 2->2
[2.360s][info][gc,metaspace] GC(12) Metaspace: 43937K(44416K)->43937K(44416K) NonClass: 34102K(34368K)->34102K(34368K) Class: 9834K(10048K)->9834K(10048K)
[2.360s][info][gc          ] GC(12) Pause Young (Normal) (G1 Evacuation Pause) 78M->30M(96M) 3.478ms
[2.360s][info][gc,cpu      ] GC(12) User=0.02s Sys=0.00s Real=0.00s
[2.489s][info][gc,start    ] GC(13) Pause Young (Normal) (G1 Evacuation Pause)
[2.489s][info][gc,task     ] GC(13) Using 2 workers of 4 for evacuation
[2.493s][info][gc,phases   ] GC(13)   Pre Evacuate Collection Set: 0.10ms
[2.493s][info][gc,phases   ] GC(13)   Merge Heap Roots: 0.05ms
[2.493s][info][gc,phases   ] GC(13)   Evacuate Collection Set: 3.96ms
[2.493s][info][gc,phases   ] GC(13)   Post Evacuate Collection Set: 0.32ms
[2.493s][info][gc,phases   ] GC(13)   Other: 0.05ms
[2.493s][info][gc,heap     ] GC(13) Eden regions: 25->0(25)
[2.493s][info][gc,heap     ] GC(13) Survivor regions: 3->3(4)
[2.493s][info][gc,heap     ] GC(13) Old regions: 11->13
[2.493s][info][gc,heap     ] GC(13) Humongous regions: 2->2
[2.493s][info][gc,metaspace] GC(13) Metaspace: 45048K(45504K)->45048K(45504K) NonClass: 35002K(35264K)->35002K(35264K) Class: 10046K(10240K)->10046K(10240K)
[2.493s][info][gc          ] GC(13) Pause Young (Normal) (G1 Evacuation Pause) 80M->33M(96M) 4.582ms
[2.493s][info][gc,cpu      ] GC(13) User=0.01s Sys=0.00s Real=0.00s
[2.643s][info][gc,start    ] GC(14) Pause Young (Normal) (G1 Evacuation Pause)
[2.643s][info][gc,task     ] GC(14) Using 2 workers of 4 for evacuation
[2.648s][info][gc,phases   ] GC(14)   Pre Evacuate Collection Set: 0.10ms
[2.648s][info][gc,phases   ] GC(14)   Merge Heap Roots: 0.06ms
[2.648s][info][gc,phases   ] GC(14)   Evacuate Collection Set: 3.68ms
[2.648s][info][gc,phases   ] GC(14)   Post Evacuate Collection Set: 0.98ms
[2.648s][info][gc,phases   ] GC(14)   Other: 0.04ms
[2.648s][info][gc,heap     ] GC(14) Eden regions: 25->0(441)
[2.648s][info][gc,heap     ] GC(14) Survivor regions: 3->3(4)
[2.648s][info][gc,heap     ] GC(14) Old regions: 13->14
[2.648s][info][gc,heap     ] GC(14) Humongous regions: 2->2
[2.648s][info][gc,metaspace] GC(14) Metaspace: 47101K(47488K)->47101K(47488K) NonClass: 36601K(36800K)->36601K(36800K) Class: 10500K(10688K)->10500K(10688K)
[2.648s][info][gc          ] GC(14) Pause Young (Normal) (G1 Evacuation Pause) 83M->35M(1482M) 4.979ms
[2.648s][info][gc,cpu      ] GC(14) User=0.01s Sys=0.00s Real=0.01s
[3.516s][info][gc,start    ] GC(15) Pause Young (Concurrent Start) (Metadata GC Threshold)
[3.516s][info][gc,task     ] GC(15) Using 4 workers of 4 for evacuation
[3.522s][info][gc,phases   ] GC(15)   Pre Evacuate Collection Set: 0.20ms
[3.522s][info][gc,phases   ] GC(15)   Merge Heap Roots: 0.08ms
[3.522s][info][gc,phases   ] GC(15)   Evacuate Collection Set: 5.05ms
[3.522s][info][gc,phases   ] GC(15)   Post Evacuate Collection Set: 0.80ms
[3.522s][info][gc,phases   ] GC(15)   Other: 0.05ms
[3.522s][info][gc,heap     ] GC(15) Eden regions: 141->0(438)
[3.522s][info][gc,heap     ] GC(15) Survivor regions: 3->6(56)
[3.522s][info][gc,heap     ] GC(15) Old regions: 14->14
[3.522s][info][gc,heap     ] GC(15) Humongous regions: 2->2
[3.522s][info][gc,metaspace] GC(15) Metaspace: 60834K(61440K)->60834K(61440K) NonClass: 47102K(47424K)->47102K(47424K) Class: 13732K(14016K)->13732K(14016K)
[3.522s][info][gc          ] GC(15) Pause Young (Concurrent Start) (Metadata GC Threshold) 317M->42M(1482M) 6.265ms
[3.523s][info][gc,cpu      ] GC(15) User=0.03s Sys=0.00s Real=0.01s
[3.523s][info][gc          ] GC(16) Concurrent Mark Cycle
[3.523s][info][gc,marking  ] GC(16) Concurrent Scan Root Regions
[3.528s][info][gc,marking  ] GC(16) Concurrent Scan Root Regions 5.817ms
[3.528s][info][gc,marking  ] GC(16) Concurrent Mark
[3.528s][info][gc,marking  ] GC(16) Concurrent Mark From Roots
[3.528s][info][gc,task     ] GC(16) Using 1 workers of 1 for marking
[3.548s][info][gc,marking  ] GC(16) Concurrent Mark From Roots 20.038ms
[3.548s][info][gc,marking  ] GC(16) Concurrent Preclean
[3.549s][info][gc,marking  ] GC(16) Concurrent Preclean 0.109ms
[3.550s][info][gc,start    ] GC(16) Pause Remark
[3.554s][info][gc          ] GC(16) Pause Remark 55M->55M(148M) 3.756ms
[3.554s][info][gc,cpu      ] GC(16) User=0.01s Sys=0.00s Real=0.00s
[3.554s][info][gc,marking  ] GC(16) Concurrent Mark 25.418ms
[3.554s][info][gc,marking  ] GC(16) Concurrent Rebuild Remembered Sets and Scrub Regions
[3.564s][info][gc,marking  ] GC(16) Concurrent Rebuild Remembered Sets and Scrub Regions 10.667ms
[3.565s][info][gc,start    ] GC(16) Pause Cleanup
[3.565s][info][gc          ] GC(16) Pause Cleanup 58M->58M(148M) 0.034ms
[3.565s][info][gc,cpu      ] GC(16) User=0.00s Sys=0.00s Real=0.00s
[3.565s][info][gc,marking  ] GC(16) Concurrent Clear Claimed Marks
[3.565s][info][gc,marking  ] GC(16) Concurrent Clear Claimed Marks 0.094ms
[3.565s][info][gc,marking  ] GC(16) Concurrent Cleanup for Next Mark
[3.565s][info][gc,marking  ] GC(16) Concurrent Cleanup for Next Mark 0.450ms
[3.565s][info][gc          ] GC(16) Concurrent Mark Cycle 42.836ms
[3.747s][info][gc,start    ] GC(17) Pause Young (Prepare Mixed) (G1 Evacuation Pause)
[3.747s][info][gc,task     ] GC(17) Using 4 workers of 4 for evacuation
[3.752s][info][gc,phases   ] GC(17)   Pre Evacuate Collection Set: 0.10ms
[3.752s][info][gc,phases   ] GC(17)   Merge Heap Roots: 0.06ms
[3.752s][info][gc,phases   ] GC(17)   Evacuate Collection Set: 3.94ms
[3.752s][info][gc,phases   ] GC(17)   Post Evacuate Collection Set: 0.53ms
[3.752s][info][gc,phases   ] GC(17)   Other: 0.04ms
[3.752s][info][gc,heap     ] GC(17) Eden regions: 38->0(42)
[3.752s][info][gc,heap     ] GC(17) Survivor regions: 6->2(6)
[3.752s][info][gc,heap     ] GC(17) Old regions: 14->20
[3.752s][info][gc,heap     ] GC(17) Humongous regions: 2->2
[3.752s][info][gc,metaspace] GC(17) Metaspace: 65457K(66176K)->65457K(66176K) NonClass: 50540K(50944K)->50540K(50944K) Class: 14917K(15232K)->14917K(15232K)
[3.752s][info][gc          ] GC(17) Pause Young (Prepare Mixed) (G1 Evacuation Pause) 118M->43M(148M) 4.770ms
[3.752s][info][gc,cpu      ] GC(17) User=0.02s Sys=0.00s Real=0.00s
[3.931s][info][gc,start    ] GC(18) Pause Young (Mixed) (G1 Evacuation Pause)
[3.931s][info][gc,task     ] GC(18) Using 4 workers of 4 for evacuation
[3.934s][info][gc,phases   ] GC(18)   Pre Evacuate Collection Set: 0.09ms
[3.934s][info][gc,phases   ] GC(18)   Merge Heap Roots: 0.06ms
[3.934s][info][gc,phases   ] GC(18)   Evacuate Collection Set: 1.72ms
[3.934s][info][gc,phases   ] GC(18)   Post Evacuate Collection Set: 0.42ms
[3.934s][info][gc,phases   ] GC(18)   Other: 0.04ms
[3.934s][info][gc,heap     ] GC(18) Eden regions: 42->0(41)
[3.934s][info][gc,heap     ] GC(18) Survivor regions: 2->3(6)
[3.934s][info][gc,heap     ] GC(18) Old regions: 20->19
[3.934s][info][gc,heap     ] GC(18) Humongous regions: 2->2
[3.934s][info][gc,metaspace] GC(18) Metaspace: 69811K(70464K)->69811K(70464K) NonClass: 54069K(54464K)->54069K(54464K) Class: 15741K(16000K)->15741K(16000K)
[3.934s][info][gc          ] GC(18) Pause Young (Mixed) (G1 Evacuation Pause) 127M->44M(148M) 2.417ms
[3.934s][info][gc,cpu      ] GC(18) User=0.01s Sys=0.00s Real=0.00s
[4.165s][info][gc,start    ] GC(19) Pause Young (Normal) (G1 Evacuation Pause)
[4.165s][info][gc,task     ] GC(19) Using 4 workers of 4 for evacuation
[4.168s][info][gc,phases   ] GC(19)   Pre Evacuate Collection Set: 0.09ms
[4.168s][info][gc,phases   ] GC(19)   Merge Heap Roots: 0.05ms
[4.168s][info][gc,phases   ] GC(19)   Evacuate Collection Set: 1.95ms
[4.168s][info][gc,phases   ] GC(19)   Post Evacuate Collection Set: 0.54ms
[4.168s][info][gc,phases   ] GC(19)   Other: 0.05ms
[4.168s][info][gc,heap     ] GC(19) Eden regions: 41->0(41)
[4.168s][info][gc,heap     ] GC(19) Survivor regions: 3->3(6)
[4.168s][info][gc,heap     ] GC(19) Old regions: 19->19
[4.168s][info][gc,heap     ] GC(19) Humongous regions: 2->2
[4.168s][info][gc,metaspace] GC(19) Metaspace: 74902K(75584K)->74902K(75584K) NonClass: 58252K(58624K)->58252K(58624K) Class: 16650K(16960K)->16650K(16960K)
[4.168s][info][gc          ] GC(19) Pause Young (Normal) (G1 Evacuation Pause) 126M->46M(148M) 2.778ms
[4.168s][info][gc,cpu      ] GC(19) User=0.01s Sys=0.00s Real=0.01s
[4.499s][info][gc,start    ] GC(20) Pause Young (Normal) (G1 Evacuation Pause)
[4.500s][info][gc,task     ] GC(20) Using 4 workers of 4 for evacuation
[4.504s][info][gc,phases   ] GC(20)   Pre Evacuate Collection Set: 0.11ms
[4.504s][info][gc,phases   ] GC(20)   Merge Heap Roots: 0.06ms
[4.504s][info][gc,phases   ] GC(20)   Evacuate Collection Set: 3.82ms
[4.504s][info][gc,phases   ] GC(20)   Post Evacuate Collection Set: 0.56ms
[4.504s][info][gc,phases   ] GC(20)   Other: 0.04ms
[4.504s][info][gc,heap     ] GC(20) Eden regions: 41->0(39)
[4.504s][info][gc,heap     ] GC(20) Survivor regions: 3->5(6)
[4.504s][info][gc,heap     ] GC(20) Old regions: 19->19
[4.504s][info][gc,heap     ] GC(20) Humongous regions: 2->2
[4.504s][info][gc,metaspace] GC(20) Metaspace: 79252K(80064K)->79252K(80064K) NonClass: 61532K(62016K)->61532K(62016K) Class: 17719K(18048K)->17719K(18048K)
[4.504s][info][gc          ] GC(20) Pause Young (Normal) (G1 Evacuation Pause) 128M->49M(148M) 4.691ms
[4.504s][info][gc,cpu      ] GC(20) User=0.03s Sys=0.00s Real=0.00s
[5.229s][info][gc,start    ] GC(21) Pause Young (Normal) (G1 Evacuation Pause)
[5.229s][info][gc,task     ] GC(21) Using 4 workers of 4 for evacuation
[5.235s][info][gc,phases   ] GC(21)   Pre Evacuate Collection Set: 0.07ms
[5.235s][info][gc,phases   ] GC(21)   Merge Heap Roots: 0.04ms
[5.235s][info][gc,phases   ] GC(21)   Evacuate Collection Set: 4.63ms
[5.235s][info][gc,phases   ] GC(21)   Post Evacuate Collection Set: 1.36ms
[5.235s][info][gc,phases   ] GC(21)   Other: 0.05ms
[5.235s][info][gc,heap     ] GC(21) Eden regions: 39->0(448)
[5.235s][info][gc,heap     ] GC(21) Survivor regions: 5->4(6)
[5.235s][info][gc,heap     ] GC(21) Old regions: 19->21
[5.235s][info][gc,heap     ] GC(21) Humongous regions: 2->2
[5.235s][info][gc,metaspace] GC(21) Metaspace: 84376K(85312K)->84376K(85312K) NonClass: 65414K(65920K)->65414K(65920K) Class: 18962K(19392K)->18962K(19392K)
[5.235s][info][gc          ] GC(21) Pause Young (Normal) (G1 Evacuation Pause) 127M->50M(1508M) 6.249ms
[5.235s][info][gc,cpu      ] GC(21) User=0.02s Sys=0.00s Real=0.00s
