[0.003s][info][gc,init] CardTable entry size: 512
[0.004s][info][gc     ] Using G1
[0.006s][info][gc,init] Version: 25.0.4.1+1-LTS (release)
[0.006s][info][gc,init] CPUs: 12 total, 4 available
[0.006s][info][gc,init] Memory: 4096M
[0.006s][info][gc,init] Large Page Support: Disabled
[0.006s][info][gc,init] NUMA Support: Disabled
[0.006s][info][gc,init] Compressed Oops: Enabled (Zero based)
[0.006s][info][gc,init] Heap Region Size: 2M
[0.006s][info][gc,init] Heap Min Capacity: 8M
[0.006s][info][gc,init] Heap Initial Capacity: 2868M
[0.006s][info][gc,init] Heap Max Capacity: 2868M
[0.006s][info][gc,init] Pre-touch: Disabled
[0.006s][info][gc,init] Parallel Workers: 4
[0.006s][info][gc,init] Concurrent Workers: 1
[0.006s][info][gc,init] Concurrent Refinement Workers: 4
[0.006s][info][gc,init] Periodic GC: Disabled
[0.009s][info][gc,metaspace] CDS archive(s) mapped at: [0x0000070000000000-0x0000070000e70000-0x0000070000e70000), size 15138816, SharedBaseAddress: 0x0000070000000000, ArchiveRelocationMode: 1.
[0.009s][info][gc,metaspace] Compressed class space mapped at: 0x0000070001000000-0x0000070041000000, reserved size: 1073741824
[0.009s][info][gc,metaspace] UseCompressedClassPointers 1, UseCompactObjectHeaders 1
[0.009s][info][gc,metaspace] Narrow klass pointer bits 22, Max shift 10
[0.009s][info][gc,metaspace] Narrow klass base: 0x0000070000000000, Narrow klass shift: 10
[0.009s][info][gc,metaspace] Encoding Range: [0x0000070000000000 - 0x0000070100000000), (4294967296 bytes)
[0.009s][info][gc,metaspace] Klass Range:    [0x0000070000010000 - 0x0000070041000000), (1090453504 bytes)
[0.009s][info][gc,metaspace] Klass ID Range:  [64 - 1064960) (1064896)
[0.009s][info][gc,metaspace] Protection zone: [0x0000070000000000 - 0x0000070000010000), (65536 bytes)
[0.717s][info][gc,start    ] GC(0) Pause Young (Normal) (G1 Evacuation Pause)
[0.718s][info][gc,task     ] GC(0) Using 4 workers of 4 for evacuation
[0.722s][info][gc,phases   ] GC(0)   Pre Evacuate Collection Set: 0.15ms
[0.722s][info][gc,phases   ] GC(0)   Merge Heap Roots: 0.05ms
[0.723s][info][gc,phases   ] GC(0)   Evacuate Collection Set: 3.83ms
[0.723s][info][gc,phases   ] GC(0)   Post Evacuate Collection Set: 0.77ms
[0.723s][info][gc,phases   ] GC(0)   Other: 0.48ms
[0.723s][info][gc,heap     ] GC(0) Eden regions: 71->0(205)
[0.723s][info][gc,heap     ] GC(0) Survivor regions: 0->5(9)
[0.723s][info][gc,heap     ] GC(0) Old regions: 1->1
[0.723s][info][gc,heap     ] GC(0) Humongous regions: 2->2
[0.723s][info][gc,metaspace] GC(0) Metaspace: 17092K(17344K)->17092K(17344K) NonClass: 13492K(13632K)->13492K(13632K) Class: 3599K(3712K)->3599K(3712K)
[0.723s][info][gc          ] GC(0) Pause Young (Normal) (G1 Evacuation Pause) 147M->13M(2868M) 5.409ms
[0.723s][info][gc,cpu      ] GC(0) User=0.02s Sys=0.00s Real=0.00s
[1.187s][info][gc,start    ] GC(1) Pause Young (Concurrent Start) (Metadata GC Threshold)
[1.187s][info][gc,task     ] GC(1) Using 4 workers of 4 for evacuation
[1.193s][info][gc,phases   ] GC(1)   Pre Evacuate Collection Set: 0.26ms
[1.193s][info][gc,phases   ] GC(1)   Merge Heap Roots: 0.06ms
[1.193s][info][gc,phases   ] GC(1)   Evacuate Collection Set: 4.45ms
[1.193s][info][gc,phases   ] GC(1)   Post Evacuate Collection Set: 0.99ms
[1.193s][info][gc,phases   ] GC(1)   Other: 0.06ms
[1.193s][info][gc,heap     ] GC(1) Eden regions: 128->0(512)
[1.193s][info][gc,heap     ] GC(1) Survivor regions: 5->6(27)
[1.193s][info][gc,heap     ] GC(1) Old regions: 1->1
[1.193s][info][gc,heap     ] GC(1) Humongous regions: 2->2
[1.193s][info][gc,metaspace] GC(1) Metaspace: 21175K(21504K)->21175K(21504K) NonClass: 16537K(16704K)->16537K(16704K) Class: 4637K(4800K)->4637K(4800K)
[1.193s][info][gc          ] GC(1) Pause Young (Concurrent Start) (Metadata GC Threshold) 269M->16M(2868M) 5.936ms
[1.193s][info][gc,cpu      ] GC(1) User=0.03s Sys=0.00s Real=0.00s
[1.193s][info][gc          ] GC(2) Concurrent Mark Cycle
[1.193s][info][gc,marking  ] GC(2) Concurrent Scan Root Regions
[1.199s][info][gc,marking  ] GC(2) Concurrent Scan Root Regions 5.805ms
[1.199s][info][gc,marking  ] GC(2) Concurrent Mark
[1.199s][info][gc,marking  ] GC(2) Concurrent Mark From Roots
[1.199s][info][gc,task     ] GC(2) Using 1 workers of 1 for marking
[1.200s][info][gc,marking  ] GC(2) Concurrent Mark From Roots 1.157ms
[1.200s][info][gc,marking  ] GC(2) Concurrent Preclean
[1.200s][info][gc,marking  ] GC(2) Concurrent Preclean 0.004ms
[1.201s][info][gc,start    ] GC(2) Pause Remark
[1.203s][info][gc          ] GC(2) Pause Remark 18M->18M(60M) 2.245ms
[1.203s][info][gc,cpu      ] GC(2) User=0.01s Sys=0.00s Real=0.01s
[1.203s][info][gc,marking  ] GC(2) Concurrent Mark 4.664ms
[1.203s][info][gc,marking  ] GC(2) Concurrent Rebuild Remembered Sets and Scrub Regions
[1.204s][info][gc,marking  ] GC(2) Concurrent Rebuild Remembered Sets and Scrub Regions 0.551ms
[1.205s][info][gc,start    ] GC(2) Pause Cleanup
[1.205s][info][gc          ] GC(2) Pause Cleanup 19M->19M(60M) 0.019ms
[1.205s][info][gc,cpu      ] GC(2) User=0.00s Sys=0.00s Real=0.00s
[1.205s][info][gc,marking  ] GC(2) Concurrent Clear Claimed Marks
[1.205s][info][gc,marking  ] GC(2) Concurrent Clear Claimed Marks 0.015ms
[1.205s][info][gc,marking  ] GC(2) Concurrent Cleanup for Next Mark
[1.206s][info][gc,marking  ] GC(2) Concurrent Cleanup for Next Mark 0.291ms
[1.206s][info][gc          ] GC(2) Concurrent Mark Cycle 12.875ms
[1.338s][info][gc,start    ] GC(3) Pause Young (Prepare Mixed) (G1 Evacuation Pause)
[1.338s][info][gc,task     ] GC(3) Using 3 workers of 4 for evacuation
[1.344s][info][gc,phases   ] GC(3)   Pre Evacuate Collection Set: 0.08ms
[1.344s][info][gc,phases   ] GC(3)   Merge Heap Roots: 0.07ms
[1.344s][info][gc,phases   ] GC(3)   Evacuate Collection Set: 5.21ms
[1.344s][info][gc,phases   ] GC(3)   Post Evacuate Collection Set: 0.78ms
[1.344s][info][gc,phases   ] GC(3)   Other: 0.04ms
[1.344s][info][gc,heap     ] GC(3) Eden regions: 21->0(15)
[1.344s][info][gc,heap     ] GC(3) Survivor regions: 6->7(65)
[1.344s][info][gc,heap     ] GC(3) Old regions: 1->1
[1.344s][info][gc,heap     ] GC(3) Humongous regions: 2->2
[1.344s][info][gc,metaspace] GC(3) Metaspace: 22286K(22656K)->22286K(22656K) NonClass: 17487K(17728K)->17487K(17728K) Class: 4798K(4928K)->4798K(4928K)
[1.344s][info][gc          ] GC(3) Pause Young (Prepare Mixed) (G1 Evacuation Pause) 58M->19M(74M) 6.270ms
[1.344s][info][gc,cpu      ] GC(3) User=0.02s Sys=0.00s Real=0.01s
[1.375s][info][gc,start    ] GC(4) Pause Young (Mixed) (G1 Evacuation Pause)
[1.375s][info][gc,task     ] GC(4) Using 2 workers of 4 for evacuation
[1.383s][info][gc,phases   ] GC(4)   Pre Evacuate Collection Set: 0.09ms
[1.383s][info][gc,phases   ] GC(4)   Merge Heap Roots: 0.04ms
[1.383s][info][gc,phases   ] GC(4)   Evacuate Collection Set: 7.83ms
[1.383s][info][gc,phases   ] GC(4)   Post Evacuate Collection Set: 0.60ms
[1.383s][info][gc,phases   ] GC(4)   Other: 0.03ms
[1.383s][info][gc,heap     ] GC(4) Eden regions: 15->0(17)
[1.383s][info][gc,heap     ] GC(4) Survivor regions: 7->3(3)
[1.383s][info][gc,heap     ] GC(4) Old regions: 1->6
[1.383s][info][gc,heap     ] GC(4) Humongous regions: 2->2
[1.383s][info][gc,metaspace] GC(4) Metaspace: 22377K(22720K)->22377K(22720K) NonClass: 17548K(17728K)->17548K(17728K) Class: 4829K(4992K)->4829K(4992K)
[1.383s][info][gc          ] GC(4) Pause Young (Mixed) (G1 Evacuation Pause) 49M->20M(74M) 8.677ms
[1.383s][info][gc,cpu      ] GC(4) User=0.02s Sys=0.00s Real=0.01s
[1.487s][info][gc,start    ] GC(5) Pause Young (Normal) (G1 Evacuation Pause)
[1.487s][info][gc,task     ] GC(5) Using 2 workers of 4 for evacuation
[1.490s][info][gc,phases   ] GC(5)   Pre Evacuate Collection Set: 0.20ms
[1.490s][info][gc,phases   ] GC(5)   Merge Heap Roots: 0.08ms
[1.490s][info][gc,phases   ] GC(5)   Evacuate Collection Set: 2.13ms
[1.490s][info][gc,phases   ] GC(5)   Post Evacuate Collection Set: 0.31ms
[1.490s][info][gc,phases   ] GC(5)   Other: 0.04ms
[1.490s][info][gc,heap     ] GC(5) Eden regions: 17->0(18)
[1.490s][info][gc,heap     ] GC(5) Survivor regions: 3->1(3)
[1.490s][info][gc,heap     ] GC(5) Old regions: 6->8
[1.490s][info][gc,heap     ] GC(5) Humongous regions: 2->2
[1.490s][info][gc,metaspace] GC(5) Metaspace: 24257K(24704K)->24257K(24704K) NonClass: 19004K(19264K)->19004K(19264K) Class: 5252K(5440K)->5252K(5440K)
[1.490s][info][gc          ] GC(5) Pause Young (Normal) (G1 Evacuation Pause) 54M->20M(74M) 2.844ms
[1.490s][info][gc,cpu      ] GC(5) User=0.00s Sys=0.00s Real=0.00s
[1.582s][info][gc,start    ] GC(6) Pause Young (Normal) (G1 Evacuation Pause)
[1.582s][info][gc,task     ] GC(6) Using 2 workers of 4 for evacuation
[1.584s][info][gc,phases   ] GC(6)   Pre Evacuate Collection Set: 0.11ms
[1.584s][info][gc,phases   ] GC(6)   Merge Heap Roots: 0.04ms
[1.584s][info][gc,phases   ] GC(6)   Evacuate Collection Set: 1.25ms
[1.584s][info][gc,phases   ] GC(6)   Post Evacuate Collection Set: 0.35ms
[1.584s][info][gc,phases   ] GC(6)   Other: 0.04ms
[1.584s][info][gc,heap     ] GC(6) Eden regions: 18->0(19)
[1.584s][info][gc,heap     ] GC(6) Survivor regions: 1->1(3)
[1.584s][info][gc,heap     ] GC(6) Old regions: 8->8
[1.584s][info][gc,heap     ] GC(6) Humongous regions: 2->2
[1.584s][info][gc,metaspace] GC(6) Metaspace: 25868K(26240K)->25868K(26240K) NonClass: 20264K(20480K)->20264K(20480K) Class: 5604K(5760K)->5604K(5760K)
[1.584s][info][gc          ] GC(6) Pause Young (Normal) (G1 Evacuation Pause) 56M->20M(74M) 1.874ms
[1.584s][info][gc,cpu      ] GC(6) User=0.01s Sys=0.00s Real=0.01s
[1.699s][info][gc,start    ] GC(7) Pause Young (Normal) (G1 Evacuation Pause)
[1.699s][info][gc,task     ] GC(7) Using 2 workers of 4 for evacuation
[1.702s][info][gc,phases   ] GC(7)   Pre Evacuate Collection Set: 0.09ms
[1.702s][info][gc,phases   ] GC(7)   Merge Heap Roots: 0.04ms
[1.702s][info][gc,phases   ] GC(7)   Evacuate Collection Set: 1.81ms
[1.702s][info][gc,phases   ] GC(7)   Post Evacuate Collection Set: 0.88ms
[1.702s][info][gc,phases   ] GC(7)   Other: 0.04ms
[1.702s][info][gc,heap     ] GC(7) Eden regions: 19->0(439)
[1.702s][info][gc,heap     ] GC(7) Survivor regions: 1->2(3)
[1.702s][info][gc,heap     ] GC(7) Old regions: 8->8
[1.702s][info][gc,heap     ] GC(7) Humongous regions: 2->2
[1.702s][info][gc,metaspace] GC(7) Metaspace: 28753K(29248K)->28753K(29248K) NonClass: 22437K(22720K)->22437K(22720K) Class: 6315K(6528K)->6315K(6528K)
[1.702s][info][gc          ] GC(7) Pause Young (Normal) (G1 Evacuation Pause) 58M->21M(1472M) 2.949ms
[1.702s][info][gc,cpu      ] GC(7) User=0.01s Sys=0.00s Real=0.00s
[1.868s][info][gc,start    ] GC(8) Pause Young (Concurrent Start) (Metadata GC Threshold)
[1.868s][info][gc,task     ] GC(8) Using 4 workers of 4 for evacuation
[1.878s][info][gc,phases   ] GC(8)   Pre Evacuate Collection Set: 0.25ms
[1.878s][info][gc,phases   ] GC(8)   Merge Heap Roots: 0.08ms
[1.878s][info][gc,phases   ] GC(8)   Evacuate Collection Set: 9.35ms
[1.878s][info][gc,phases   ] GC(8)   Post Evacuate Collection Set: 0.51ms
[1.878s][info][gc,phases   ] GC(8)   Other: 0.04ms
[1.878s][info][gc,heap     ] GC(8) Eden regions: 39->0(438)
[1.878s][info][gc,heap     ] GC(8) Survivor regions: 2->3(56)
[1.878s][info][gc,heap     ] GC(8) Old regions: 8->8
[1.878s][info][gc,heap     ] GC(8) Humongous regions: 2->2
[1.878s][info][gc,metaspace] GC(8) Metaspace: 35725K(36160K)->35725K(36160K) NonClass: 27876K(28096K)->27876K(28096K) Class: 7848K(8064K)->7848K(8064K)
[1.878s][info][gc          ] GC(8) Pause Young (Concurrent Start) (Metadata GC Threshold) 98M->24M(1472M) 10.347ms
[1.878s][info][gc,cpu      ] GC(8) User=0.02s Sys=0.00s Real=0.01s
[1.878s][info][gc          ] GC(9) Concurrent Mark Cycle
[1.878s][info][gc,marking  ] GC(9) Concurrent Scan Root Regions
[1.881s][info][gc,marking  ] GC(9) Concurrent Scan Root Regions 2.698ms
[1.881s][info][gc,marking  ] GC(9) Concurrent Mark
[1.881s][info][gc,marking  ] GC(9) Concurrent Mark From Roots
[1.881s][info][gc,task     ] GC(9) Using 1 workers of 1 for marking
[1.893s][info][gc,marking  ] GC(9) Concurrent Mark From Roots 12.326ms
[1.894s][info][gc,marking  ] GC(9) Concurrent Preclean
[1.894s][info][gc,marking  ] GC(9) Concurrent Preclean 0.070ms
[1.894s][info][gc,start    ] GC(9) Pause Remark
[1.898s][info][gc          ] GC(9) Pause Remark 31M->31M(88M) 4.255ms
[1.898s][info][gc,cpu      ] GC(9) User=0.02s Sys=0.00s Real=0.00s
[1.899s][info][gc,marking  ] GC(9) Concurrent Mark 17.408ms
[1.899s][info][gc,marking  ] GC(9) Concurrent Rebuild Remembered Sets and Scrub Regions
[1.904s][info][gc,marking  ] GC(9) Concurrent Rebuild Remembered Sets and Scrub Regions 5.600ms
[1.905s][info][gc,start    ] GC(9) Pause Cleanup
[1.905s][info][gc          ] GC(9) Pause Cleanup 33M->33M(88M) 0.036ms
[1.905s][info][gc,cpu      ] GC(9) User=0.00s Sys=0.00s Real=0.00s
[1.905s][info][gc,marking  ] GC(9) Concurrent Clear Claimed Marks
[1.905s][info][gc,marking  ] GC(9) Concurrent Clear Claimed Marks 0.044ms
[1.905s][info][gc,marking  ] GC(9) Concurrent Cleanup for Next Mark
[1.906s][info][gc,marking  ] GC(9) Concurrent Cleanup for Next Mark 0.963ms
[1.906s][info][gc          ] GC(9) Concurrent Mark Cycle 27.762ms
[2.034s][info][gc,start    ] GC(10) Pause Young (Prepare Mixed) (G1 Evacuation Pause)
[2.034s][info][gc,task     ] GC(10) Using 4 workers of 4 for evacuation
[2.037s][info][gc,phases   ] GC(10)   Pre Evacuate Collection Set: 0.10ms
[2.037s][info][gc,phases   ] GC(10)   Merge Heap Roots: 0.03ms
[2.037s][info][gc,phases   ] GC(10)   Evacuate Collection Set: 2.53ms
[2.037s][info][gc,phases   ] GC(10)   Post Evacuate Collection Set: 0.39ms
[2.037s][info][gc,phases   ] GC(10)   Other: 0.06ms
[2.037s][info][gc,heap     ] GC(10) Eden regions: 31->0(24)
[2.037s][info][gc,heap     ] GC(10) Survivor regions: 3->4(56)
[2.037s][info][gc,heap     ] GC(10) Old regions: 8->8
[2.037s][info][gc,heap     ] GC(10) Humongous regions: 2->2
[2.037s][info][gc,metaspace] GC(10) Metaspace: 39897K(40320K)->39897K(40320K) NonClass: 31149K(31360K)->31149K(31360K) Class: 8748K(8960K)->8748K(8960K)
[2.037s][info][gc          ] GC(10) Pause Young (Prepare Mixed) (G1 Evacuation Pause) 86M->25M(96M) 3.259ms
[2.037s][info][gc,cpu      ] GC(10) User=0.01s Sys=0.00s Real=0.00s
[2.119s][info][gc,start    ] GC(11) Pause Young (Mixed) (G1 Evacuation Pause)
[2.119s][info][gc,task     ] GC(11) Using 4 workers of 4 for evacuation
[2.123s][info][gc,phases   ] GC(11)   Pre Evacuate Collection Set: 0.11ms
[2.123s][info][gc,phases   ] GC(11)   Merge Heap Roots: 0.05ms
[2.123s][info][gc,phases   ] GC(11)   Evacuate Collection Set: 2.80ms
[2.123s][info][gc,phases   ] GC(11)   Post Evacuate Collection Set: 0.42ms
[2.123s][info][gc,phases   ] GC(11)   Other: 0.04ms
[2.123s][info][gc,heap     ] GC(11) Eden regions: 24->0(24)
[2.123s][info][gc,heap     ] GC(11) Survivor regions: 4->4(4)
[2.123s][info][gc,heap     ] GC(11) Old regions: 8->9
[2.123s][info][gc,heap     ] GC(11) Humongous regions: 2->2
[2.123s][info][gc,metaspace] GC(11) Metaspace: 42144K(42624K)->42144K(42624K) NonClass: 32679K(32960K)->32679K(32960K) Class: 9465K(9664K)->9465K(9664K)
[2.123s][info][gc          ] GC(11) Pause Young (Mixed) (G1 Evacuation Pause) 73M->27M(96M) 3.521ms
[2.123s][info][gc,cpu      ] GC(11) User=0.01s Sys=0.00s Real=0.00s
[2.221s][info][gc,start    ] GC(12) Pause Young (Normal) (G1 Evacuation Pause)
[2.221s][info][gc,task     ] GC(12) Using 3 workers of 4 for evacuation
[2.225s][info][gc,phases   ] GC(12)   Pre Evacuate Collection Set: 0.15ms
[2.225s][info][gc,phases   ] GC(12)   Merge Heap Roots: 0.08ms
[2.225s][info][gc,phases   ] GC(12)   Evacuate Collection Set: 3.05ms
[2.225s][info][gc,phases   ] GC(12)   Post Evacuate Collection Set: 0.46ms
[2.225s][info][gc,phases   ] GC(12)   Other: 0.05ms
[2.225s][info][gc,heap     ] GC(12) Eden regions: 24->0(24)
[2.225s][info][gc,heap     ] GC(12) Survivor regions: 4->4(4)
[2.225s][info][gc,heap     ] GC(12) Old regions: 9->10
[2.225s][info][gc,heap     ] GC(12) Humongous regions: 2->2
[2.225s][info][gc,metaspace] GC(12) Metaspace: 43879K(44288K)->43879K(44288K) NonClass: 34061K(34304K)->34061K(34304K) Class: 9818K(9984K)->9818K(9984K)
[2.225s][info][gc          ] GC(12) Pause Young (Normal) (G1 Evacuation Pause) 75M->30M(96M) 3.882ms
[2.225s][info][gc,cpu      ] GC(12) User=0.01s Sys=0.00s Real=0.01s
[2.330s][info][gc,start    ] GC(13) Pause Young (Normal) (G1 Evacuation Pause)
[2.330s][info][gc,task     ] GC(13) Using 2 workers of 4 for evacuation
[2.335s][info][gc,phases   ] GC(13)   Pre Evacuate Collection Set: 0.11ms
[2.335s][info][gc,phases   ] GC(13)   Merge Heap Roots: 0.05ms
[2.335s][info][gc,phases   ] GC(13)   Evacuate Collection Set: 4.43ms
[2.335s][info][gc,phases   ] GC(13)   Post Evacuate Collection Set: 0.35ms
[2.335s][info][gc,phases   ] GC(13)   Other: 0.05ms
[2.335s][info][gc,heap     ] GC(13) Eden regions: 24->0(24)
[2.335s][info][gc,heap     ] GC(13) Survivor regions: 4->4(4)
[2.335s][info][gc,heap     ] GC(13) Old regions: 10->12
[2.335s][info][gc,heap     ] GC(13) Humongous regions: 2->2
[2.335s][info][gc,metaspace] GC(13) Metaspace: 44909K(45312K)->44909K(45312K) NonClass: 34900K(35136K)->34900K(35136K) Class: 10008K(10176K)->10008K(10176K)
[2.335s][info][gc          ] GC(13) Pause Young (Normal) (G1 Evacuation Pause) 78M->33M(96M) 5.100ms
[2.335s][info][gc,cpu      ] GC(13) User=0.01s Sys=0.00s Real=0.01s
[2.462s][info][gc,start    ] GC(14) Pause Young (Normal) (G1 Evacuation Pause)
[2.462s][info][gc,task     ] GC(14) Using 2 workers of 4 for evacuation
[2.466s][info][gc,phases   ] GC(14)   Pre Evacuate Collection Set: 0.09ms
[2.466s][info][gc,phases   ] GC(14)   Merge Heap Roots: 0.05ms
[2.466s][info][gc,phases   ] GC(14)   Evacuate Collection Set: 3.64ms
[2.466s][info][gc,phases   ] GC(14)   Post Evacuate Collection Set: 1.00ms
[2.466s][info][gc,phases   ] GC(14)   Other: 0.04ms
[2.467s][info][gc,heap     ] GC(14) Eden regions: 24->0(441)
[2.467s][info][gc,heap     ] GC(14) Survivor regions: 4->3(4)
[2.467s][info][gc,heap     ] GC(14) Old regions: 12->13
[2.467s][info][gc,heap     ] GC(14) Humongous regions: 2->2
[2.467s][info][gc,metaspace] GC(14) Metaspace: 46735K(47168K)->46735K(47168K) NonClass: 36325K(36544K)->36325K(36544K) Class: 10410K(10624K)->10410K(10624K)
[2.467s][info][gc          ] GC(14) Pause Young (Normal) (G1 Evacuation Pause) 81M->34M(1482M) 4.910ms
[2.467s][info][gc,cpu      ] GC(14) User=0.01s Sys=0.00s Real=0.01s
[3.266s][info][gc,start    ] GC(15) Pause Young (Concurrent Start) (Metadata GC Threshold)
[3.266s][info][gc,task     ] GC(15) Using 4 workers of 4 for evacuation
[3.272s][info][gc,phases   ] GC(15)   Pre Evacuate Collection Set: 0.21ms
[3.272s][info][gc,phases   ] GC(15)   Merge Heap Roots: 0.06ms
[3.272s][info][gc,phases   ] GC(15)   Evacuate Collection Set: 4.62ms
[3.272s][info][gc,phases   ] GC(15)   Post Evacuate Collection Set: 0.96ms
[3.272s][info][gc,phases   ] GC(15)   Other: 0.06ms
[3.272s][info][gc,heap     ] GC(15) Eden regions: 143->0(438)
[3.272s][info][gc,heap     ] GC(15) Survivor regions: 3->6(56)
[3.272s][info][gc,heap     ] GC(15) Old regions: 13->13
[3.272s][info][gc,heap     ] GC(15) Humongous regions: 2->2
[3.272s][info][gc,metaspace] GC(15) Metaspace: 60552K(61120K)->60552K(61120K) NonClass: 46869K(47168K)->46869K(47168K) Class: 13683K(13952K)->13683K(13952K)
[3.272s][info][gc          ] GC(15) Pause Young (Concurrent Start) (Metadata GC Threshold) 320M->40M(1482M) 6.008ms
[3.272s][info][gc,cpu      ] GC(15) User=0.03s Sys=0.00s Real=0.00s
[3.272s][info][gc          ] GC(16) Concurrent Mark Cycle
[3.272s][info][gc,marking  ] GC(16) Concurrent Scan Root Regions
[3.278s][info][gc,marking  ] GC(16) Concurrent Scan Root Regions 5.603ms
[3.278s][info][gc,marking  ] GC(16) Concurrent Mark
[3.278s][info][gc,marking  ] GC(16) Concurrent Mark From Roots
[3.278s][info][gc,task     ] GC(16) Using 1 workers of 1 for marking
[3.296s][info][gc,marking  ] GC(16) Concurrent Mark From Roots 18.293ms
[3.296s][info][gc,marking  ] GC(16) Concurrent Preclean
[3.296s][info][gc,marking  ] GC(16) Concurrent Preclean 0.074ms
[3.297s][info][gc,start    ] GC(16) Pause Remark
[3.300s][info][gc          ] GC(16) Pause Remark 49M->49M(140M) 2.888ms
[3.300s][info][gc,cpu      ] GC(16) User=0.01s Sys=0.00s Real=0.00s
[3.300s][info][gc,marking  ] GC(16) Concurrent Mark 22.215ms
[3.300s][info][gc,marking  ] GC(16) Concurrent Rebuild Remembered Sets and Scrub Regions
[3.308s][info][gc,marking  ] GC(16) Concurrent Rebuild Remembered Sets and Scrub Regions 7.726ms
[3.308s][info][gc,start    ] GC(16) Pause Cleanup
[3.308s][info][gc          ] GC(16) Pause Cleanup 53M->53M(140M) 0.035ms
[3.308s][info][gc,cpu      ] GC(16) User=0.00s Sys=0.00s Real=0.00s
[3.308s][info][gc,marking  ] GC(16) Concurrent Clear Claimed Marks
[3.308s][info][gc,marking  ] GC(16) Concurrent Clear Claimed Marks 0.057ms
[3.308s][info][gc,marking  ] GC(16) Concurrent Cleanup for Next Mark
[3.308s][info][gc,marking  ] GC(16) Concurrent Cleanup for Next Mark 0.231ms
[3.308s][info][gc          ] GC(16) Concurrent Mark Cycle 36.272ms
[3.452s][info][gc,start    ] GC(17) Pause Young (Prepare Mixed) (G1 Evacuation Pause)
[3.452s][info][gc,task     ] GC(17) Using 4 workers of 4 for evacuation
[3.457s][info][gc,phases   ] GC(17)   Pre Evacuate Collection Set: 0.10ms
[3.457s][info][gc,phases   ] GC(17)   Merge Heap Roots: 0.08ms
[3.457s][info][gc,phases   ] GC(17)   Evacuate Collection Set: 4.00ms
[3.457s][info][gc,phases   ] GC(17)   Post Evacuate Collection Set: 0.51ms
[3.457s][info][gc,phases   ] GC(17)   Other: 0.04ms
[3.457s][info][gc,heap     ] GC(17) Eden regions: 37->0(40)
[3.457s][info][gc,heap     ] GC(17) Survivor regions: 6->2(6)
[3.457s][info][gc,heap     ] GC(17) Old regions: 13->19
[3.457s][info][gc,heap     ] GC(17) Humongous regions: 2->2
[3.457s][info][gc,metaspace] GC(17) Metaspace: 65101K(65728K)->65101K(65728K) NonClass: 50281K(50624K)->50281K(50624K) Class: 14820K(15104K)->14820K(15104K)
[3.457s][info][gc          ] GC(17) Pause Young (Prepare Mixed) (G1 Evacuation Pause) 114M->43M(140M) 4.819ms
[3.457s][info][gc,cpu      ] GC(17) User=0.02s Sys=0.00s Real=0.01s
[3.635s][info][gc,start    ] GC(18) Pause Young (Mixed) (G1 Evacuation Pause)
[3.635s][info][gc,task     ] GC(18) Using 4 workers of 4 for evacuation
[3.638s][info][gc,phases   ] GC(18)   Pre Evacuate Collection Set: 0.18ms
[3.638s][info][gc,phases   ] GC(18)   Merge Heap Roots: 0.08ms
[3.638s][info][gc,phases   ] GC(18)   Evacuate Collection Set: 2.26ms
[3.638s][info][gc,phases   ] GC(18)   Post Evacuate Collection Set: 0.50ms
[3.638s][info][gc,phases   ] GC(18)   Other: 0.05ms
[3.638s][info][gc,heap     ] GC(18) Eden regions: 40->0(40)
[3.638s][info][gc,heap     ] GC(18) Survivor regions: 2->2(6)
[3.638s][info][gc,heap     ] GC(18) Old regions: 19->19
[3.638s][info][gc,heap     ] GC(18) Humongous regions: 2->2
[3.638s][info][gc,metaspace] GC(18) Metaspace: 68605K(69376K)->68605K(69376K) NonClass: 53070K(53504K)->53070K(53504K) Class: 15534K(15872K)->15534K(15872K)
[3.638s][info][gc          ] GC(18) Pause Young (Mixed) (G1 Evacuation Pause) 123M->44M(140M) 3.206ms
[3.638s][info][gc,cpu      ] GC(18) User=0.01s Sys=0.00s Real=0.00s
[3.811s][info][gc,start    ] GC(19) Pause Young (Normal) (G1 Evacuation Pause)
[3.811s][info][gc,task     ] GC(19) Using 4 workers of 4 for evacuation
[3.814s][info][gc,phases   ] GC(19)   Pre Evacuate Collection Set: 0.11ms
[3.814s][info][gc,phases   ] GC(19)   Merge Heap Roots: 0.07ms
[3.814s][info][gc,phases   ] GC(19)   Evacuate Collection Set: 2.23ms
[3.814s][info][gc,phases   ] GC(19)   Post Evacuate Collection Set: 0.49ms
[3.814s][info][gc,phases   ] GC(19)   Other: 0.05ms
[3.814s][info][gc,heap     ] GC(19) Eden regions: 40->0(39)
[3.814s][info][gc,heap     ] GC(19) Survivor regions: 2->3(6)
[3.814s][info][gc,heap     ] GC(19) Old regions: 19->19
[3.814s][info][gc,heap     ] GC(19) Humongous regions: 2->2
[3.814s][info][gc,metaspace] GC(19) Metaspace: 74211K(74880K)->74211K(74880K) NonClass: 57774K(58176K)->57774K(58176K) Class: 16436K(16704K)->16436K(16704K)
[3.814s][info][gc          ] GC(19) Pause Young (Normal) (G1 Evacuation Pause) 124M->45M(140M) 3.039ms
[3.814s][info][gc,cpu      ] GC(19) User=0.01s Sys=0.00s Real=0.01s
[4.104s][info][gc,start    ] GC(20) Pause Young (Normal) (G1 Evacuation Pause)
[4.104s][info][gc,task     ] GC(20) Using 4 workers of 4 for evacuation
[4.108s][info][gc,phases   ] GC(20)   Pre Evacuate Collection Set: 0.09ms
[4.108s][info][gc,phases   ] GC(20)   Merge Heap Roots: 0.06ms
[4.108s][info][gc,phases   ] GC(20)   Evacuate Collection Set: 2.69ms
[4.108s][info][gc,phases   ] GC(20)   Post Evacuate Collection Set: 0.42ms
[4.108s][info][gc,phases   ] GC(20)   Other: 0.04ms
[4.108s][info][gc,heap     ] GC(20) Eden regions: 39->0(38)
[4.108s][info][gc,heap     ] GC(20) Survivor regions: 3->4(6)
[4.108s][info][gc,heap     ] GC(20) Old regions: 19->19
[4.108s][info][gc,heap     ] GC(20) Humongous regions: 2->2
[4.108s][info][gc,metaspace] GC(20) Metaspace: 78452K(79232K)->78452K(79232K) NonClass: 60967K(61376K)->60967K(61376K) Class: 17485K(17856K)->17485K(17856K)
[4.108s][info][gc          ] GC(20) Pause Young (Normal) (G1 Evacuation Pause) 123M->48M(140M) 3.397ms
[4.108s][info][gc,cpu      ] GC(20) User=0.01s Sys=0.00s Real=0.00s
