[0.004s][info][gc,init] CardTable entry size: 512
[0.004s][info][gc     ] Using G1
[0.007s][info][gc,init] Version: 25.0.4.1+1-LTS (release)
[0.007s][info][gc,init] CPUs: 12 total, 4 available
[0.007s][info][gc,init] Memory: 4096M
[0.007s][info][gc,init] Large Page Support: Disabled
[0.007s][info][gc,init] NUMA Support: Disabled
[0.007s][info][gc,init] Compressed Oops: Enabled (Zero based)
[0.007s][info][gc,init] Heap Region Size: 2M
[0.007s][info][gc,init] Heap Min Capacity: 8M
[0.007s][info][gc,init] Heap Initial Capacity: 2868M
[0.007s][info][gc,init] Heap Max Capacity: 2868M
[0.007s][info][gc,init] Pre-touch: Disabled
[0.007s][info][gc,init] Parallel Workers: 4
[0.007s][info][gc,init] Concurrent Workers: 1
[0.007s][info][gc,init] Concurrent Refinement Workers: 4
[0.007s][info][gc,init] Periodic GC: Disabled
[0.015s][info][gc,metaspace] CDS archive(s) mapped at: [0x00000ff800000000-0x00000ff800e70000-0x00000ff800e70000), size 15138816, SharedBaseAddress: 0x00000ff800000000, ArchiveRelocationMode: 1.
[0.015s][info][gc,metaspace] Compressed class space mapped at: 0x00000ff801000000-0x00000ff841000000, reserved size: 1073741824
[0.015s][info][gc,metaspace] UseCompressedClassPointers 1, UseCompactObjectHeaders 1
[0.015s][info][gc,metaspace] Narrow klass pointer bits 22, Max shift 10
[0.015s][info][gc,metaspace] Narrow klass base: 0x00000ff800000000, Narrow klass shift: 10
[0.015s][info][gc,metaspace] Encoding Range: [0x00000ff800000000 - 0x00000ff900000000), (4294967296 bytes)
[0.015s][info][gc,metaspace] Klass Range:    [0x00000ff800010000 - 0x00000ff841000000), (1090453504 bytes)
[0.015s][info][gc,metaspace] Klass ID Range:  [64 - 1064960) (1064896)
[0.015s][info][gc,metaspace] Protection zone: [0x00000ff800000000 - 0x00000ff800010000), (65536 bytes)
[1.056s][info][gc,start    ] GC(0) Pause Young (Normal) (G1 Evacuation Pause)
[1.056s][info][gc,task     ] GC(0) Using 4 workers of 4 for evacuation
[1.061s][info][gc,phases   ] GC(0)   Pre Evacuate Collection Set: 0.14ms
[1.061s][info][gc,phases   ] GC(0)   Merge Heap Roots: 0.04ms
[1.061s][info][gc,phases   ] GC(0)   Evacuate Collection Set: 3.96ms
[1.061s][info][gc,phases   ] GC(0)   Post Evacuate Collection Set: 1.02ms
[1.061s][info][gc,phases   ] GC(0)   Other: 0.44ms
[1.061s][info][gc,heap     ] GC(0) Eden regions: 71->0(219)
[1.061s][info][gc,heap     ] GC(0) Survivor regions: 0->5(9)
[1.061s][info][gc,heap     ] GC(0) Old regions: 1->1
[1.061s][info][gc,heap     ] GC(0) Humongous regions: 2->2
[1.062s][info][gc,metaspace] GC(0) Metaspace: 17111K(17344K)->17111K(17344K) NonClass: 13511K(13632K)->13511K(13632K) Class: 3600K(3712K)->3600K(3712K)
[1.062s][info][gc          ] GC(0) Pause Young (Normal) (G1 Evacuation Pause) 147M->13M(2868M) 5.748ms
[1.062s][info][gc,cpu      ] GC(0) User=0.01s Sys=0.01s Real=0.01s
[1.677s][info][gc,start    ] GC(1) Pause Young (Concurrent Start) (Metadata GC Threshold)
[1.677s][info][gc,task     ] GC(1) Using 4 workers of 4 for evacuation
[1.682s][info][gc,phases   ] GC(1)   Pre Evacuate Collection Set: 0.31ms
[1.682s][info][gc,phases   ] GC(1)   Merge Heap Roots: 0.06ms
[1.682s][info][gc,phases   ] GC(1)   Evacuate Collection Set: 4.42ms
[1.682s][info][gc,phases   ] GC(1)   Post Evacuate Collection Set: 0.93ms
[1.682s][info][gc,phases   ] GC(1)   Other: 0.05ms
[1.682s][info][gc,heap     ] GC(1) Eden regions: 124->0(555)
[1.682s][info][gc,heap     ] GC(1) Survivor regions: 5->6(28)
[1.682s][info][gc,heap     ] GC(1) Old regions: 1->1
[1.682s][info][gc,heap     ] GC(1) Humongous regions: 2->2
[1.682s][info][gc,metaspace] GC(1) Metaspace: 21186K(21504K)->21186K(21504K) NonClass: 16548K(16704K)->16548K(16704K) Class: 4637K(4800K)->4637K(4800K)
[1.682s][info][gc          ] GC(1) Pause Young (Concurrent Start) (Metadata GC Threshold) 260M->16M(2868M) 5.886ms
[1.682s][info][gc,cpu      ] GC(1) User=0.02s Sys=0.00s Real=0.00s
[1.682s][info][gc          ] GC(2) Concurrent Mark Cycle
[1.682s][info][gc,marking  ] GC(2) Concurrent Scan Root Regions
[1.686s][info][gc,marking  ] GC(2) Concurrent Scan Root Regions 3.701ms
[1.686s][info][gc,marking  ] GC(2) Concurrent Mark
[1.686s][info][gc,marking  ] GC(2) Concurrent Mark From Roots
[1.686s][info][gc,task     ] GC(2) Using 1 workers of 1 for marking
[1.687s][info][gc,marking  ] GC(2) Concurrent Mark From Roots 1.100ms
[1.687s][info][gc,marking  ] GC(2) Concurrent Preclean
[1.687s][info][gc,marking  ] GC(2) Concurrent Preclean 0.009ms
[1.687s][info][gc,start    ] GC(2) Pause Remark
[1.691s][info][gc          ] GC(2) Pause Remark 18M->18M(60M) 3.185ms
[1.691s][info][gc,cpu      ] GC(2) User=0.01s Sys=0.00s Real=0.00s
[1.691s][info][gc,marking  ] GC(2) Concurrent Mark 4.513ms
[1.691s][info][gc,marking  ] GC(2) Concurrent Rebuild Remembered Sets and Scrub Regions
[1.692s][info][gc,marking  ] GC(2) Concurrent Rebuild Remembered Sets and Scrub Regions 0.800ms
[1.692s][info][gc,start    ] GC(2) Pause Cleanup
[1.692s][info][gc          ] GC(2) Pause Cleanup 18M->18M(60M) 0.035ms
[1.692s][info][gc,cpu      ] GC(2) User=0.00s Sys=0.00s Real=0.00s
[1.692s][info][gc,marking  ] GC(2) Concurrent Clear Claimed Marks
[1.692s][info][gc,marking  ] GC(2) Concurrent Clear Claimed Marks 0.034ms
[1.692s][info][gc,marking  ] GC(2) Concurrent Cleanup for Next Mark
[1.692s][info][gc,marking  ] GC(2) Concurrent Cleanup for Next Mark 0.466ms
[1.692s][info][gc          ] GC(2) Concurrent Mark Cycle 9.756ms
[1.849s][info][gc,start    ] GC(3) Pause Young (Prepare Mixed) (G1 Evacuation Pause)
[1.849s][info][gc,task     ] GC(3) Using 3 workers of 4 for evacuation
[1.855s][info][gc,phases   ] GC(3)   Pre Evacuate Collection Set: 0.09ms
[1.855s][info][gc,phases   ] GC(3)   Merge Heap Roots: 0.04ms
[1.855s][info][gc,phases   ] GC(3)   Evacuate Collection Set: 5.15ms
[1.855s][info][gc,phases   ] GC(3)   Post Evacuate Collection Set: 0.74ms
[1.855s][info][gc,phases   ] GC(3)   Other: 0.03ms
[1.855s][info][gc,heap     ] GC(3) Eden regions: 21->0(15)
[1.855s][info][gc,heap     ] GC(3) Survivor regions: 6->7(71)
[1.855s][info][gc,heap     ] GC(3) Old regions: 1->1
[1.855s][info][gc,heap     ] GC(3) Humongous regions: 2->2
[1.855s][info][gc,metaspace] GC(3) Metaspace: 22295K(22656K)->22295K(22656K) NonClass: 17497K(17728K)->17497K(17728K) Class: 4798K(4928K)->4798K(4928K)
[1.855s][info][gc          ] GC(3) Pause Young (Prepare Mixed) (G1 Evacuation Pause) 58M->19M(74M) 6.140ms
[1.855s][info][gc,cpu      ] GC(3) User=0.02s Sys=0.00s Real=0.00s
[1.897s][info][gc,start    ] GC(4) Pause Young (Mixed) (G1 Evacuation Pause)
[1.897s][info][gc,task     ] GC(4) Using 2 workers of 4 for evacuation
[1.906s][info][gc,phases   ] GC(4)   Pre Evacuate Collection Set: 0.15ms
[1.906s][info][gc,phases   ] GC(4)   Merge Heap Roots: 0.04ms
[1.906s][info][gc,phases   ] GC(4)   Evacuate Collection Set: 8.02ms
[1.906s][info][gc,phases   ] GC(4)   Post Evacuate Collection Set: 0.65ms
[1.906s][info][gc,phases   ] GC(4)   Other: 0.04ms
[1.906s][info][gc,heap     ] GC(4) Eden regions: 15->0(18)
[1.906s][info][gc,heap     ] GC(4) Survivor regions: 7->2(3)
[1.906s][info][gc,heap     ] GC(4) Old regions: 1->6
[1.906s][info][gc,heap     ] GC(4) Humongous regions: 2->2
[1.906s][info][gc,metaspace] GC(4) Metaspace: 22380K(22720K)->22380K(22720K) NonClass: 17551K(17728K)->17551K(17728K) Class: 4829K(4992K)->4829K(4992K)
[1.906s][info][gc          ] GC(4) Pause Young (Mixed) (G1 Evacuation Pause) 49M->19M(74M) 8.987ms
[1.906s][info][gc,cpu      ] GC(4) User=0.02s Sys=0.00s Real=0.01s
[2.023s][info][gc,start    ] GC(5) Pause Young (Normal) (G1 Evacuation Pause)
[2.023s][info][gc,task     ] GC(5) Using 2 workers of 4 for evacuation
[2.025s][info][gc,phases   ] GC(5)   Pre Evacuate Collection Set: 0.10ms
[2.025s][info][gc,phases   ] GC(5)   Merge Heap Roots: 0.05ms
[2.025s][info][gc,phases   ] GC(5)   Evacuate Collection Set: 1.81ms
[2.025s][info][gc,phases   ] GC(5)   Post Evacuate Collection Set: 0.32ms
[2.025s][info][gc,phases   ] GC(5)   Other: 0.04ms
[2.025s][info][gc,heap     ] GC(5) Eden regions: 18->0(19)
[2.025s][info][gc,heap     ] GC(5) Survivor regions: 2->1(3)
[2.025s][info][gc,heap     ] GC(5) Old regions: 6->7
[2.025s][info][gc,heap     ] GC(5) Humongous regions: 2->2
[2.025s][info][gc,metaspace] GC(5) Metaspace: 24305K(24704K)->24305K(24704K) NonClass: 19050K(19264K)->19050K(19264K) Class: 5254K(5440K)->5254K(5440K)
[2.025s][info][gc          ] GC(5) Pause Young (Normal) (G1 Evacuation Pause) 55M->20M(74M) 2.406ms
[2.025s][info][gc,cpu      ] GC(5) User=0.01s Sys=0.00s Real=0.00s
[2.112s][info][gc,start    ] GC(6) Pause Young (Normal) (G1 Evacuation Pause)
[2.112s][info][gc,task     ] GC(6) Using 2 workers of 4 for evacuation
[2.114s][info][gc,phases   ] GC(6)   Pre Evacuate Collection Set: 0.12ms
[2.114s][info][gc,phases   ] GC(6)   Merge Heap Roots: 0.05ms
[2.114s][info][gc,phases   ] GC(6)   Evacuate Collection Set: 1.25ms
[2.114s][info][gc,phases   ] GC(6)   Post Evacuate Collection Set: 0.30ms
[2.114s][info][gc,phases   ] GC(6)   Other: 0.04ms
[2.114s][info][gc,heap     ] GC(6) Eden regions: 19->0(20)
[2.114s][info][gc,heap     ] GC(6) Survivor regions: 1->1(3)
[2.114s][info][gc,heap     ] GC(6) Old regions: 7->7
[2.114s][info][gc,heap     ] GC(6) Humongous regions: 2->2
[2.114s][info][gc,metaspace] GC(6) Metaspace: 26055K(26432K)->26055K(26432K) NonClass: 20419K(20608K)->20419K(20608K) Class: 5636K(5824K)->5636K(5824K)
[2.114s][info][gc          ] GC(6) Pause Young (Normal) (G1 Evacuation Pause) 58M->20M(74M) 1.890ms
[2.114s][info][gc,cpu      ] GC(6) User=0.00s Sys=0.00s Real=0.00s
[2.248s][info][gc,start    ] GC(7) Pause Young (Normal) (G1 Evacuation Pause)
[2.248s][info][gc,task     ] GC(7) Using 2 workers of 4 for evacuation
[2.253s][info][gc,phases   ] GC(7)   Pre Evacuate Collection Set: 0.13ms
[2.253s][info][gc,phases   ] GC(7)   Merge Heap Roots: 0.06ms
[2.253s][info][gc,phases   ] GC(7)   Evacuate Collection Set: 2.79ms
[2.253s][info][gc,phases   ] GC(7)   Post Evacuate Collection Set: 1.59ms
[2.253s][info][gc,phases   ] GC(7)   Other: 0.05ms
[2.253s][info][gc,heap     ] GC(7) Eden regions: 20->0(439)
[2.253s][info][gc,heap     ] GC(7) Survivor regions: 1->2(3)
[2.253s][info][gc,heap     ] GC(7) Old regions: 7->7
[2.253s][info][gc,heap     ] GC(7) Humongous regions: 2->2
[2.253s][info][gc,metaspace] GC(7) Metaspace: 29099K(29568K)->29099K(29568K) NonClass: 22715K(22976K)->22715K(22976K) Class: 6383K(6592K)->6383K(6592K)
[2.253s][info][gc          ] GC(7) Pause Young (Normal) (G1 Evacuation Pause) 60M->21M(1472M) 4.745ms
[2.253s][info][gc,cpu      ] GC(7) User=0.02s Sys=0.00s Real=0.00s
[2.409s][info][gc,start    ] GC(8) Pause Young (Concurrent Start) (Metadata GC Threshold)
[2.409s][info][gc,task     ] GC(8) Using 4 workers of 4 for evacuation
[2.412s][info][gc,phases   ] GC(8)   Pre Evacuate Collection Set: 0.34ms
[2.412s][info][gc,phases   ] GC(8)   Merge Heap Roots: 0.07ms
[2.412s][info][gc,phases   ] GC(8)   Evacuate Collection Set: 2.27ms
[2.412s][info][gc,phases   ] GC(8)   Post Evacuate Collection Set: 0.47ms
[2.412s][info][gc,phases   ] GC(8)   Other: 0.05ms
[2.412s][info][gc,heap     ] GC(8) Eden regions: 36->0(438)
[2.412s][info][gc,heap     ] GC(8) Survivor regions: 2->3(56)
[2.412s][info][gc,heap     ] GC(8) Old regions: 7->7
[2.412s][info][gc,heap     ] GC(8) Humongous regions: 2->2
[2.412s][info][gc,metaspace] GC(8) Metaspace: 35763K(36160K)->35763K(36160K) NonClass: 27903K(28096K)->27903K(28096K) Class: 7859K(8064K)->7859K(8064K)
[2.412s][info][gc          ] GC(8) Pause Young (Concurrent Start) (Metadata GC Threshold) 92M->23M(1472M) 3.312ms
[2.412s][info][gc,cpu      ] GC(8) User=0.01s Sys=0.00s Real=0.00s
[2.412s][info][gc          ] GC(9) Concurrent Mark Cycle
[2.412s][info][gc,marking  ] GC(9) Concurrent Scan Root Regions
[2.415s][info][gc,marking  ] GC(9) Concurrent Scan Root Regions 2.663ms
[2.415s][info][gc,marking  ] GC(9) Concurrent Mark
[2.415s][info][gc,marking  ] GC(9) Concurrent Mark From Roots
[2.415s][info][gc,task     ] GC(9) Using 1 workers of 1 for marking
[2.432s][info][gc,marking  ] GC(9) Concurrent Mark From Roots 17.349ms
[2.432s][info][gc,marking  ] GC(9) Concurrent Preclean
[2.432s][info][gc,marking  ] GC(9) Concurrent Preclean 0.047ms
[2.433s][info][gc,start    ] GC(9) Pause Remark
[2.436s][info][gc          ] GC(9) Pause Remark 32M->32M(80M) 2.765ms
[2.436s][info][gc,cpu      ] GC(9) User=0.01s Sys=0.00s Real=0.00s
[2.436s][info][gc,marking  ] GC(9) Concurrent Mark 21.059ms
[2.436s][info][gc,marking  ] GC(9) Concurrent Rebuild Remembered Sets and Scrub Regions
[2.438s][info][gc,marking  ] GC(9) Concurrent Rebuild Remembered Sets and Scrub Regions 2.397ms
[2.439s][info][gc,start    ] GC(9) Pause Cleanup
[2.439s][info][gc          ] GC(9) Pause Cleanup 33M->33M(80M) 0.019ms
[2.439s][info][gc,cpu      ] GC(9) User=0.00s Sys=0.00s Real=0.00s
[2.439s][info][gc,marking  ] GC(9) Concurrent Clear Claimed Marks
[2.439s][info][gc,marking  ] GC(9) Concurrent Clear Claimed Marks 0.088ms
[2.439s][info][gc,marking  ] GC(9) Concurrent Cleanup for Next Mark
[2.439s][info][gc,marking  ] GC(9) Concurrent Cleanup for Next Mark 0.243ms
[2.439s][info][gc          ] GC(9) Concurrent Mark Cycle 27.216ms
[2.541s][info][gc,start    ] GC(10) Pause Young (Normal) (G1 Evacuation Pause)
[2.541s][info][gc,task     ] GC(10) Using 4 workers of 4 for evacuation
[2.544s][info][gc,phases   ] GC(10)   Pre Evacuate Collection Set: 0.14ms
[2.544s][info][gc,phases   ] GC(10)   Merge Heap Roots: 0.04ms
[2.544s][info][gc,phases   ] GC(10)   Evacuate Collection Set: 2.66ms
[2.544s][info][gc,phases   ] GC(10)   Post Evacuate Collection Set: 0.44ms
[2.544s][info][gc,phases   ] GC(10)   Other: 0.05ms
[2.544s][info][gc,heap     ] GC(10) Eden regions: 28->0(22)
[2.544s][info][gc,heap     ] GC(10) Survivor regions: 3->3(56)
[2.544s][info][gc,heap     ] GC(10) Old regions: 7->7
[2.544s][info][gc,heap     ] GC(10) Humongous regions: 2->2
[2.544s][info][gc,metaspace] GC(10) Metaspace: 39709K(40128K)->39709K(40128K) NonClass: 31009K(31232K)->31009K(31232K) Class: 8700K(8896K)->8700K(8896K)
[2.544s][info][gc          ] GC(10) Pause Young (Normal) (G1 Evacuation Pause) 79M->24M(86M) 3.439ms
[2.544s][info][gc,cpu      ] GC(10) User=0.01s Sys=0.01s Real=0.00s
[2.638s][info][gc,start    ] GC(11) Pause Young (Normal) (G1 Evacuation Pause)
[2.638s][info][gc,task     ] GC(11) Using 4 workers of 4 for evacuation
[2.641s][info][gc,phases   ] GC(11)   Pre Evacuate Collection Set: 0.13ms
[2.641s][info][gc,phases   ] GC(11)   Merge Heap Roots: 0.05ms
[2.641s][info][gc,phases   ] GC(11)   Evacuate Collection Set: 2.08ms
[2.641s][info][gc,phases   ] GC(11)   Post Evacuate Collection Set: 0.34ms
[2.641s][info][gc,phases   ] GC(11)   Other: 0.04ms
[2.641s][info][gc,heap     ] GC(11) Eden regions: 22->0(22)
[2.641s][info][gc,heap     ] GC(11) Survivor regions: 3->3(4)
[2.641s][info][gc,heap     ] GC(11) Old regions: 7->9
[2.641s][info][gc,heap     ] GC(11) Humongous regions: 2->2
[2.641s][info][gc,metaspace] GC(11) Metaspace: 41763K(42240K)->41763K(42240K) NonClass: 32405K(32640K)->32405K(32640K) Class: 9358K(9600K)->9358K(9600K)
[2.641s][info][gc          ] GC(11) Pause Young (Normal) (G1 Evacuation Pause) 68M->26M(86M) 2.732ms
[2.641s][info][gc,cpu      ] GC(11) User=0.01s Sys=0.00s Real=0.00s
[2.725s][info][gc,start    ] GC(12) Pause Young (Normal) (G1 Evacuation Pause)
[2.725s][info][gc,task     ] GC(12) Using 4 workers of 4 for evacuation
[2.728s][info][gc,phases   ] GC(12)   Pre Evacuate Collection Set: 0.17ms
[2.728s][info][gc,phases   ] GC(12)   Merge Heap Roots: 0.09ms
[2.728s][info][gc,phases   ] GC(12)   Evacuate Collection Set: 2.59ms
[2.728s][info][gc,phases   ] GC(12)   Post Evacuate Collection Set: 0.36ms
[2.728s][info][gc,phases   ] GC(12)   Other: 0.07ms
[2.728s][info][gc,heap     ] GC(12) Eden regions: 22->0(22)
[2.728s][info][gc,heap     ] GC(12) Survivor regions: 3->3(4)
[2.728s][info][gc,heap     ] GC(12) Old regions: 9->10
[2.728s][info][gc,heap     ] GC(12) Humongous regions: 2->2
[2.728s][info][gc,metaspace] GC(12) Metaspace: 43250K(43712K)->43250K(43712K) NonClass: 33566K(33856K)->33566K(33856K) Class: 9684K(9856K)->9684K(9856K)
[2.728s][info][gc          ] GC(12) Pause Young (Normal) (G1 Evacuation Pause) 70M->28M(86M) 3.404ms
[2.728s][info][gc,cpu      ] GC(12) User=0.02s Sys=0.00s Real=0.01s
[2.849s][info][gc,start    ] GC(13) Pause Young (Normal) (G1 Evacuation Pause)
[2.849s][info][gc,task     ] GC(13) Using 3 workers of 4 for evacuation
[2.853s][info][gc,phases   ] GC(13)   Pre Evacuate Collection Set: 0.13ms
[2.853s][info][gc,phases   ] GC(13)   Merge Heap Roots: 0.05ms
[2.853s][info][gc,phases   ] GC(13)   Evacuate Collection Set: 2.83ms
[2.853s][info][gc,phases   ] GC(13)   Post Evacuate Collection Set: 0.34ms
[2.853s][info][gc,phases   ] GC(13)   Other: 0.05ms
[2.853s][info][gc,heap     ] GC(13) Eden regions: 22->0(21)
[2.853s][info][gc,heap     ] GC(13) Survivor regions: 3->4(4)
[2.853s][info][gc,heap     ] GC(13) Old regions: 10->11
[2.853s][info][gc,heap     ] GC(13) Humongous regions: 2->2
[2.853s][info][gc,metaspace] GC(13) Metaspace: 44518K(44992K)->44518K(44992K) NonClass: 34547K(34816K)->34547K(34816K) Class: 9971K(10176K)->9971K(10176K)
[2.853s][info][gc          ] GC(13) Pause Young (Normal) (G1 Evacuation Pause) 72M->32M(86M) 3.477ms
[2.853s][info][gc,cpu      ] GC(13) User=0.02s Sys=0.00s Real=0.00s
[2.970s][info][gc,start    ] GC(14) Pause Young (Normal) (G1 Evacuation Pause)
[2.970s][info][gc,task     ] GC(14) Using 2 workers of 4 for evacuation
[2.975s][info][gc,phases   ] GC(14)   Pre Evacuate Collection Set: 0.08ms
[2.975s][info][gc,phases   ] GC(14)   Merge Heap Roots: 0.05ms
[2.975s][info][gc,phases   ] GC(14)   Evacuate Collection Set: 3.54ms
[2.975s][info][gc,phases   ] GC(14)   Post Evacuate Collection Set: 1.15ms
[2.975s][info][gc,phases   ] GC(14)   Other: 0.05ms
[2.975s][info][gc,heap     ] GC(14) Eden regions: 21->0(440)
[2.975s][info][gc,heap     ] GC(14) Survivor regions: 4->3(4)
[2.975s][info][gc,heap     ] GC(14) Old regions: 11->13
[2.975s][info][gc,heap     ] GC(14) Humongous regions: 2->2
[2.975s][info][gc,metaspace] GC(14) Metaspace: 46068K(46464K)->46068K(46464K) NonClass: 35798K(36032K)->35798K(36032K) Class: 10270K(10432K)->10270K(10432K)
[2.975s][info][gc          ] GC(14) Pause Young (Normal) (G1 Evacuation Pause) 74M->33M(1478M) 4.969ms
[2.975s][info][gc,cpu      ] GC(14) User=0.01s Sys=0.00s Real=0.00s
[4.002s][info][gc,start    ] GC(15) Pause Young (Concurrent Start) (Metadata GC Threshold)
[4.002s][info][gc,task     ] GC(15) Using 4 workers of 4 for evacuation
[4.012s][info][gc,phases   ] GC(15)   Pre Evacuate Collection Set: 0.26ms
[4.012s][info][gc,phases   ] GC(15)   Merge Heap Roots: 0.09ms
[4.012s][info][gc,phases   ] GC(15)   Evacuate Collection Set: 8.82ms
[4.012s][info][gc,phases   ] GC(15)   Post Evacuate Collection Set: 0.97ms
[4.012s][info][gc,phases   ] GC(15)   Other: 0.10ms
[4.012s][info][gc,heap     ] GC(15) Eden regions: 160->0(436)
[4.012s][info][gc,heap     ] GC(15) Survivor regions: 3->7(56)
[4.012s][info][gc,heap     ] GC(15) Old regions: 13->13
[4.012s][info][gc,heap     ] GC(15) Humongous regions: 2->2
[4.012s][info][gc,metaspace] GC(15) Metaspace: 60996K(61568K)->60996K(61568K) NonClass: 47205K(47488K)->47205K(47488K) Class: 13790K(14080K)->13790K(14080K)
[4.012s][info][gc          ] GC(15) Pause Young (Concurrent Start) (Metadata GC Threshold) 352M->40M(1478M) 10.369ms
[4.012s][info][gc,cpu      ] GC(15) User=0.04s Sys=0.01s Real=0.01s
[4.012s][info][gc          ] GC(16) Concurrent Mark Cycle
[4.012s][info][gc,marking  ] GC(16) Concurrent Scan Root Regions
[4.019s][info][gc,marking  ] GC(16) Concurrent Scan Root Regions 6.644ms
[4.019s][info][gc,marking  ] GC(16) Concurrent Mark
[4.019s][info][gc,marking  ] GC(16) Concurrent Mark From Roots
[4.019s][info][gc,task     ] GC(16) Using 1 workers of 1 for marking
[4.043s][info][gc,marking  ] GC(16) Concurrent Mark From Roots 23.744ms
[4.043s][info][gc,marking  ] GC(16) Concurrent Preclean
[4.043s][info][gc,marking  ] GC(16) Concurrent Preclean 0.082ms
[4.044s][info][gc,start    ] GC(16) Pause Remark
[4.048s][info][gc          ] GC(16) Pause Remark 53M->53M(148M) 4.138ms
[4.048s][info][gc,cpu      ] GC(16) User=0.02s Sys=0.00s Real=0.01s
[4.048s][info][gc,marking  ] GC(16) Concurrent Mark 29.374ms
[4.048s][info][gc,marking  ] GC(16) Concurrent Rebuild Remembered Sets and Scrub Regions
[4.058s][info][gc,marking  ] GC(16) Concurrent Rebuild Remembered Sets and Scrub Regions 9.782ms
[4.059s][info][gc,start    ] GC(16) Pause Cleanup
[4.059s][info][gc          ] GC(16) Pause Cleanup 56M->56M(148M) 0.128ms
[4.059s][info][gc,cpu      ] GC(16) User=0.00s Sys=0.00s Real=0.00s
[4.059s][info][gc,marking  ] GC(16) Concurrent Clear Claimed Marks
[4.059s][info][gc,marking  ] GC(16) Concurrent Clear Claimed Marks 0.090ms
[4.059s][info][gc,marking  ] GC(16) Concurrent Cleanup for Next Mark
[4.060s][info][gc,marking  ] GC(16) Concurrent Cleanup for Next Mark 1.210ms
[4.061s][info][gc          ] GC(16) Concurrent Mark Cycle 48.181ms
[4.255s][info][gc,start    ] GC(17) Pause Young (Prepare Mixed) (G1 Evacuation Pause)
[4.255s][info][gc,task     ] GC(17) Using 4 workers of 4 for evacuation
[4.261s][info][gc,phases   ] GC(17)   Pre Evacuate Collection Set: 0.12ms
[4.261s][info][gc,phases   ] GC(17)   Merge Heap Roots: 0.08ms
[4.261s][info][gc,phases   ] GC(17)   Evacuate Collection Set: 4.84ms
[4.261s][info][gc,phases   ] GC(17)   Post Evacuate Collection Set: 0.55ms
[4.261s][info][gc,phases   ] GC(17)   Other: 0.05ms
[4.261s][info][gc,heap     ] GC(17) Eden regions: 37->0(42)
[4.261s][info][gc,heap     ] GC(17) Survivor regions: 7->2(6)
[4.261s][info][gc,heap     ] GC(17) Old regions: 13->19
[4.261s][info][gc,heap     ] GC(17) Humongous regions: 2->2
[4.261s][info][gc,metaspace] GC(17) Metaspace: 65549K(66240K)->65549K(66240K) NonClass: 50598K(51008K)->50598K(51008K) Class: 14951K(15232K)->14951K(15232K)
[4.261s][info][gc          ] GC(17) Pause Young (Prepare Mixed) (G1 Evacuation Pause) 114M->42M(148M) 5.748ms
[4.261s][info][gc,cpu      ] GC(17) User=0.02s Sys=0.00s Real=0.01s
[4.470s][info][gc,start    ] GC(18) Pause Young (Mixed) (G1 Evacuation Pause)
[4.470s][info][gc,task     ] GC(18) Using 4 workers of 4 for evacuation
[4.472s][info][gc,phases   ] GC(18)   Pre Evacuate Collection Set: 0.09ms
[4.472s][info][gc,phases   ] GC(18)   Merge Heap Roots: 0.05ms
[4.472s][info][gc,phases   ] GC(18)   Evacuate Collection Set: 2.02ms
[4.472s][info][gc,phases   ] GC(18)   Post Evacuate Collection Set: 0.44ms
[4.472s][info][gc,phases   ] GC(18)   Other: 0.04ms
[4.472s][info][gc,heap     ] GC(18) Eden regions: 42->0(41)
[4.472s][info][gc,heap     ] GC(18) Survivor regions: 2->3(6)
[4.472s][info][gc,heap     ] GC(18) Old regions: 19->19
[4.472s][info][gc,heap     ] GC(18) Humongous regions: 2->2
[4.472s][info][gc,metaspace] GC(18) Metaspace: 69975K(70656K)->69975K(70656K) NonClass: 54213K(54592K)->54213K(54592K) Class: 15762K(16064K)->15762K(16064K)
[4.472s][info][gc          ] GC(18) Pause Young (Mixed) (G1 Evacuation Pause) 126M->43M(148M) 2.736ms
[4.472s][info][gc,cpu      ] GC(18) User=0.01s Sys=0.00s Real=0.00s
[4.709s][info][gc,start    ] GC(19) Pause Young (Normal) (G1 Evacuation Pause)
[4.709s][info][gc,task     ] GC(19) Using 4 workers of 4 for evacuation
[4.712s][info][gc,phases   ] GC(19)   Pre Evacuate Collection Set: 0.10ms
[4.712s][info][gc,phases   ] GC(19)   Merge Heap Roots: 0.04ms
[4.712s][info][gc,phases   ] GC(19)   Evacuate Collection Set: 2.34ms
[4.712s][info][gc,phases   ] GC(19)   Post Evacuate Collection Set: 0.50ms
[4.712s][info][gc,phases   ] GC(19)   Other: 0.04ms
[4.712s][info][gc,heap     ] GC(19) Eden regions: 41->0(41)
[4.712s][info][gc,heap     ] GC(19) Survivor regions: 3->3(6)
[4.712s][info][gc,heap     ] GC(19) Old regions: 19->19
[4.712s][info][gc,heap     ] GC(19) Humongous regions: 2->2
[4.712s][info][gc,metaspace] GC(19) Metaspace: 74959K(75648K)->74959K(75648K) NonClass: 58283K(58688K)->58283K(58688K) Class: 16675K(16960K)->16675K(16960K)
[4.712s][info][gc          ] GC(19) Pause Young (Normal) (G1 Evacuation Pause) 125M->45M(148M) 3.116ms
[4.712s][info][gc,cpu      ] GC(19) User=0.01s Sys=0.00s Real=0.00s
[5.114s][info][gc,start    ] GC(20) Pause Young (Normal) (G1 Evacuation Pause)
[5.114s][info][gc,task     ] GC(20) Using 4 workers of 4 for evacuation
[5.121s][info][gc,phases   ] GC(20)   Pre Evacuate Collection Set: 0.14ms
[5.121s][info][gc,phases   ] GC(20)   Merge Heap Roots: 0.09ms
[5.121s][info][gc,phases   ] GC(20)   Evacuate Collection Set: 5.12ms
[5.121s][info][gc,phases   ] GC(20)   Post Evacuate Collection Set: 1.10ms
[5.121s][info][gc,phases   ] GC(20)   Other: 0.07ms
[5.121s][info][gc,heap     ] GC(20) Eden regions: 41->0(39)
[5.121s][info][gc,heap     ] GC(20) Survivor regions: 3->5(6)
[5.121s][info][gc,heap     ] GC(20) Old regions: 19->19
[5.121s][info][gc,heap     ] GC(20) Humongous regions: 2->2
[5.121s][info][gc,metaspace] GC(20) Metaspace: 79398K(80192K)->79398K(80192K) NonClass: 61635K(62080K)->61635K(62080K) Class: 17763K(18112K)->17763K(18112K)
[5.121s][info][gc          ] GC(20) Pause Young (Normal) (G1 Evacuation Pause) 127M->48M(148M) 6.783ms
[5.121s][info][gc,cpu      ] GC(20) User=0.03s Sys=0.00s Real=0.01s
[10.257s][info][gc,start    ] GC(21) Pause Young (Normal) (G1 Evacuation Pause)
[10.257s][info][gc,task     ] GC(21) Using 4 workers of 4 for evacuation
[10.263s][info][gc,phases   ] GC(21)   Pre Evacuate Collection Set: 0.11ms
[10.263s][info][gc,phases   ] GC(21)   Merge Heap Roots: 0.06ms
[10.263s][info][gc,phases   ] GC(21)   Evacuate Collection Set: 4.20ms
[10.263s][info][gc,phases   ] GC(21)   Post Evacuate Collection Set: 1.61ms
[10.263s][info][gc,phases   ] GC(21)   Other: 0.06ms
[10.263s][info][gc,heap     ] GC(21) Eden regions: 39->0(448)
[10.263s][info][gc,heap     ] GC(21) Survivor regions: 5->4(6)
[10.263s][info][gc,heap     ] GC(21) Old regions: 19->21
[10.263s][info][gc,heap     ] GC(21) Humongous regions: 2->2
[10.263s][info][gc,metaspace] GC(21) Metaspace: 84633K(85504K)->84633K(85504K) NonClass: 65619K(66112K)->65619K(66112K) Class: 19013K(19392K)->19013K(19392K)
[10.263s][info][gc          ] GC(21) Pause Young (Normal) (G1 Evacuation Pause) 126M->49M(1508M) 6.151ms
[10.263s][info][gc,cpu      ] GC(21) User=0.02s Sys=0.00s Real=0.00s
