[0.003s][info][gc,init] CardTable entry size: 512
[0.003s][info][gc     ] Using G1
[0.006s][info][gc,init] Version: 25.0.4.1+1-LTS (release)
[0.006s][info][gc,init] CPUs: 12 total, 4 available
[0.006s][info][gc,init] Memory: 4096M
[0.006s][info][gc,init] Large Page Support: Disabled
[0.006s][info][gc,init] NUMA Support: Disabled
[0.006s][info][gc,init] Compressed Oops: Enabled (Zero based)
[0.006s][info][gc,init] Heap Region Size: 2M
[0.006s][info][gc,init] Heap Min Capacity: 8M
[0.006s][info][gc,init] Heap Initial Capacity: 2868M
[0.006s][info][gc,init] Heap Max Capacity: 2868M
[0.006s][info][gc,init] Pre-touch: Disabled
[0.006s][info][gc,init] Parallel Workers: 4
[0.006s][info][gc,init] Concurrent Workers: 1
[0.006s][info][gc,init] Concurrent Refinement Workers: 4
[0.006s][info][gc,init] Periodic GC: Disabled
[0.012s][info][gc,metaspace] CDS archive(s) mapped at: [0x00000f8000000000-0x00000f8000e70000-0x00000f8000e70000), size 15138816, SharedBaseAddress: 0x00000f8000000000, ArchiveRelocationMode: 1.
[0.012s][info][gc,metaspace] Compressed class space mapped at: 0x00000f8001000000-0x00000f8041000000, reserved size: 1073741824
[0.012s][info][gc,metaspace] UseCompressedClassPointers 1, UseCompactObjectHeaders 1
[0.012s][info][gc,metaspace] Narrow klass pointer bits 22, Max shift 10
[0.012s][info][gc,metaspace] Narrow klass base: 0x00000f8000000000, Narrow klass shift: 10
[0.012s][info][gc,metaspace] Encoding Range: [0x00000f8000000000 - 0x00000f8100000000), (4294967296 bytes)
[0.012s][info][gc,metaspace] Klass Range:    [0x00000f8000010000 - 0x00000f8041000000), (1090453504 bytes)
[0.012s][info][gc,metaspace] Klass ID Range:  [64 - 1064960) (1064896)
[0.012s][info][gc,metaspace] Protection zone: [0x00000f8000000000 - 0x00000f8000010000), (65536 bytes)
[0.846s][info][gc,start    ] GC(0) Pause Young (Normal) (G1 Evacuation Pause)
[0.846s][info][gc,task     ] GC(0) Using 4 workers of 4 for evacuation
[0.855s][info][gc,phases   ] GC(0)   Pre Evacuate Collection Set: 0.21ms
[0.855s][info][gc,phases   ] GC(0)   Merge Heap Roots: 0.09ms
[0.855s][info][gc,phases   ] GC(0)   Evacuate Collection Set: 8.05ms
[0.855s][info][gc,phases   ] GC(0)   Post Evacuate Collection Set: 0.67ms
[0.855s][info][gc,phases   ] GC(0)   Other: 0.53ms
[0.855s][info][gc,heap     ] GC(0) Eden regions: 71->0(174)
[0.855s][info][gc,heap     ] GC(0) Survivor regions: 0->5(9)
[0.855s][info][gc,heap     ] GC(0) Old regions: 1->1
[0.855s][info][gc,heap     ] GC(0) Humongous regions: 2->2
[0.855s][info][gc,metaspace] GC(0) Metaspace: 17107K(17344K)->17107K(17344K) NonClass: 13510K(13632K)->13510K(13632K) Class: 3596K(3712K)->3596K(3712K)
[0.855s][info][gc          ] GC(0) Pause Young (Normal) (G1 Evacuation Pause) 147M->13M(2868M) 9.664ms
[0.855s][info][gc,cpu      ] GC(0) User=0.02s Sys=0.00s Real=0.01s
[1.613s][info][gc,start    ] GC(1) Pause Young (Concurrent Start) (Metadata GC Threshold)
[1.613s][info][gc,task     ] GC(1) Using 4 workers of 4 for evacuation
[1.619s][info][gc,phases   ] GC(1)   Pre Evacuate Collection Set: 0.37ms
[1.619s][info][gc,phases   ] GC(1)   Merge Heap Roots: 0.05ms
[1.619s][info][gc,phases   ] GC(1)   Evacuate Collection Set: 4.48ms
[1.619s][info][gc,phases   ] GC(1)   Post Evacuate Collection Set: 0.79ms
[1.619s][info][gc,phases   ] GC(1)   Other: 0.07ms
[1.619s][info][gc,heap     ] GC(1) Eden regions: 128->0(474)
[1.619s][info][gc,heap     ] GC(1) Survivor regions: 5->6(23)
[1.619s][info][gc,heap     ] GC(1) Old regions: 1->1
[1.619s][info][gc,heap     ] GC(1) Humongous regions: 2->2
[1.619s][info][gc,metaspace] GC(1) Metaspace: 21211K(21504K)->21211K(21504K) NonClass: 16573K(16704K)->16573K(16704K) Class: 4637K(4800K)->4637K(4800K)
[1.619s][info][gc          ] GC(1) Pause Young (Concurrent Start) (Metadata GC Threshold) 268M->16M(2868M) 5.879ms
[1.619s][info][gc,cpu      ] GC(1) User=0.02s Sys=0.00s Real=0.01s
[1.619s][info][gc          ] GC(2) Concurrent Mark Cycle
[1.619s][info][gc,marking  ] GC(2) Concurrent Scan Root Regions
[1.623s][info][gc,marking  ] GC(2) Concurrent Scan Root Regions 3.741ms
[1.623s][info][gc,marking  ] GC(2) Concurrent Mark
[1.623s][info][gc,marking  ] GC(2) Concurrent Mark From Roots
[1.623s][info][gc,task     ] GC(2) Using 1 workers of 1 for marking
[1.624s][info][gc,marking  ] GC(2) Concurrent Mark From Roots 1.277ms
[1.624s][info][gc,marking  ] GC(2) Concurrent Preclean
[1.624s][info][gc,marking  ] GC(2) Concurrent Preclean 0.007ms
[1.625s][info][gc,start    ] GC(2) Pause Remark
[1.627s][info][gc          ] GC(2) Pause Remark 18M->18M(60M) 2.271ms
[1.627s][info][gc,cpu      ] GC(2) User=0.01s Sys=0.00s Real=0.00s
[1.627s][info][gc,marking  ] GC(2) Concurrent Mark 3.944ms
[1.627s][info][gc,marking  ] GC(2) Concurrent Rebuild Remembered Sets and Scrub Regions
[1.628s][info][gc,marking  ] GC(2) Concurrent Rebuild Remembered Sets and Scrub Regions 0.537ms
[1.629s][info][gc,start    ] GC(2) Pause Cleanup
[1.629s][info][gc          ] GC(2) Pause Cleanup 18M->18M(60M) 0.091ms
[1.629s][info][gc,cpu      ] GC(2) User=0.00s Sys=0.00s Real=0.00s
[1.629s][info][gc,marking  ] GC(2) Concurrent Clear Claimed Marks
[1.629s][info][gc,marking  ] GC(2) Concurrent Clear Claimed Marks 0.074ms
[1.629s][info][gc,marking  ] GC(2) Concurrent Cleanup for Next Mark
[1.630s][info][gc,marking  ] GC(2) Concurrent Cleanup for Next Mark 0.381ms
[1.630s][info][gc          ] GC(2) Concurrent Mark Cycle 10.240ms
[1.799s][info][gc,start    ] GC(3) Pause Young (Prepare Mixed) (G1 Evacuation Pause)
[1.799s][info][gc,task     ] GC(3) Using 3 workers of 4 for evacuation
[1.805s][info][gc,phases   ] GC(3)   Pre Evacuate Collection Set: 0.09ms
[1.805s][info][gc,phases   ] GC(3)   Merge Heap Roots: 0.04ms
[1.805s][info][gc,phases   ] GC(3)   Evacuate Collection Set: 4.99ms
[1.805s][info][gc,phases   ] GC(3)   Post Evacuate Collection Set: 0.62ms
[1.805s][info][gc,phases   ] GC(3)   Other: 0.03ms
[1.805s][info][gc,heap     ] GC(3) Eden regions: 21->0(15)
[1.805s][info][gc,heap     ] GC(3) Survivor regions: 6->7(60)
[1.805s][info][gc,heap     ] GC(3) Old regions: 1->1
[1.805s][info][gc,heap     ] GC(3) Humongous regions: 2->2
[1.805s][info][gc,metaspace] GC(3) Metaspace: 22316K(22656K)->22316K(22656K) NonClass: 17518K(17728K)->17518K(17728K) Class: 4798K(4928K)->4798K(4928K)
[1.805s][info][gc          ] GC(3) Pause Young (Prepare Mixed) (G1 Evacuation Pause) 58M->19M(74M) 5.858ms
[1.805s][info][gc,cpu      ] GC(3) User=0.02s Sys=0.00s Real=0.00s
[1.838s][info][gc,start    ] GC(4) Pause Young (Mixed) (G1 Evacuation Pause)
[1.838s][info][gc,task     ] GC(4) Using 2 workers of 4 for evacuation
[1.847s][info][gc,phases   ] GC(4)   Pre Evacuate Collection Set: 0.10ms
[1.847s][info][gc,phases   ] GC(4)   Merge Heap Roots: 0.03ms
[1.847s][info][gc,phases   ] GC(4)   Evacuate Collection Set: 7.92ms
[1.847s][info][gc,phases   ] GC(4)   Post Evacuate Collection Set: 0.69ms
[1.847s][info][gc,phases   ] GC(4)   Other: 0.04ms
[1.847s][info][gc,heap     ] GC(4) Eden regions: 15->0(17)
[1.847s][info][gc,heap     ] GC(4) Survivor regions: 7->3(3)
[1.847s][info][gc,heap     ] GC(4) Old regions: 1->6
[1.847s][info][gc,heap     ] GC(4) Humongous regions: 2->2
[1.847s][info][gc,metaspace] GC(4) Metaspace: 22401K(22784K)->22401K(22784K) NonClass: 17572K(17792K)->17572K(17792K) Class: 4829K(4992K)->4829K(4992K)
[1.847s][info][gc          ] GC(4) Pause Young (Mixed) (G1 Evacuation Pause) 49M->21M(74M) 8.878ms
[1.847s][info][gc,cpu      ] GC(4) User=0.02s Sys=0.00s Real=0.01s
[1.973s][info][gc,start    ] GC(5) Pause Young (Normal) (G1 Evacuation Pause)
[1.973s][info][gc,task     ] GC(5) Using 2 workers of 4 for evacuation
[1.975s][info][gc,phases   ] GC(5)   Pre Evacuate Collection Set: 0.10ms
[1.975s][info][gc,phases   ] GC(5)   Merge Heap Roots: 0.04ms
[1.975s][info][gc,phases   ] GC(5)   Evacuate Collection Set: 1.77ms
[1.975s][info][gc,phases   ] GC(5)   Post Evacuate Collection Set: 0.30ms
[1.975s][info][gc,phases   ] GC(5)   Other: 0.04ms
[1.975s][info][gc,heap     ] GC(5) Eden regions: 17->0(18)
[1.975s][info][gc,heap     ] GC(5) Survivor regions: 3->1(3)
[1.975s][info][gc,heap     ] GC(5) Old regions: 6->8
[1.975s][info][gc,heap     ] GC(5) Humongous regions: 2->2
[1.975s][info][gc,metaspace] GC(5) Metaspace: 24272K(24704K)->24272K(24704K) NonClass: 19019K(19264K)->19019K(19264K) Class: 5252K(5440K)->5252K(5440K)
[1.975s][info][gc          ] GC(5) Pause Young (Normal) (G1 Evacuation Pause) 55M->20M(74M) 2.357ms
[1.975s][info][gc,cpu      ] GC(5) User=0.01s Sys=0.00s Real=0.00s
[2.076s][info][gc,start    ] GC(6) Pause Young (Normal) (G1 Evacuation Pause)
[2.076s][info][gc,task     ] GC(6) Using 2 workers of 4 for evacuation
[2.078s][info][gc,phases   ] GC(6)   Pre Evacuate Collection Set: 0.10ms
[2.078s][info][gc,phases   ] GC(6)   Merge Heap Roots: 0.05ms
[2.078s][info][gc,phases   ] GC(6)   Evacuate Collection Set: 1.16ms
[2.078s][info][gc,phases   ] GC(6)   Post Evacuate Collection Set: 0.28ms
[2.078s][info][gc,phases   ] GC(6)   Other: 0.04ms
[2.078s][info][gc,heap     ] GC(6) Eden regions: 18->0(19)
[2.078s][info][gc,heap     ] GC(6) Survivor regions: 1->1(3)
[2.078s][info][gc,heap     ] GC(6) Old regions: 8->8
[2.078s][info][gc,heap     ] GC(6) Humongous regions: 2->2
[2.078s][info][gc,metaspace] GC(6) Metaspace: 25856K(26240K)->25856K(26240K) NonClass: 20257K(20480K)->20257K(20480K) Class: 5598K(5760K)->5598K(5760K)
[2.078s][info][gc          ] GC(6) Pause Young (Normal) (G1 Evacuation Pause) 56M->20M(74M) 1.742ms
[2.078s][info][gc,cpu      ] GC(6) User=0.00s Sys=0.01s Real=0.00s
[2.210s][info][gc,start    ] GC(7) Pause Young (Normal) (G1 Evacuation Pause)
[2.210s][info][gc,task     ] GC(7) Using 2 workers of 4 for evacuation
[2.213s][info][gc,phases   ] GC(7)   Pre Evacuate Collection Set: 0.08ms
[2.213s][info][gc,phases   ] GC(7)   Merge Heap Roots: 0.04ms
[2.213s][info][gc,phases   ] GC(7)   Evacuate Collection Set: 1.87ms
[2.213s][info][gc,phases   ] GC(7)   Post Evacuate Collection Set: 1.01ms
[2.213s][info][gc,phases   ] GC(7)   Other: 0.04ms
[2.213s][info][gc,heap     ] GC(7) Eden regions: 19->0(439)
[2.213s][info][gc,heap     ] GC(7) Survivor regions: 1->2(3)
[2.213s][info][gc,heap     ] GC(7) Old regions: 8->8
[2.213s][info][gc,heap     ] GC(7) Humongous regions: 2->2
[2.213s][info][gc,metaspace] GC(7) Metaspace: 28754K(29248K)->28754K(29248K) NonClass: 22443K(22720K)->22443K(22720K) Class: 6310K(6528K)->6310K(6528K)
[2.213s][info][gc          ] GC(7) Pause Young (Normal) (G1 Evacuation Pause) 58M->22M(1472M) 3.123ms
[2.213s][info][gc,cpu      ] GC(7) User=0.00s Sys=0.00s Real=0.00s
[2.389s][info][gc,start    ] GC(8) Pause Young (Concurrent Start) (Metadata GC Threshold)
[2.389s][info][gc,task     ] GC(8) Using 4 workers of 4 for evacuation
[2.391s][info][gc,phases   ] GC(8)   Pre Evacuate Collection Set: 0.18ms
[2.391s][info][gc,phases   ] GC(8)   Merge Heap Roots: 0.02ms
[2.391s][info][gc,phases   ] GC(8)   Evacuate Collection Set: 1.63ms
[2.391s][info][gc,phases   ] GC(8)   Post Evacuate Collection Set: 0.54ms
[2.391s][info][gc,phases   ] GC(8)   Other: 0.04ms
[2.391s][info][gc,heap     ] GC(8) Eden regions: 38->0(438)
[2.391s][info][gc,heap     ] GC(8) Survivor regions: 2->3(56)
[2.391s][info][gc,heap     ] GC(8) Old regions: 8->8
[2.391s][info][gc,heap     ] GC(8) Humongous regions: 2->2
[2.391s][info][gc,metaspace] GC(8) Metaspace: 35716K(36160K)->35716K(36160K) NonClass: 27874K(28096K)->27874K(28096K) Class: 7842K(8064K)->7842K(8064K)
[2.391s][info][gc          ] GC(8) Pause Young (Concurrent Start) (Metadata GC Threshold) 96M->23M(1472M) 2.515ms
[2.391s][info][gc,cpu      ] GC(8) User=0.01s Sys=0.00s Real=0.00s
[2.391s][info][gc          ] GC(9) Concurrent Mark Cycle
[2.391s][info][gc,marking  ] GC(9) Concurrent Scan Root Regions
[2.394s][info][gc,marking  ] GC(9) Concurrent Scan Root Regions 2.386ms
[2.394s][info][gc,marking  ] GC(9) Concurrent Mark
[2.394s][info][gc,marking  ] GC(9) Concurrent Mark From Roots
[2.394s][info][gc,task     ] GC(9) Using 1 workers of 1 for marking
[2.406s][info][gc,marking  ] GC(9) Concurrent Mark From Roots 12.193ms
[2.406s][info][gc,marking  ] GC(9) Concurrent Preclean
[2.406s][info][gc,marking  ] GC(9) Concurrent Preclean 0.049ms
[2.407s][info][gc,start    ] GC(9) Pause Remark
[2.411s][info][gc          ] GC(9) Pause Remark 32M->32M(88M) 4.008ms
[2.411s][info][gc,cpu      ] GC(9) User=0.01s Sys=0.00s Real=0.01s
[2.411s][info][gc,marking  ] GC(9) Concurrent Mark 17.136ms
[2.411s][info][gc,marking  ] GC(9) Concurrent Rebuild Remembered Sets and Scrub Regions
[2.417s][info][gc,marking  ] GC(9) Concurrent Rebuild Remembered Sets and Scrub Regions 5.675ms
[2.417s][info][gc,start    ] GC(9) Pause Cleanup
[2.417s][info][gc          ] GC(9) Pause Cleanup 35M->35M(88M) 0.057ms
[2.417s][info][gc,cpu      ] GC(9) User=0.00s Sys=0.00s Real=0.00s
[2.417s][info][gc,marking  ] GC(9) Concurrent Clear Claimed Marks
[2.417s][info][gc,marking  ] GC(9) Concurrent Clear Claimed Marks 0.055ms
[2.417s][info][gc,marking  ] GC(9) Concurrent Cleanup for Next Mark
[2.417s][info][gc,marking  ] GC(9) Concurrent Cleanup for Next Mark 0.249ms
[2.417s][info][gc          ] GC(9) Concurrent Mark Cycle 25.934ms
[2.531s][info][gc,start    ] GC(10) Pause Young (Prepare Mixed) (G1 Evacuation Pause)
[2.531s][info][gc,task     ] GC(10) Using 4 workers of 4 for evacuation
[2.536s][info][gc,phases   ] GC(10)   Pre Evacuate Collection Set: 0.17ms
[2.536s][info][gc,phases   ] GC(10)   Merge Heap Roots: 0.07ms
[2.536s][info][gc,phases   ] GC(10)   Evacuate Collection Set: 3.81ms
[2.536s][info][gc,phases   ] GC(10)   Post Evacuate Collection Set: 0.71ms
[2.536s][info][gc,phases   ] GC(10)   Other: 0.07ms
[2.536s][info][gc,heap     ] GC(10) Eden regions: 31->0(24)
[2.536s][info][gc,heap     ] GC(10) Survivor regions: 3->4(56)
[2.536s][info][gc,heap     ] GC(10) Old regions: 8->8
[2.536s][info][gc,heap     ] GC(10) Humongous regions: 2->2
[2.536s][info][gc,metaspace] GC(10) Metaspace: 39861K(40320K)->39861K(40320K) NonClass: 31120K(31360K)->31120K(31360K) Class: 8740K(8960K)->8740K(8960K)
[2.536s][info][gc          ] GC(10) Pause Young (Prepare Mixed) (G1 Evacuation Pause) 85M->25M(96M) 4.976ms
[2.536s][info][gc,cpu      ] GC(10) User=0.01s Sys=0.00s Real=0.00s
[2.677s][info][gc,start    ] GC(11) Pause Young (Mixed) (G1 Evacuation Pause)
[2.677s][info][gc,task     ] GC(11) Using 4 workers of 4 for evacuation
[2.680s][info][gc,phases   ] GC(11)   Pre Evacuate Collection Set: 0.09ms
[2.680s][info][gc,phases   ] GC(11)   Merge Heap Roots: 0.07ms
[2.680s][info][gc,phases   ] GC(11)   Evacuate Collection Set: 2.77ms
[2.680s][info][gc,phases   ] GC(11)   Post Evacuate Collection Set: 0.44ms
[2.680s][info][gc,phases   ] GC(11)   Other: 0.05ms
[2.680s][info][gc,heap     ] GC(11) Eden regions: 24->0(24)
[2.680s][info][gc,heap     ] GC(11) Survivor regions: 4->4(4)
[2.680s][info][gc,heap     ] GC(11) Old regions: 8->9
[2.680s][info][gc,heap     ] GC(11) Humongous regions: 2->2
[2.680s][info][gc,metaspace] GC(11) Metaspace: 42062K(42560K)->42062K(42560K) NonClass: 32619K(32896K)->32619K(32896K) Class: 9442K(9664K)->9442K(9664K)
[2.680s][info][gc          ] GC(11) Pause Young (Mixed) (G1 Evacuation Pause) 73M->26M(96M) 3.541ms
[2.680s][info][gc,cpu      ] GC(11) User=0.01s Sys=0.00s Real=0.01s
[2.822s][info][gc,start    ] GC(12) Pause Young (Normal) (G1 Evacuation Pause)
[2.822s][info][gc,task     ] GC(12) Using 3 workers of 4 for evacuation
[2.826s][info][gc,phases   ] GC(12)   Pre Evacuate Collection Set: 0.11ms
[2.826s][info][gc,phases   ] GC(12)   Merge Heap Roots: 0.07ms
[2.826s][info][gc,phases   ] GC(12)   Evacuate Collection Set: 3.38ms
[2.826s][info][gc,phases   ] GC(12)   Post Evacuate Collection Set: 0.59ms
[2.826s][info][gc,phases   ] GC(12)   Other: 0.05ms
[2.826s][info][gc,heap     ] GC(12) Eden regions: 24->0(24)
[2.826s][info][gc,heap     ] GC(12) Survivor regions: 4->4(4)
[2.826s][info][gc,heap     ] GC(12) Old regions: 9->10
[2.826s][info][gc,heap     ] GC(12) Humongous regions: 2->2
[2.826s][info][gc,metaspace] GC(12) Metaspace: 43820K(44224K)->43820K(44224K) NonClass: 34018K(34240K)->34018K(34240K) Class: 9801K(9984K)->9801K(9984K)
[2.826s][info][gc          ] GC(12) Pause Young (Normal) (G1 Evacuation Pause) 74M->29M(96M) 4.344ms
[2.826s][info][gc,cpu      ] GC(12) User=0.02s Sys=0.00s Real=0.00s
[3.007s][info][gc,start    ] GC(13) Pause Young (Normal) (G1 Evacuation Pause)
[3.007s][info][gc,task     ] GC(13) Using 2 workers of 4 for evacuation
[3.012s][info][gc,phases   ] GC(13)   Pre Evacuate Collection Set: 0.17ms
[3.012s][info][gc,phases   ] GC(13)   Merge Heap Roots: 0.09ms
[3.012s][info][gc,phases   ] GC(13)   Evacuate Collection Set: 4.86ms
[3.012s][info][gc,phases   ] GC(13)   Post Evacuate Collection Set: 0.44ms
[3.012s][info][gc,phases   ] GC(13)   Other: 0.06ms
[3.012s][info][gc,heap     ] GC(13) Eden regions: 24->0(25)
[3.012s][info][gc,heap     ] GC(13) Survivor regions: 4->3(4)
[3.012s][info][gc,heap     ] GC(13) Old regions: 10->12
[3.012s][info][gc,heap     ] GC(13) Humongous regions: 2->2
[3.012s][info][gc,metaspace] GC(13) Metaspace: 44913K(45312K)->44913K(45312K) NonClass: 34904K(35136K)->34904K(35136K) Class: 10009K(10176K)->10009K(10176K)
[3.012s][info][gc          ] GC(13) Pause Young (Normal) (G1 Evacuation Pause) 77M->32M(96M) 5.725ms
[3.012s][info][gc,cpu      ] GC(13) User=0.02s Sys=0.00s Real=0.01s
[3.196s][info][gc,start    ] GC(14) Pause Young (Normal) (G1 Evacuation Pause)
[3.196s][info][gc,task     ] GC(14) Using 2 workers of 4 for evacuation
[3.201s][info][gc,phases   ] GC(14)   Pre Evacuate Collection Set: 0.10ms
[3.201s][info][gc,phases   ] GC(14)   Merge Heap Roots: 0.05ms
[3.201s][info][gc,phases   ] GC(14)   Evacuate Collection Set: 3.66ms
[3.201s][info][gc,phases   ] GC(14)   Post Evacuate Collection Set: 0.96ms
[3.201s][info][gc,phases   ] GC(14)   Other: 0.04ms
[3.201s][info][gc,heap     ] GC(14) Eden regions: 25->0(441)
[3.201s][info][gc,heap     ] GC(14) Survivor regions: 3->3(4)
[3.201s][info][gc,heap     ] GC(14) Old regions: 12->13
[3.201s][info][gc,heap     ] GC(14) Humongous regions: 2->2
[3.201s][info][gc,metaspace] GC(14) Metaspace: 46765K(47232K)->46765K(47232K) NonClass: 36346K(36608K)->36346K(36608K) Class: 10418K(10624K)->10418K(10624K)
[3.201s][info][gc          ] GC(14) Pause Young (Normal) (G1 Evacuation Pause) 82M->34M(1482M) 4.919ms
[3.201s][info][gc,cpu      ] GC(14) User=0.01s Sys=0.00s Real=0.01s
[4.173s][info][gc,start    ] GC(15) Pause Young (Concurrent Start) (Metadata GC Threshold)
[4.173s][info][gc,task     ] GC(15) Using 4 workers of 4 for evacuation
[4.179s][info][gc,phases   ] GC(15)   Pre Evacuate Collection Set: 0.15ms
[4.179s][info][gc,phases   ] GC(15)   Merge Heap Roots: 0.09ms
[4.179s][info][gc,phases   ] GC(15)   Evacuate Collection Set: 4.71ms
[4.179s][info][gc,phases   ] GC(15)   Post Evacuate Collection Set: 0.61ms
[4.179s][info][gc,phases   ] GC(15)   Other: 0.05ms
[4.179s][info][gc,heap     ] GC(15) Eden regions: 144->0(438)
[4.179s][info][gc,heap     ] GC(15) Survivor regions: 3->6(56)
[4.179s][info][gc,heap     ] GC(15) Old regions: 13->13
[4.179s][info][gc,heap     ] GC(15) Humongous regions: 2->2
[4.179s][info][gc,metaspace] GC(15) Metaspace: 60569K(61120K)->60569K(61120K) NonClass: 46884K(47168K)->46884K(47168K) Class: 13684K(13952K)->13684K(13952K)
[4.179s][info][gc          ] GC(15) Pause Young (Concurrent Start) (Metadata GC Threshold) 321M->40M(1482M) 5.713ms
[4.179s][info][gc,cpu      ] GC(15) User=0.03s Sys=0.00s Real=0.01s
[4.179s][info][gc          ] GC(16) Concurrent Mark Cycle
[4.179s][info][gc,marking  ] GC(16) Concurrent Scan Root Regions
[4.185s][info][gc,marking  ] GC(16) Concurrent Scan Root Regions 5.607ms
[4.185s][info][gc,marking  ] GC(16) Concurrent Mark
[4.185s][info][gc,marking  ] GC(16) Concurrent Mark From Roots
[4.185s][info][gc,task     ] GC(16) Using 1 workers of 1 for marking
[4.203s][info][gc,marking  ] GC(16) Concurrent Mark From Roots 18.304ms
[4.203s][info][gc,marking  ] GC(16) Concurrent Preclean
[4.203s][info][gc,marking  ] GC(16) Concurrent Preclean 0.087ms
[4.204s][info][gc,start    ] GC(16) Pause Remark
[4.207s][info][gc          ] GC(16) Pause Remark 49M->49M(140M) 3.038ms
[4.207s][info][gc,cpu      ] GC(16) User=0.01s Sys=0.00s Real=0.00s
[4.207s][info][gc,marking  ] GC(16) Concurrent Mark 22.446ms
[4.207s][info][gc,marking  ] GC(16) Concurrent Rebuild Remembered Sets and Scrub Regions
[4.215s][info][gc,marking  ] GC(16) Concurrent Rebuild Remembered Sets and Scrub Regions 8.150ms
[4.216s][info][gc,start    ] GC(16) Pause Cleanup
[4.216s][info][gc          ] GC(16) Pause Cleanup 51M->51M(140M) 0.037ms
[4.216s][info][gc,cpu      ] GC(16) User=0.00s Sys=0.00s Real=0.00s
[4.216s][info][gc,marking  ] GC(16) Concurrent Clear Claimed Marks
[4.216s][info][gc,marking  ] GC(16) Concurrent Clear Claimed Marks 0.088ms
[4.216s][info][gc,marking  ] GC(16) Concurrent Cleanup for Next Mark
[4.216s][info][gc,marking  ] GC(16) Concurrent Cleanup for Next Mark 0.349ms
[4.216s][info][gc          ] GC(16) Concurrent Mark Cycle 37.440ms
[4.383s][info][gc,start    ] GC(17) Pause Young (Prepare Mixed) (G1 Evacuation Pause)
[4.383s][info][gc,task     ] GC(17) Using 4 workers of 4 for evacuation
[4.391s][info][gc,phases   ] GC(17)   Pre Evacuate Collection Set: 0.18ms
[4.391s][info][gc,phases   ] GC(17)   Merge Heap Roots: 0.09ms
[4.391s][info][gc,phases   ] GC(17)   Evacuate Collection Set: 5.16ms
[4.391s][info][gc,phases   ] GC(17)   Post Evacuate Collection Set: 2.14ms
[4.391s][info][gc,phases   ] GC(17)   Other: 0.05ms
[4.391s][info][gc,heap     ] GC(17) Eden regions: 39->0(40)
[4.391s][info][gc,heap     ] GC(17) Survivor regions: 6->2(6)
[4.391s][info][gc,heap     ] GC(17) Old regions: 13->19
[4.391s][info][gc,heap     ] GC(17) Humongous regions: 2->2
[4.391s][info][gc,metaspace] GC(17) Metaspace: 65239K(65984K)->65239K(65984K) NonClass: 50393K(50816K)->50393K(50816K) Class: 14846K(15168K)->14846K(15168K)
[4.391s][info][gc          ] GC(17) Pause Young (Prepare Mixed) (G1 Evacuation Pause) 118M->42M(140M) 7.733ms
[4.391s][info][gc,cpu      ] GC(17) User=0.03s Sys=0.00s Real=0.01s
[4.651s][info][gc,start    ] GC(18) Pause Young (Mixed) (G1 Evacuation Pause)
[4.652s][info][gc,task     ] GC(18) Using 4 workers of 4 for evacuation
[4.655s][info][gc,phases   ] GC(18)   Pre Evacuate Collection Set: 0.13ms
[4.655s][info][gc,phases   ] GC(18)   Merge Heap Roots: 0.08ms
[4.655s][info][gc,phases   ] GC(18)   Evacuate Collection Set: 2.79ms
[4.655s][info][gc,phases   ] GC(18)   Post Evacuate Collection Set: 0.88ms
[4.655s][info][gc,phases   ] GC(18)   Other: 0.05ms
[4.655s][info][gc,heap     ] GC(18) Eden regions: 40->0(39)
[4.655s][info][gc,heap     ] GC(18) Survivor regions: 2->3(6)
[4.655s][info][gc,heap     ] GC(18) Old regions: 19->19
[4.655s][info][gc,heap     ] GC(18) Humongous regions: 2->2
[4.655s][info][gc,metaspace] GC(18) Metaspace: 68825K(69568K)->68825K(69568K) NonClass: 53241K(53632K)->53241K(53632K) Class: 15583K(15936K)->15583K(15936K)
[4.656s][info][gc          ] GC(18) Pause Young (Mixed) (G1 Evacuation Pause) 122M->44M(140M) 4.044ms
[4.656s][info][gc,cpu      ] GC(18) User=0.02s Sys=0.00s Real=0.00s
[4.893s][info][gc,start    ] GC(19) Pause Young (Normal) (G1 Evacuation Pause)
[4.893s][info][gc,task     ] GC(19) Using 4 workers of 4 for evacuation
[4.896s][info][gc,phases   ] GC(19)   Pre Evacuate Collection Set: 0.09ms
[4.896s][info][gc,phases   ] GC(19)   Merge Heap Roots: 0.05ms
[4.896s][info][gc,phases   ] GC(19)   Evacuate Collection Set: 2.34ms
[4.896s][info][gc,phases   ] GC(19)   Post Evacuate Collection Set: 0.53ms
[4.896s][info][gc,phases   ] GC(19)   Other: 0.05ms
[4.896s][info][gc,heap     ] GC(19) Eden regions: 39->0(39)
[4.896s][info][gc,heap     ] GC(19) Survivor regions: 3->3(6)
[4.896s][info][gc,heap     ] GC(19) Old regions: 19->19
[4.896s][info][gc,heap     ] GC(19) Humongous regions: 2->2
[4.896s][info][gc,metaspace] GC(19) Metaspace: 74374K(75136K)->74374K(75136K) NonClass: 57907K(58368K)->57907K(58368K) Class: 16467K(16768K)->16467K(16768K)
[4.896s][info][gc          ] GC(19) Pause Young (Normal) (G1 Evacuation Pause) 122M->45M(140M) 3.164ms
[4.896s][info][gc,cpu      ] GC(19) User=0.02s Sys=0.00s Real=0.00s
[5.276s][info][gc,start    ] GC(20) Pause Young (Normal) (G1 Evacuation Pause)
[5.276s][info][gc,task     ] GC(20) Using 4 workers of 4 for evacuation
[5.286s][info][gc,phases   ] GC(20)   Pre Evacuate Collection Set: 0.08ms
[5.286s][info][gc,phases   ] GC(20)   Merge Heap Roots: 0.08ms
[5.286s][info][gc,phases   ] GC(20)   Evacuate Collection Set: 8.23ms
[5.286s][info][gc,phases   ] GC(20)   Post Evacuate Collection Set: 0.88ms
[5.286s][info][gc,phases   ] GC(20)   Other: 0.07ms
[5.286s][info][gc,heap     ] GC(20) Eden regions: 39->0(37)
[5.286s][info][gc,heap     ] GC(20) Survivor regions: 3->5(6)
[5.286s][info][gc,heap     ] GC(20) Old regions: 19->19
[5.286s][info][gc,heap     ] GC(20) Humongous regions: 2->2
[5.286s][info][gc,metaspace] GC(20) Metaspace: 78610K(79360K)->78610K(79360K) NonClass: 61091K(61504K)->61091K(61504K) Class: 17519K(17856K)->17519K(17856K)
[5.286s][info][gc          ] GC(20) Pause Young (Normal) (G1 Evacuation Pause) 123M->48M(140M) 9.560ms
[5.286s][info][gc,cpu      ] GC(20) User=0.03s Sys=0.00s Real=0.01s
[10.154s][info][gc,start    ] GC(21) Pause Young (Normal) (G1 Evacuation Pause)
[10.154s][info][gc,task     ] GC(21) Using 4 workers of 4 for evacuation
[10.159s][info][gc,phases   ] GC(21)   Pre Evacuate Collection Set: 0.09ms
[10.159s][info][gc,phases   ] GC(21)   Merge Heap Roots: 0.06ms
[10.159s][info][gc,phases   ] GC(21)   Evacuate Collection Set: 3.50ms
[10.159s][info][gc,phases   ] GC(21)   Post Evacuate Collection Set: 1.19ms
[10.159s][info][gc,phases   ] GC(21)   Other: 0.04ms
[10.159s][info][gc,heap     ] GC(21) Eden regions: 37->0(446)
[10.159s][info][gc,heap     ] GC(21) Survivor regions: 5->5(6)
[10.159s][info][gc,heap     ] GC(21) Old regions: 19->20
[10.159s][info][gc,heap     ] GC(21) Humongous regions: 2->2
[10.159s][info][gc,metaspace] GC(21) Metaspace: 83258K(84096K)->83258K(84096K) NonClass: 64603K(65024K)->64603K(65024K) Class: 18655K(19072K)->18655K(19072K)
[10.159s][info][gc          ] GC(21) Pause Young (Normal) (G1 Evacuation Pause) 122M->50M(1504M) 4.971ms
[10.159s][info][gc,cpu      ] GC(21) User=0.02s Sys=0.00s Real=0.01s
[36.935s][info][gc,start    ] GC(22) Pause Young (Concurrent Start) (G1 Humongous Allocation)
[36.935s][info][gc,task     ] GC(22) Using 4 workers of 4 for evacuation
[36.946s][info][gc,phases   ] GC(22)   Pre Evacuate Collection Set: 0.24ms
[36.947s][info][gc,phases   ] GC(22)   Merge Heap Roots: 0.14ms
[36.947s][info][gc,phases   ] GC(22)   Evacuate Collection Set: 8.94ms
[36.947s][info][gc,phases   ] GC(22)   Post Evacuate Collection Set: 1.97ms
[36.947s][info][gc,phases   ] GC(22)   Other: 0.09ms
[36.947s][info][gc,heap     ] GC(22) Eden regions: 241->0(444)
[36.947s][info][gc,heap     ] GC(22) Survivor regions: 5->7(57)
[36.947s][info][gc,heap     ] GC(22) Old regions: 20->20
[36.947s][info][gc,heap     ] GC(22) Humongous regions: 238->95
[36.947s][info][gc,metaspace] GC(22) Metaspace: 98727K(99840K)->98727K(99840K) NonClass: 76645K(77248K)->76645K(77248K) Class: 22082K(22592K)->22082K(22592K)
[36.947s][info][gc          ] GC(22) Pause Young (Concurrent Start) (G1 Humongous Allocation) 1004M->242M(1504M) 11.491ms
[36.947s][info][gc          ] GC(23) Concurrent Undo Cycle
[36.947s][info][gc,cpu      ] GC(22) User=0.05s Sys=0.00s Real=0.01s
[36.947s][info][gc,marking  ] GC(23) Concurrent Clear Claimed Marks
[36.947s][info][gc,marking  ] GC(23) Concurrent Clear Claimed Marks 0.176ms
[36.947s][info][gc,marking  ] GC(23) Concurrent Cleanup for Next Mark
[36.947s][info][gc,marking  ] GC(23) Concurrent Cleanup for Next Mark 0.138ms
[36.947s][info][gc          ] GC(23) Concurrent Undo Cycle 0.388ms
[37.537s][info][gc,start    ] GC(24) Pause Young (Concurrent Start) (Metadata GC Threshold)
[37.537s][info][gc,task     ] GC(24) Using 4 workers of 4 for evacuation
[37.544s][info][gc,phases   ] GC(24)   Pre Evacuate Collection Set: 0.19ms
[37.544s][info][gc,phases   ] GC(24)   Merge Heap Roots: 0.19ms
[37.544s][info][gc,phases   ] GC(24)   Evacuate Collection Set: 5.23ms
[37.544s][info][gc,phases   ] GC(24)   Post Evacuate Collection Set: 0.67ms
[37.544s][info][gc,phases   ] GC(24)   Other: 0.05ms
[37.544s][info][gc,heap     ] GC(24) Eden regions: 31->0(444)
[37.544s][info][gc,heap     ] GC(24) Survivor regions: 7->7(57)
[37.544s][info][gc,heap     ] GC(24) Old regions: 20->20
[37.544s][info][gc,heap     ] GC(24) Humongous regions: 109->2
[37.544s][info][gc,metaspace] GC(24) Metaspace: 101631K(102720K)->101631K(102720K) NonClass: 79084K(79680K)->79084K(79680K) Class: 22546K(23040K)->22546K(23040K)
[37.544s][info][gc          ] GC(24) Pause Young (Concurrent Start) (Metadata GC Threshold) 332M->56M(1504M) 6.444ms
[37.544s][info][gc,cpu      ] GC(24) User=0.02s Sys=0.00s Real=0.01s
[37.544s][info][gc          ] GC(25) Concurrent Mark Cycle
[37.544s][info][gc,marking  ] GC(25) Concurrent Scan Root Regions
[37.551s][info][gc,marking  ] GC(25) Concurrent Scan Root Regions 7.257ms
[37.551s][info][gc,marking  ] GC(25) Concurrent Mark
[37.551s][info][gc,marking  ] GC(25) Concurrent Mark From Roots
[37.551s][info][gc,task     ] GC(25) Using 1 workers of 1 for marking
[37.581s][info][gc,marking  ] GC(25) Concurrent Mark From Roots 29.766ms
[37.581s][info][gc,marking  ] GC(25) Concurrent Preclean
[37.581s][info][gc,marking  ] GC(25) Concurrent Preclean 0.100ms
[37.582s][info][gc,start    ] GC(25) Pause Remark
[37.587s][info][gc          ] GC(25) Pause Remark 74M->74M(194M) 5.405ms
[37.587s][info][gc,cpu      ] GC(25) User=0.02s Sys=0.00s Real=0.00s
[37.587s][info][gc,marking  ] GC(25) Concurrent Mark 36.333ms
[37.587s][info][gc,marking  ] GC(25) Concurrent Rebuild Remembered Sets and Scrub Regions
[37.599s][info][gc,marking  ] GC(25) Concurrent Rebuild Remembered Sets and Scrub Regions 11.889ms
[37.599s][info][gc,start    ] GC(25) Pause Cleanup
[37.599s][info][gc          ] GC(25) Pause Cleanup 79M->79M(194M) 0.026ms
[37.599s][info][gc,cpu      ] GC(25) User=0.00s Sys=0.00s Real=0.00s
[37.599s][info][gc,marking  ] GC(25) Concurrent Clear Claimed Marks
[37.600s][info][gc,marking  ] GC(25) Concurrent Clear Claimed Marks 0.114ms
[37.600s][info][gc,marking  ] GC(25) Concurrent Cleanup for Next Mark
[37.600s][info][gc,marking  ] GC(25) Concurrent Cleanup for Next Mark 0.320ms
[37.600s][info][gc          ] GC(25) Concurrent Mark Cycle 56.102ms
