[0.005s][info][gc,init] CardTable entry size: 512
[0.005s][info][gc     ] Using G1
[0.012s][info][gc,init] Version: 25.0.4.1+1-LTS (release)
[0.012s][info][gc,init] CPUs: 12 total, 4 available
[0.012s][info][gc,init] Memory: 4096M
[0.012s][info][gc,init] Large Page Support: Disabled
[0.012s][info][gc,init] NUMA Support: Disabled
[0.012s][info][gc,init] Compressed Oops: Enabled (Zero based)
[0.012s][info][gc,init] Heap Region Size: 2M
[0.012s][info][gc,init] Heap Min Capacity: 8M
[0.012s][info][gc,init] Heap Initial Capacity: 2868M
[0.012s][info][gc,init] Heap Max Capacity: 2868M
[0.012s][info][gc,init] Pre-touch: Disabled
[0.012s][info][gc,init] Parallel Workers: 4
[0.012s][info][gc,init] Concurrent Workers: 1
[0.012s][info][gc,init] Concurrent Refinement Workers: 4
[0.012s][info][gc,init] Periodic GC: Disabled
[0.015s][info][gc,metaspace] CDS archive(s) mapped at: [0x0000003800000000-0x0000003800e70000-0x0000003800e70000), size 15138816, SharedBaseAddress: 0x0000003800000000, ArchiveRelocationMode: 1.
[0.015s][info][gc,metaspace] Compressed class space mapped at: 0x0000003801000000-0x0000003841000000, reserved size: 1073741824
[0.015s][info][gc,metaspace] UseCompressedClassPointers 1, UseCompactObjectHeaders 1
[0.015s][info][gc,metaspace] Narrow klass pointer bits 22, Max shift 10
[0.015s][info][gc,metaspace] Narrow klass base: 0x0000003800000000, Narrow klass shift: 10
[0.015s][info][gc,metaspace] Encoding Range: [0x0000003800000000 - 0x0000003900000000), (4294967296 bytes)
[0.015s][info][gc,metaspace] Klass Range:    [0x0000003800010000 - 0x0000003841000000), (1090453504 bytes)
[0.015s][info][gc,metaspace] Klass ID Range:  [64 - 1064960) (1064896)
[0.015s][info][gc,metaspace] Protection zone: [0x0000003800000000 - 0x0000003800010000), (65536 bytes)
[0.847s][info][gc,start    ] GC(0) Pause Young (Normal) (G1 Evacuation Pause)
[0.848s][info][gc,task     ] GC(0) Using 4 workers of 4 for evacuation
[0.853s][info][gc,phases   ] GC(0)   Pre Evacuate Collection Set: 0.22ms
[0.853s][info][gc,phases   ] GC(0)   Merge Heap Roots: 0.07ms
[0.853s][info][gc,phases   ] GC(0)   Evacuate Collection Set: 3.86ms
[0.853s][info][gc,phases   ] GC(0)   Post Evacuate Collection Set: 0.61ms
[0.853s][info][gc,phases   ] GC(0)   Other: 0.50ms
[0.853s][info][gc,heap     ] GC(0) Eden regions: 71->0(236)
[0.853s][info][gc,heap     ] GC(0) Survivor regions: 0->5(9)
[0.853s][info][gc,heap     ] GC(0) Old regions: 1->1
[0.853s][info][gc,heap     ] GC(0) Humongous regions: 2->2
[0.853s][info][gc,metaspace] GC(0) Metaspace: 17098K(17344K)->17098K(17344K) NonClass: 13501K(13632K)->13501K(13632K) Class: 3597K(3712K)->3597K(3712K)
[0.853s][info][gc          ] GC(0) Pause Young (Normal) (G1 Evacuation Pause) 147M->13M(2868M) 5.384ms
[0.853s][info][gc,cpu      ] GC(0) User=0.02s Sys=0.00s Real=0.00s
[1.343s][info][gc,start    ] GC(1) Pause Young (Concurrent Start) (Metadata GC Threshold)
[1.343s][info][gc,task     ] GC(1) Using 4 workers of 4 for evacuation
[1.348s][info][gc,phases   ] GC(1)   Pre Evacuate Collection Set: 0.24ms
[1.348s][info][gc,phases   ] GC(1)   Merge Heap Roots: 0.05ms
[1.348s][info][gc,phases   ] GC(1)   Evacuate Collection Set: 4.11ms
[1.348s][info][gc,phases   ] GC(1)   Post Evacuate Collection Set: 0.71ms
[1.348s][info][gc,phases   ] GC(1)   Other: 0.05ms
[1.348s][info][gc,heap     ] GC(1) Eden regions: 129->0(589)
[1.348s][info][gc,heap     ] GC(1) Survivor regions: 5->6(31)
[1.348s][info][gc,heap     ] GC(1) Old regions: 1->1
[1.348s][info][gc,heap     ] GC(1) Humongous regions: 2->2
[1.348s][info][gc,metaspace] GC(1) Metaspace: 21190K(21504K)->21190K(21504K) NonClass: 16552K(16704K)->16552K(16704K) Class: 4637K(4800K)->4637K(4800K)
[1.348s][info][gc          ] GC(1) Pause Young (Concurrent Start) (Metadata GC Threshold) 270M->17M(2868M) 5.264ms
[1.348s][info][gc,cpu      ] GC(1) User=0.02s Sys=0.00s Real=0.01s
[1.348s][info][gc          ] GC(2) Concurrent Mark Cycle
[1.348s][info][gc,marking  ] GC(2) Concurrent Scan Root Regions
[1.352s][info][gc,marking  ] GC(2) Concurrent Scan Root Regions 3.648ms
[1.352s][info][gc,marking  ] GC(2) Concurrent Mark
[1.352s][info][gc,marking  ] GC(2) Concurrent Mark From Roots
[1.352s][info][gc,task     ] GC(2) Using 1 workers of 1 for marking
[1.353s][info][gc,marking  ] GC(2) Concurrent Mark From Roots 1.077ms
[1.353s][info][gc,marking  ] GC(2) Concurrent Preclean
[1.353s][info][gc,marking  ] GC(2) Concurrent Preclean 0.013ms
[1.354s][info][gc,start    ] GC(2) Pause Remark
[1.357s][info][gc          ] GC(2) Pause Remark 19M->19M(60M) 2.665ms
[1.357s][info][gc,cpu      ] GC(2) User=0.01s Sys=0.00s Real=0.00s
[1.357s][info][gc,marking  ] GC(2) Concurrent Mark 4.904ms
[1.357s][info][gc,marking  ] GC(2) Concurrent Rebuild Remembered Sets and Scrub Regions
[1.358s][info][gc,marking  ] GC(2) Concurrent Rebuild Remembered Sets and Scrub Regions 0.804ms
[1.358s][info][gc,start    ] GC(2) Pause Cleanup
[1.358s][info][gc          ] GC(2) Pause Cleanup 19M->19M(60M) 0.033ms
[1.358s][info][gc,cpu      ] GC(2) User=0.00s Sys=0.00s Real=0.00s
[1.358s][info][gc,marking  ] GC(2) Concurrent Clear Claimed Marks
[1.358s][info][gc,marking  ] GC(2) Concurrent Clear Claimed Marks 0.031ms
[1.358s][info][gc,marking  ] GC(2) Concurrent Cleanup for Next Mark
[1.358s][info][gc,marking  ] GC(2) Concurrent Cleanup for Next Mark 0.439ms
[1.358s][info][gc          ] GC(2) Concurrent Mark Cycle 10.097ms
[1.514s][info][gc,start    ] GC(3) Pause Young (Prepare Mixed) (G1 Evacuation Pause)
[1.514s][info][gc,task     ] GC(3) Using 3 workers of 4 for evacuation
[1.522s][info][gc,phases   ] GC(3)   Pre Evacuate Collection Set: 0.20ms
[1.522s][info][gc,phases   ] GC(3)   Merge Heap Roots: 0.10ms
[1.522s][info][gc,phases   ] GC(3)   Evacuate Collection Set: 6.18ms
[1.522s][info][gc,phases   ] GC(3)   Post Evacuate Collection Set: 0.72ms
[1.522s][info][gc,phases   ] GC(3)   Other: 0.04ms
[1.522s][info][gc,heap     ] GC(3) Eden regions: 21->0(15)
[1.522s][info][gc,heap     ] GC(3) Survivor regions: 6->7(75)
[1.522s][info][gc,heap     ] GC(3) Old regions: 1->1
[1.522s][info][gc,heap     ] GC(3) Humongous regions: 2->2
[1.522s][info][gc,metaspace] GC(3) Metaspace: 22310K(22656K)->22310K(22656K) NonClass: 17512K(17728K)->17512K(17728K) Class: 4798K(4928K)->4798K(4928K)
[1.522s][info][gc          ] GC(3) Pause Young (Prepare Mixed) (G1 Evacuation Pause) 59M->19M(74M) 7.384ms
[1.522s][info][gc,cpu      ] GC(3) User=0.01s Sys=0.00s Real=0.00s
[1.558s][info][gc,start    ] GC(4) Pause Young (Mixed) (G1 Evacuation Pause)
[1.558s][info][gc,task     ] GC(4) Using 2 workers of 4 for evacuation
[1.567s][info][gc,phases   ] GC(4)   Pre Evacuate Collection Set: 0.08ms
[1.567s][info][gc,phases   ] GC(4)   Merge Heap Roots: 0.04ms
[1.567s][info][gc,phases   ] GC(4)   Evacuate Collection Set: 7.94ms
[1.567s][info][gc,phases   ] GC(4)   Post Evacuate Collection Set: 0.69ms
[1.567s][info][gc,phases   ] GC(4)   Other: 0.04ms
[1.567s][info][gc,heap     ] GC(4) Eden regions: 15->0(17)
[1.567s][info][gc,heap     ] GC(4) Survivor regions: 7->3(3)
[1.567s][info][gc,heap     ] GC(4) Old regions: 1->6
[1.567s][info][gc,heap     ] GC(4) Humongous regions: 2->2
[1.567s][info][gc,metaspace] GC(4) Metaspace: 22399K(22720K)->22399K(22720K) NonClass: 17570K(17728K)->17570K(17728K) Class: 4829K(4992K)->4829K(4992K)
[1.567s][info][gc          ] GC(4) Pause Young (Mixed) (G1 Evacuation Pause) 49M->21M(74M) 8.887ms
[1.567s][info][gc,cpu      ] GC(4) User=0.02s Sys=0.00s Real=0.01s
[1.679s][info][gc,start    ] GC(5) Pause Young (Normal) (G1 Evacuation Pause)
[1.679s][info][gc,task     ] GC(5) Using 2 workers of 4 for evacuation
[1.681s][info][gc,phases   ] GC(5)   Pre Evacuate Collection Set: 0.08ms
[1.681s][info][gc,phases   ] GC(5)   Merge Heap Roots: 0.04ms
[1.681s][info][gc,phases   ] GC(5)   Evacuate Collection Set: 1.98ms
[1.681s][info][gc,phases   ] GC(5)   Post Evacuate Collection Set: 0.34ms
[1.681s][info][gc,phases   ] GC(5)   Other: 0.04ms
[1.681s][info][gc,heap     ] GC(5) Eden regions: 17->0(17)
[1.681s][info][gc,heap     ] GC(5) Survivor regions: 3->2(3)
[1.681s][info][gc,heap     ] GC(5) Old regions: 6->8
[1.681s][info][gc,heap     ] GC(5) Humongous regions: 2->2
[1.681s][info][gc,metaspace] GC(5) Metaspace: 24279K(24704K)->24279K(24704K) NonClass: 19026K(19264K)->19026K(19264K) Class: 5252K(5440K)->5252K(5440K)
[1.681s][info][gc          ] GC(5) Pause Young (Normal) (G1 Evacuation Pause) 55M->21M(74M) 2.602ms
[1.681s][info][gc,cpu      ] GC(5) User=0.01s Sys=0.00s Real=0.00s
[1.766s][info][gc,start    ] GC(6) Pause Young (Normal) (G1 Evacuation Pause)
[1.766s][info][gc,task     ] GC(6) Using 2 workers of 4 for evacuation
[1.768s][info][gc,phases   ] GC(6)   Pre Evacuate Collection Set: 0.10ms
[1.768s][info][gc,phases   ] GC(6)   Merge Heap Roots: 0.04ms
[1.768s][info][gc,phases   ] GC(6)   Evacuate Collection Set: 1.20ms
[1.768s][info][gc,phases   ] GC(6)   Post Evacuate Collection Set: 0.35ms
[1.768s][info][gc,phases   ] GC(6)   Other: 0.04ms
[1.768s][info][gc,heap     ] GC(6) Eden regions: 17->0(19)
[1.768s][info][gc,heap     ] GC(6) Survivor regions: 2->1(3)
[1.768s][info][gc,heap     ] GC(6) Old regions: 8->8
[1.768s][info][gc,heap     ] GC(6) Humongous regions: 2->2
[1.768s][info][gc,metaspace] GC(6) Metaspace: 25825K(26240K)->25825K(26240K) NonClass: 20235K(20480K)->20235K(20480K) Class: 5589K(5760K)->5589K(5760K)
[1.768s][info][gc          ] GC(6) Pause Young (Normal) (G1 Evacuation Pause) 55M->20M(74M) 1.821ms
[1.768s][info][gc,cpu      ] GC(6) User=0.00s Sys=0.00s Real=0.00s
[1.901s][info][gc,start    ] GC(7) Pause Young (Normal) (G1 Evacuation Pause)
[1.901s][info][gc,task     ] GC(7) Using 2 workers of 4 for evacuation
[1.905s][info][gc,phases   ] GC(7)   Pre Evacuate Collection Set: 0.15ms
[1.905s][info][gc,phases   ] GC(7)   Merge Heap Roots: 0.07ms
[1.905s][info][gc,phases   ] GC(7)   Evacuate Collection Set: 2.47ms
[1.905s][info][gc,phases   ] GC(7)   Post Evacuate Collection Set: 1.04ms
[1.905s][info][gc,phases   ] GC(7)   Other: 0.05ms
[1.905s][info][gc,heap     ] GC(7) Eden regions: 19->0(439)
[1.905s][info][gc,heap     ] GC(7) Survivor regions: 1->2(3)
[1.905s][info][gc,heap     ] GC(7) Old regions: 8->8
[1.905s][info][gc,heap     ] GC(7) Humongous regions: 2->2
[1.905s][info][gc,metaspace] GC(7) Metaspace: 28694K(29120K)->28694K(29120K) NonClass: 22389K(22592K)->22389K(22592K) Class: 6304K(6528K)->6304K(6528K)
[1.905s][info][gc          ] GC(7) Pause Young (Normal) (G1 Evacuation Pause) 58M->21M(1472M) 3.914ms
[1.905s][info][gc,cpu      ] GC(7) User=0.02s Sys=0.00s Real=0.01s
[2.101s][info][gc,start    ] GC(8) Pause Young (Concurrent Start) (Metadata GC Threshold)
[2.101s][info][gc,task     ] GC(8) Using 4 workers of 4 for evacuation
[2.105s][info][gc,phases   ] GC(8)   Pre Evacuate Collection Set: 0.14ms
[2.105s][info][gc,phases   ] GC(8)   Merge Heap Roots: 0.03ms
[2.105s][info][gc,phases   ] GC(8)   Evacuate Collection Set: 2.53ms
[2.105s][info][gc,phases   ] GC(8)   Post Evacuate Collection Set: 0.92ms
[2.105s][info][gc,phases   ] GC(8)   Other: 0.06ms
[2.105s][info][gc,heap     ] GC(8) Eden regions: 39->0(438)
[2.105s][info][gc,heap     ] GC(8) Survivor regions: 2->3(56)
[2.105s][info][gc,heap     ] GC(8) Old regions: 8->8
[2.105s][info][gc,heap     ] GC(8) Humongous regions: 2->2
[2.105s][info][gc,metaspace] GC(8) Metaspace: 35716K(36096K)->35716K(36096K) NonClass: 27860K(28032K)->27860K(28032K) Class: 7855K(8064K)->7855K(8064K)
[2.105s][info][gc          ] GC(8) Pause Young (Concurrent Start) (Metadata GC Threshold) 98M->23M(1472M) 3.846ms
[2.105s][info][gc,cpu      ] GC(8) User=0.01s Sys=0.00s Real=0.01s
[2.105s][info][gc          ] GC(9) Concurrent Mark Cycle
[2.105s][info][gc,marking  ] GC(9) Concurrent Scan Root Regions
[2.109s][info][gc,marking  ] GC(9) Concurrent Scan Root Regions 4.087ms
[2.109s][info][gc,marking  ] GC(9) Concurrent Mark
[2.109s][info][gc,marking  ] GC(9) Concurrent Mark From Roots
[2.109s][info][gc,task     ] GC(9) Using 1 workers of 1 for marking
[2.122s][info][gc,marking  ] GC(9) Concurrent Mark From Roots 12.872ms
[2.122s][info][gc,marking  ] GC(9) Concurrent Preclean
[2.122s][info][gc,marking  ] GC(9) Concurrent Preclean 0.087ms
[2.123s][info][gc,start    ] GC(9) Pause Remark
[2.127s][info][gc          ] GC(9) Pause Remark 31M->31M(88M) 3.797ms
[2.127s][info][gc,cpu      ] GC(9) User=0.01s Sys=0.00s Real=0.00s
[2.127s][info][gc,marking  ] GC(9) Concurrent Mark 17.886ms
[2.127s][info][gc,marking  ] GC(9) Concurrent Rebuild Remembered Sets and Scrub Regions
[2.131s][info][gc,marking  ] GC(9) Concurrent Rebuild Remembered Sets and Scrub Regions 4.306ms
[2.131s][info][gc,start    ] GC(9) Pause Cleanup
[2.131s][info][gc          ] GC(9) Pause Cleanup 32M->32M(88M) 0.044ms
[2.131s][info][gc,cpu      ] GC(9) User=0.00s Sys=0.00s Real=0.00s
[2.131s][info][gc,marking  ] GC(9) Concurrent Clear Claimed Marks
[2.132s][info][gc,marking  ] GC(9) Concurrent Clear Claimed Marks 0.060ms
[2.132s][info][gc,marking  ] GC(9) Concurrent Cleanup for Next Mark
[2.132s][info][gc,marking  ] GC(9) Concurrent Cleanup for Next Mark 0.498ms
[2.132s][info][gc          ] GC(9) Concurrent Mark Cycle 27.202ms
[2.237s][info][gc,start    ] GC(10) Pause Young (Prepare Mixed) (G1 Evacuation Pause)
[2.237s][info][gc,task     ] GC(10) Using 4 workers of 4 for evacuation
[2.241s][info][gc,phases   ] GC(10)   Pre Evacuate Collection Set: 0.14ms
[2.241s][info][gc,phases   ] GC(10)   Merge Heap Roots: 0.08ms
[2.241s][info][gc,phases   ] GC(10)   Evacuate Collection Set: 2.48ms
[2.241s][info][gc,phases   ] GC(10)   Post Evacuate Collection Set: 0.73ms
[2.241s][info][gc,phases   ] GC(10)   Other: 0.05ms
[2.241s][info][gc,heap     ] GC(10) Eden regions: 31->0(24)
[2.241s][info][gc,heap     ] GC(10) Survivor regions: 3->4(56)
[2.241s][info][gc,heap     ] GC(10) Old regions: 8->8
[2.241s][info][gc,heap     ] GC(10) Humongous regions: 2->2
[2.241s][info][gc,metaspace] GC(10) Metaspace: 39866K(40320K)->39866K(40320K) NonClass: 31108K(31360K)->31108K(31360K) Class: 8758K(8960K)->8758K(8960K)
[2.241s][info][gc          ] GC(10) Pause Young (Prepare Mixed) (G1 Evacuation Pause) 85M->25M(96M) 3.609ms
[2.241s][info][gc,cpu      ] GC(10) User=0.02s Sys=0.00s Real=0.00s
[2.321s][info][gc,start    ] GC(11) Pause Young (Mixed) (G1 Evacuation Pause)
[2.321s][info][gc,task     ] GC(11) Using 4 workers of 4 for evacuation
[2.325s][info][gc,phases   ] GC(11)   Pre Evacuate Collection Set: 0.17ms
[2.325s][info][gc,phases   ] GC(11)   Merge Heap Roots: 0.06ms
[2.325s][info][gc,phases   ] GC(11)   Evacuate Collection Set: 2.76ms
[2.325s][info][gc,phases   ] GC(11)   Post Evacuate Collection Set: 0.47ms
[2.325s][info][gc,phases   ] GC(11)   Other: 0.04ms
[2.325s][info][gc,heap     ] GC(11) Eden regions: 24->0(24)
[2.325s][info][gc,heap     ] GC(11) Survivor regions: 4->4(4)
[2.325s][info][gc,heap     ] GC(11) Old regions: 8->9
[2.325s][info][gc,heap     ] GC(11) Humongous regions: 2->2
[2.325s][info][gc,metaspace] GC(11) Metaspace: 42058K(42496K)->42058K(42496K) NonClass: 32602K(32832K)->32602K(32832K) Class: 9455K(9664K)->9455K(9664K)
[2.325s][info][gc          ] GC(11) Pause Young (Mixed) (G1 Evacuation Pause) 73M->27M(96M) 3.608ms
[2.325s][info][gc,cpu      ] GC(11) User=0.01s Sys=0.00s Real=0.01s
[2.439s][info][gc,start    ] GC(12) Pause Young (Normal) (G1 Evacuation Pause)
[2.439s][info][gc,task     ] GC(12) Using 3 workers of 4 for evacuation
[2.443s][info][gc,phases   ] GC(12)   Pre Evacuate Collection Set: 0.10ms
[2.443s][info][gc,phases   ] GC(12)   Merge Heap Roots: 0.05ms
[2.443s][info][gc,phases   ] GC(12)   Evacuate Collection Set: 2.92ms
[2.443s][info][gc,phases   ] GC(12)   Post Evacuate Collection Set: 0.41ms
[2.443s][info][gc,phases   ] GC(12)   Other: 0.04ms
[2.443s][info][gc,heap     ] GC(12) Eden regions: 24->0(25)
[2.443s][info][gc,heap     ] GC(12) Survivor regions: 4->3(4)
[2.443s][info][gc,heap     ] GC(12) Old regions: 9->11
[2.443s][info][gc,heap     ] GC(12) Humongous regions: 2->2
[2.443s][info][gc,metaspace] GC(12) Metaspace: 43852K(44288K)->43852K(44288K) NonClass: 34032K(34304K)->34032K(34304K) Class: 9820K(9984K)->9820K(9984K)
[2.443s][info][gc          ] GC(12) Pause Young (Normal) (G1 Evacuation Pause) 75M->29M(96M) 3.623ms
[2.443s][info][gc,cpu      ] GC(12) User=0.01s Sys=0.00s Real=0.00s
[2.580s][info][gc,start    ] GC(13) Pause Young (Normal) (G1 Evacuation Pause)
[2.580s][info][gc,task     ] GC(13) Using 2 workers of 4 for evacuation
[2.584s][info][gc,phases   ] GC(13)   Pre Evacuate Collection Set: 0.10ms
[2.584s][info][gc,phases   ] GC(13)   Merge Heap Roots: 0.05ms
[2.584s][info][gc,phases   ] GC(13)   Evacuate Collection Set: 3.64ms
[2.584s][info][gc,phases   ] GC(13)   Post Evacuate Collection Set: 0.33ms
[2.584s][info][gc,phases   ] GC(13)   Other: 0.05ms
[2.584s][info][gc,heap     ] GC(13) Eden regions: 25->0(25)
[2.584s][info][gc,heap     ] GC(13) Survivor regions: 3->3(4)
[2.584s][info][gc,heap     ] GC(13) Old regions: 11->12
[2.584s][info][gc,heap     ] GC(13) Humongous regions: 2->2
[2.584s][info][gc,metaspace] GC(13) Metaspace: 44966K(45440K)->44966K(45440K) NonClass: 34938K(35200K)->34938K(35200K) Class: 10027K(10240K)->10027K(10240K)
[2.584s][info][gc          ] GC(13) Pause Young (Normal) (G1 Evacuation Pause) 79M->32M(96M) 4.257ms
[2.584s][info][gc,cpu      ] GC(13) User=0.01s Sys=0.00s Real=0.01s
[2.759s][info][gc,start    ] GC(14) Pause Young (Normal) (G1 Evacuation Pause)
[2.759s][info][gc,task     ] GC(14) Using 2 workers of 4 for evacuation
[2.765s][info][gc,phases   ] GC(14)   Pre Evacuate Collection Set: 0.16ms
[2.765s][info][gc,phases   ] GC(14)   Merge Heap Roots: 0.07ms
[2.765s][info][gc,phases   ] GC(14)   Evacuate Collection Set: 4.33ms
[2.765s][info][gc,phases   ] GC(14)   Post Evacuate Collection Set: 1.05ms
[2.765s][info][gc,phases   ] GC(14)   Other: 0.06ms
[2.765s][info][gc,heap     ] GC(14) Eden regions: 25->0(441)
[2.765s][info][gc,heap     ] GC(14) Survivor regions: 3->3(4)
[2.765s][info][gc,heap     ] GC(14) Old regions: 12->13
[2.765s][info][gc,heap     ] GC(14) Humongous regions: 2->2
[2.765s][info][gc,metaspace] GC(14) Metaspace: 46956K(47360K)->46956K(47360K) NonClass: 36491K(36736K)->36491K(36736K) Class: 10464K(10624K)->10464K(10624K)
[2.765s][info][gc          ] GC(14) Pause Young (Normal) (G1 Evacuation Pause) 82M->34M(1482M) 5.783ms
[2.765s][info][gc,cpu      ] GC(14) User=0.02s Sys=0.00s Real=0.01s
[3.640s][info][gc,start    ] GC(15) Pause Young (Concurrent Start) (Metadata GC Threshold)
[3.640s][info][gc,task     ] GC(15) Using 4 workers of 4 for evacuation
[3.647s][info][gc,phases   ] GC(15)   Pre Evacuate Collection Set: 0.18ms
[3.647s][info][gc,phases   ] GC(15)   Merge Heap Roots: 0.07ms
[3.647s][info][gc,phases   ] GC(15)   Evacuate Collection Set: 6.48ms
[3.647s][info][gc,phases   ] GC(15)   Post Evacuate Collection Set: 0.77ms
[3.647s][info][gc,phases   ] GC(15)   Other: 0.06ms
[3.647s][info][gc,heap     ] GC(15) Eden regions: 138->0(438)
[3.647s][info][gc,heap     ] GC(15) Survivor regions: 3->6(56)
[3.647s][info][gc,heap     ] GC(15) Old regions: 13->13
[3.647s][info][gc,heap     ] GC(15) Humongous regions: 2->2
[3.647s][info][gc,metaspace] GC(15) Metaspace: 60320K(60928K)->60320K(60928K) NonClass: 46704K(47040K)->46704K(47040K) Class: 13616K(13888K)->13616K(13888K)
[3.647s][info][gc          ] GC(15) Pause Young (Concurrent Start) (Metadata GC Threshold) 309M->40M(1482M) 7.668ms
[3.647s][info][gc,cpu      ] GC(15) User=0.03s Sys=0.00s Real=0.01s
[3.647s][info][gc          ] GC(16) Concurrent Mark Cycle
[3.647s][info][gc,marking  ] GC(16) Concurrent Scan Root Regions
[3.653s][info][gc,marking  ] GC(16) Concurrent Scan Root Regions 5.539ms
[3.653s][info][gc,marking  ] GC(16) Concurrent Mark
[3.653s][info][gc,marking  ] GC(16) Concurrent Mark From Roots
[3.653s][info][gc,task     ] GC(16) Using 1 workers of 1 for marking
[3.672s][info][gc,marking  ] GC(16) Concurrent Mark From Roots 18.861ms
[3.672s][info][gc,marking  ] GC(16) Concurrent Preclean
[3.672s][info][gc,marking  ] GC(16) Concurrent Preclean 0.095ms
[3.673s][info][gc,start    ] GC(16) Pause Remark
[3.677s][info][gc          ] GC(16) Pause Remark 48M->48M(140M) 4.064ms
[3.677s][info][gc,cpu      ] GC(16) User=0.02s Sys=0.00s Real=0.00s
[3.677s][info][gc,marking  ] GC(16) Concurrent Mark 24.539ms
[3.677s][info][gc,marking  ] GC(16) Concurrent Rebuild Remembered Sets and Scrub Regions
[3.686s][info][gc,marking  ] GC(16) Concurrent Rebuild Remembered Sets and Scrub Regions 8.117ms
[3.686s][info][gc,start    ] GC(16) Pause Cleanup
[3.686s][info][gc          ] GC(16) Pause Cleanup 51M->51M(140M) 0.034ms
[3.686s][info][gc,cpu      ] GC(16) User=0.00s Sys=0.00s Real=0.00s
[3.686s][info][gc,marking  ] GC(16) Concurrent Clear Claimed Marks
[3.686s][info][gc,marking  ] GC(16) Concurrent Clear Claimed Marks 0.058ms
[3.686s][info][gc,marking  ] GC(16) Concurrent Cleanup for Next Mark
[3.687s][info][gc,marking  ] GC(16) Concurrent Cleanup for Next Mark 0.650ms
[3.687s][info][gc          ] GC(16) Concurrent Mark Cycle 39.620ms
[3.834s][info][gc,start    ] GC(17) Pause Young (Prepare Mixed) (G1 Evacuation Pause)
[3.834s][info][gc,task     ] GC(17) Using 4 workers of 4 for evacuation
[3.839s][info][gc,phases   ] GC(17)   Pre Evacuate Collection Set: 0.11ms
[3.839s][info][gc,phases   ] GC(17)   Merge Heap Roots: 0.07ms
[3.839s][info][gc,phases   ] GC(17)   Evacuate Collection Set: 4.07ms
[3.839s][info][gc,phases   ] GC(17)   Post Evacuate Collection Set: 0.51ms
[3.839s][info][gc,phases   ] GC(17)   Other: 0.04ms
[3.839s][info][gc,heap     ] GC(17) Eden regions: 37->0(40)
[3.839s][info][gc,heap     ] GC(17) Survivor regions: 6->2(6)
[3.839s][info][gc,heap     ] GC(17) Old regions: 13->19
[3.839s][info][gc,heap     ] GC(17) Humongous regions: 2->2
[3.839s][info][gc,metaspace] GC(17) Metaspace: 64767K(65408K)->64767K(65408K) NonClass: 49999K(50368K)->49999K(50368K) Class: 14767K(15040K)->14767K(15040K)
[3.839s][info][gc          ] GC(17) Pause Young (Prepare Mixed) (G1 Evacuation Pause) 114M->42M(140M) 4.914ms
[3.839s][info][gc,cpu      ] GC(17) User=0.02s Sys=0.01s Real=0.00s
[4.042s][info][gc,start    ] GC(18) Pause Young (Mixed) (G1 Evacuation Pause)
[4.042s][info][gc,task     ] GC(18) Using 4 workers of 4 for evacuation
[4.045s][info][gc,phases   ] GC(18)   Pre Evacuate Collection Set: 0.10ms
[4.045s][info][gc,phases   ] GC(18)   Merge Heap Roots: 0.08ms
[4.045s][info][gc,phases   ] GC(18)   Evacuate Collection Set: 1.94ms
[4.045s][info][gc,phases   ] GC(18)   Post Evacuate Collection Set: 0.44ms
[4.045s][info][gc,phases   ] GC(18)   Other: 0.04ms
[4.045s][info][gc,heap     ] GC(18) Eden regions: 40->0(39)
[4.045s][info][gc,heap     ] GC(18) Survivor regions: 2->3(6)
[4.045s][info][gc,heap     ] GC(18) Old regions: 19->18
[4.045s][info][gc,heap     ] GC(18) Humongous regions: 2->2
[4.045s][info][gc,metaspace] GC(18) Metaspace: 69718K(70400K)->69718K(70400K) NonClass: 53987K(54400K)->53987K(54400K) Class: 15730K(16000K)->15730K(16000K)
[4.045s][info][gc          ] GC(18) Pause Young (Mixed) (G1 Evacuation Pause) 122M->44M(140M) 2.704ms
[4.045s][info][gc,cpu      ] GC(18) User=0.02s Sys=0.00s Real=0.01s
[4.254s][info][gc,start    ] GC(19) Pause Young (Normal) (G1 Evacuation Pause)
[4.254s][info][gc,task     ] GC(19) Using 4 workers of 4 for evacuation
[4.257s][info][gc,phases   ] GC(19)   Pre Evacuate Collection Set: 0.16ms
[4.257s][info][gc,phases   ] GC(19)   Merge Heap Roots: 0.10ms
[4.257s][info][gc,phases   ] GC(19)   Evacuate Collection Set: 2.09ms
[4.257s][info][gc,phases   ] GC(19)   Post Evacuate Collection Set: 0.45ms
[4.257s][info][gc,phases   ] GC(19)   Other: 0.06ms
[4.257s][info][gc,heap     ] GC(19) Eden regions: 39->0(39)
[4.257s][info][gc,heap     ] GC(19) Survivor regions: 3->3(6)
[4.257s][info][gc,heap     ] GC(19) Old regions: 18->18
[4.257s][info][gc,heap     ] GC(19) Humongous regions: 2->2
[4.257s][info][gc,metaspace] GC(19) Metaspace: 73678K(74368K)->73678K(74368K) NonClass: 57308K(57728K)->57308K(57728K) Class: 16369K(16640K)->16369K(16640K)
[4.257s][info][gc          ] GC(19) Pause Young (Normal) (G1 Evacuation Pause) 122M->45M(140M) 2.954ms
[4.257s][info][gc,cpu      ] GC(19) User=0.01s Sys=0.00s Real=0.00s
[4.567s][info][gc,start    ] GC(20) Pause Young (Normal) (G1 Evacuation Pause)
[4.567s][info][gc,task     ] GC(20) Using 4 workers of 4 for evacuation
[4.571s][info][gc,phases   ] GC(20)   Pre Evacuate Collection Set: 0.13ms
[4.571s][info][gc,phases   ] GC(20)   Merge Heap Roots: 0.10ms
[4.571s][info][gc,phases   ] GC(20)   Evacuate Collection Set: 3.55ms
[4.571s][info][gc,phases   ] GC(20)   Post Evacuate Collection Set: 0.65ms
[4.571s][info][gc,phases   ] GC(20)   Other: 0.04ms
[4.571s][info][gc,heap     ] GC(20) Eden regions: 39->0(38)
[4.571s][info][gc,heap     ] GC(20) Survivor regions: 3->4(6)
[4.571s][info][gc,heap     ] GC(20) Old regions: 18->18
[4.571s][info][gc,heap     ] GC(20) Humongous regions: 2->2
[4.571s][info][gc,metaspace] GC(20) Metaspace: 77989K(78720K)->77989K(78720K) NonClass: 60637K(61056K)->60637K(61056K) Class: 17352K(17664K)->17352K(17664K)
[4.571s][info][gc          ] GC(20) Pause Young (Normal) (G1 Evacuation Pause) 123M->47M(140M) 4.562ms
[4.571s][info][gc,cpu      ] GC(20) User=0.03s Sys=0.00s Real=0.00s
[5.073s][info][gc,start    ] GC(21) Pause Young (Normal) (G1 Evacuation Pause)
[5.073s][info][gc,task     ] GC(21) Using 4 workers of 4 for evacuation
[5.079s][info][gc,phases   ] GC(21)   Pre Evacuate Collection Set: 0.10ms
[5.079s][info][gc,phases   ] GC(21)   Merge Heap Roots: 0.06ms
[5.079s][info][gc,phases   ] GC(21)   Evacuate Collection Set: 3.68ms
[5.079s][info][gc,phases   ] GC(21)   Post Evacuate Collection Set: 1.42ms
[5.079s][info][gc,phases   ] GC(21)   Other: 0.05ms
[5.079s][info][gc,heap     ] GC(21) Eden regions: 38->0(446)
[5.079s][info][gc,heap     ] GC(21) Survivor regions: 4->5(6)
[5.079s][info][gc,heap     ] GC(21) Old regions: 18->19
[5.079s][info][gc,heap     ] GC(21) Humongous regions: 2->2
[5.079s][info][gc,metaspace] GC(21) Metaspace: 82821K(83648K)->82821K(83648K) NonClass: 64266K(64704K)->64266K(64704K) Class: 18555K(18944K)->18555K(18944K)
[5.079s][info][gc          ] GC(21) Pause Young (Normal) (G1 Evacuation Pause) 123M->50M(1504M) 5.411ms
[5.079s][info][gc,cpu      ] GC(21) User=0.02s Sys=0.00s Real=0.00s
[46.076s][info][gc,start    ] GC(22) Pause Young (Concurrent Start) (G1 Humongous Allocation)
[46.076s][info][gc,task     ] GC(22) Using 4 workers of 4 for evacuation
[46.088s][info][gc,phases   ] GC(22)   Pre Evacuate Collection Set: 0.37ms
[46.088s][info][gc,phases   ] GC(22)   Merge Heap Roots: 0.15ms
[46.088s][info][gc,phases   ] GC(22)   Evacuate Collection Set: 10.00ms
[46.088s][info][gc,phases   ] GC(22)   Post Evacuate Collection Set: 1.26ms
[46.088s][info][gc,phases   ] GC(22)   Other: 0.09ms
[46.088s][info][gc,heap     ] GC(22) Eden regions: 254->0(443)
[46.088s][info][gc,heap     ] GC(22) Survivor regions: 5->8(57)
[46.088s][info][gc,heap     ] GC(22) Old regions: 19->19
[46.088s][info][gc,heap     ] GC(22) Humongous regions: 242->173
[46.088s][info][gc,metaspace] GC(22) Metaspace: 98406K(99456K)->98406K(99456K) NonClass: 76402K(76992K)->76402K(76992K) Class: 22003K(22464K)->22003K(22464K)
[46.088s][info][gc          ] GC(22) Pause Young (Concurrent Start) (G1 Humongous Allocation) 1038M->399M(1504M) 12.050ms
[46.088s][info][gc,cpu      ] GC(22) User=0.04s Sys=0.01s Real=0.01s
[46.088s][info][gc          ] GC(23) Concurrent Undo Cycle
[46.088s][info][gc,marking  ] GC(23) Concurrent Clear Claimed Marks
[46.088s][info][gc,marking  ] GC(23) Concurrent Clear Claimed Marks 0.159ms
[46.088s][info][gc,marking  ] GC(23) Concurrent Cleanup for Next Mark
[46.089s][info][gc,marking  ] GC(23) Concurrent Cleanup for Next Mark 0.207ms
[46.089s][info][gc          ] GC(23) Concurrent Undo Cycle 0.443ms
[46.102s][info][gc,start    ] GC(24) Pause Young (Concurrent Start) (G1 Humongous Allocation)
[46.102s][info][gc,task     ] GC(24) Using 4 workers of 4 for evacuation
[46.112s][info][gc,phases   ] GC(24)   Pre Evacuate Collection Set: 0.38ms
[46.112s][info][gc,phases   ] GC(24)   Merge Heap Roots: 0.12ms
[46.112s][info][gc,phases   ] GC(24)   Evacuate Collection Set: 7.89ms
[46.112s][info][gc,phases   ] GC(24)   Post Evacuate Collection Set: 1.07ms
[46.112s][info][gc,phases   ] GC(24)   Other: 0.08ms
[46.112s][info][gc,heap     ] GC(24) Eden regions: 15->0(443)
[46.112s][info][gc,heap     ] GC(24) Survivor regions: 8->8(57)
[46.112s][info][gc,heap     ] GC(24) Old regions: 19->19
[46.112s][info][gc,heap     ] GC(24) Humongous regions: 238->196
[46.112s][info][gc,metaspace] GC(24) Metaspace: 98412K(99456K)->98412K(99456K) NonClass: 76407K(76992K)->76407K(76992K) Class: 22005K(22464K)->22005K(22464K)
[46.112s][info][gc          ] GC(24) Pause Young (Concurrent Start) (G1 Humongous Allocation) 558M->444M(1504M) 9.705ms
[46.112s][info][gc,cpu      ] GC(24) User=0.04s Sys=0.00s Real=0.01s
[46.112s][info][gc          ] GC(25) Concurrent Undo Cycle
[46.112s][info][gc,marking  ] GC(25) Concurrent Clear Claimed Marks
[46.112s][info][gc,marking  ] GC(25) Concurrent Clear Claimed Marks 0.227ms
[46.112s][info][gc,marking  ] GC(25) Concurrent Cleanup for Next Mark
[46.112s][info][gc,marking  ] GC(25) Concurrent Cleanup for Next Mark 0.192ms
[46.112s][info][gc          ] GC(25) Concurrent Undo Cycle 0.529ms
[46.114s][info][gc,start    ] GC(26) Pause Young (Concurrent Start) (G1 Humongous Allocation)
[46.114s][info][gc,task     ] GC(26) Using 4 workers of 4 for evacuation
[46.122s][info][gc,phases   ] GC(26)   Pre Evacuate Collection Set: 0.29ms
[46.122s][info][gc,phases   ] GC(26)   Merge Heap Roots: 0.10ms
[46.122s][info][gc,phases   ] GC(26)   Evacuate Collection Set: 6.38ms
[46.122s][info][gc,phases   ] GC(26)   Post Evacuate Collection Set: 0.72ms
[46.122s][info][gc,phases   ] GC(26)   Other: 0.06ms
[46.122s][info][gc,heap     ] GC(26) Eden regions: 2->0(443)
[46.122s][info][gc,heap     ] GC(26) Survivor regions: 8->8(57)
[46.122s][info][gc,heap     ] GC(26) Old regions: 19->19
[46.122s][info][gc,heap     ] GC(26) Humongous regions: 201->198
[46.122s][info][gc,metaspace] GC(26) Metaspace: 98418K(99456K)->98418K(99456K) NonClass: 76413K(76992K)->76413K(76992K) Class: 22005K(22464K)->22005K(22464K)
[46.122s][info][gc          ] GC(26) Pause Young (Concurrent Start) (G1 Humongous Allocation) 458M->448M(1504M) 7.696ms
[46.122s][info][gc,cpu      ] GC(26) User=0.04s Sys=0.00s Real=0.00s
[46.122s][info][gc          ] GC(27) Concurrent Mark Cycle
[46.122s][info][gc,marking  ] GC(27) Concurrent Scan Root Regions
[46.133s][info][gc,marking  ] GC(27) Concurrent Scan Root Regions 10.485ms
[46.133s][info][gc,marking  ] GC(27) Concurrent Mark
[46.133s][info][gc,marking  ] GC(27) Concurrent Mark From Roots
[46.133s][info][gc,task     ] GC(27) Using 1 workers of 1 for marking
[46.178s][info][gc,marking  ] GC(27) Concurrent Mark From Roots 45.048ms
[46.178s][info][gc,marking  ] GC(27) Concurrent Preclean
[46.178s][info][gc,marking  ] GC(27) Concurrent Preclean 0.204ms
[46.185s][info][gc,start    ] GC(27) Pause Remark
[46.193s][info][gc          ] GC(27) Pause Remark 686M->686M(1504M) 7.493ms
[46.193s][info][gc,cpu      ] GC(27) User=0.02s Sys=0.00s Real=0.00s
[46.193s][info][gc,marking  ] GC(27) Concurrent Mark 60.017ms
[46.193s][info][gc,marking  ] GC(27) Concurrent Rebuild Remembered Sets and Scrub Regions
[46.206s][info][gc,marking  ] GC(27) Concurrent Rebuild Remembered Sets and Scrub Regions 13.612ms
[46.213s][info][gc,start    ] GC(27) Pause Cleanup
[46.213s][info][gc          ] GC(27) Pause Cleanup 737M->737M(1504M) 0.117ms
[46.213s][info][gc,cpu      ] GC(27) User=0.00s Sys=0.00s Real=0.00s
[46.213s][info][gc,marking  ] GC(27) Concurrent Clear Claimed Marks
[46.213s][info][gc,marking  ] GC(27) Concurrent Clear Claimed Marks 0.253ms
[46.213s][info][gc,marking  ] GC(27) Concurrent Cleanup for Next Mark
[46.223s][info][gc,marking  ] GC(27) Concurrent Cleanup for Next Mark 9.698ms
[46.223s][info][gc          ] GC(27) Concurrent Mark Cycle 100.663ms
[137.771s][info][gc,start    ] GC(28) Pause Young (Prepare Mixed) (G1 Evacuation Pause)
[137.771s][info][gc,task     ] GC(28) Using 4 workers of 4 for evacuation
[137.790s][info][gc,phases   ] GC(28)   Pre Evacuate Collection Set: 0.35ms
[137.790s][info][gc,phases   ] GC(28)   Merge Heap Roots: 0.19ms
[137.790s][info][gc,phases   ] GC(28)   Evacuate Collection Set: 16.69ms
[137.790s][info][gc,phases   ] GC(28)   Post Evacuate Collection Set: 1.26ms
[137.790s][info][gc,phases   ] GC(28)   Other: 0.12ms
[137.790s][info][gc,heap     ] GC(28) Eden regions: 146->0(459)
[137.790s][info][gc,heap     ] GC(28) Survivor regions: 8->9(57)
[137.790s][info][gc,heap     ] GC(28) Old regions: 19->19
[137.790s][info][gc,heap     ] GC(28) Humongous regions: 598->93
[137.790s][info][gc,metaspace] GC(28) Metaspace: 110694K(111936K)->110694K(111936K) NonClass: 86947K(87616K)->86947K(87616K) Class: 23746K(24320K)->23746K(24320K)
[137.790s][info][gc          ] GC(28) Pause Young (Prepare Mixed) (G1 Evacuation Pause) 1540M->240M(1560M) 18.811ms
[137.790s][info][gc,cpu      ] GC(28) User=0.06s Sys=0.01s Real=0.02s
[139.466s][info][gc,start    ] GC(29) Pause Young (Mixed) (G1 Evacuation Pause)
[139.466s][info][gc,task     ] GC(29) Using 4 workers of 4 for evacuation
[139.479s][info][gc,phases   ] GC(29)   Pre Evacuate Collection Set: 0.24ms
[139.479s][info][gc,phases   ] GC(29)   Merge Heap Roots: 0.14ms
[139.479s][info][gc,phases   ] GC(29)   Evacuate Collection Set: 9.93ms
[139.479s][info][gc,phases   ] GC(29)   Post Evacuate Collection Set: 2.37ms
[139.479s][info][gc,phases   ] GC(29)   Other: 0.10ms
[139.479s][info][gc,heap     ] GC(29) Eden regions: 137->0(476)
[139.479s][info][gc,heap     ] GC(29) Survivor regions: 9->10(59)
[139.479s][info][gc,heap     ] GC(29) Old regions: 19->18
[139.479s][info][gc,heap     ] GC(29) Humongous regions: 635->52
[139.479s][info][gc,metaspace] GC(29) Metaspace: 111459K(112704K)->111459K(112704K) NonClass: 87703K(88384K)->87703K(88384K) Class: 23756K(24320K)->23756K(24320K)
[139.479s][info][gc          ] GC(29) Pause Young (Mixed) (G1 Evacuation Pause) 1598M->157M(1622M) 12.977ms
[139.479s][info][gc,cpu      ] GC(29) User=0.04s Sys=0.00s Real=0.01s
[139.480s][info][gc,start    ] GC(30) Pause Young (Concurrent Start) (G1 Humongous Allocation)
[139.480s][info][gc,task     ] GC(30) Using 4 workers of 4 for evacuation
[139.489s][info][gc,phases   ] GC(30)   Pre Evacuate Collection Set: 0.52ms
[139.489s][info][gc,phases   ] GC(30)   Merge Heap Roots: 0.05ms
[139.489s][info][gc,phases   ] GC(30)   Evacuate Collection Set: 6.87ms
[139.489s][info][gc,phases   ] GC(30)   Post Evacuate Collection Set: 0.90ms
[139.489s][info][gc,phases   ] GC(30)   Other: 0.09ms
[139.489s][info][gc,heap     ] GC(30) Eden regions: 2->0(476)
[139.489s][info][gc,heap     ] GC(30) Survivor regions: 10->10(61)
[139.489s][info][gc,heap     ] GC(30) Old regions: 18->18
[139.489s][info][gc,heap     ] GC(30) Humongous regions: 52->52
[139.489s][info][gc,metaspace] GC(30) Metaspace: 111459K(112704K)->111459K(112704K) NonClass: 87703K(88384K)->87703K(88384K) Class: 23756K(24320K)->23756K(24320K)
[139.489s][info][gc          ] GC(30) Pause Young (Concurrent Start) (G1 Humongous Allocation) 161M->157M(1622M) 8.598ms
[139.489s][info][gc,cpu      ] GC(30) User=0.03s Sys=0.00s Real=0.01s
[139.489s][info][gc          ] GC(31) Concurrent Mark Cycle
[139.489s][info][gc,marking  ] GC(31) Concurrent Scan Root Regions
[139.500s][info][gc,marking  ] GC(31) Concurrent Scan Root Regions 11.452ms
[139.500s][info][gc,marking  ] GC(31) Concurrent Mark
[139.500s][info][gc,marking  ] GC(31) Concurrent Mark From Roots
[139.500s][info][gc,task     ] GC(31) Using 1 workers of 1 for marking
[139.531s][info][gc,marking  ] GC(31) Concurrent Mark From Roots 31.068ms
[139.531s][info][gc,marking  ] GC(31) Concurrent Preclean
[139.532s][info][gc,marking  ] GC(31) Concurrent Preclean 0.196ms
[139.533s][info][gc,start    ] GC(31) Pause Remark
[139.549s][info][gc          ] GC(31) Pause Remark 424M->424M(1248M) 15.394ms
[139.549s][info][gc,cpu      ] GC(31) User=0.05s Sys=0.00s Real=0.01s
[139.549s][info][gc,marking  ] GC(31) Concurrent Mark 48.495ms
[139.549s][info][gc,marking  ] GC(31) Concurrent Rebuild Remembered Sets and Scrub Regions
[139.562s][info][gc,marking  ] GC(31) Concurrent Rebuild Remembered Sets and Scrub Regions 13.303ms
[139.563s][info][gc,start    ] GC(31) Pause Cleanup
[139.563s][info][gc          ] GC(31) Pause Cleanup 530M->530M(1248M) 0.080ms
[139.563s][info][gc,cpu      ] GC(31) User=0.00s Sys=0.00s Real=0.00s
[139.563s][info][gc,marking  ] GC(31) Concurrent Clear Claimed Marks
[139.563s][info][gc,marking  ] GC(31) Concurrent Clear Claimed Marks 0.194ms
[139.563s][info][gc,marking  ] GC(31) Concurrent Cleanup for Next Mark
[139.566s][info][gc,marking  ] GC(31) Concurrent Cleanup for Next Mark 2.077ms
[139.566s][info][gc          ] GC(31) Concurrent Mark Cycle 76.781ms
