== 50MM fileId=d013d0a1-ba0b-341a-970d-4565ab56eadc
partitioner-1 2026-09-19T15:23:46.946Z level=INFO logger=b.c.s.b.p.b.listener.StepMetricsListener thread=virtual-130 request_id=cycle-8bf3e872-bf45-4ecb-9ef7-d93fcf0150d7/d013d0a1-ba0b-341a-970d-4565ab56eadc trace_id=6b05c01a527e08cc36d049ef6858c951 span_id=dc7574d241a8b813 context=metrics operation=step.metrics step=validateHeaderStep fileId=d013d0a1-ba0b-341a-970d-4565ab56eadc jobExecutionId=1 status=COMPLETED durationMs=55 lines=50000000 bytes=0 linesPerSec=909090909 mbPerSec=0.00 msg="STEP_METRICS" data={"stepExecutionId":1,"failures":[]}
partitioner-1 2026-09-19T15:23:47.002Z level=INFO logger=b.c.s.b.p.b.listener.StepMetricsListener thread=virtual-130 request_id=cycle-8bf3e872-bf45-4ecb-9ef7-d93fcf0150d7/d013d0a1-ba0b-341a-970d-4565ab56eadc trace_id=6b05c01a527e08cc36d049ef6858c951 span_id=dc7574d241a8b813 context=metrics operation=step.metrics step=cleanupPartitionsStep fileId=d013d0a1-ba0b-341a-970d-4565ab56eadc jobExecutionId=1 status=COMPLETED durationMs=26 lines=0 bytes=0 linesPerSec=0 mbPerSec=0.00 msg="STEP_METRICS" data={"stepExecutionId":2,"failures":[]}
partitioner-1 2026-09-19T15:25:13.013Z level=INFO logger=b.c.s.b.p.b.listener.StepMetricsListener thread=virtual-142 request_id=cycle-8bf3e872-bf45-4ecb-9ef7-d93fcf0150d7/d013d0a1-ba0b-341a-970d-4565ab56eadc trace_id=6b05c01a527e08cc36d049ef6858c951 span_id=dc7574d241a8b813 context=metrics operation=step.metrics step=partitionWorkerStep:partition0010 fileId=d013d0a1-ba0b-341a-970d-4565ab56eadc jobExecutionId=1 status=COMPLETED durationMs=85829 lines=5000000 bytes=755000019 linesPerSec=58255 mbPerSec=8.39 msg="STEP_METRICS" data={"stepExecutionId":13,"failures":[]}
partitioner-1 2026-09-19T15:25:13.013Z level=INFO logger=b.c.s.b.p.b.listener.StepMetricsListener thread=virtual-147 request_id=cycle-8bf3e872-bf45-4ecb-9ef7-d93fcf0150d7/d013d0a1-ba0b-341a-970d-4565ab56eadc trace_id=6b05c01a527e08cc36d049ef6858c951 span_id=dc7574d241a8b813 context=metrics operation=step.metrics step=partitionWorkerStep:partition0006 fileId=d013d0a1-ba0b-341a-970d-4565ab56eadc jobExecutionId=1 status=COMPLETED durationMs=85830 lines=5000000 bytes=755000019 linesPerSec=58255 mbPerSec=8.39 msg="STEP_METRICS" data={"stepExecutionId":9,"failures":[]}
partitioner-1 2026-09-19T15:25:13.014Z level=INFO logger=b.c.s.b.p.b.listener.StepMetricsListener thread=virtual-144 request_id=cycle-8bf3e872-bf45-4ecb-9ef7-d93fcf0150d7/d013d0a1-ba0b-341a-970d-4565ab56eadc trace_id=6b05c01a527e08cc36d049ef6858c951 span_id=dc7574d241a8b813 context=metrics operation=step.metrics step=partitionWorkerStep:partition0004 fileId=d013d0a1-ba0b-341a-970d-4565ab56eadc jobExecutionId=1 status=COMPLETED durationMs=85828 lines=5000000 bytes=755000019 linesPerSec=58256 mbPerSec=8.39 msg="STEP_METRICS" data={"stepExecutionId":7,"failures":[]}
partitioner-1 2026-09-19T15:25:13.014Z level=INFO logger=b.c.s.b.p.b.listener.StepMetricsListener thread=virtual-148 request_id=cycle-8bf3e872-bf45-4ecb-9ef7-d93fcf0150d7/d013d0a1-ba0b-341a-970d-4565ab56eadc trace_id=6b05c01a527e08cc36d049ef6858c951 span_id=dc7574d241a8b813 context=metrics operation=step.metrics step=partitionWorkerStep:partition0009 fileId=d013d0a1-ba0b-341a-970d-4565ab56eadc jobExecutionId=1 status=COMPLETED durationMs=85830 lines=5000000 bytes=755000019 linesPerSec=58255 mbPerSec=8.39 msg="STEP_METRICS" data={"stepExecutionId":12,"failures":[]}
partitioner-1 2026-09-19T15:25:13.020Z level=INFO logger=b.c.s.b.p.b.listener.StepMetricsListener thread=virtual-146 request_id=cycle-8bf3e872-bf45-4ecb-9ef7-d93fcf0150d7/d013d0a1-ba0b-341a-970d-4565ab56eadc trace_id=6b05c01a527e08cc36d049ef6858c951 span_id=dc7574d241a8b813 context=metrics operation=step.metrics step=partitionWorkerStep:partition0003 fileId=d013d0a1-ba0b-341a-970d-4565ab56eadc jobExecutionId=1 status=COMPLETED durationMs=85835 lines=5000000 bytes=755000019 linesPerSec=58251 mbPerSec=8.39 msg="STEP_METRICS" data={"stepExecutionId":6,"failures":[]}
partitioner-1 2026-09-19T15:25:13.022Z level=INFO logger=b.c.s.b.p.b.listener.StepMetricsListener thread=virtual-143 request_id=cycle-8bf3e872-bf45-4ecb-9ef7-d93fcf0150d7/d013d0a1-ba0b-341a-970d-4565ab56eadc trace_id=6b05c01a527e08cc36d049ef6858c951 span_id=dc7574d241a8b813 context=metrics operation=step.metrics step=partitionWorkerStep:partition0001 fileId=d013d0a1-ba0b-341a-970d-4565ab56eadc jobExecutionId=1 status=COMPLETED durationMs=85839 lines=5000000 bytes=755000019 linesPerSec=58249 mbPerSec=8.39 msg="STEP_METRICS" data={"stepExecutionId":4,"failures":[]}
partitioner-1 2026-09-19T15:25:13.044Z level=INFO logger=b.c.s.b.p.b.listener.StepMetricsListener thread=virtual-141 request_id=cycle-8bf3e872-bf45-4ecb-9ef7-d93fcf0150d7/d013d0a1-ba0b-341a-970d-4565ab56eadc trace_id=6b05c01a527e08cc36d049ef6858c951 span_id=dc7574d241a8b813 context=metrics operation=step.metrics step=partitionWorkerStep:partition0008 fileId=d013d0a1-ba0b-341a-970d-4565ab56eadc jobExecutionId=1 status=COMPLETED durationMs=85861 lines=5000000 bytes=755000019 linesPerSec=58234 mbPerSec=8.39 msg="STEP_METRICS" data={"stepExecutionId":11,"failures":[]}
partitioner-1 2026-09-19T15:25:13.047Z level=INFO logger=b.c.s.b.p.b.listener.StepMetricsListener thread=virtual-140 request_id=cycle-8bf3e872-bf45-4ecb-9ef7-d93fcf0150d7/d013d0a1-ba0b-341a-970d-4565ab56eadc trace_id=6b05c01a527e08cc36d049ef6858c951 span_id=dc7574d241a8b813 context=metrics operation=step.metrics step=partitionWorkerStep:partition0005 fileId=d013d0a1-ba0b-341a-970d-4565ab56eadc jobExecutionId=1 status=COMPLETED durationMs=85861 lines=5000000 bytes=755000019 linesPerSec=58234 mbPerSec=8.39 msg="STEP_METRICS" data={"stepExecutionId":8,"failures":[]}
partitioner-1 2026-09-19T15:25:13.049Z level=INFO logger=b.c.s.b.p.b.listener.StepMetricsListener thread=virtual-139 request_id=cycle-8bf3e872-bf45-4ecb-9ef7-d93fcf0150d7/d013d0a1-ba0b-341a-970d-4565ab56eadc trace_id=6b05c01a527e08cc36d049ef6858c951 span_id=dc7574d241a8b813 context=metrics operation=step.metrics step=partitionWorkerStep:partition0002 fileId=d013d0a1-ba0b-341a-970d-4565ab56eadc jobExecutionId=1 status=COMPLETED durationMs=85864 lines=5000000 bytes=755000019 linesPerSec=58232 mbPerSec=8.39 msg="STEP_METRICS" data={"stepExecutionId":5,"failures":[]}
partitioner-1 2026-09-19T15:25:13.051Z level=INFO logger=b.c.s.b.p.b.listener.StepMetricsListener thread=virtual-145 request_id=cycle-8bf3e872-bf45-4ecb-9ef7-d93fcf0150d7/d013d0a1-ba0b-341a-970d-4565ab56eadc trace_id=6b05c01a527e08cc36d049ef6858c951 span_id=dc7574d241a8b813 context=metrics operation=step.metrics step=partitionWorkerStep:partition0007 fileId=d013d0a1-ba0b-341a-970d-4565ab56eadc jobExecutionId=1 status=COMPLETED durationMs=85874 lines=5000000 bytes=755000019 linesPerSec=58225 mbPerSec=8.38 msg="STEP_METRICS" data={"stepExecutionId":10,"failures":[]}
partitioner-1 2026-09-19T15:25:13.064Z level=INFO logger=b.c.s.b.p.b.listener.StepMetricsListener thread=virtual-130 request_id=cycle-8bf3e872-bf45-4ecb-9ef7-d93fcf0150d7/d013d0a1-ba0b-341a-970d-4565ab56eadc trace_id=6b05c01a527e08cc36d049ef6858c951 span_id=dc7574d241a8b813 context=metrics operation=step.metrics step=partitionMasterStep fileId=d013d0a1-ba0b-341a-970d-4565ab56eadc jobExecutionId=1 status=COMPLETED durationMs=86026 lines=50000000 bytes=7550000190 linesPerSec=581220 mbPerSec=83.70 msg="STEP_METRICS" data={"stepExecutionId":3,"failures":[]}
partitioner-1 2026-09-19T15:25:13.110Z level=INFO logger=b.c.s.b.p.b.listener.StepMetricsListener thread=virtual-130 request_id=cycle-8bf3e872-bf45-4ecb-9ef7-d93fcf0150d7/d013d0a1-ba0b-341a-970d-4565ab56eadc trace_id=6b05c01a527e08cc36d049ef6858c951 span_id=dc7574d241a8b813 context=metrics operation=step.metrics step=registerPartitionsStep fileId=d013d0a1-ba0b-341a-970d-4565ab56eadc jobExecutionId=1 status=COMPLETED durationMs=23 lines=0 bytes=0 linesPerSec=0 mbPerSec=0.00 msg="STEP_METRICS" data={"stepExecutionId":14,"failures":[]}
partitioner-1 2026-09-19T15:25:13.183Z level=INFO logger=b.c.s.b.p.b.listener.StepMetricsListener thread=virtual-130 request_id=cycle-8bf3e872-bf45-4ecb-9ef7-d93fcf0150d7/d013d0a1-ba0b-341a-970d-4565ab56eadc trace_id=6b05c01a527e08cc36d049ef6858c951 span_id=dc7574d241a8b813 context=metrics operation=step.metrics step=moveOriginalStep fileId=d013d0a1-ba0b-341a-970d-4565ab56eadc jobExecutionId=1 status=COMPLETED durationMs=56 lines=0 bytes=7550000019 linesPerSec=0 mbPerSec=128575.73 msg="STEP_METRICS" data={"stepExecutionId":15,"failures":[]}
partitioner-1 2026-09-19T15:25:13.633Z level=INFO logger=b.c.s.b.p.b.listener.StepMetricsListener thread=virtual-130 request_id=cycle-8bf3e872-bf45-4ecb-9ef7-d93fcf0150d7/d013d0a1-ba0b-341a-970d-4565ab56eadc trace_id=6b05c01a527e08cc36d049ef6858c951 span_id=dc7574d241a8b813 context=metrics operation=step.metrics step=publishPartitionsStep fileId=d013d0a1-ba0b-341a-970d-4565ab56eadc jobExecutionId=1 status=COMPLETED durationMs=432 lines=0 bytes=0 linesPerSec=0 mbPerSec=0.00 msg="STEP_METRICS" data={"stepExecutionId":16,"failures":[]}
partitioner-1 2026-09-19T15:25:13.643Z level=INFO logger=b.c.s.b.p.b.listener.JobMetricsListener thread=virtual-130 request_id=cycle-8bf3e872-bf45-4ecb-9ef7-d93fcf0150d7/d013d0a1-ba0b-341a-970d-4565ab56eadc trace_id=6b05c01a527e08cc36d049ef6858c951 span_id=dc7574d241a8b813 context=metrics operation=job.metrics job=filePartitionJob fileId=d013d0a1-ba0b-341a-970d-4565ab56eadc jobExecutionId=1 status=COMPLETED attempt=1 durationMs=86784 lines=50000000 bytes=7550000019 partitions=10 linesPerSec=576143 mbPerSec=82.97 msg="JOB_METRICS" data={"fileName":"MOV_ABERTO_2026.09.19.15.21.42.302451.txt","failures":[]}
== amostras de docker stats
psl-partitioner-1 404.9MiB / 4GiB 0.06%
psl-azurite 171.2MiB / 8GiB 113.60%
disk 191
psl-partitioner-1 647MiB / 4GiB 2.25%
psl-azurite 203.3MiB / 8GiB 104.21%
psl-partitioner-1 647.1MiB / 4GiB 0.08%
psl-azurite 217.6MiB / 8GiB 101.57%
psl-partitioner-1 647.3MiB / 4GiB 0.09%
psl-azurite 242.1MiB / 8GiB 100.81%
disk 189
psl-partitioner-1 647.5MiB / 4GiB 0.06%
psl-azurite 241.7MiB / 8GiB 97.34%
psl-partitioner-1 650.3MiB / 4GiB 0.08%
psl-azurite 263.3MiB / 8GiB 99.78%
psl-partitioner-1 650.5MiB / 4GiB 0.10%
psl-azurite 280MiB / 8GiB 114.55%
psl-partitioner-1 652.7MiB / 4GiB 0.16%
psl-azurite 295.2MiB / 8GiB 107.34%
disk 187
psl-partitioner-1 652.9MiB / 4GiB 0.08%
psl-azurite 317MiB / 8GiB 101.01%
psl-partitioner-1 653.1MiB / 4GiB 0.05%
psl-azurite 318.7MiB / 8GiB 100.94%
psl-partitioner-1 653.2MiB / 4GiB 0.06%
psl-azurite 363.7MiB / 8GiB 102.08%
psl-partitioner-1 655.3MiB / 4GiB 0.51%
psl-azurite 349.4MiB / 8GiB 104.92%
disk 185
psl-partitioner-1 655.4MiB / 4GiB 1.91%
psl-azurite 368.2MiB / 8GiB 111.96%
psl-partitioner-1 655.6MiB / 4GiB 0.05%
psl-azurite 386.9MiB / 8GiB 99.56%
psl-partitioner-1 658MiB / 4GiB 0.18%
psl-azurite 395.8MiB / 8GiB 1.56%
psl-partitioner-1 660.6MiB / 4GiB 2.90%
psl-azurite 395.7MiB / 8GiB 0.15%
disk 184
psl-partitioner-1 662.7MiB / 4GiB 0.10%
psl-azurite 395.7MiB / 8GiB 0.39%
psl-partitioner-1 2.003GiB / 4GiB 20.50%
psl-azurite 555.4MiB / 8GiB 220.37%
psl-partitioner-1 3.198GiB / 4GiB 103.96%
psl-azurite 436.3MiB / 8GiB 122.18%
psl-partitioner-1 3.202GiB / 4GiB 8.57%
psl-azurite 442.7MiB / 8GiB 117.22%
disk 182
psl-partitioner-1 3.207GiB / 4GiB 21.81%
psl-azurite 462.2MiB / 8GiB 112.93%
psl-partitioner-1 3.204GiB / 4GiB 1.52%
psl-azurite 536.7MiB / 8GiB 176.35%
psl-partitioner-1 3.363GiB / 4GiB 81.46%
psl-azurite 441.9MiB / 8GiB 118.10%
psl-partitioner-1 3.207GiB / 4GiB 1.93%
psl-azurite 435.9MiB / 8GiB 117.15%
disk 180
psl-partitioner-1 3.205GiB / 4GiB 10.96%
psl-azurite 437.8MiB / 8GiB 118.75%
psl-partitioner-1 3.21GiB / 4GiB 11.41%
psl-azurite 431.3MiB / 8GiB 114.76%
psl-partitioner-1 3.206GiB / 4GiB 3.23%
psl-azurite 406MiB / 8GiB 117.65%
psl-partitioner-1 3.205GiB / 4GiB 3.90%
psl-azurite 404MiB / 8GiB 118.72%
disk 177
psl-partitioner-1 3.216GiB / 4GiB 133.14%
psl-azurite 361.1MiB / 8GiB 93.02%
== 100MM fileId=c00ad61a-cc3e-30c5-a341-d2e048b94ce4
partitioner-1 2026-09-19T15:34:06.783Z level=INFO logger=b.c.s.b.p.b.listener.StepMetricsListener thread=virtual-125 request_id=cycle-a4c904e9-1f02-4211-973d-d8e60aab3d54/c00ad61a-cc3e-30c5-a341-d2e048b94ce4 trace_id=4fc5b2a9e2324eaea9f7686eec55fb60 span_id=9c1487d4abf70880 context=metrics operation=step.metrics step=validateHeaderStep fileId=c00ad61a-cc3e-30c5-a341-d2e048b94ce4 jobExecutionId=1 status=COMPLETED durationMs=60 lines=100000000 bytes=0 linesPerSec=1666666667 mbPerSec=0.00 msg="STEP_METRICS" data={"stepExecutionId":1,"failures":[]}
partitioner-1 2026-09-19T15:34:06.829Z level=INFO logger=b.c.s.b.p.b.listener.StepMetricsListener thread=virtual-125 request_id=cycle-a4c904e9-1f02-4211-973d-d8e60aab3d54/c00ad61a-cc3e-30c5-a341-d2e048b94ce4 trace_id=4fc5b2a9e2324eaea9f7686eec55fb60 span_id=9c1487d4abf70880 context=metrics operation=step.metrics step=cleanupPartitionsStep fileId=c00ad61a-cc3e-30c5-a341-d2e048b94ce4 jobExecutionId=1 status=COMPLETED durationMs=24 lines=0 bytes=0 linesPerSec=0 mbPerSec=0.00 msg="STEP_METRICS" data={"stepExecutionId":2,"failures":[]}
partitioner-1 2026-09-19T15:36:59.751Z level=INFO logger=b.c.s.b.p.b.listener.StepMetricsListener thread=virtual-128 request_id=cycle-a4c904e9-1f02-4211-973d-d8e60aab3d54/c00ad61a-cc3e-30c5-a341-d2e048b94ce4 trace_id=4fc5b2a9e2324eaea9f7686eec55fb60 span_id=9c1487d4abf70880 context=metrics operation=step.metrics step=partitionWorkerStep:partition0008 fileId=c00ad61a-cc3e-30c5-a341-d2e048b94ce4 jobExecutionId=1 status=COMPLETED durationMs=172797 lines=10000000 bytes=1510000019 linesPerSec=57871 mbPerSec=8.33 msg="STEP_METRICS" data={"stepExecutionId":11,"failures":[]}
partitioner-1 2026-09-19T15:36:59.754Z level=INFO logger=b.c.s.b.p.b.listener.StepMetricsListener thread=virtual-134 request_id=cycle-a4c904e9-1f02-4211-973d-d8e60aab3d54/c00ad61a-cc3e-30c5-a341-d2e048b94ce4 trace_id=4fc5b2a9e2324eaea9f7686eec55fb60 span_id=9c1487d4abf70880 context=metrics operation=step.metrics step=partitionWorkerStep:partition0006 fileId=c00ad61a-cc3e-30c5-a341-d2e048b94ce4 jobExecutionId=1 status=COMPLETED durationMs=172799 lines=10000000 bytes=1510000019 linesPerSec=57871 mbPerSec=8.33 msg="STEP_METRICS" data={"stepExecutionId":9,"failures":[]}
partitioner-1 2026-09-19T15:36:59.763Z level=INFO logger=b.c.s.b.p.b.listener.StepMetricsListener thread=virtual-129 request_id=cycle-a4c904e9-1f02-4211-973d-d8e60aab3d54/c00ad61a-cc3e-30c5-a341-d2e048b94ce4 trace_id=4fc5b2a9e2324eaea9f7686eec55fb60 span_id=9c1487d4abf70880 context=metrics operation=step.metrics step=partitionWorkerStep:partition0010 fileId=c00ad61a-cc3e-30c5-a341-d2e048b94ce4 jobExecutionId=1 status=COMPLETED durationMs=172811 lines=10000000 bytes=1510000019 linesPerSec=57867 mbPerSec=8.33 msg="STEP_METRICS" data={"stepExecutionId":13,"failures":[]}
partitioner-1 2026-09-19T15:36:59.838Z level=INFO logger=b.c.s.b.p.b.listener.StepMetricsListener thread=virtual-131 request_id=cycle-a4c904e9-1f02-4211-973d-d8e60aab3d54/c00ad61a-cc3e-30c5-a341-d2e048b94ce4 trace_id=4fc5b2a9e2324eaea9f7686eec55fb60 span_id=9c1487d4abf70880 context=metrics operation=step.metrics step=partitionWorkerStep:partition0004 fileId=c00ad61a-cc3e-30c5-a341-d2e048b94ce4 jobExecutionId=1 status=COMPLETED durationMs=172885 lines=10000000 bytes=1510000019 linesPerSec=57842 mbPerSec=8.33 msg="STEP_METRICS" data={"stepExecutionId":7,"failures":[]}
partitioner-1 2026-09-19T15:36:59.997Z level=INFO logger=b.c.s.b.p.b.listener.StepMetricsListener thread=virtual-127 request_id=cycle-a4c904e9-1f02-4211-973d-d8e60aab3d54/c00ad61a-cc3e-30c5-a341-d2e048b94ce4 trace_id=4fc5b2a9e2324eaea9f7686eec55fb60 span_id=9c1487d4abf70880 context=metrics operation=step.metrics step=partitionWorkerStep:partition0005 fileId=c00ad61a-cc3e-30c5-a341-d2e048b94ce4 jobExecutionId=1 status=COMPLETED durationMs=173045 lines=10000000 bytes=1510000019 linesPerSec=57788 mbPerSec=8.32 msg="STEP_METRICS" data={"stepExecutionId":8,"failures":[]}
partitioner-1 2026-09-19T15:37:00.036Z level=INFO logger=b.c.s.b.p.b.listener.StepMetricsListener thread=virtual-132 request_id=cycle-a4c904e9-1f02-4211-973d-d8e60aab3d54/c00ad61a-cc3e-30c5-a341-d2e048b94ce4 trace_id=4fc5b2a9e2324eaea9f7686eec55fb60 span_id=9c1487d4abf70880 context=metrics operation=step.metrics step=partitionWorkerStep:partition0007 fileId=c00ad61a-cc3e-30c5-a341-d2e048b94ce4 jobExecutionId=1 status=COMPLETED durationMs=173080 lines=10000000 bytes=1510000019 linesPerSec=57777 mbPerSec=8.32 msg="STEP_METRICS" data={"stepExecutionId":10,"failures":[]}
partitioner-1 2026-09-19T15:37:00.039Z level=INFO logger=b.c.s.b.p.b.listener.StepMetricsListener thread=virtual-135 request_id=cycle-a4c904e9-1f02-4211-973d-d8e60aab3d54/c00ad61a-cc3e-30c5-a341-d2e048b94ce4 trace_id=4fc5b2a9e2324eaea9f7686eec55fb60 span_id=9c1487d4abf70880 context=metrics operation=step.metrics step=partitionWorkerStep:partition0009 fileId=c00ad61a-cc3e-30c5-a341-d2e048b94ce4 jobExecutionId=1 status=COMPLETED durationMs=173082 lines=10000000 bytes=1510000019 linesPerSec=57776 mbPerSec=8.32 msg="STEP_METRICS" data={"stepExecutionId":12,"failures":[]}
partitioner-1 2026-09-19T15:37:00.049Z level=INFO logger=b.c.s.b.p.b.listener.StepMetricsListener thread=virtual-133 request_id=cycle-a4c904e9-1f02-4211-973d-d8e60aab3d54/c00ad61a-cc3e-30c5-a341-d2e048b94ce4 trace_id=4fc5b2a9e2324eaea9f7686eec55fb60 span_id=9c1487d4abf70880 context=metrics operation=step.metrics step=partitionWorkerStep:partition0003 fileId=c00ad61a-cc3e-30c5-a341-d2e048b94ce4 jobExecutionId=1 status=COMPLETED durationMs=173090 lines=10000000 bytes=1510000019 linesPerSec=57773 mbPerSec=8.32 msg="STEP_METRICS" data={"stepExecutionId":6,"failures":[]}
partitioner-1 2026-09-19T15:37:00.138Z level=INFO logger=b.c.s.b.p.b.listener.StepMetricsListener thread=virtual-126 request_id=cycle-a4c904e9-1f02-4211-973d-d8e60aab3d54/c00ad61a-cc3e-30c5-a341-d2e048b94ce4 trace_id=4fc5b2a9e2324eaea9f7686eec55fb60 span_id=9c1487d4abf70880 context=metrics operation=step.metrics step=partitionWorkerStep:partition0002 fileId=c00ad61a-cc3e-30c5-a341-d2e048b94ce4 jobExecutionId=1 status=COMPLETED durationMs=173183 lines=10000000 bytes=1510000019 linesPerSec=57742 mbPerSec=8.32 msg="STEP_METRICS" data={"stepExecutionId":5,"failures":[]}
partitioner-1 2026-09-19T15:37:00.182Z level=INFO logger=b.c.s.b.p.b.listener.StepMetricsListener thread=virtual-130 request_id=cycle-a4c904e9-1f02-4211-973d-d8e60aab3d54/c00ad61a-cc3e-30c5-a341-d2e048b94ce4 trace_id=4fc5b2a9e2324eaea9f7686eec55fb60 span_id=9c1487d4abf70880 context=metrics operation=step.metrics step=partitionWorkerStep:partition0001 fileId=c00ad61a-cc3e-30c5-a341-d2e048b94ce4 jobExecutionId=1 status=COMPLETED durationMs=173228 lines=10000000 bytes=1510000019 linesPerSec=57727 mbPerSec=8.31 msg="STEP_METRICS" data={"stepExecutionId":4,"failures":[]}
partitioner-1 2026-09-19T15:37:00.195Z level=INFO logger=b.c.s.b.p.b.listener.StepMetricsListener thread=virtual-125 request_id=cycle-a4c904e9-1f02-4211-973d-d8e60aab3d54/c00ad61a-cc3e-30c5-a341-d2e048b94ce4 trace_id=4fc5b2a9e2324eaea9f7686eec55fb60 span_id=9c1487d4abf70880 context=metrics operation=step.metrics step=partitionMasterStep fileId=c00ad61a-cc3e-30c5-a341-d2e048b94ce4 jobExecutionId=1 status=COMPLETED durationMs=173342 lines=100000000 bytes=15100000190 linesPerSec=576894 mbPerSec=83.08 msg="STEP_METRICS" data={"stepExecutionId":3,"failures":[]}
partitioner-1 2026-09-19T15:37:00.239Z level=INFO logger=b.c.s.b.p.b.listener.StepMetricsListener thread=virtual-125 request_id=cycle-a4c904e9-1f02-4211-973d-d8e60aab3d54/c00ad61a-cc3e-30c5-a341-d2e048b94ce4 trace_id=4fc5b2a9e2324eaea9f7686eec55fb60 span_id=9c1487d4abf70880 context=metrics operation=step.metrics step=registerPartitionsStep fileId=c00ad61a-cc3e-30c5-a341-d2e048b94ce4 jobExecutionId=1 status=COMPLETED durationMs=23 lines=0 bytes=0 linesPerSec=0 mbPerSec=0.00 msg="STEP_METRICS" data={"stepExecutionId":14,"failures":[]}
partitioner-1 2026-09-19T15:37:00.315Z level=INFO logger=b.c.s.b.p.b.listener.StepMetricsListener thread=virtual-125 request_id=cycle-a4c904e9-1f02-4211-973d-d8e60aab3d54/c00ad61a-cc3e-30c5-a341-d2e048b94ce4 trace_id=4fc5b2a9e2324eaea9f7686eec55fb60 span_id=9c1487d4abf70880 context=metrics operation=step.metrics step=moveOriginalStep fileId=c00ad61a-cc3e-30c5-a341-d2e048b94ce4 jobExecutionId=1 status=COMPLETED durationMs=59 lines=0 bytes=15100000019 linesPerSec=0 mbPerSec=244075.97 msg="STEP_METRICS" data={"stepExecutionId":15,"failures":[]}
partitioner-1 2026-09-19T15:37:00.763Z level=INFO logger=b.c.s.b.p.b.listener.StepMetricsListener thread=virtual-125 request_id=cycle-a4c904e9-1f02-4211-973d-d8e60aab3d54/c00ad61a-cc3e-30c5-a341-d2e048b94ce4 trace_id=4fc5b2a9e2324eaea9f7686eec55fb60 span_id=9c1487d4abf70880 context=metrics operation=step.metrics step=publishPartitionsStep fileId=c00ad61a-cc3e-30c5-a341-d2e048b94ce4 jobExecutionId=1 status=COMPLETED durationMs=430 lines=0 bytes=0 linesPerSec=0 mbPerSec=0.00 msg="STEP_METRICS" data={"stepExecutionId":16,"failures":[]}
partitioner-1 2026-09-19T15:37:00.778Z level=INFO logger=b.c.s.b.p.b.listener.JobMetricsListener thread=virtual-125 request_id=cycle-a4c904e9-1f02-4211-973d-d8e60aab3d54/c00ad61a-cc3e-30c5-a341-d2e048b94ce4 trace_id=4fc5b2a9e2324eaea9f7686eec55fb60 span_id=9c1487d4abf70880 context=metrics operation=job.metrics job=filePartitionJob fileId=c00ad61a-cc3e-30c5-a341-d2e048b94ce4 jobExecutionId=1 status=COMPLETED attempt=1 durationMs=174085 lines=100000000 bytes=15100000019 partitions=10 linesPerSec=574432 mbPerSec=82.72 msg="JOB_METRICS" data={"fileName":"MOV_ABERTO_2026.09.19.15.30.32.832449.txt","failures":[]}
== amostras de docker stats
psl-partitioner-1 400.2MiB / 4GiB 0.04%
psl-azurite 166.2MiB / 8GiB 62.97%
disk 191
psl-partitioner-1 642.1MiB / 4GiB 2.77%
psl-azurite 191MiB / 8GiB 107.20%
psl-partitioner-1 644.2MiB / 4GiB 0.73%
psl-azurite 231.3MiB / 8GiB 109.14%
psl-partitioner-1 644.3MiB / 4GiB 0.28%
psl-azurite 222.9MiB / 8GiB 110.55%
disk 189
psl-partitioner-1 644.5MiB / 4GiB 2.22%
psl-azurite 245.3MiB / 8GiB 102.48%
psl-partitioner-1 647.3MiB / 4GiB 0.09%
psl-azurite 249.4MiB / 8GiB 108.26%
psl-partitioner-1 647.4MiB / 4GiB 0.07%
psl-azurite 280.1MiB / 8GiB 103.66%
psl-partitioner-1 647.6MiB / 4GiB 0.05%
psl-azurite 280.9MiB / 8GiB 101.14%
disk 187
psl-partitioner-1 647.9MiB / 4GiB 0.05%
psl-azurite 299.1MiB / 8GiB 105.16%
psl-partitioner-1 650.1MiB / 4GiB 0.07%
psl-azurite 311.4MiB / 8GiB 104.05%
psl-partitioner-1 650.2MiB / 4GiB 0.07%
psl-azurite 356.6MiB / 8GiB 99.66%
psl-partitioner-1 650.3MiB / 4GiB 0.08%
psl-azurite 366.6MiB / 8GiB 104.91%
disk 185
psl-partitioner-1 650.4MiB / 4GiB 0.16%
psl-azurite 387.6MiB / 8GiB 102.86%
psl-partitioner-1 652.7MiB / 4GiB 0.21%
psl-azurite 392.9MiB / 8GiB 101.09%
psl-partitioner-1 652.7MiB / 4GiB 0.06%
psl-azurite 395.8MiB / 8GiB 107.98%
psl-partitioner-1 652.8MiB / 4GiB 1.49%
psl-azurite 433.3MiB / 8GiB 106.57%
disk 183
psl-partitioner-1 652.8MiB / 4GiB 0.05%
psl-azurite 448.1MiB / 8GiB 105.41%
psl-partitioner-1 655MiB / 4GiB 2.36%
psl-azurite 437.4MiB / 8GiB 101.23%
psl-partitioner-1 655MiB / 4GiB 0.05%
psl-azurite 440.4MiB / 8GiB 98.97%
psl-partitioner-1 655.2MiB / 4GiB 2.07%
psl-azurite 447.9MiB / 8GiB 105.54%
disk 181
psl-partitioner-1 655.2MiB / 4GiB 0.05%
psl-azurite 454.9MiB / 8GiB 102.45%
psl-partitioner-1 655.4MiB / 4GiB 0.60%
psl-azurite 433MiB / 8GiB 101.59%
psl-partitioner-1 657.5MiB / 4GiB 0.05%
psl-azurite 429.2MiB / 8GiB 104.35%
psl-partitioner-1 657.6MiB / 4GiB 0.09%
psl-azurite 441.8MiB / 8GiB 102.93%
disk 179
psl-partitioner-1 657.7MiB / 4GiB 0.04%
psl-azurite 462.9MiB / 8GiB 105.01%
psl-partitioner-1 659.8MiB / 4GiB 1.71%
psl-azurite 438.9MiB / 8GiB 103.58%
psl-partitioner-1 659.9MiB / 4GiB 0.05%
psl-azurite 444.7MiB / 8GiB 103.02%
psl-partitioner-1 660MiB / 4GiB 0.06%
psl-azurite 455.9MiB / 8GiB 99.41%
disk 177
psl-partitioner-1 660MiB / 4GiB 0.05%
psl-azurite 447.9MiB / 8GiB 99.21%
psl-partitioner-1 1.996GiB / 4GiB 67.10%
psl-azurite 468.9MiB / 8GiB 187.78%
psl-partitioner-1 2.744GiB / 4GiB 87.00%
psl-azurite 500.5MiB / 8GiB 208.69%
psl-partitioner-1 3.15GiB / 4GiB 80.87%
psl-azurite 448MiB / 8GiB 114.30%
disk 175
psl-partitioner-1 3.145GiB / 4GiB 80.19%
psl-azurite 453MiB / 8GiB 122.11%
psl-partitioner-1 3.136GiB / 4GiB 5.77%
psl-azurite 437.1MiB / 8GiB 116.14%
psl-partitioner-1 3.148GiB / 4GiB 5.26%
psl-azurite 412.8MiB / 8GiB 112.33%
psl-partitioner-1 3.14GiB / 4GiB 0.04%
psl-azurite 421.9MiB / 8GiB 113.43%
disk 173
psl-partitioner-1 3.14GiB / 4GiB 3.82%
psl-azurite 404.3MiB / 8GiB 119.76%
psl-partitioner-1 3.14GiB / 4GiB 2.14%
psl-azurite 393.1MiB / 8GiB 114.28%
psl-partitioner-1 3.14GiB / 4GiB 1.55%
psl-azurite 401.1MiB / 8GiB 206.70%
psl-partitioner-1 3.14GiB / 4GiB 2.11%
psl-azurite 393.1MiB / 8GiB 228.70%
disk 171
psl-partitioner-1 3.141GiB / 4GiB 80.69%
psl-azurite 395.5MiB / 8GiB 115.62%
psl-partitioner-1 3.141GiB / 4GiB 64.50%
psl-azurite 405.9MiB / 8GiB 229.13%
psl-partitioner-1 3.156GiB / 4GiB 62.38%
psl-azurite 396.2MiB / 8GiB 120.10%
psl-partitioner-1 3.149GiB / 4GiB 7.40%
psl-azurite 399.2MiB / 8GiB 223.82%
disk 168
psl-partitioner-1 3.149GiB / 4GiB 2.23%
psl-azurite 399.1MiB / 8GiB 224.07%
psl-partitioner-1 3.163GiB / 4GiB 26.26%
psl-azurite 412.9MiB / 8GiB 160.95%
psl-partitioner-1 3.297GiB / 4GiB 44.45%
psl-azurite 408.8MiB / 8GiB 114.12%
psl-partitioner-1 3.152GiB / 4GiB 13.22%
psl-azurite 401MiB / 8GiB 116.25%
disk 166
psl-partitioner-1 3.152GiB / 4GiB 19.90%
psl-azurite 406.1MiB / 8GiB 114.82%
psl-partitioner-1 3.152GiB / 4GiB 3.32%
psl-azurite 406.4MiB / 8GiB 121.88%
psl-partitioner-1 3.157GiB / 4GiB 0.04%
psl-azurite 396.6MiB / 8GiB 120.73%
psl-partitioner-1 3.159GiB / 4GiB 0.84%
psl-azurite 481.8MiB / 8GiB 174.91%
disk 163
psl-partitioner-1 3.161GiB / 4GiB 0.85%
psl-azurite 390.8MiB / 8GiB 118.46%
