== 50MM fileId=638b5d8e-74b0-3463-b9df-2d7caa4c8e96
partitioner-1 2026-09-19T15:27:54.245Z level=INFO logger=b.c.s.b.p.b.listener.StepMetricsListener thread=virtual-130 request_id=cycle-7a3e139f-9b34-40fe-8efe-af47967150a1/638b5d8e-74b0-3463-b9df-2d7caa4c8e96 trace_id=1e4b7d64bbccffc9d5af9ad5499f86ca span_id=af9fc230ba8fb301 context=metrics operation=step.metrics step=validateHeaderStep fileId=638b5d8e-74b0-3463-b9df-2d7caa4c8e96 jobExecutionId=1 status=COMPLETED durationMs=62 lines=50000000 bytes=0 linesPerSec=806451613 mbPerSec=0.00 msg="STEP_METRICS" data={"stepExecutionId":1,"failures":[]}
partitioner-1 2026-09-19T15:27:54.293Z level=INFO logger=b.c.s.b.p.b.listener.StepMetricsListener thread=virtual-130 request_id=cycle-7a3e139f-9b34-40fe-8efe-af47967150a1/638b5d8e-74b0-3463-b9df-2d7caa4c8e96 trace_id=1e4b7d64bbccffc9d5af9ad5499f86ca span_id=af9fc230ba8fb301 context=metrics operation=step.metrics step=cleanupPartitionsStep fileId=638b5d8e-74b0-3463-b9df-2d7caa4c8e96 jobExecutionId=1 status=COMPLETED durationMs=23 lines=0 bytes=0 linesPerSec=0 mbPerSec=0.00 msg="STEP_METRICS" data={"stepExecutionId":2,"failures":[]}
partitioner-1 2026-09-19T15:29:31.326Z level=INFO logger=b.c.s.b.p.b.listener.StepMetricsListener thread=virtual-136 request_id=cycle-7a3e139f-9b34-40fe-8efe-af47967150a1/638b5d8e-74b0-3463-b9df-2d7caa4c8e96 trace_id=1e4b7d64bbccffc9d5af9ad5499f86ca span_id=af9fc230ba8fb301 context=metrics operation=step.metrics step=partitionWorkerStep:partition0004 fileId=638b5d8e-74b0-3463-b9df-2d7caa4c8e96 jobExecutionId=1 status=COMPLETED durationMs=96905 lines=5000000 bytes=755000019 linesPerSec=51597 mbPerSec=7.43 msg="STEP_METRICS" data={"stepExecutionId":7,"failures":[]}
partitioner-1 2026-09-19T15:29:31.326Z level=INFO logger=b.c.s.b.p.b.listener.StepMetricsListener thread=virtual-137 request_id=cycle-7a3e139f-9b34-40fe-8efe-af47967150a1/638b5d8e-74b0-3463-b9df-2d7caa4c8e96 trace_id=1e4b7d64bbccffc9d5af9ad5499f86ca span_id=af9fc230ba8fb301 context=metrics operation=step.metrics step=partitionWorkerStep:partition0007 fileId=638b5d8e-74b0-3463-b9df-2d7caa4c8e96 jobExecutionId=1 status=COMPLETED durationMs=96905 lines=5000000 bytes=755000019 linesPerSec=51597 mbPerSec=7.43 msg="STEP_METRICS" data={"stepExecutionId":10,"failures":[]}
partitioner-1 2026-09-19T15:29:31.326Z level=INFO logger=b.c.s.b.p.b.listener.StepMetricsListener thread=virtual-138 request_id=cycle-7a3e139f-9b34-40fe-8efe-af47967150a1/638b5d8e-74b0-3463-b9df-2d7caa4c8e96 trace_id=1e4b7d64bbccffc9d5af9ad5499f86ca span_id=af9fc230ba8fb301 context=metrics operation=step.metrics step=partitionWorkerStep:partition0003 fileId=638b5d8e-74b0-3463-b9df-2d7caa4c8e96 jobExecutionId=1 status=COMPLETED durationMs=96905 lines=5000000 bytes=755000019 linesPerSec=51597 mbPerSec=7.43 msg="STEP_METRICS" data={"stepExecutionId":6,"failures":[]}
partitioner-1 2026-09-19T15:29:31.326Z level=INFO logger=b.c.s.b.p.b.listener.StepMetricsListener thread=virtual-135 request_id=cycle-7a3e139f-9b34-40fe-8efe-af47967150a1/638b5d8e-74b0-3463-b9df-2d7caa4c8e96 trace_id=1e4b7d64bbccffc9d5af9ad5499f86ca span_id=af9fc230ba8fb301 context=metrics operation=step.metrics step=partitionWorkerStep:partition0001 fileId=638b5d8e-74b0-3463-b9df-2d7caa4c8e96 jobExecutionId=1 status=COMPLETED durationMs=96905 lines=5000000 bytes=755000019 linesPerSec=51597 mbPerSec=7.43 msg="STEP_METRICS" data={"stepExecutionId":4,"failures":[]}
partitioner-1 2026-09-19T15:29:31.422Z level=INFO logger=b.c.s.b.p.b.listener.StepMetricsListener thread=virtual-134 request_id=cycle-7a3e139f-9b34-40fe-8efe-af47967150a1/638b5d8e-74b0-3463-b9df-2d7caa4c8e96 trace_id=1e4b7d64bbccffc9d5af9ad5499f86ca span_id=af9fc230ba8fb301 context=metrics operation=step.metrics step=partitionWorkerStep:partition0010 fileId=638b5d8e-74b0-3463-b9df-2d7caa4c8e96 jobExecutionId=1 status=COMPLETED durationMs=97007 lines=5000000 bytes=755000019 linesPerSec=51543 mbPerSec=7.42 msg="STEP_METRICS" data={"stepExecutionId":13,"failures":[]}
partitioner-1 2026-09-19T15:29:31.503Z level=INFO logger=b.c.s.b.p.b.listener.StepMetricsListener thread=virtual-131 request_id=cycle-7a3e139f-9b34-40fe-8efe-af47967150a1/638b5d8e-74b0-3463-b9df-2d7caa4c8e96 trace_id=1e4b7d64bbccffc9d5af9ad5499f86ca span_id=af9fc230ba8fb301 context=metrics operation=step.metrics step=partitionWorkerStep:partition0002 fileId=638b5d8e-74b0-3463-b9df-2d7caa4c8e96 jobExecutionId=1 status=COMPLETED durationMs=97088 lines=5000000 bytes=755000019 linesPerSec=51500 mbPerSec=7.42 msg="STEP_METRICS" data={"stepExecutionId":5,"failures":[]}
partitioner-1 2026-09-19T15:29:31.504Z level=INFO logger=b.c.s.b.p.b.listener.StepMetricsListener thread=virtual-132 request_id=cycle-7a3e139f-9b34-40fe-8efe-af47967150a1/638b5d8e-74b0-3463-b9df-2d7caa4c8e96 trace_id=1e4b7d64bbccffc9d5af9ad5499f86ca span_id=af9fc230ba8fb301 context=metrics operation=step.metrics step=partitionWorkerStep:partition0005 fileId=638b5d8e-74b0-3463-b9df-2d7caa4c8e96 jobExecutionId=1 status=COMPLETED durationMs=97089 lines=5000000 bytes=755000019 linesPerSec=51499 mbPerSec=7.42 msg="STEP_METRICS" data={"stepExecutionId":8,"failures":[]}
partitioner-1 2026-09-19T15:29:31.505Z level=INFO logger=b.c.s.b.p.b.listener.StepMetricsListener thread=virtual-140 request_id=cycle-7a3e139f-9b34-40fe-8efe-af47967150a1/638b5d8e-74b0-3463-b9df-2d7caa4c8e96 trace_id=1e4b7d64bbccffc9d5af9ad5499f86ca span_id=af9fc230ba8fb301 context=metrics operation=step.metrics step=partitionWorkerStep:partition0009 fileId=638b5d8e-74b0-3463-b9df-2d7caa4c8e96 jobExecutionId=1 status=COMPLETED durationMs=97090 lines=5000000 bytes=755000019 linesPerSec=51499 mbPerSec=7.42 msg="STEP_METRICS" data={"stepExecutionId":12,"failures":[]}
partitioner-1 2026-09-19T15:29:31.507Z level=INFO logger=b.c.s.b.p.b.listener.StepMetricsListener thread=virtual-139 request_id=cycle-7a3e139f-9b34-40fe-8efe-af47967150a1/638b5d8e-74b0-3463-b9df-2d7caa4c8e96 trace_id=1e4b7d64bbccffc9d5af9ad5499f86ca span_id=af9fc230ba8fb301 context=metrics operation=step.metrics step=partitionWorkerStep:partition0006 fileId=638b5d8e-74b0-3463-b9df-2d7caa4c8e96 jobExecutionId=1 status=COMPLETED durationMs=97091 lines=5000000 bytes=755000019 linesPerSec=51498 mbPerSec=7.42 msg="STEP_METRICS" data={"stepExecutionId":9,"failures":[]}
partitioner-1 2026-09-19T15:29:31.507Z level=INFO logger=b.c.s.b.p.b.listener.StepMetricsListener thread=virtual-133 request_id=cycle-7a3e139f-9b34-40fe-8efe-af47967150a1/638b5d8e-74b0-3463-b9df-2d7caa4c8e96 trace_id=1e4b7d64bbccffc9d5af9ad5499f86ca span_id=af9fc230ba8fb301 context=metrics operation=step.metrics step=partitionWorkerStep:partition0008 fileId=638b5d8e-74b0-3463-b9df-2d7caa4c8e96 jobExecutionId=1 status=COMPLETED durationMs=97091 lines=5000000 bytes=755000019 linesPerSec=51498 mbPerSec=7.42 msg="STEP_METRICS" data={"stepExecutionId":11,"failures":[]}
partitioner-1 2026-09-19T15:29:31.520Z level=INFO logger=b.c.s.b.p.b.listener.StepMetricsListener thread=virtual-130 request_id=cycle-7a3e139f-9b34-40fe-8efe-af47967150a1/638b5d8e-74b0-3463-b9df-2d7caa4c8e96 trace_id=1e4b7d64bbccffc9d5af9ad5499f86ca span_id=af9fc230ba8fb301 context=metrics operation=step.metrics step=partitionMasterStep fileId=638b5d8e-74b0-3463-b9df-2d7caa4c8e96 jobExecutionId=1 status=COMPLETED durationMs=97206 lines=50000000 bytes=7550000190 linesPerSec=514372 mbPerSec=74.07 msg="STEP_METRICS" data={"stepExecutionId":3,"failures":[]}
partitioner-1 2026-09-19T15:29:31.560Z level=INFO logger=b.c.s.b.p.b.listener.StepMetricsListener thread=virtual-130 request_id=cycle-7a3e139f-9b34-40fe-8efe-af47967150a1/638b5d8e-74b0-3463-b9df-2d7caa4c8e96 trace_id=1e4b7d64bbccffc9d5af9ad5499f86ca span_id=af9fc230ba8fb301 context=metrics operation=step.metrics step=registerPartitionsStep fileId=638b5d8e-74b0-3463-b9df-2d7caa4c8e96 jobExecutionId=1 status=COMPLETED durationMs=21 lines=0 bytes=0 linesPerSec=0 mbPerSec=0.00 msg="STEP_METRICS" data={"stepExecutionId":14,"failures":[]}
partitioner-1 2026-09-19T15:29:31.625Z level=INFO logger=b.c.s.b.p.b.listener.StepMetricsListener thread=virtual-130 request_id=cycle-7a3e139f-9b34-40fe-8efe-af47967150a1/638b5d8e-74b0-3463-b9df-2d7caa4c8e96 trace_id=1e4b7d64bbccffc9d5af9ad5499f86ca span_id=af9fc230ba8fb301 context=metrics operation=step.metrics step=moveOriginalStep fileId=638b5d8e-74b0-3463-b9df-2d7caa4c8e96 jobExecutionId=1 status=COMPLETED durationMs=47 lines=0 bytes=7550000019 linesPerSec=0 mbPerSec=153196.62 msg="STEP_METRICS" data={"stepExecutionId":15,"failures":[]}
partitioner-1 2026-09-19T15:29:32.073Z level=INFO logger=b.c.s.b.p.b.listener.StepMetricsListener thread=virtual-130 request_id=cycle-7a3e139f-9b34-40fe-8efe-af47967150a1/638b5d8e-74b0-3463-b9df-2d7caa4c8e96 trace_id=1e4b7d64bbccffc9d5af9ad5499f86ca span_id=af9fc230ba8fb301 context=metrics operation=step.metrics step=publishPartitionsStep fileId=638b5d8e-74b0-3463-b9df-2d7caa4c8e96 jobExecutionId=1 status=COMPLETED durationMs=424 lines=0 bytes=0 linesPerSec=0 mbPerSec=0.00 msg="STEP_METRICS" data={"stepExecutionId":16,"failures":[]}
partitioner-1 2026-09-19T15:29:32.088Z level=INFO logger=b.c.s.b.p.b.listener.JobMetricsListener thread=virtual-130 request_id=cycle-7a3e139f-9b34-40fe-8efe-af47967150a1/638b5d8e-74b0-3463-b9df-2d7caa4c8e96 trace_id=1e4b7d64bbccffc9d5af9ad5499f86ca span_id=af9fc230ba8fb301 context=metrics operation=job.metrics job=filePartitionJob fileId=638b5d8e-74b0-3463-b9df-2d7caa4c8e96 jobExecutionId=1 status=COMPLETED attempt=1 durationMs=97957 lines=50000000 bytes=7550000019 partitions=10 linesPerSec=510428 mbPerSec=73.50 msg="JOB_METRICS" data={"fileName":"MOV_ABERTO_2026.09.19.15.25.50.550500.txt","failures":[]}
== amostras de docker stats
psl-partitioner-1 402.1MiB / 4GiB 0.11%
psl-azurite 95.76MiB / 8GiB 69.72%
disk 191
psl-partitioner-1 644.8MiB / 4GiB 2.41%
psl-azurite 124.2MiB / 8GiB 110.27%
psl-partitioner-1 644.9MiB / 4GiB 0.07%
psl-azurite 141.2MiB / 8GiB 104.63%
psl-partitioner-1 647.2MiB / 4GiB 2.19%
psl-azurite 146.5MiB / 8GiB 98.67%
disk 189
psl-partitioner-1 647.3MiB / 4GiB 0.47%
psl-azurite 170.2MiB / 8GiB 101.18%
psl-partitioner-1 648MiB / 4GiB 0.07%
psl-azurite 201.6MiB / 8GiB 107.00%
psl-partitioner-1 648.2MiB / 4GiB 0.14%
psl-azurite 225MiB / 8GiB 97.25%
psl-partitioner-1 650.5MiB / 4GiB 2.13%
psl-azurite 252.1MiB / 8GiB 96.96%
disk 187
psl-partitioner-1 650.6MiB / 4GiB 0.32%
psl-azurite 247.7MiB / 8GiB 107.99%
psl-partitioner-1 650.9MiB / 4GiB 1.75%
psl-azurite 247.9MiB / 8GiB 103.40%
psl-partitioner-1 650.9MiB / 4GiB 0.67%
psl-azurite 272.2MiB / 8GiB 98.79%
psl-partitioner-1 651MiB / 4GiB 0.06%
psl-azurite 285MiB / 8GiB 106.45%
disk 185
psl-partitioner-1 651.2MiB / 4GiB 0.06%
psl-azurite 317.9MiB / 8GiB 101.73%
psl-partitioner-1 653.4MiB / 4GiB 0.05%
psl-azurite 311.7MiB / 8GiB 107.56%
psl-partitioner-1 655.8MiB / 4GiB 0.26%
psl-azurite 323.7MiB / 8GiB 1.06%
psl-partitioner-1 659.7MiB / 4GiB 3.49%
psl-azurite 324.6MiB / 8GiB 0.12%
disk 184
psl-partitioner-1 662.1MiB / 4GiB 0.77%
psl-azurite 324.4MiB / 8GiB 3.85%
psl-partitioner-1 790.6MiB / 4GiB 9.61%
psl-azurite 358.7MiB / 8GiB 199.17%
psl-partitioner-1 792.9MiB / 4GiB 0.68%
psl-azurite 366MiB / 8GiB 116.69%
psl-partitioner-1 793MiB / 4GiB 0.08%
psl-azurite 377.4MiB / 8GiB 111.49%
disk 181
psl-partitioner-1 795.2MiB / 4GiB 1.39%
psl-azurite 372.8MiB / 8GiB 110.51%
psl-partitioner-1 798.5MiB / 4GiB 16.33%
psl-azurite 403.5MiB / 8GiB 238.00%
psl-partitioner-1 801.3MiB / 4GiB 0.66%
psl-azurite 344.1MiB / 8GiB 116.11%
psl-partitioner-1 803.1MiB / 4GiB 0.06%
psl-azurite 337MiB / 8GiB 113.54%
disk 179
psl-partitioner-1 805.3MiB / 4GiB 0.14%
psl-azurite 360.7MiB / 8GiB 110.03%
psl-partitioner-1 805.4MiB / 4GiB 1.37%
psl-azurite 354.7MiB / 8GiB 109.73%
psl-partitioner-1 810.2MiB / 4GiB 1.26%
psl-azurite 334.3MiB / 8GiB 182.09%
psl-partitioner-1 810.3MiB / 4GiB 0.43%
psl-azurite 291.6MiB / 8GiB 113.42%
disk 177
psl-partitioner-1 812.5MiB / 4GiB 1.63%
psl-azurite 303.8MiB / 8GiB 113.08%
psl-partitioner-1 814.6MiB / 4GiB 0.04%
psl-azurite 292.7MiB / 8GiB 114.12%
== 100MM fileId=07b4680d-e9bf-3df4-b74d-6c1a69f59215
partitioner-1 2026-09-19T15:41:23.873Z level=INFO logger=b.c.s.b.p.b.listener.StepMetricsListener thread=virtual-133 request_id=cycle-428d5b51-23a3-4b1f-a58e-69481353607b/07b4680d-e9bf-3df4-b74d-6c1a69f59215 trace_id=2083659c6024949e7999c2f0423aef0f span_id=dcfdfb3393be6a59 context=metrics operation=step.metrics step=validateHeaderStep fileId=07b4680d-e9bf-3df4-b74d-6c1a69f59215 jobExecutionId=1 status=COMPLETED durationMs=60 lines=100000000 bytes=0 linesPerSec=1666666667 mbPerSec=0.00 msg="STEP_METRICS" data={"stepExecutionId":1,"failures":[]}
partitioner-1 2026-09-19T15:41:23.920Z level=INFO logger=b.c.s.b.p.b.listener.StepMetricsListener thread=virtual-133 request_id=cycle-428d5b51-23a3-4b1f-a58e-69481353607b/07b4680d-e9bf-3df4-b74d-6c1a69f59215 trace_id=2083659c6024949e7999c2f0423aef0f span_id=dcfdfb3393be6a59 context=metrics operation=step.metrics step=cleanupPartitionsStep fileId=07b4680d-e9bf-3df4-b74d-6c1a69f59215 jobExecutionId=1 status=COMPLETED durationMs=24 lines=0 bytes=0 linesPerSec=0 mbPerSec=0.00 msg="STEP_METRICS" data={"stepExecutionId":2,"failures":[]}
partitioner-1 2026-09-19T16:00:31.942Z level=INFO logger=b.c.s.b.p.b.listener.StepMetricsListener thread=virtual-140 request_id=cycle-428d5b51-23a3-4b1f-a58e-69481353607b/07b4680d-e9bf-3df4-b74d-6c1a69f59215 trace_id=2083659c6024949e7999c2f0423aef0f span_id=dcfdfb3393be6a59 context=metrics operation=step.metrics step=partitionWorkerStep:partition0007 fileId=07b4680d-e9bf-3df4-b74d-6c1a69f59215 jobExecutionId=1 status=COMPLETED durationMs=1147899 lines=10000000 bytes=1510000019 linesPerSec=8712 mbPerSec=1.25 msg="STEP_METRICS" data={"stepExecutionId":10,"failures":[]}
partitioner-1 2026-09-19T16:00:31.957Z level=INFO logger=b.c.s.b.p.b.listener.StepMetricsListener thread=virtual-139 request_id=cycle-428d5b51-23a3-4b1f-a58e-69481353607b/07b4680d-e9bf-3df4-b74d-6c1a69f59215 trace_id=2083659c6024949e7999c2f0423aef0f span_id=dcfdfb3393be6a59 context=metrics operation=step.metrics step=partitionWorkerStep:partition0004 fileId=07b4680d-e9bf-3df4-b74d-6c1a69f59215 jobExecutionId=1 status=COMPLETED durationMs=1147915 lines=10000000 bytes=1510000019 linesPerSec=8711 mbPerSec=1.25 msg="STEP_METRICS" data={"stepExecutionId":7,"failures":[]}
partitioner-1 2026-09-19T16:00:32.149Z level=INFO logger=b.c.s.b.p.b.listener.StepMetricsListener thread=virtual-141 request_id=cycle-428d5b51-23a3-4b1f-a58e-69481353607b/07b4680d-e9bf-3df4-b74d-6c1a69f59215 trace_id=2083659c6024949e7999c2f0423aef0f span_id=dcfdfb3393be6a59 context=metrics operation=step.metrics step=partitionWorkerStep:partition0003 fileId=07b4680d-e9bf-3df4-b74d-6c1a69f59215 jobExecutionId=1 status=COMPLETED durationMs=1148105 lines=10000000 bytes=1510000019 linesPerSec=8710 mbPerSec=1.25 msg="STEP_METRICS" data={"stepExecutionId":6,"failures":[]}
partitioner-1 2026-09-19T16:00:32.171Z level=INFO logger=b.c.s.b.p.b.listener.StepMetricsListener thread=virtual-143 request_id=cycle-428d5b51-23a3-4b1f-a58e-69481353607b/07b4680d-e9bf-3df4-b74d-6c1a69f59215 trace_id=2083659c6024949e7999c2f0423aef0f span_id=dcfdfb3393be6a59 context=metrics operation=step.metrics step=partitionWorkerStep:partition0009 fileId=07b4680d-e9bf-3df4-b74d-6c1a69f59215 jobExecutionId=1 status=COMPLETED durationMs=1148130 lines=10000000 bytes=1510000019 linesPerSec=8710 mbPerSec=1.25 msg="STEP_METRICS" data={"stepExecutionId":12,"failures":[]}
partitioner-1 2026-09-19T16:00:32.229Z level=INFO logger=b.c.s.b.p.b.listener.StepMetricsListener thread=virtual-138 request_id=cycle-428d5b51-23a3-4b1f-a58e-69481353607b/07b4680d-e9bf-3df4-b74d-6c1a69f59215 trace_id=2083659c6024949e7999c2f0423aef0f span_id=dcfdfb3393be6a59 context=metrics operation=step.metrics step=partitionWorkerStep:partition0001 fileId=07b4680d-e9bf-3df4-b74d-6c1a69f59215 jobExecutionId=1 status=COMPLETED durationMs=1148186 lines=10000000 bytes=1510000019 linesPerSec=8709 mbPerSec=1.25 msg="STEP_METRICS" data={"stepExecutionId":4,"failures":[]}
partitioner-1 2026-09-19T16:00:32.256Z level=INFO logger=b.c.s.b.p.b.listener.StepMetricsListener thread=virtual-135 request_id=cycle-428d5b51-23a3-4b1f-a58e-69481353607b/07b4680d-e9bf-3df4-b74d-6c1a69f59215 trace_id=2083659c6024949e7999c2f0423aef0f span_id=dcfdfb3393be6a59 context=metrics operation=step.metrics step=partitionWorkerStep:partition0005 fileId=07b4680d-e9bf-3df4-b74d-6c1a69f59215 jobExecutionId=1 status=COMPLETED durationMs=1148213 lines=10000000 bytes=1510000019 linesPerSec=8709 mbPerSec=1.25 msg="STEP_METRICS" data={"stepExecutionId":8,"failures":[]}
partitioner-1 2026-09-19T16:00:32.274Z level=INFO logger=b.c.s.b.p.b.listener.StepMetricsListener thread=virtual-136 request_id=cycle-428d5b51-23a3-4b1f-a58e-69481353607b/07b4680d-e9bf-3df4-b74d-6c1a69f59215 trace_id=2083659c6024949e7999c2f0423aef0f span_id=dcfdfb3393be6a59 context=metrics operation=step.metrics step=partitionWorkerStep:partition0008 fileId=07b4680d-e9bf-3df4-b74d-6c1a69f59215 jobExecutionId=1 status=COMPLETED durationMs=1148231 lines=10000000 bytes=1510000019 linesPerSec=8709 mbPerSec=1.25 msg="STEP_METRICS" data={"stepExecutionId":11,"failures":[]}
partitioner-1 2026-09-19T16:00:32.304Z level=INFO logger=b.c.s.b.p.b.listener.StepMetricsListener thread=virtual-142 request_id=cycle-428d5b51-23a3-4b1f-a58e-69481353607b/07b4680d-e9bf-3df4-b74d-6c1a69f59215 trace_id=2083659c6024949e7999c2f0423aef0f span_id=dcfdfb3393be6a59 context=metrics operation=step.metrics step=partitionWorkerStep:partition0006 fileId=07b4680d-e9bf-3df4-b74d-6c1a69f59215 jobExecutionId=1 status=COMPLETED durationMs=1148261 lines=10000000 bytes=1510000019 linesPerSec=8709 mbPerSec=1.25 msg="STEP_METRICS" data={"stepExecutionId":9,"failures":[]}
partitioner-1 2026-09-19T16:00:32.321Z level=INFO logger=b.c.s.b.p.b.listener.StepMetricsListener thread=virtual-137 request_id=cycle-428d5b51-23a3-4b1f-a58e-69481353607b/07b4680d-e9bf-3df4-b74d-6c1a69f59215 trace_id=2083659c6024949e7999c2f0423aef0f span_id=dcfdfb3393be6a59 context=metrics operation=step.metrics step=partitionWorkerStep:partition0010 fileId=07b4680d-e9bf-3df4-b74d-6c1a69f59215 jobExecutionId=1 status=COMPLETED durationMs=1148275 lines=10000000 bytes=1510000019 linesPerSec=8709 mbPerSec=1.25 msg="STEP_METRICS" data={"stepExecutionId":13,"failures":[]}
partitioner-1 2026-09-19T16:00:32.324Z level=INFO logger=b.c.s.b.p.b.listener.StepMetricsListener thread=virtual-134 request_id=cycle-428d5b51-23a3-4b1f-a58e-69481353607b/07b4680d-e9bf-3df4-b74d-6c1a69f59215 trace_id=2083659c6024949e7999c2f0423aef0f span_id=dcfdfb3393be6a59 context=metrics operation=step.metrics step=partitionWorkerStep:partition0002 fileId=07b4680d-e9bf-3df4-b74d-6c1a69f59215 jobExecutionId=1 status=COMPLETED durationMs=1148281 lines=10000000 bytes=1510000019 linesPerSec=8709 mbPerSec=1.25 msg="STEP_METRICS" data={"stepExecutionId":5,"failures":[]}
partitioner-1 2026-09-19T16:00:32.335Z level=INFO logger=b.c.s.b.p.b.listener.StepMetricsListener thread=virtual-133 request_id=cycle-428d5b51-23a3-4b1f-a58e-69481353607b/07b4680d-e9bf-3df4-b74d-6c1a69f59215 trace_id=2083659c6024949e7999c2f0423aef0f span_id=dcfdfb3393be6a59 context=metrics operation=step.metrics step=partitionMasterStep fileId=07b4680d-e9bf-3df4-b74d-6c1a69f59215 jobExecutionId=1 status=COMPLETED durationMs=1148394 lines=100000000 bytes=15100000190 linesPerSec=87078 mbPerSec=12.54 msg="STEP_METRICS" data={"stepExecutionId":3,"failures":[]}
partitioner-1 2026-09-19T16:00:32.376Z level=INFO logger=b.c.s.b.p.b.listener.StepMetricsListener thread=virtual-133 request_id=cycle-428d5b51-23a3-4b1f-a58e-69481353607b/07b4680d-e9bf-3df4-b74d-6c1a69f59215 trace_id=2083659c6024949e7999c2f0423aef0f span_id=dcfdfb3393be6a59 context=metrics operation=step.metrics step=registerPartitionsStep fileId=07b4680d-e9bf-3df4-b74d-6c1a69f59215 jobExecutionId=1 status=COMPLETED durationMs=21 lines=0 bytes=0 linesPerSec=0 mbPerSec=0.00 msg="STEP_METRICS" data={"stepExecutionId":14,"failures":[]}
partitioner-1 2026-09-19T16:00:32.438Z level=INFO logger=b.c.s.b.p.b.listener.StepMetricsListener thread=virtual-133 request_id=cycle-428d5b51-23a3-4b1f-a58e-69481353607b/07b4680d-e9bf-3df4-b74d-6c1a69f59215 trace_id=2083659c6024949e7999c2f0423aef0f span_id=dcfdfb3393be6a59 context=metrics operation=step.metrics step=moveOriginalStep fileId=07b4680d-e9bf-3df4-b74d-6c1a69f59215 jobExecutionId=1 status=COMPLETED durationMs=43 lines=0 bytes=15100000019 linesPerSec=0 mbPerSec=334894.93 msg="STEP_METRICS" data={"stepExecutionId":15,"failures":[]}
partitioner-1 2026-09-19T16:00:32.852Z level=INFO logger=b.c.s.b.p.b.listener.StepMetricsListener thread=virtual-133 request_id=cycle-428d5b51-23a3-4b1f-a58e-69481353607b/07b4680d-e9bf-3df4-b74d-6c1a69f59215 trace_id=2083659c6024949e7999c2f0423aef0f span_id=dcfdfb3393be6a59 context=metrics operation=step.metrics step=publishPartitionsStep fileId=07b4680d-e9bf-3df4-b74d-6c1a69f59215 jobExecutionId=1 status=COMPLETED durationMs=397 lines=0 bytes=0 linesPerSec=0 mbPerSec=0.00 msg="STEP_METRICS" data={"stepExecutionId":16,"failures":[]}
partitioner-1 2026-09-19T16:00:32.866Z level=INFO logger=b.c.s.b.p.b.listener.JobMetricsListener thread=virtual-133 request_id=cycle-428d5b51-23a3-4b1f-a58e-69481353607b/07b4680d-e9bf-3df4-b74d-6c1a69f59215 trace_id=2083659c6024949e7999c2f0423aef0f span_id=dcfdfb3393be6a59 context=metrics operation=job.metrics job=filePartitionJob fileId=07b4680d-e9bf-3df4-b74d-6c1a69f59215 jobExecutionId=1 status=COMPLETED attempt=1 durationMs=1149084 lines=100000000 bytes=15100000019 partitions=10 linesPerSec=87026 mbPerSec=12.53 msg="JOB_METRICS" data={"fileName":"MOV_ABERTO_2026.09.19.15.37.38.258078.txt","failures":[]}
== amostras de docker stats
psl-partitioner-1 383.7MiB / 4GiB 0.17%
psl-azurite 102.2MiB / 8GiB 62.87%
disk 191
psl-partitioner-1 624.5MiB / 4GiB 2.68%
psl-azurite 144.8MiB / 8GiB 97.64%
psl-partitioner-1 624.6MiB / 4GiB 0.10%
psl-azurite 141.8MiB / 8GiB 111.33%
psl-partitioner-1 626.9MiB / 4GiB 2.17%
psl-azurite 160.1MiB / 8GiB 106.45%
disk 189
psl-partitioner-1 627MiB / 4GiB 0.11%
psl-azurite 179.6MiB / 8GiB 107.69%
psl-partitioner-1 627.8MiB / 4GiB 2.67%
psl-azurite 187.3MiB / 8GiB 108.96%
psl-partitioner-1 629.9MiB / 4GiB 0.13%
psl-azurite 218.2MiB / 8GiB 105.84%
psl-partitioner-1 630.5MiB / 4GiB 2.16%
psl-azurite 240MiB / 8GiB 100.92%
disk 187
psl-partitioner-1 630.3MiB / 4GiB 0.09%
psl-azurite 245.1MiB / 8GiB 105.24%
psl-partitioner-1 632.5MiB / 4GiB 0.10%
psl-azurite 262.8MiB / 8GiB 111.21%
psl-partitioner-1 632.6MiB / 4GiB 0.06%
psl-azurite 288.2MiB / 8GiB 113.13%
psl-partitioner-1 632.7MiB / 4GiB 0.06%
psl-azurite 295.7MiB / 8GiB 101.23%
disk 185
psl-partitioner-1 632.9MiB / 4GiB 0.07%
psl-azurite 314.4MiB / 8GiB 105.30%
psl-partitioner-1 633.1MiB / 4GiB 0.05%
psl-azurite 323MiB / 8GiB 103.91%
psl-partitioner-1 635.2MiB / 4GiB 0.06%
psl-azurite 351.2MiB / 8GiB 103.84%
psl-partitioner-1 635.2MiB / 4GiB 0.06%
psl-azurite 366.7MiB / 8GiB 109.94%
disk 183
psl-partitioner-1 635.3MiB / 4GiB 0.07%
psl-azurite 351.3MiB / 8GiB 116.29%
psl-partitioner-1 635.4MiB / 4GiB 0.06%
psl-azurite 368.1MiB / 8GiB 102.20%
psl-partitioner-1 637.5MiB / 4GiB 0.05%
psl-azurite 359.1MiB / 8GiB 109.13%
psl-partitioner-1 637.6MiB / 4GiB 0.05%
psl-azurite 374.4MiB / 8GiB 101.88%
disk 181
psl-partitioner-1 637.7MiB / 4GiB 0.07%
psl-azurite 373.2MiB / 8GiB 101.97%
psl-partitioner-1 637.9MiB / 4GiB 0.07%
psl-azurite 368.1MiB / 8GiB 109.11%
psl-partitioner-1 640MiB / 4GiB 0.05%
psl-azurite 361.5MiB / 8GiB 105.88%
psl-partitioner-1 640.1MiB / 4GiB 0.06%
psl-azurite 369.7MiB / 8GiB 104.83%
disk 179
psl-partitioner-1 640.2MiB / 4GiB 0.06%
psl-azurite 361.6MiB / 8GiB 105.26%
psl-partitioner-1 640.3MiB / 4GiB 0.06%
psl-azurite 375.7MiB / 8GiB 103.04%
psl-partitioner-1 642.4MiB / 4GiB 0.84%
psl-azurite 385.1MiB / 8GiB 105.15%
psl-partitioner-1 642.6MiB / 4GiB 1.90%
psl-azurite 382.2MiB / 8GiB 101.26%
disk 177
psl-partitioner-1 644.9MiB / 4GiB 0.20%
psl-azurite 370.4MiB / 8GiB 0.02%
psl-partitioner-1 773.7MiB / 4GiB 8.23%
psl-azurite 418.4MiB / 8GiB 287.54%
psl-partitioner-1 783.3MiB / 4GiB 0.07%
psl-azurite 353.4MiB / 8GiB 115.88%
psl-partitioner-1 783.5MiB / 4GiB 1.44%
psl-azurite 367.7MiB / 8GiB 111.94%
disk 174
psl-partitioner-1 785.8MiB / 4GiB 2.21%
psl-azurite 377.3MiB / 8GiB 112.88%
psl-partitioner-1 788.1MiB / 4GiB 0.91%
psl-azurite 366.6MiB / 8GiB 115.89%
psl-partitioner-1 791.3MiB / 4GiB 0.63%
psl-azurite 331.7MiB / 8GiB 149.13%
psl-partitioner-1 793.4MiB / 4GiB 0.06%
psl-azurite 321.5MiB / 8GiB 110.48%
disk 172
psl-partitioner-1 797.6MiB / 4GiB 0.08%
psl-azurite 306.7MiB / 8GiB 116.26%
psl-partitioner-1 799.7MiB / 4GiB 0.05%
psl-azurite 325.3MiB / 8GiB 111.22%
psl-partitioner-1 802.7MiB / 4GiB 1.30%
psl-azurite 370.7MiB / 8GiB 196.51%
psl-partitioner-1 802.8MiB / 4GiB 0.06%
psl-azurite 332.5MiB / 8GiB 109.89%
disk 169
psl-partitioner-1 805.1MiB / 4GiB 1.43%
psl-azurite 310.3MiB / 8GiB 116.93%
psl-partitioner-1 807.2MiB / 4GiB 2.94%
psl-azurite 316.3MiB / 8GiB 114.46%
psl-partitioner-1 807.3MiB / 4GiB 2.27%
psl-azurite 305.7MiB / 8GiB 116.25%
psl-partitioner-1 816MiB / 4GiB 2.38%
psl-azurite 337.6MiB / 8GiB 224.34%
disk 167
psl-partitioner-1 816MiB / 4GiB 0.05%
psl-azurite 314.7MiB / 8GiB 116.90%
psl-partitioner-1 818.1MiB / 4GiB 0.04%
psl-azurite 317.7MiB / 8GiB 114.99%
psl-partitioner-1 820.2MiB / 4GiB 1.90%
psl-azurite 339MiB / 8GiB 117.04%
psl-partitioner-1 822.7MiB / 4GiB 0.07%
psl-azurite 374MiB / 8GiB 184.70%
disk 166
psl-partitioner-1 823MiB / 4GiB 1.33%
psl-azurite 318.3MiB / 8GiB 113.77%
psl-partitioner-1 825.2MiB / 4GiB 1.97%
psl-azurite 317.7MiB / 8GiB 114.98%
psl-partitioner-1 827.2MiB / 4GiB 0.64%
psl-azurite 320.5MiB / 8GiB 115.71%
psl-partitioner-1 830MiB / 4GiB 8.68%
psl-azurite 329.7MiB / 8GiB 123.17%
disk 164
psl-partitioner-1 831.9MiB / 4GiB 0.05%
psl-azurite 320.7MiB / 8GiB 116.31%
psl-partitioner-1 832.1MiB / 4GiB 0.04%
psl-azurite 336.9MiB / 8GiB 114.43%
psl-partitioner-1 836.1MiB / 4GiB 0.95%
psl-azurite 327.7MiB / 8GiB 115.96%
