== 250MM fileId=64542cc5-f7a1-3ab7-81b3-e1f3cfe720e6
partitioner-1 2026-09-19T13:19:31.625Z level=INFO logger=b.c.s.b.p.b.listener.StepMetricsListener thread=virtual-198 request_id=cycle-9cf288da-2494-4a4a-908f-c222b3716c7c/64542cc5-f7a1-3ab7-81b3-e1f3cfe720e6 trace_id=af0d873a1bce2f4e50c7b3a1765a07e4 span_id=5378cab6318120b8 context=metrics operation=step.metrics step=validateHeaderStep fileId=64542cc5-f7a1-3ab7-81b3-e1f3cfe720e6 jobExecutionId=1 status=COMPLETED durationMs=73 lines=250000000 bytes=0 linesPerSec=3424657534 mbPerSec=0.00 msg="STEP_METRICS" data={"stepExecutionId":1,"failures":[]}
partitioner-1 2026-09-19T13:19:31.682Z level=INFO logger=b.c.s.b.p.b.listener.StepMetricsListener thread=virtual-198 request_id=cycle-9cf288da-2494-4a4a-908f-c222b3716c7c/64542cc5-f7a1-3ab7-81b3-e1f3cfe720e6 trace_id=af0d873a1bce2f4e50c7b3a1765a07e4 span_id=5378cab6318120b8 context=metrics operation=step.metrics step=cleanupPartitionsStep fileId=64542cc5-f7a1-3ab7-81b3-e1f3cfe720e6 jobExecutionId=1 status=COMPLETED durationMs=25 lines=0 bytes=0 linesPerSec=0 mbPerSec=0.00 msg="STEP_METRICS" data={"stepExecutionId":2,"failures":[]}
partitioner-1 2026-09-19T13:27:03.032Z level=INFO logger=b.c.s.b.p.b.listener.StepMetricsListener thread=virtual-203 request_id=cycle-9cf288da-2494-4a4a-908f-c222b3716c7c/64542cc5-f7a1-3ab7-81b3-e1f3cfe720e6 trace_id=af0d873a1bce2f4e50c7b3a1765a07e4 span_id=5378cab6318120b8 context=metrics operation=step.metrics step=partitionWorkerStep:partition0001 fileId=64542cc5-f7a1-3ab7-81b3-e1f3cfe720e6 jobExecutionId=1 status=COMPLETED durationMs=451204 lines=25000000 bytes=3775000019 linesPerSec=55407 mbPerSec=7.98 msg="STEP_METRICS" data={"stepExecutionId":4,"failures":[]}
partitioner-1 2026-09-19T13:27:03.116Z level=INFO logger=b.c.s.b.p.b.listener.StepMetricsListener thread=virtual-201 request_id=cycle-9cf288da-2494-4a4a-908f-c222b3716c7c/64542cc5-f7a1-3ab7-81b3-e1f3cfe720e6 trace_id=af0d873a1bce2f4e50c7b3a1765a07e4 span_id=5378cab6318120b8 context=metrics operation=step.metrics step=partitionWorkerStep:partition0008 fileId=64542cc5-f7a1-3ab7-81b3-e1f3cfe720e6 jobExecutionId=1 status=COMPLETED durationMs=451286 lines=25000000 bytes=3775000019 linesPerSec=55397 mbPerSec=7.98 msg="STEP_METRICS" data={"stepExecutionId":11,"failures":[]}
partitioner-1 2026-09-19T13:27:03.128Z level=INFO logger=b.c.s.b.p.b.listener.StepMetricsListener thread=virtual-208 request_id=cycle-9cf288da-2494-4a4a-908f-c222b3716c7c/64542cc5-f7a1-3ab7-81b3-e1f3cfe720e6 trace_id=af0d873a1bce2f4e50c7b3a1765a07e4 span_id=5378cab6318120b8 context=metrics operation=step.metrics step=partitionWorkerStep:partition0009 fileId=64542cc5-f7a1-3ab7-81b3-e1f3cfe720e6 jobExecutionId=1 status=COMPLETED durationMs=451298 lines=25000000 bytes=3775000019 linesPerSec=55396 mbPerSec=7.98 msg="STEP_METRICS" data={"stepExecutionId":12,"failures":[]}
partitioner-1 2026-09-19T13:27:03.134Z level=INFO logger=b.c.s.b.p.b.listener.StepMetricsListener thread=virtual-205 request_id=cycle-9cf288da-2494-4a4a-908f-c222b3716c7c/64542cc5-f7a1-3ab7-81b3-e1f3cfe720e6 trace_id=af0d873a1bce2f4e50c7b3a1765a07e4 span_id=5378cab6318120b8 context=metrics operation=step.metrics step=partitionWorkerStep:partition0007 fileId=64542cc5-f7a1-3ab7-81b3-e1f3cfe720e6 jobExecutionId=1 status=COMPLETED durationMs=451306 lines=25000000 bytes=3775000019 linesPerSec=55395 mbPerSec=7.98 msg="STEP_METRICS" data={"stepExecutionId":10,"failures":[]}
partitioner-1 2026-09-19T13:27:03.157Z level=INFO logger=b.c.s.b.p.b.listener.StepMetricsListener thread=virtual-207 request_id=cycle-9cf288da-2494-4a4a-908f-c222b3716c7c/64542cc5-f7a1-3ab7-81b3-e1f3cfe720e6 trace_id=af0d873a1bce2f4e50c7b3a1765a07e4 span_id=5378cab6318120b8 context=metrics operation=step.metrics step=partitionWorkerStep:partition0006 fileId=64542cc5-f7a1-3ab7-81b3-e1f3cfe720e6 jobExecutionId=1 status=COMPLETED durationMs=451325 lines=25000000 bytes=3775000019 linesPerSec=55392 mbPerSec=7.98 msg="STEP_METRICS" data={"stepExecutionId":9,"failures":[]}
partitioner-1 2026-09-19T13:27:03.331Z level=INFO logger=b.c.s.b.p.b.listener.StepMetricsListener thread=virtual-200 request_id=cycle-9cf288da-2494-4a4a-908f-c222b3716c7c/64542cc5-f7a1-3ab7-81b3-e1f3cfe720e6 trace_id=af0d873a1bce2f4e50c7b3a1765a07e4 span_id=5378cab6318120b8 context=metrics operation=step.metrics step=partitionWorkerStep:partition0005 fileId=64542cc5-f7a1-3ab7-81b3-e1f3cfe720e6 jobExecutionId=1 status=COMPLETED durationMs=451502 lines=25000000 bytes=3775000019 linesPerSec=55371 mbPerSec=7.97 msg="STEP_METRICS" data={"stepExecutionId":8,"failures":[]}
partitioner-1 2026-09-19T13:27:03.337Z level=INFO logger=b.c.s.b.p.b.listener.StepMetricsListener thread=virtual-204 request_id=cycle-9cf288da-2494-4a4a-908f-c222b3716c7c/64542cc5-f7a1-3ab7-81b3-e1f3cfe720e6 trace_id=af0d873a1bce2f4e50c7b3a1765a07e4 span_id=5378cab6318120b8 context=metrics operation=step.metrics step=partitionWorkerStep:partition0004 fileId=64542cc5-f7a1-3ab7-81b3-e1f3cfe720e6 jobExecutionId=1 status=COMPLETED durationMs=451507 lines=25000000 bytes=3775000019 linesPerSec=55370 mbPerSec=7.97 msg="STEP_METRICS" data={"stepExecutionId":7,"failures":[]}
partitioner-1 2026-09-19T13:27:03.340Z level=INFO logger=b.c.s.b.p.b.listener.StepMetricsListener thread=virtual-206 request_id=cycle-9cf288da-2494-4a4a-908f-c222b3716c7c/64542cc5-f7a1-3ab7-81b3-e1f3cfe720e6 trace_id=af0d873a1bce2f4e50c7b3a1765a07e4 span_id=5378cab6318120b8 context=metrics operation=step.metrics step=partitionWorkerStep:partition0003 fileId=64542cc5-f7a1-3ab7-81b3-e1f3cfe720e6 jobExecutionId=1 status=COMPLETED durationMs=451512 lines=25000000 bytes=3775000019 linesPerSec=55370 mbPerSec=7.97 msg="STEP_METRICS" data={"stepExecutionId":6,"failures":[]}
partitioner-1 2026-09-19T13:27:03.346Z level=INFO logger=b.c.s.b.p.b.listener.StepMetricsListener thread=virtual-199 request_id=cycle-9cf288da-2494-4a4a-908f-c222b3716c7c/64542cc5-f7a1-3ab7-81b3-e1f3cfe720e6 trace_id=af0d873a1bce2f4e50c7b3a1765a07e4 span_id=5378cab6318120b8 context=metrics operation=step.metrics step=partitionWorkerStep:partition0002 fileId=64542cc5-f7a1-3ab7-81b3-e1f3cfe720e6 jobExecutionId=1 status=COMPLETED durationMs=451517 lines=25000000 bytes=3775000019 linesPerSec=55369 mbPerSec=7.97 msg="STEP_METRICS" data={"stepExecutionId":5,"failures":[]}
partitioner-1 2026-09-19T13:27:03.459Z level=INFO logger=b.c.s.b.p.b.listener.StepMetricsListener thread=virtual-202 request_id=cycle-9cf288da-2494-4a4a-908f-c222b3716c7c/64542cc5-f7a1-3ab7-81b3-e1f3cfe720e6 trace_id=af0d873a1bce2f4e50c7b3a1765a07e4 span_id=5378cab6318120b8 context=metrics operation=step.metrics step=partitionWorkerStep:partition0010 fileId=64542cc5-f7a1-3ab7-81b3-e1f3cfe720e6 jobExecutionId=1 status=COMPLETED durationMs=451632 lines=25000000 bytes=3775000019 linesPerSec=55355 mbPerSec=7.97 msg="STEP_METRICS" data={"stepExecutionId":13,"failures":[]}
partitioner-1 2026-09-19T13:27:03.473Z level=INFO logger=b.c.s.b.p.b.listener.StepMetricsListener thread=virtual-198 request_id=cycle-9cf288da-2494-4a4a-908f-c222b3716c7c/64542cc5-f7a1-3ab7-81b3-e1f3cfe720e6 trace_id=af0d873a1bce2f4e50c7b3a1765a07e4 span_id=5378cab6318120b8 context=metrics operation=step.metrics step=partitionMasterStep fileId=64542cc5-f7a1-3ab7-81b3-e1f3cfe720e6 jobExecutionId=1 status=COMPLETED durationMs=451761 lines=250000000 bytes=37750000190 linesPerSec=553390 mbPerSec=79.69 msg="STEP_METRICS" data={"stepExecutionId":3,"failures":[]}
partitioner-1 2026-09-19T13:27:03.524Z level=INFO logger=b.c.s.b.p.b.listener.StepMetricsListener thread=virtual-198 request_id=cycle-9cf288da-2494-4a4a-908f-c222b3716c7c/64542cc5-f7a1-3ab7-81b3-e1f3cfe720e6 trace_id=af0d873a1bce2f4e50c7b3a1765a07e4 span_id=5378cab6318120b8 context=metrics operation=step.metrics step=registerPartitionsStep fileId=64542cc5-f7a1-3ab7-81b3-e1f3cfe720e6 jobExecutionId=1 status=COMPLETED durationMs=27 lines=0 bytes=0 linesPerSec=0 mbPerSec=0.00 msg="STEP_METRICS" data={"stepExecutionId":14,"failures":[]}
partitioner-1 2026-09-19T13:27:03.608Z level=INFO logger=b.c.s.b.p.b.listener.StepMetricsListener thread=virtual-198 request_id=cycle-9cf288da-2494-4a4a-908f-c222b3716c7c/64542cc5-f7a1-3ab7-81b3-e1f3cfe720e6 trace_id=af0d873a1bce2f4e50c7b3a1765a07e4 span_id=5378cab6318120b8 context=metrics operation=step.metrics step=moveOriginalStep fileId=64542cc5-f7a1-3ab7-81b3-e1f3cfe720e6 jobExecutionId=1 status=COMPLETED durationMs=65 lines=0 bytes=37750000019 linesPerSec=0 mbPerSec=553864.70 msg="STEP_METRICS" data={"stepExecutionId":15,"failures":[]}
partitioner-1 2026-09-19T13:27:04.054Z level=INFO logger=b.c.s.b.p.b.listener.StepMetricsListener thread=virtual-198 request_id=cycle-9cf288da-2494-4a4a-908f-c222b3716c7c/64542cc5-f7a1-3ab7-81b3-e1f3cfe720e6 trace_id=af0d873a1bce2f4e50c7b3a1765a07e4 span_id=5378cab6318120b8 context=metrics operation=step.metrics step=publishPartitionsStep fileId=64542cc5-f7a1-3ab7-81b3-e1f3cfe720e6 jobExecutionId=1 status=COMPLETED durationMs=421 lines=0 bytes=0 linesPerSec=0 mbPerSec=0.00 msg="STEP_METRICS" data={"stepExecutionId":16,"failures":[]}
partitioner-1 2026-09-19T13:27:04.069Z level=INFO logger=b.c.s.b.p.b.listener.JobMetricsListener thread=virtual-198 request_id=cycle-9cf288da-2494-4a4a-908f-c222b3716c7c/64542cc5-f7a1-3ab7-81b3-e1f3cfe720e6 trace_id=af0d873a1bce2f4e50c7b3a1765a07e4 span_id=5378cab6318120b8 context=metrics operation=job.metrics job=filePartitionJob fileId=64542cc5-f7a1-3ab7-81b3-e1f3cfe720e6 jobExecutionId=1 status=COMPLETED attempt=1 durationMs=452551 lines=250000000 bytes=37750000019 partitions=10 linesPerSec=552424 mbPerSec=79.55 msg="JOB_METRICS" data={"fileName":"MOV_ABERTO_20260919_1789823427258_01.txt","failures":[]}
== amostras de docker stats
psl-partitioner-1 393.8MiB / 4GiB 0.07%
psl-azurite 111.1MiB / 8GiB 113.11%
disk 191
psl-partitioner-1 636.2MiB / 4GiB 3.71%
psl-azurite 113.1MiB / 8GiB 113.18%
psl-partitioner-1 636.3MiB / 4GiB 0.09%
psl-azurite 124.9MiB / 8GiB 108.54%
psl-partitioner-1 638.4MiB / 4GiB 0.47%
psl-azurite 172.8MiB / 8GiB 100.61%
disk 189
psl-partitioner-1 638.6MiB / 4GiB 0.09%
psl-azurite 177.5MiB / 8GiB 98.70%
psl-partitioner-1 642.1MiB / 4GiB 0.27%
psl-azurite 174.3MiB / 8GiB 105.24%
psl-partitioner-1 641.5MiB / 4GiB 0.11%
psl-azurite 193.2MiB / 8GiB 113.30%
psl-partitioner-1 641.7MiB / 4GiB 0.39%
psl-azurite 211.8MiB / 8GiB 107.36%
disk 187
psl-partitioner-1 641.9MiB / 4GiB 0.08%
psl-azurite 234.8MiB / 8GiB 106.71%
psl-partitioner-1 644.1MiB / 4GiB 0.06%
psl-azurite 235.3MiB / 8GiB 100.11%
psl-partitioner-1 644.2MiB / 4GiB 2.31%
psl-azurite 256.9MiB / 8GiB 112.48%
psl-partitioner-1 644.2MiB / 4GiB 0.28%
psl-azurite 266.9MiB / 8GiB 99.44%
disk 186
psl-partitioner-1 644.4MiB / 4GiB 2.44%
psl-azurite 288.2MiB / 8GiB 101.09%
psl-partitioner-1 644.5MiB / 4GiB 0.07%
psl-azurite 291.7MiB / 8GiB 105.40%
psl-partitioner-1 646.7MiB / 4GiB 1.71%
psl-azurite 311.4MiB / 8GiB 106.75%
psl-partitioner-1 646.7MiB / 4GiB 0.33%
psl-azurite 325.9MiB / 8GiB 97.60%
disk 184
psl-partitioner-1 646.8MiB / 4GiB 2.45%
psl-azurite 359.1MiB / 8GiB 102.83%
psl-partitioner-1 646.9MiB / 4GiB 0.05%
psl-azurite 345.9MiB / 8GiB 110.50%
psl-partitioner-1 649.1MiB / 4GiB 1.62%
psl-azurite 365.1MiB / 8GiB 98.85%
psl-partitioner-1 649.1MiB / 4GiB 0.06%
psl-azurite 358.2MiB / 8GiB 101.36%
disk 182
psl-partitioner-1 649.1MiB / 4GiB 0.05%
psl-azurite 370.8MiB / 8GiB 99.14%
psl-partitioner-1 651.3MiB / 4GiB 0.06%
psl-azurite 368.9MiB / 8GiB 101.85%
psl-partitioner-1 651.4MiB / 4GiB 2.20%
psl-azurite 373.5MiB / 8GiB 105.87%
psl-partitioner-1 651.5MiB / 4GiB 0.22%
psl-azurite 363.3MiB / 8GiB 109.20%
disk 180
psl-partitioner-1 651.6MiB / 4GiB 2.05%
psl-azurite 374.9MiB / 8GiB 101.59%
psl-partitioner-1 651.7MiB / 4GiB 0.05%
psl-azurite 363.9MiB / 8GiB 105.07%
psl-partitioner-1 653.7MiB / 4GiB 0.06%
psl-azurite 366.7MiB / 8GiB 115.90%
psl-partitioner-1 653.8MiB / 4GiB 0.18%
psl-azurite 362.4MiB / 8GiB 104.50%
disk 178
psl-partitioner-1 653.9MiB / 4GiB 1.55%
psl-azurite 395.4MiB / 8GiB 97.00%
psl-partitioner-1 654.1MiB / 4GiB 0.05%
psl-azurite 389.7MiB / 8GiB 104.60%
psl-partitioner-1 654.1MiB / 4GiB 0.79%
psl-azurite 373.2MiB / 8GiB 103.86%
psl-partitioner-1 656.2MiB / 4GiB 0.17%
psl-azurite 384.3MiB / 8GiB 107.86%
disk 176
psl-partitioner-1 656.2MiB / 4GiB 0.05%
psl-azurite 381.3MiB / 8GiB 103.15%
psl-partitioner-1 656.4MiB / 4GiB 0.05%
psl-azurite 390.2MiB / 8GiB 103.36%
psl-partitioner-1 658.4MiB / 4GiB 0.06%
psl-azurite 368.9MiB / 8GiB 114.79%
psl-partitioner-1 658.5MiB / 4GiB 2.04%
psl-azurite 375.6MiB / 8GiB 101.39%
disk 174
psl-partitioner-1 658.5MiB / 4GiB 0.06%
psl-azurite 410.2MiB / 8GiB 97.70%
psl-partitioner-1 658.8MiB / 4GiB 0.05%
psl-azurite 389.7MiB / 8GiB 103.39%
psl-partitioner-1 658.8MiB / 4GiB 0.62%
psl-azurite 387.9MiB / 8GiB 105.78%
psl-partitioner-1 660.9MiB / 4GiB 1.68%
psl-azurite 401.5MiB / 8GiB 108.89%
disk 172
psl-partitioner-1 660.9MiB / 4GiB 0.05%
psl-azurite 383MiB / 8GiB 97.07%
psl-partitioner-1 661.1MiB / 4GiB 1.91%
psl-azurite 387.2MiB / 8GiB 101.03%
psl-partitioner-1 661.1MiB / 4GiB 0.06%
psl-azurite 394.9MiB / 8GiB 110.03%
psl-partitioner-1 661.1MiB / 4GiB 0.35%
psl-azurite 393.8MiB / 8GiB 101.26%
disk 170
psl-partitioner-1 663.2MiB / 4GiB 0.05%
psl-azurite 412.9MiB / 8GiB 111.51%
psl-partitioner-1 663.3MiB / 4GiB 0.06%
psl-azurite 401.2MiB / 8GiB 102.24%
psl-partitioner-1 663.3MiB / 4GiB 0.62%
psl-azurite 393.2MiB / 8GiB 110.17%
psl-partitioner-1 663.4MiB / 4GiB 0.30%
psl-azurite 410MiB / 8GiB 101.43%
disk 168
psl-partitioner-1 663.5MiB / 4GiB 0.05%
psl-azurite 426.8MiB / 8GiB 99.89%
psl-partitioner-1 665.6MiB / 4GiB 2.81%
psl-azurite 419MiB / 8GiB 104.50%
psl-partitioner-1 665.7MiB / 4GiB 0.06%
psl-azurite 410.6MiB / 8GiB 114.78%
psl-partitioner-1 665.7MiB / 4GiB 0.12%
psl-azurite 409.1MiB / 8GiB 114.87%
disk 166
psl-partitioner-1 665.8MiB / 4GiB 0.06%
psl-azurite 413MiB / 8GiB 107.66%
psl-partitioner-1 667.8MiB / 4GiB 0.06%
psl-azurite 411.3MiB / 8GiB 111.36%
psl-partitioner-1 667.8MiB / 4GiB 0.06%
psl-azurite 413.7MiB / 8GiB 110.26%
psl-partitioner-1 667.9MiB / 4GiB 0.08%
psl-azurite 420.2MiB / 8GiB 107.63%
disk 164
psl-partitioner-1 668MiB / 4GiB 0.06%
psl-azurite 421.2MiB / 8GiB 115.94%
psl-partitioner-1 670.1MiB / 4GiB 0.64%
psl-azurite 412.6MiB / 8GiB 107.94%
psl-partitioner-1 670.1MiB / 4GiB 0.06%
psl-azurite 428.1MiB / 8GiB 96.65%
psl-partitioner-1 670.1MiB / 4GiB 0.05%
psl-azurite 419.1MiB / 8GiB 111.55%
disk 162
psl-partitioner-1 672.2MiB / 4GiB 0.07%
psl-azurite 426MiB / 8GiB 111.18%
psl-partitioner-1 672.5MiB / 4GiB 0.06%
psl-azurite 428.3MiB / 8GiB 107.38%
psl-partitioner-1 672.6MiB / 4GiB 2.49%
psl-azurite 419.3MiB / 8GiB 104.65%
psl-partitioner-1 672.6MiB / 4GiB 0.05%
psl-azurite 420.1MiB / 8GiB 115.38%
disk 160
psl-partitioner-1 674.6MiB / 4GiB 1.58%
psl-azurite 438.2MiB / 8GiB 106.93%
psl-partitioner-1 674.7MiB / 4GiB 0.66%
psl-azurite 430.2MiB / 8GiB 115.31%
psl-partitioner-1 674.7MiB / 4GiB 1.63%
psl-azurite 421.5MiB / 8GiB 114.14%
psl-partitioner-1 674.8MiB / 4GiB 0.05%
psl-azurite 429MiB / 8GiB 115.19%
disk 158
psl-partitioner-1 674.8MiB / 4GiB 5.98%
psl-azurite 442.4MiB / 8GiB 106.76%
psl-partitioner-1 676.9MiB / 4GiB 0.05%
psl-azurite 438.1MiB / 8GiB 112.94%
psl-partitioner-1 677MiB / 4GiB 0.06%
psl-azurite 446.5MiB / 8GiB 112.51%
psl-partitioner-1 677MiB / 4GiB 0.05%
psl-azurite 440.9MiB / 8GiB 108.15%
disk 156
psl-partitioner-1 679.3MiB / 4GiB 1.71%
psl-azurite 429.3MiB / 8GiB 0.06%
psl-partitioner-1 2.125GiB / 4GiB 231.27%
psl-azurite 466.8MiB / 8GiB 304.10%
psl-partitioner-1 2.506GiB / 4GiB 11.34%
psl-azurite 438.5MiB / 8GiB 120.72%
psl-partitioner-1 2.892GiB / 4GiB 79.97%
psl-azurite 471.8MiB / 8GiB 149.77%
disk 155
psl-partitioner-1 3.192GiB / 4GiB 3.27%
psl-azurite 419.9MiB / 8GiB 131.48%
psl-partitioner-1 3.196GiB / 4GiB 4.01%
psl-azurite 397.4MiB / 8GiB 146.15%
psl-partitioner-1 3.192GiB / 4GiB 2.82%
psl-azurite 493.7MiB / 8GiB 218.08%
psl-partitioner-1 3.199GiB / 4GiB 69.17%
psl-azurite 416.5MiB / 8GiB 134.44%
disk 152
psl-partitioner-1 3.194GiB / 4GiB 3.57%
psl-azurite 371.9MiB / 8GiB 119.63%
psl-partitioner-1 3.194GiB / 4GiB 6.66%
psl-azurite 383.3MiB / 8GiB 118.11%
psl-partitioner-1 3.195GiB / 4GiB 38.38%
psl-azurite 371.6MiB / 8GiB 124.66%
psl-partitioner-1 3.208GiB / 4GiB 5.41%
psl-azurite 508.3MiB / 8GiB 192.14%
disk 150
psl-partitioner-1 3.211GiB / 4GiB 63.76%
psl-azurite 415.7MiB / 8GiB 207.98%
psl-partitioner-1 3.234GiB / 4GiB 61.21%
psl-azurite 361MiB / 8GiB 126.64%
psl-partitioner-1 3.208GiB / 4GiB 1.50%
psl-azurite 407.8MiB / 8GiB 171.64%
psl-partitioner-1 3.217GiB / 4GiB 8.18%
psl-azurite 368MiB / 8GiB 120.26%
disk 148
psl-partitioner-1 3.209GiB / 4GiB 2.83%
psl-azurite 361.8MiB / 8GiB 125.63%
psl-partitioner-1 3.283GiB / 4GiB 87.27%
psl-azurite 361.7MiB / 8GiB 136.52%
psl-partitioner-1 3.217GiB / 4GiB 60.77%
psl-azurite 381.4MiB / 8GiB 126.03%
psl-partitioner-1 3.233GiB / 4GiB 38.36%
psl-azurite 359.9MiB / 8GiB 122.05%
disk 146
psl-partitioner-1 3.225GiB / 4GiB 10.09%
psl-azurite 374.2MiB / 8GiB 130.09%
psl-partitioner-1 3.225GiB / 4GiB 1.78%
psl-azurite 380.3MiB / 8GiB 129.83%
psl-partitioner-1 3.226GiB / 4GiB 0.87%
psl-azurite 390.3MiB / 8GiB 126.27%
psl-partitioner-1 3.228GiB / 4GiB 20.04%
psl-azurite 368.2MiB / 8GiB 125.20%
disk 143
psl-partitioner-1 3.227GiB / 4GiB 0.08%
psl-azurite 371.2MiB / 8GiB 130.35%
psl-partitioner-1 3.227GiB / 4GiB 55.03%
psl-azurite 392.3MiB / 8GiB 161.42%
psl-partitioner-1 3.258GiB / 4GiB 80.11%
psl-azurite 376MiB / 8GiB 128.80%
psl-partitioner-1 3.258GiB / 4GiB 6.99%
psl-azurite 405.1MiB / 8GiB 112.38%
disk 141
psl-partitioner-1 3.258GiB / 4GiB 1.58%
psl-azurite 385.9MiB / 8GiB 107.23%
psl-partitioner-1 3.259GiB / 4GiB 0.69%
psl-azurite 391.4MiB / 8GiB 116.24%
psl-partitioner-1 3.258GiB / 4GiB 1.09%
psl-azurite 406.7MiB / 8GiB 113.54%
psl-partitioner-1 3.259GiB / 4GiB 10.64%
psl-azurite 417.9MiB / 8GiB 105.42%
disk 139
psl-partitioner-1 3.259GiB / 4GiB 0.67%
psl-azurite 408.6MiB / 8GiB 106.50%
psl-partitioner-1 3.251GiB / 4GiB 70.58%
psl-azurite 417.9MiB / 8GiB 105.66%
psl-partitioner-1 3.255GiB / 4GiB 25.06%
psl-azurite 516.3MiB / 8GiB 137.69%
psl-partitioner-1 3.255GiB / 4GiB 68.57%
psl-azurite 446.6MiB / 8GiB 105.89%
disk 136
psl-partitioner-1 3.404GiB / 4GiB 60.43%
psl-azurite 603.5MiB / 8GiB 162.73%
psl-partitioner-1 3.259GiB / 4GiB 5.43%
psl-azurite 437.1MiB / 8GiB 108.39%
psl-partitioner-1 3.26GiB / 4GiB 0.81%
psl-azurite 429.5MiB / 8GiB 106.92%
psl-partitioner-1 3.251GiB / 4GiB 3.14%
psl-azurite 443.8MiB / 8GiB 109.19%
disk 134
psl-partitioner-1 3.251GiB / 4GiB 62.69%
psl-azurite 458.7MiB / 8GiB 160.06%
psl-partitioner-1 3.251GiB / 4GiB 0.48%
psl-azurite 507.4MiB / 8GiB 158.37%
psl-partitioner-1 3.251GiB / 4GiB 0.37%
psl-azurite 581.4MiB / 8GiB 144.79%
psl-partitioner-1 3.276GiB / 4GiB 7.29%
psl-azurite 460MiB / 8GiB 105.96%
disk 131
psl-partitioner-1 3.266GiB / 4GiB 0.55%
psl-azurite 447.5MiB / 8GiB 106.37%
psl-partitioner-1 3.266GiB / 4GiB 1.73%
psl-azurite 474.2MiB / 8GiB 107.45%
psl-partitioner-1 3.266GiB / 4GiB 0.04%
psl-azurite 470.4MiB / 8GiB 109.40%
psl-partitioner-1 3.266GiB / 4GiB 0.64%
psl-azurite 489.7MiB / 8GiB 137.31%
disk 129
psl-partitioner-1 3.266GiB / 4GiB 1.59%
psl-azurite 498.8MiB / 8GiB 106.18%
psl-partitioner-1 3.266GiB / 4GiB 0.12%
psl-azurite 501.5MiB / 8GiB 151.04%
psl-partitioner-1 3.266GiB / 4GiB 0.09%
psl-azurite 497.5MiB / 8GiB 155.58%
psl-partitioner-1 3.266GiB / 4GiB 0.05%
psl-azurite 436.8MiB / 8GiB 213.81%
disk 127
psl-partitioner-1 3.266GiB / 4GiB 56.85%
psl-azurite 428.3MiB / 8GiB 145.52%
psl-partitioner-1 3.266GiB / 4GiB 64.46%
psl-azurite 429.6MiB / 8GiB 104.82%
psl-partitioner-1 3.268GiB / 4GiB 60.84%
psl-azurite 441.9MiB / 8GiB 105.18%
psl-partitioner-1 3.27GiB / 4GiB 59.26%
psl-azurite 449.8MiB / 8GiB 105.43%
disk 124
psl-partitioner-1 3.379GiB / 4GiB 39.58%
psl-azurite 550.4MiB / 8GiB 132.94%
psl-partitioner-1 3.267GiB / 4GiB 16.32%
psl-azurite 475.4MiB / 8GiB 105.87%
psl-partitioner-1 3.266GiB / 4GiB 0.04%
psl-azurite 477.8MiB / 8GiB 116.74%
psl-partitioner-1 3.266GiB / 4GiB 1.24%
psl-azurite 482.1MiB / 8GiB 105.18%
disk 122
psl-partitioner-1 3.266GiB / 4GiB 1.19%
psl-azurite 501.8MiB / 8GiB 108.22%
psl-partitioner-1 3.266GiB / 4GiB 6.78%
psl-azurite 488.9MiB / 8GiB 105.92%
psl-partitioner-1 3.284GiB / 4GiB 2.66%
psl-azurite 505.9MiB / 8GiB 0.00%
