== 250MM fileId=6605ae5f-07de-30b4-b579-a496e972a026
partitioner-1 2026-09-19T13:36:46.742Z level=INFO logger=b.c.s.b.p.b.listener.StepMetricsListener thread=virtual-203 request_id=cycle-8ae5f29d-fc7c-47be-b7ed-57c909d34fa0/6605ae5f-07de-30b4-b579-a496e972a026 trace_id=1e579b840b96a11d3d82636df8731fa8 span_id=e4c525025cd43e6a context=metrics operation=step.metrics step=validateHeaderStep fileId=6605ae5f-07de-30b4-b579-a496e972a026 jobExecutionId=1 status=COMPLETED durationMs=65 lines=250000000 bytes=0 linesPerSec=3846153846 mbPerSec=0.00 msg="STEP_METRICS" data={"stepExecutionId":1,"failures":[]}
partitioner-1 2026-09-19T13:36:46.796Z level=INFO logger=b.c.s.b.p.b.listener.StepMetricsListener thread=virtual-203 request_id=cycle-8ae5f29d-fc7c-47be-b7ed-57c909d34fa0/6605ae5f-07de-30b4-b579-a496e972a026 trace_id=1e579b840b96a11d3d82636df8731fa8 span_id=e4c525025cd43e6a context=metrics operation=step.metrics step=cleanupPartitionsStep fileId=6605ae5f-07de-30b4-b579-a496e972a026 jobExecutionId=1 status=COMPLETED durationMs=26 lines=0 bytes=0 linesPerSec=0 mbPerSec=0.00 msg="STEP_METRICS" data={"stepExecutionId":2,"failures":[]}
partitioner-1 2026-09-19T13:44:38.641Z level=INFO logger=b.c.s.b.p.b.listener.StepMetricsListener thread=virtual-204 request_id=cycle-8ae5f29d-fc7c-47be-b7ed-57c909d34fa0/6605ae5f-07de-30b4-b579-a496e972a026 trace_id=1e579b840b96a11d3d82636df8731fa8 span_id=e4c525025cd43e6a context=metrics operation=step.metrics step=partitionWorkerStep:partition0002 fileId=6605ae5f-07de-30b4-b579-a496e972a026 jobExecutionId=1 status=COMPLETED durationMs=471703 lines=25000000 bytes=3775000019 linesPerSec=52999 mbPerSec=7.63 msg="STEP_METRICS" data={"stepExecutionId":5,"failures":[]}
partitioner-1 2026-09-19T13:44:38.646Z level=INFO logger=b.c.s.b.p.b.listener.StepMetricsListener thread=virtual-210 request_id=cycle-8ae5f29d-fc7c-47be-b7ed-57c909d34fa0/6605ae5f-07de-30b4-b579-a496e972a026 trace_id=1e579b840b96a11d3d82636df8731fa8 span_id=e4c525025cd43e6a context=metrics operation=step.metrics step=partitionWorkerStep:partition0007 fileId=6605ae5f-07de-30b4-b579-a496e972a026 jobExecutionId=1 status=COMPLETED durationMs=471705 lines=25000000 bytes=3775000019 linesPerSec=52999 mbPerSec=7.63 msg="STEP_METRICS" data={"stepExecutionId":10,"failures":[]}
partitioner-1 2026-09-19T13:44:38.646Z level=INFO logger=b.c.s.b.p.b.listener.StepMetricsListener thread=virtual-208 request_id=cycle-8ae5f29d-fc7c-47be-b7ed-57c909d34fa0/6605ae5f-07de-30b4-b579-a496e972a026 trace_id=1e579b840b96a11d3d82636df8731fa8 span_id=e4c525025cd43e6a context=metrics operation=step.metrics step=partitionWorkerStep:partition0001 fileId=6605ae5f-07de-30b4-b579-a496e972a026 jobExecutionId=1 status=COMPLETED durationMs=471704 lines=25000000 bytes=3775000019 linesPerSec=52999 mbPerSec=7.63 msg="STEP_METRICS" data={"stepExecutionId":4,"failures":[]}
partitioner-1 2026-09-19T13:44:38.657Z level=INFO logger=b.c.s.b.p.b.listener.StepMetricsListener thread=virtual-211 request_id=cycle-8ae5f29d-fc7c-47be-b7ed-57c909d34fa0/6605ae5f-07de-30b4-b579-a496e972a026 trace_id=1e579b840b96a11d3d82636df8731fa8 span_id=e4c525025cd43e6a context=metrics operation=step.metrics step=partitionWorkerStep:partition0003 fileId=6605ae5f-07de-30b4-b579-a496e972a026 jobExecutionId=1 status=COMPLETED durationMs=471719 lines=25000000 bytes=3775000019 linesPerSec=52998 mbPerSec=7.63 msg="STEP_METRICS" data={"stepExecutionId":6,"failures":[]}
partitioner-1 2026-09-19T13:44:38.710Z level=INFO logger=b.c.s.b.p.b.listener.StepMetricsListener thread=virtual-212 request_id=cycle-8ae5f29d-fc7c-47be-b7ed-57c909d34fa0/6605ae5f-07de-30b4-b579-a496e972a026 trace_id=1e579b840b96a11d3d82636df8731fa8 span_id=e4c525025cd43e6a context=metrics operation=step.metrics step=partitionWorkerStep:partition0006 fileId=6605ae5f-07de-30b4-b579-a496e972a026 jobExecutionId=1 status=COMPLETED durationMs=471775 lines=25000000 bytes=3775000019 linesPerSec=52991 mbPerSec=7.63 msg="STEP_METRICS" data={"stepExecutionId":9,"failures":[]}
partitioner-1 2026-09-19T13:44:38.717Z level=INFO logger=b.c.s.b.p.b.listener.StepMetricsListener thread=virtual-213 request_id=cycle-8ae5f29d-fc7c-47be-b7ed-57c909d34fa0/6605ae5f-07de-30b4-b579-a496e972a026 trace_id=1e579b840b96a11d3d82636df8731fa8 span_id=e4c525025cd43e6a context=metrics operation=step.metrics step=partitionWorkerStep:partition0009 fileId=6605ae5f-07de-30b4-b579-a496e972a026 jobExecutionId=1 status=COMPLETED durationMs=471786 lines=25000000 bytes=3775000019 linesPerSec=52990 mbPerSec=7.63 msg="STEP_METRICS" data={"stepExecutionId":12,"failures":[]}
partitioner-1 2026-09-19T13:44:38.742Z level=INFO logger=b.c.s.b.p.b.listener.StepMetricsListener thread=virtual-206 request_id=cycle-8ae5f29d-fc7c-47be-b7ed-57c909d34fa0/6605ae5f-07de-30b4-b579-a496e972a026 trace_id=1e579b840b96a11d3d82636df8731fa8 span_id=e4c525025cd43e6a context=metrics operation=step.metrics step=partitionWorkerStep:partition0008 fileId=6605ae5f-07de-30b4-b579-a496e972a026 jobExecutionId=1 status=COMPLETED durationMs=471812 lines=25000000 bytes=3775000019 linesPerSec=52987 mbPerSec=7.63 msg="STEP_METRICS" data={"stepExecutionId":11,"failures":[]}
partitioner-1 2026-09-19T13:44:38.746Z level=INFO logger=b.c.s.b.p.b.listener.StepMetricsListener thread=virtual-205 request_id=cycle-8ae5f29d-fc7c-47be-b7ed-57c909d34fa0/6605ae5f-07de-30b4-b579-a496e972a026 trace_id=1e579b840b96a11d3d82636df8731fa8 span_id=e4c525025cd43e6a context=metrics operation=step.metrics step=partitionWorkerStep:partition0005 fileId=6605ae5f-07de-30b4-b579-a496e972a026 jobExecutionId=1 status=COMPLETED durationMs=471815 lines=25000000 bytes=3775000019 linesPerSec=52987 mbPerSec=7.63 msg="STEP_METRICS" data={"stepExecutionId":8,"failures":[]}
partitioner-1 2026-09-19T13:44:38.793Z level=INFO logger=b.c.s.b.p.b.listener.StepMetricsListener thread=virtual-207 request_id=cycle-8ae5f29d-fc7c-47be-b7ed-57c909d34fa0/6605ae5f-07de-30b4-b579-a496e972a026 trace_id=1e579b840b96a11d3d82636df8731fa8 span_id=e4c525025cd43e6a context=metrics operation=step.metrics step=partitionWorkerStep:partition0010 fileId=6605ae5f-07de-30b4-b579-a496e972a026 jobExecutionId=1 status=COMPLETED durationMs=471825 lines=25000000 bytes=3775000019 linesPerSec=52986 mbPerSec=7.63 msg="STEP_METRICS" data={"stepExecutionId":13,"failures":[]}
partitioner-1 2026-09-19T13:44:38.793Z level=INFO logger=b.c.s.b.p.b.listener.StepMetricsListener thread=virtual-209 request_id=cycle-8ae5f29d-fc7c-47be-b7ed-57c909d34fa0/6605ae5f-07de-30b4-b579-a496e972a026 trace_id=1e579b840b96a11d3d82636df8731fa8 span_id=e4c525025cd43e6a context=metrics operation=step.metrics step=partitionWorkerStep:partition0004 fileId=6605ae5f-07de-30b4-b579-a496e972a026 jobExecutionId=1 status=COMPLETED durationMs=471823 lines=25000000 bytes=3775000019 linesPerSec=52986 mbPerSec=7.63 msg="STEP_METRICS" data={"stepExecutionId":7,"failures":[]}
partitioner-1 2026-09-19T13:44:38.814Z level=INFO logger=b.c.s.b.p.b.listener.StepMetricsListener thread=virtual-203 request_id=cycle-8ae5f29d-fc7c-47be-b7ed-57c909d34fa0/6605ae5f-07de-30b4-b579-a496e972a026 trace_id=1e579b840b96a11d3d82636df8731fa8 span_id=e4c525025cd43e6a context=metrics operation=step.metrics step=partitionMasterStep fileId=6605ae5f-07de-30b4-b579-a496e972a026 jobExecutionId=1 status=COMPLETED durationMs=471991 lines=250000000 bytes=37750000190 linesPerSec=529671 mbPerSec=76.28 msg="STEP_METRICS" data={"stepExecutionId":3,"failures":[]}
partitioner-1 2026-09-19T13:44:38.880Z level=INFO logger=b.c.s.b.p.b.listener.StepMetricsListener thread=virtual-203 request_id=cycle-8ae5f29d-fc7c-47be-b7ed-57c909d34fa0/6605ae5f-07de-30b4-b579-a496e972a026 trace_id=1e579b840b96a11d3d82636df8731fa8 span_id=e4c525025cd43e6a context=metrics operation=step.metrics step=registerPartitionsStep fileId=6605ae5f-07de-30b4-b579-a496e972a026 jobExecutionId=1 status=COMPLETED durationMs=28 lines=0 bytes=0 linesPerSec=0 mbPerSec=0.00 msg="STEP_METRICS" data={"stepExecutionId":14,"failures":[]}
partitioner-1 2026-09-19T13:44:38.944Z level=INFO logger=b.c.s.b.p.b.listener.StepMetricsListener thread=virtual-203 request_id=cycle-8ae5f29d-fc7c-47be-b7ed-57c909d34fa0/6605ae5f-07de-30b4-b579-a496e972a026 trace_id=1e579b840b96a11d3d82636df8731fa8 span_id=e4c525025cd43e6a context=metrics operation=step.metrics step=moveOriginalStep fileId=6605ae5f-07de-30b4-b579-a496e972a026 jobExecutionId=1 status=COMPLETED durationMs=42 lines=0 bytes=37750000019 linesPerSec=0 mbPerSec=857171.56 msg="STEP_METRICS" data={"stepExecutionId":15,"failures":[]}
partitioner-1 2026-09-19T13:44:39.352Z level=INFO logger=b.c.s.b.p.b.listener.StepMetricsListener thread=virtual-203 request_id=cycle-8ae5f29d-fc7c-47be-b7ed-57c909d34fa0/6605ae5f-07de-30b4-b579-a496e972a026 trace_id=1e579b840b96a11d3d82636df8731fa8 span_id=e4c525025cd43e6a context=metrics operation=step.metrics step=publishPartitionsStep fileId=6605ae5f-07de-30b4-b579-a496e972a026 jobExecutionId=1 status=COMPLETED durationMs=393 lines=0 bytes=0 linesPerSec=0 mbPerSec=0.00 msg="STEP_METRICS" data={"stepExecutionId":16,"failures":[]}
partitioner-1 2026-09-19T13:44:39.363Z level=INFO logger=b.c.s.b.p.b.listener.JobMetricsListener thread=virtual-203 request_id=cycle-8ae5f29d-fc7c-47be-b7ed-57c909d34fa0/6605ae5f-07de-30b4-b579-a496e972a026 trace_id=1e579b840b96a11d3d82636df8731fa8 span_id=e4c525025cd43e6a context=metrics operation=job.metrics job=filePartitionJob fileId=6605ae5f-07de-30b4-b579-a496e972a026 jobExecutionId=1 status=COMPLETED attempt=1 durationMs=472722 lines=250000000 bytes=37750000019 partitions=10 linesPerSec=528852 mbPerSec=76.16 msg="JOB_METRICS" data={"fileName":"MOV_ABERTO_20260919_1789824462265_01.txt","failures":[]}
== amostras de docker stats
psl-partitioner-1 395.1MiB / 4GiB 0.06%
psl-azurite 94.79MiB / 8GiB 118.60%
disk 191
psl-partitioner-1 636.5MiB / 4GiB 0.08%
psl-azurite 121.1MiB / 8GiB 109.00%
psl-partitioner-1 636.7MiB / 4GiB 0.09%
psl-azurite 134MiB / 8GiB 103.83%
psl-partitioner-1 636.9MiB / 4GiB 2.41%
psl-azurite 152.2MiB / 8GiB 95.86%
disk 189
psl-partitioner-1 639MiB / 4GiB 0.11%
psl-azurite 174.8MiB / 8GiB 106.99%
psl-partitioner-1 639.7MiB / 4GiB 0.09%
psl-azurite 186.2MiB / 8GiB 102.70%
psl-partitioner-1 639.9MiB / 4GiB 0.15%
psl-azurite 218.3MiB / 8GiB 112.66%
psl-partitioner-1 642MiB / 4GiB 0.11%
psl-azurite 234.4MiB / 8GiB 101.38%
disk 187
psl-partitioner-1 642.2MiB / 4GiB 0.10%
psl-azurite 232.1MiB / 8GiB 104.89%
psl-partitioner-1 642.5MiB / 4GiB 0.06%
psl-azurite 263.2MiB / 8GiB 99.88%
psl-partitioner-1 642.5MiB / 4GiB 0.09%
psl-azurite 259.2MiB / 8GiB 108.99%
psl-partitioner-1 644.6MiB / 4GiB 0.29%
psl-azurite 275MiB / 8GiB 110.13%
disk 186
psl-partitioner-1 645.1MiB / 4GiB 2.97%
psl-azurite 279.3MiB / 8GiB 107.69%
psl-partitioner-1 645MiB / 4GiB 0.06%
psl-azurite 309.7MiB / 8GiB 101.54%
psl-partitioner-1 645.1MiB / 4GiB 0.06%
psl-azurite 325.6MiB / 8GiB 103.36%
psl-partitioner-1 645.1MiB / 4GiB 0.06%
psl-azurite 330.6MiB / 8GiB 110.85%
disk 184
psl-partitioner-1 653.1MiB / 4GiB 0.05%
psl-azurite 338.7MiB / 8GiB 101.22%
psl-partitioner-1 653.3MiB / 4GiB 0.06%
psl-azurite 342.4MiB / 8GiB 110.80%
psl-partitioner-1 655.3MiB / 4GiB 0.07%
psl-azurite 348.8MiB / 8GiB 99.84%
psl-partitioner-1 655.4MiB / 4GiB 3.31%
psl-azurite 368.3MiB / 8GiB 104.41%
disk 182
psl-partitioner-1 655.5MiB / 4GiB 0.06%
psl-azurite 357.5MiB / 8GiB 105.54%
psl-partitioner-1 655.7MiB / 4GiB 1.70%
psl-azurite 356.3MiB / 8GiB 104.23%
psl-partitioner-1 655.7MiB / 4GiB 0.21%
psl-azurite 347.6MiB / 8GiB 106.33%
psl-partitioner-1 655.8MiB / 4GiB 0.08%
psl-azurite 360.5MiB / 8GiB 101.62%
disk 180
psl-partitioner-1 655.9MiB / 4GiB 0.05%
psl-azurite 352.4MiB / 8GiB 106.56%
psl-partitioner-1 658.1MiB / 4GiB 1.56%
psl-azurite 371.7MiB / 8GiB 102.74%
psl-partitioner-1 658.1MiB / 4GiB 0.06%
psl-azurite 371MiB / 8GiB 104.94%
psl-partitioner-1 658.2MiB / 4GiB 0.05%
psl-azurite 358.9MiB / 8GiB 99.60%
disk 178
psl-partitioner-1 658.3MiB / 4GiB 0.05%
psl-azurite 361.1MiB / 8GiB 103.60%
psl-partitioner-1 658.3MiB / 4GiB 0.06%
psl-azurite 358.1MiB / 8GiB 99.47%
psl-partitioner-1 661.3MiB / 4GiB 1.76%
psl-azurite 381.1MiB / 8GiB 106.27%
psl-partitioner-1 660.5MiB / 4GiB 0.05%
psl-azurite 396.3MiB / 8GiB 102.77%
disk 176
psl-partitioner-1 660.5MiB / 4GiB 2.15%
psl-azurite 375.5MiB / 8GiB 99.55%
psl-partitioner-1 660.6MiB / 4GiB 0.23%
psl-azurite 375.8MiB / 8GiB 106.19%
psl-partitioner-1 662.7MiB / 4GiB 0.10%
psl-azurite 402.6MiB / 8GiB 98.48%
psl-partitioner-1 662.8MiB / 4GiB 0.08%
psl-azurite 371.4MiB / 8GiB 101.41%
disk 174
psl-partitioner-1 662.8MiB / 4GiB 0.05%
psl-azurite 371.4MiB / 8GiB 102.71%
psl-partitioner-1 662.9MiB / 4GiB 1.97%
psl-azurite 374.3MiB / 8GiB 100.91%
psl-partitioner-1 663.1MiB / 4GiB 0.06%
psl-azurite 378.4MiB / 8GiB 100.58%
psl-partitioner-1 665.2MiB / 4GiB 1.76%
psl-azurite 379.5MiB / 8GiB 108.37%
disk 172
psl-partitioner-1 665.2MiB / 4GiB 0.06%
psl-azurite 390.6MiB / 8GiB 101.35%
psl-partitioner-1 665.2MiB / 4GiB 0.06%
psl-azurite 380.2MiB / 8GiB 103.61%
psl-partitioner-1 665.5MiB / 4GiB 0.06%
psl-azurite 403.6MiB / 8GiB 100.26%
psl-partitioner-1 667.5MiB / 4GiB 0.64%
psl-azurite 381.5MiB / 8GiB 102.32%
disk 170
psl-partitioner-1 667.5MiB / 4GiB 0.20%
psl-azurite 400.7MiB / 8GiB 106.30%
psl-partitioner-1 667.5MiB / 4GiB 0.05%
psl-azurite 391.4MiB / 8GiB 102.65%
psl-partitioner-1 667.7MiB / 4GiB 0.65%
psl-azurite 387.4MiB / 8GiB 111.92%
psl-partitioner-1 667.7MiB / 4GiB 0.05%
psl-azurite 389.1MiB / 8GiB 121.79%
disk 168
psl-partitioner-1 669.8MiB / 4GiB 2.00%
psl-azurite 411.1MiB / 8GiB 99.11%
psl-partitioner-1 669.8MiB / 4GiB 0.05%
psl-azurite 393.3MiB / 8GiB 108.62%
psl-partitioner-1 670MiB / 4GiB 2.43%
psl-azurite 397.4MiB / 8GiB 100.74%
psl-partitioner-1 670MiB / 4GiB 0.06%
psl-azurite 428.1MiB / 8GiB 106.30%
disk 166
psl-partitioner-1 672MiB / 4GiB 0.05%
psl-azurite 399MiB / 8GiB 101.34%
psl-partitioner-1 672.1MiB / 4GiB 2.88%
psl-azurite 402.4MiB / 8GiB 103.26%
psl-partitioner-1 672.3MiB / 4GiB 10.01%
psl-azurite 414.2MiB / 8GiB 110.55%
psl-partitioner-1 672.3MiB / 4GiB 1.62%
psl-azurite 413.4MiB / 8GiB 119.21%
disk 164
psl-partitioner-1 674.3MiB / 4GiB 0.05%
psl-azurite 426.4MiB / 8GiB 101.31%
psl-partitioner-1 674.5MiB / 4GiB 1.91%
psl-azurite 419.5MiB / 8GiB 105.97%
psl-partitioner-1 674.5MiB / 4GiB 1.09%
psl-azurite 432.5MiB / 8GiB 102.25%
psl-partitioner-1 674.5MiB / 4GiB 0.05%
psl-azurite 437.5MiB / 8GiB 94.51%
disk 162
psl-partitioner-1 676.6MiB / 4GiB 0.05%
psl-azurite 423.6MiB / 8GiB 105.01%
psl-partitioner-1 676.6MiB / 4GiB 0.05%
psl-azurite 439.1MiB / 8GiB 108.42%
psl-partitioner-1 676.8MiB / 4GiB 0.05%
psl-azurite 416.6MiB / 8GiB 104.08%
psl-partitioner-1 676.9MiB / 4GiB 0.11%
psl-azurite 422.7MiB / 8GiB 101.06%
disk 161
psl-partitioner-1 679MiB / 4GiB 1.93%
psl-azurite 444.3MiB / 8GiB 106.16%
psl-partitioner-1 679MiB / 4GiB 0.05%
psl-azurite 433.7MiB / 8GiB 109.87%
psl-partitioner-1 679.1MiB / 4GiB 1.85%
psl-azurite 417.2MiB / 8GiB 107.71%
psl-partitioner-1 679.1MiB / 4GiB 0.06%
psl-azurite 434.9MiB / 8GiB 103.41%
disk 159
psl-partitioner-1 679.1MiB / 4GiB 0.06%
psl-azurite 432.1MiB / 8GiB 103.59%
psl-partitioner-1 679.2MiB / 4GiB 0.06%
psl-azurite 418.2MiB / 8GiB 111.58%
psl-partitioner-1 679.2MiB / 4GiB 0.05%
psl-azurite 420.1MiB / 8GiB 107.27%
psl-partitioner-1 681.3MiB / 4GiB 1.45%
psl-azurite 424.1MiB / 8GiB 107.93%
disk 157
psl-partitioner-1 681.3MiB / 4GiB 0.06%
psl-azurite 429.2MiB / 8GiB 109.93%
psl-partitioner-1 681.4MiB / 4GiB 1.58%
psl-azurite 455.4MiB / 8GiB 103.79%
psl-partitioner-1 685.8MiB / 4GiB 0.18%
psl-azurite 428.3MiB / 8GiB 0.21%
psl-partitioner-1 814.6MiB / 4GiB 2.88%
psl-azurite 464.8MiB / 8GiB 248.78%
disk 154
psl-partitioner-1 816.9MiB / 4GiB 4.52%
psl-azurite 405.8MiB / 8GiB 115.74%
psl-partitioner-1 819.3MiB / 4GiB 2.64%
psl-azurite 404MiB / 8GiB 110.75%
psl-partitioner-1 819.3MiB / 4GiB 0.06%
psl-azurite 385.8MiB / 8GiB 117.56%
psl-partitioner-1 824.1MiB / 4GiB 12.98%
psl-azurite 385.7MiB / 8GiB 115.32%
disk 153
psl-partitioner-1 826.7MiB / 4GiB 0.05%
psl-azurite 377.9MiB / 8GiB 107.56%
psl-partitioner-1 826.7MiB / 4GiB 0.21%
psl-azurite 367.5MiB / 8GiB 104.37%
psl-partitioner-1 828.9MiB / 4GiB 1.24%
psl-azurite 376.1MiB / 8GiB 104.32%
psl-partitioner-1 828.9MiB / 4GiB 0.05%
psl-azurite 383.6MiB / 8GiB 104.53%
disk 151
psl-partitioner-1 835.2MiB / 4GiB 0.08%
psl-azurite 386.9MiB / 8GiB 98.08%
psl-partitioner-1 839.3MiB / 4GiB 0.04%
psl-azurite 377.4MiB / 8GiB 103.77%
psl-partitioner-1 839.5MiB / 4GiB 1.44%
psl-azurite 377.3MiB / 8GiB 104.79%
psl-partitioner-1 841.7MiB / 4GiB 0.05%
psl-azurite 378.1MiB / 8GiB 106.23%
disk 148
psl-partitioner-1 841.8MiB / 4GiB 0.05%
psl-azurite 378.3MiB / 8GiB 104.23%
psl-partitioner-1 847.2MiB / 4GiB 1.44%
psl-azurite 389.8MiB / 8GiB 115.42%
psl-partitioner-1 847.4MiB / 4GiB 2.36%
psl-azurite 357.3MiB / 8GiB 115.66%
psl-partitioner-1 849.5MiB / 4GiB 1.84%
psl-azurite 380.8MiB / 8GiB 116.23%
disk 146
psl-partitioner-1 851.5MiB / 4GiB 1.04%
psl-azurite 383.6MiB / 8GiB 111.33%
psl-partitioner-1 856.1MiB / 4GiB 3.51%
psl-azurite 422.2MiB / 8GiB 193.72%
psl-partitioner-1 856.1MiB / 4GiB 0.08%
psl-azurite 411.3MiB / 8GiB 106.63%
psl-partitioner-1 858.6MiB / 4GiB 2.71%
psl-azurite 407.5MiB / 8GiB 104.61%
disk 143
psl-partitioner-1 858.4MiB / 4GiB 1.11%
psl-azurite 398.7MiB / 8GiB 107.50%
psl-partitioner-1 861.4MiB / 4GiB 1.11%
psl-azurite 406.8MiB / 8GiB 104.24%
psl-partitioner-1 865.2MiB / 4GiB 0.07%
psl-azurite 411.6MiB / 8GiB 106.84%
psl-partitioner-1 865.3MiB / 4GiB 0.82%
psl-azurite 403.1MiB / 8GiB 104.97%
disk 141
psl-partitioner-1 867.3MiB / 4GiB 0.05%
psl-azurite 399.1MiB / 8GiB 105.00%
psl-partitioner-1 867.3MiB / 4GiB 0.05%
psl-azurite 410.9MiB / 8GiB 104.66%
psl-partitioner-1 873.9MiB / 4GiB 1.41%
psl-azurite 432.4MiB / 8GiB 102.94%
psl-partitioner-1 876MiB / 4GiB 0.14%
psl-azurite 430.7MiB / 8GiB 105.47%
disk 138
psl-partitioner-1 876.1MiB / 4GiB 1.22%
psl-azurite 419.1MiB / 8GiB 105.41%
psl-partitioner-1 878.1MiB / 4GiB 0.05%
psl-azurite 414.6MiB / 8GiB 104.87%
psl-partitioner-1 878.2MiB / 4GiB 0.88%
psl-azurite 412.7MiB / 8GiB 104.65%
psl-partitioner-1 882.7MiB / 4GiB 0.10%
psl-azurite 358.8MiB / 8GiB 61.34%
disk 137
psl-partitioner-1 882.8MiB / 4GiB 1.08%
psl-azurite 396.4MiB / 8GiB 104.73%
psl-partitioner-1 887.4MiB / 4GiB 0.09%
psl-azurite 381.9MiB / 8GiB 104.16%
psl-partitioner-1 887.4MiB / 4GiB 0.05%
psl-azurite 381.4MiB / 8GiB 104.35%
psl-partitioner-1 889.6MiB / 4GiB 1.60%
psl-azurite 386.6MiB / 8GiB 106.56%
disk 136
psl-partitioner-1 894.2MiB / 4GiB 2.32%
psl-azurite 392.8MiB / 8GiB 105.09%
psl-partitioner-1 894.2MiB / 4GiB 0.05%
psl-azurite 419.6MiB / 8GiB 104.59%
psl-partitioner-1 896.2MiB / 4GiB 0.07%
psl-azurite 405.1MiB / 8GiB 105.42%
psl-partitioner-1 896.3MiB / 4GiB 2.32%
psl-azurite 422MiB / 8GiB 104.91%
disk 133
psl-partitioner-1 900.6MiB / 4GiB 0.06%
psl-azurite 412MiB / 8GiB 212.43%
psl-partitioner-1 902.7MiB / 4GiB 0.05%
psl-azurite 416.1MiB / 8GiB 104.49%
psl-partitioner-1 904.9MiB / 4GiB 0.95%
psl-azurite 406.6MiB / 8GiB 107.23%
psl-partitioner-1 904.9MiB / 4GiB 1.17%
psl-azurite 410MiB / 8GiB 104.95%
disk 131
psl-partitioner-1 906.9MiB / 4GiB 0.04%
psl-azurite 395.4MiB / 8GiB 104.45%
psl-partitioner-1 911.2MiB / 4GiB 1.38%
psl-azurite 417.8MiB / 8GiB 156.28%
psl-partitioner-1 913.2MiB / 4GiB 0.77%
psl-azurite 404.3MiB / 8GiB 105.54%
psl-partitioner-1 915.3MiB / 4GiB 0.97%
psl-azurite 410.2MiB / 8GiB 105.58%
disk 128
psl-partitioner-1 915.3MiB / 4GiB 1.27%
psl-azurite 425.9MiB / 8GiB 104.66%
psl-partitioner-1 917.5MiB / 4GiB 6.86%
psl-azurite 444.2MiB / 8GiB 198.96%
psl-partitioner-1 919.6MiB / 4GiB 1.46%
psl-azurite 420.3MiB / 8GiB 108.39%
psl-partitioner-1 919.6MiB / 4GiB 0.05%
psl-azurite 419.5MiB / 8GiB 105.12%
disk 126
psl-partitioner-1 921.6MiB / 4GiB 0.04%
psl-azurite 419.4MiB / 8GiB 105.23%
psl-partitioner-1 924MiB / 4GiB 0.17%
psl-azurite 438.3MiB / 8GiB 192.39%
psl-partitioner-1 926.2MiB / 4GiB 0.06%
psl-azurite 425.9MiB / 8GiB 104.64%
psl-partitioner-1 928.2MiB / 4GiB 0.05%
psl-azurite 423.4MiB / 8GiB 104.50%
disk 124
psl-partitioner-1 930.3MiB / 4GiB 0.82%
psl-azurite 424MiB / 8GiB 104.21%
psl-partitioner-1 932.6MiB / 4GiB 1.24%
psl-azurite 441.1MiB / 8GiB 104.74%
psl-partitioner-1 934.6MiB / 4GiB 0.63%
psl-azurite 445.5MiB / 8GiB 105.04%
psl-partitioner-1 936.7MiB / 4GiB 2.70%
psl-azurite 439.2MiB / 8GiB 104.41%
disk 123
psl-partitioner-1 938.8MiB / 4GiB 0.08%
psl-azurite 452.2MiB / 8GiB 83.89%
psl-partitioner-1 940.8MiB / 4GiB 0.05%
psl-azurite 452.4MiB / 8GiB 106.49%
psl-partitioner-1 942.8MiB / 4GiB 1.92%
psl-azurite 437.1MiB / 8GiB 105.34%
psl-partitioner-1 945.1MiB / 4GiB 1.11%
psl-azurite 444.5MiB / 8GiB 107.39%
disk 121
