== 250MM fileId=aee9d977-5da6-3448-9125-e29058de43e3
partitioner-1 2026-09-19T12:24:28.342Z level=INFO logger=b.c.s.b.p.b.listener.StepMetricsListener thread=virtual-176 request_id=cycle-aec3d5fa-00c9-4578-adfd-fec7d2388d31/aee9d977-5da6-3448-9125-e29058de43e3 trace_id=634ff2f07d9815a48340c09c8eda7a89 span_id=29c4c448edd7a8b3 context=metrics operation=step.metrics step=validateHeaderStep fileId=aee9d977-5da6-3448-9125-e29058de43e3 jobExecutionId=1 status=COMPLETED durationMs=63 lines=250000000 bytes=0 linesPerSec=3968253968 mbPerSec=0.00 msg="STEP_METRICS" data={"stepExecutionId":1,"failures":[]}
partitioner-1 2026-09-19T12:24:28.394Z level=INFO logger=b.c.s.b.p.b.listener.StepMetricsListener thread=virtual-176 request_id=cycle-aec3d5fa-00c9-4578-adfd-fec7d2388d31/aee9d977-5da6-3448-9125-e29058de43e3 trace_id=634ff2f07d9815a48340c09c8eda7a89 span_id=29c4c448edd7a8b3 context=metrics operation=step.metrics step=cleanupPartitionsStep fileId=aee9d977-5da6-3448-9125-e29058de43e3 jobExecutionId=1 status=COMPLETED durationMs=27 lines=0 bytes=0 linesPerSec=0 mbPerSec=0.00 msg="STEP_METRICS" data={"stepExecutionId":2,"failures":[]}
partitioner-1 2026-09-19T12:26:54.147Z level=INFO logger=b.c.s.b.p.b.listener.StepMetricsListener thread=virtual-185 request_id=cycle-aec3d5fa-00c9-4578-adfd-fec7d2388d31/aee9d977-5da6-3448-9125-e29058de43e3 trace_id=634ff2f07d9815a48340c09c8eda7a89 span_id=29c4c448edd7a8b3 context=metrics operation=step.metrics step=partitionWorkerStep:partition0006 fileId=aee9d977-5da6-3448-9125-e29058de43e3 jobExecutionId=1 status=COMPLETED durationMs=145611 lines=25000000 bytes=3775000019 linesPerSec=171690 mbPerSec=24.72 msg="STEP_METRICS" data={"stepExecutionId":9,"failures":[]}
partitioner-1 2026-09-19T12:26:54.301Z level=INFO logger=b.c.s.b.p.b.listener.StepMetricsListener thread=virtual-182 request_id=cycle-aec3d5fa-00c9-4578-adfd-fec7d2388d31/aee9d977-5da6-3448-9125-e29058de43e3 trace_id=634ff2f07d9815a48340c09c8eda7a89 span_id=29c4c448edd7a8b3 context=metrics operation=step.metrics step=partitionWorkerStep:partition0004 fileId=aee9d977-5da6-3448-9125-e29058de43e3 jobExecutionId=1 status=COMPLETED durationMs=145766 lines=25000000 bytes=3775000019 linesPerSec=171508 mbPerSec=24.70 msg="STEP_METRICS" data={"stepExecutionId":7,"failures":[]}
partitioner-1 2026-09-19T12:26:54.312Z level=INFO logger=b.c.s.b.p.b.listener.StepMetricsListener thread=virtual-186 request_id=cycle-aec3d5fa-00c9-4578-adfd-fec7d2388d31/aee9d977-5da6-3448-9125-e29058de43e3 trace_id=634ff2f07d9815a48340c09c8eda7a89 span_id=29c4c448edd7a8b3 context=metrics operation=step.metrics step=partitionWorkerStep:partition0009 fileId=aee9d977-5da6-3448-9125-e29058de43e3 jobExecutionId=1 status=COMPLETED durationMs=145774 lines=25000000 bytes=3775000019 linesPerSec=171498 mbPerSec=24.70 msg="STEP_METRICS" data={"stepExecutionId":12,"failures":[]}
partitioner-1 2026-09-19T12:26:54.322Z level=INFO logger=b.c.s.b.p.b.listener.StepMetricsListener thread=virtual-181 request_id=cycle-aec3d5fa-00c9-4578-adfd-fec7d2388d31/aee9d977-5da6-3448-9125-e29058de43e3 trace_id=634ff2f07d9815a48340c09c8eda7a89 span_id=29c4c448edd7a8b3 context=metrics operation=step.metrics step=partitionWorkerStep:partition0001 fileId=aee9d977-5da6-3448-9125-e29058de43e3 jobExecutionId=1 status=COMPLETED durationMs=145786 lines=25000000 bytes=3775000019 linesPerSec=171484 mbPerSec=24.69 msg="STEP_METRICS" data={"stepExecutionId":4,"failures":[]}
partitioner-1 2026-09-19T12:26:54.457Z level=INFO logger=b.c.s.b.p.b.listener.StepMetricsListener thread=virtual-184 request_id=cycle-aec3d5fa-00c9-4578-adfd-fec7d2388d31/aee9d977-5da6-3448-9125-e29058de43e3 trace_id=634ff2f07d9815a48340c09c8eda7a89 span_id=29c4c448edd7a8b3 context=metrics operation=step.metrics step=partitionWorkerStep:partition0003 fileId=aee9d977-5da6-3448-9125-e29058de43e3 jobExecutionId=1 status=COMPLETED durationMs=145923 lines=25000000 bytes=3775000019 linesPerSec=171323 mbPerSec=24.67 msg="STEP_METRICS" data={"stepExecutionId":6,"failures":[]}
partitioner-1 2026-09-19T12:26:54.466Z level=INFO logger=b.c.s.b.p.b.listener.StepMetricsListener thread=virtual-180 request_id=cycle-aec3d5fa-00c9-4578-adfd-fec7d2388d31/aee9d977-5da6-3448-9125-e29058de43e3 trace_id=634ff2f07d9815a48340c09c8eda7a89 span_id=29c4c448edd7a8b3 context=metrics operation=step.metrics step=partitionWorkerStep:partition0010 fileId=aee9d977-5da6-3448-9125-e29058de43e3 jobExecutionId=1 status=COMPLETED durationMs=145932 lines=25000000 bytes=3775000019 linesPerSec=171313 mbPerSec=24.67 msg="STEP_METRICS" data={"stepExecutionId":13,"failures":[]}
partitioner-1 2026-09-19T12:26:54.472Z level=INFO logger=b.c.s.b.p.b.listener.StepMetricsListener thread=virtual-179 request_id=cycle-aec3d5fa-00c9-4578-adfd-fec7d2388d31/aee9d977-5da6-3448-9125-e29058de43e3 trace_id=634ff2f07d9815a48340c09c8eda7a89 span_id=29c4c448edd7a8b3 context=metrics operation=step.metrics step=partitionWorkerStep:partition0008 fileId=aee9d977-5da6-3448-9125-e29058de43e3 jobExecutionId=1 status=COMPLETED durationMs=145937 lines=25000000 bytes=3775000019 linesPerSec=171307 mbPerSec=24.67 msg="STEP_METRICS" data={"stepExecutionId":11,"failures":[]}
partitioner-1 2026-09-19T12:26:54.502Z level=INFO logger=b.c.s.b.p.b.listener.StepMetricsListener thread=virtual-178 request_id=cycle-aec3d5fa-00c9-4578-adfd-fec7d2388d31/aee9d977-5da6-3448-9125-e29058de43e3 trace_id=634ff2f07d9815a48340c09c8eda7a89 span_id=29c4c448edd7a8b3 context=metrics operation=step.metrics step=partitionWorkerStep:partition0005 fileId=aee9d977-5da6-3448-9125-e29058de43e3 jobExecutionId=1 status=COMPLETED durationMs=145968 lines=25000000 bytes=3775000019 linesPerSec=171270 mbPerSec=24.66 msg="STEP_METRICS" data={"stepExecutionId":8,"failures":[]}
partitioner-1 2026-09-19T12:26:54.506Z level=INFO logger=b.c.s.b.p.b.listener.StepMetricsListener thread=virtual-177 request_id=cycle-aec3d5fa-00c9-4578-adfd-fec7d2388d31/aee9d977-5da6-3448-9125-e29058de43e3 trace_id=634ff2f07d9815a48340c09c8eda7a89 span_id=29c4c448edd7a8b3 context=metrics operation=step.metrics step=partitionWorkerStep:partition0002 fileId=aee9d977-5da6-3448-9125-e29058de43e3 jobExecutionId=1 status=COMPLETED durationMs=145972 lines=25000000 bytes=3775000019 linesPerSec=171266 mbPerSec=24.66 msg="STEP_METRICS" data={"stepExecutionId":5,"failures":[]}
partitioner-1 2026-09-19T12:26:54.533Z level=INFO logger=b.c.s.b.p.b.listener.StepMetricsListener thread=virtual-183 request_id=cycle-aec3d5fa-00c9-4578-adfd-fec7d2388d31/aee9d977-5da6-3448-9125-e29058de43e3 trace_id=634ff2f07d9815a48340c09c8eda7a89 span_id=29c4c448edd7a8b3 context=metrics operation=step.metrics step=partitionWorkerStep:partition0007 fileId=aee9d977-5da6-3448-9125-e29058de43e3 jobExecutionId=1 status=COMPLETED durationMs=146000 lines=25000000 bytes=3775000019 linesPerSec=171233 mbPerSec=24.66 msg="STEP_METRICS" data={"stepExecutionId":10,"failures":[]}
partitioner-1 2026-09-19T12:26:54.544Z level=INFO logger=b.c.s.b.p.b.listener.StepMetricsListener thread=virtual-176 request_id=cycle-aec3d5fa-00c9-4578-adfd-fec7d2388d31/aee9d977-5da6-3448-9125-e29058de43e3 trace_id=634ff2f07d9815a48340c09c8eda7a89 span_id=29c4c448edd7a8b3 context=metrics operation=step.metrics step=partitionMasterStep fileId=aee9d977-5da6-3448-9125-e29058de43e3 jobExecutionId=1 status=COMPLETED durationMs=146124 lines=250000000 bytes=37750000190 linesPerSec=1710876 mbPerSec=246.37 msg="STEP_METRICS" data={"stepExecutionId":3,"failures":[]}
partitioner-1 2026-09-19T12:26:54.589Z level=INFO logger=b.c.s.b.p.b.listener.StepMetricsListener thread=virtual-176 request_id=cycle-aec3d5fa-00c9-4578-adfd-fec7d2388d31/aee9d977-5da6-3448-9125-e29058de43e3 trace_id=634ff2f07d9815a48340c09c8eda7a89 span_id=29c4c448edd7a8b3 context=metrics operation=step.metrics step=registerPartitionsStep fileId=aee9d977-5da6-3448-9125-e29058de43e3 jobExecutionId=1 status=COMPLETED durationMs=25 lines=0 bytes=0 linesPerSec=0 mbPerSec=0.00 msg="STEP_METRICS" data={"stepExecutionId":14,"failures":[]}
partitioner-1 2026-09-19T12:26:54.661Z level=INFO logger=b.c.s.b.p.b.listener.StepMetricsListener thread=virtual-176 request_id=cycle-aec3d5fa-00c9-4578-adfd-fec7d2388d31/aee9d977-5da6-3448-9125-e29058de43e3 trace_id=634ff2f07d9815a48340c09c8eda7a89 span_id=29c4c448edd7a8b3 context=metrics operation=step.metrics step=moveOriginalStep fileId=aee9d977-5da6-3448-9125-e29058de43e3 jobExecutionId=1 status=COMPLETED durationMs=57 lines=0 bytes=37750000019 linesPerSec=0 mbPerSec=631600.10 msg="STEP_METRICS" data={"stepExecutionId":15,"failures":[]}
partitioner-1 2026-09-19T12:26:55.087Z level=INFO logger=b.c.s.b.p.b.listener.StepMetricsListener thread=virtual-176 request_id=cycle-aec3d5fa-00c9-4578-adfd-fec7d2388d31/aee9d977-5da6-3448-9125-e29058de43e3 trace_id=634ff2f07d9815a48340c09c8eda7a89 span_id=29c4c448edd7a8b3 context=metrics operation=step.metrics step=publishPartitionsStep fileId=aee9d977-5da6-3448-9125-e29058de43e3 jobExecutionId=1 status=COMPLETED durationMs=409 lines=0 bytes=0 linesPerSec=0 mbPerSec=0.00 msg="STEP_METRICS" data={"stepExecutionId":16,"failures":[]}
partitioner-1 2026-09-19T12:26:55.100Z level=INFO logger=b.c.s.b.p.b.listener.JobMetricsListener thread=virtual-176 request_id=cycle-aec3d5fa-00c9-4578-adfd-fec7d2388d31/aee9d977-5da6-3448-9125-e29058de43e3 trace_id=634ff2f07d9815a48340c09c8eda7a89 span_id=29c4c448edd7a8b3 context=metrics operation=job.metrics job=filePartitionJob fileId=aee9d977-5da6-3448-9125-e29058de43e3 jobExecutionId=1 status=COMPLETED attempt=1 durationMs=146858 lines=250000000 bytes=37750000019 partitions=10 linesPerSec=1702325 mbPerSec=245.14 msg="JOB_METRICS" data={"fileName":"MOV_ABERTO_20260919_1789820394188_01.txt","failures":[]}
== amostras de docker stats
psl-partitioner-1 387.2MiB / 4GiB 0.18%
psl-azurite 71.43MiB / 8GiB 62.03%
disk 191
psl-partitioner-1 638MiB / 4GiB 0.07%
psl-azurite 106.3MiB / 8GiB 98.90%
psl-partitioner-1 640.2MiB / 4GiB 0.09%
psl-azurite 129.8MiB / 8GiB 108.74%
psl-partitioner-1 642.3MiB / 4GiB 0.68%
psl-azurite 191.8MiB / 8GiB 112.93%
disk 188
psl-partitioner-1 642.5MiB / 4GiB 0.10%
psl-azurite 197.4MiB / 8GiB 112.08%
psl-partitioner-1 643.2MiB / 4GiB 0.12%
psl-azurite 226.4MiB / 8GiB 106.80%
psl-partitioner-1 643.4MiB / 4GiB 0.11%
psl-azurite 268MiB / 8GiB 106.50%
psl-partitioner-1 645.5MiB / 4GiB 0.13%
psl-azurite 303.2MiB / 8GiB 100.12%
disk 184
psl-partitioner-1 645.7MiB / 4GiB 0.07%
psl-azurite 312.3MiB / 8GiB 111.31%
psl-partitioner-1 645.9MiB / 4GiB 0.08%
psl-azurite 315MiB / 8GiB 101.32%
psl-partitioner-1 648MiB / 4GiB 0.07%
psl-azurite 331.7MiB / 8GiB 103.74%
psl-partitioner-1 648MiB / 4GiB 0.06%
psl-azurite 335.3MiB / 8GiB 115.34%
disk 179
psl-partitioner-1 648.2MiB / 4GiB 0.07%
psl-azurite 329.5MiB / 8GiB 106.19%
psl-partitioner-1 648.3MiB / 4GiB 0.07%
psl-azurite 343MiB / 8GiB 101.10%
psl-partitioner-1 648.5MiB / 4GiB 0.07%
psl-azurite 353.3MiB / 8GiB 115.02%
psl-partitioner-1 650.5MiB / 4GiB 0.06%
psl-azurite 340.2MiB / 8GiB 103.09%
disk 175
psl-partitioner-1 650.6MiB / 4GiB 0.08%
psl-azurite 346MiB / 8GiB 101.43%
psl-partitioner-1 650.7MiB / 4GiB 0.06%
psl-azurite 354.9MiB / 8GiB 97.88%
psl-partitioner-1 650.8MiB / 4GiB 1.98%
psl-azurite 354.8MiB / 8GiB 100.90%
psl-partitioner-1 652.9MiB / 4GiB 0.09%
psl-azurite 373MiB / 8GiB 98.36%
disk 171
psl-partitioner-1 653.1MiB / 4GiB 0.06%
psl-azurite 364.1MiB / 8GiB 106.95%
psl-partitioner-1 653.2MiB / 4GiB 0.06%
psl-azurite 362.6MiB / 8GiB 112.58%
psl-partitioner-1 653.2MiB / 4GiB 0.07%
psl-azurite 401.5MiB / 8GiB 109.24%
psl-partitioner-1 653.4MiB / 4GiB 0.07%
psl-azurite 371.1MiB / 8GiB 103.18%
disk 166
psl-partitioner-1 655.4MiB / 4GiB 0.69%
psl-azurite 389MiB / 8GiB 98.97%
psl-partitioner-1 655.6MiB / 4GiB 0.06%
psl-azurite 388.7MiB / 8GiB 107.06%
psl-partitioner-1 655.6MiB / 4GiB 0.06%
psl-azurite 394.4MiB / 8GiB 98.98%
psl-partitioner-1 655.7MiB / 4GiB 1.78%
psl-azurite 397.3MiB / 8GiB 100.81%
disk 162
psl-partitioner-1 655.7MiB / 4GiB 0.06%
psl-azurite 397.6MiB / 8GiB 108.38%
psl-partitioner-1 657.9MiB / 4GiB 1.86%
psl-azurite 392.9MiB / 8GiB 104.61%
psl-partitioner-1 658MiB / 4GiB 0.06%
psl-azurite 402.7MiB / 8GiB 109.99%
psl-partitioner-1 658MiB / 4GiB 1.72%
psl-azurite 402.7MiB / 8GiB 113.29%
disk 158
psl-partitioner-1 660.1MiB / 4GiB 0.06%
psl-azurite 393.3MiB / 8GiB 107.99%
psl-partitioner-1 660.4MiB / 4GiB 3.05%
psl-azurite 407.3MiB / 8GiB 109.06%
psl-partitioner-1 662.6MiB / 4GiB 4.41%
psl-azurite 397.6MiB / 8GiB 0.00%
psl-partitioner-1 664.9MiB / 4GiB 0.22%
psl-azurite 400.6MiB / 8GiB 0.06%
disk 156
psl-partitioner-1 667.3MiB / 4GiB 3.81%
psl-azurite 400.6MiB / 8GiB 0.00%
psl-partitioner-1 2.129GiB / 4GiB 275.08%
psl-azurite 400.6MiB / 8GiB 1.82%
psl-partitioner-1 3.153GiB / 4GiB 110.02%
psl-azurite 393.7MiB / 8GiB 200.97%
psl-partitioner-1 3.138GiB / 4GiB 76.60%
psl-azurite 361MiB / 8GiB 198.25%
disk 152
psl-partitioner-1 3.138GiB / 4GiB 77.58%
psl-azurite 344.3MiB / 8GiB 230.61%
psl-partitioner-1 3.257GiB / 4GiB 88.02%
psl-azurite 329.3MiB / 8GiB 233.65%
psl-partitioner-1 3.143GiB / 4GiB 54.93%
psl-azurite 359.5MiB / 8GiB 183.33%
psl-partitioner-1 3.145GiB / 4GiB 38.87%
psl-azurite 430.9MiB / 8GiB 140.83%
disk 145
psl-partitioner-1 3.144GiB / 4GiB 110.03%
psl-azurite 379.1MiB / 8GiB 148.97%
psl-partitioner-1 3.162GiB / 4GiB 67.59%
psl-azurite 434.2MiB / 8GiB 177.78%
psl-partitioner-1 3.185GiB / 4GiB 55.32%
psl-azurite 389.4MiB / 8GiB 155.32%
psl-partitioner-1 3.198GiB / 4GiB 53.26%
psl-azurite 395.4MiB / 8GiB 155.06%
disk 138
psl-partitioner-1 3.196GiB / 4GiB 60.40%
psl-azurite 422.4MiB / 8GiB 156.04%
psl-partitioner-1 3.187GiB / 4GiB 70.82%
psl-azurite 425.3MiB / 8GiB 153.10%
psl-partitioner-1 3.197GiB / 4GiB 47.86%
psl-azurite 436.6MiB / 8GiB 160.69%
psl-partitioner-1 3.191GiB / 4GiB 53.10%
psl-azurite 467MiB / 8GiB 150.20%
disk 130
psl-partitioner-1 3.188GiB / 4GiB 51.14%
psl-azurite 450.8MiB / 8GiB 158.45%
psl-partitioner-1 3.194GiB / 4GiB 50.37%
psl-azurite 463.4MiB / 8GiB 151.78%
psl-partitioner-1 3.189GiB / 4GiB 60.42%
psl-azurite 445.7MiB / 8GiB 180.31%
psl-partitioner-1 3.292GiB / 4GiB 51.54%
psl-azurite 479.1MiB / 8GiB 148.86%
disk 123
psl-partitioner-1 3.19GiB / 4GiB 49.06%
psl-azurite 475.1MiB / 8GiB 177.10%
