== 250MM fileId=4ea5a837-de1d-3bc2-9c75-d27236a9d722
partitioner-1 2026-09-19T12:08:55.593Z level=INFO logger=b.c.s.b.p.b.listener.StepMetricsListener thread=virtual-157 request_id=cycle-4f0fa792-91b1-401a-9187-9e2aba3061ef/4ea5a837-de1d-3bc2-9c75-d27236a9d722 trace_id=79a94f195fbc90afb818dbb0764ff8d8 span_id=a0978ff693e2a16b context=metrics operation=step.metrics step=validateHeaderStep fileId=4ea5a837-de1d-3bc2-9c75-d27236a9d722 jobExecutionId=1 status=COMPLETED durationMs=71 lines=250000000 bytes=0 linesPerSec=3521126761 mbPerSec=0.00 msg="STEP_METRICS" data={"stepExecutionId":1,"failures":[]}
partitioner-1 2026-09-19T12:08:55.648Z level=INFO logger=b.c.s.b.p.b.listener.StepMetricsListener thread=virtual-157 request_id=cycle-4f0fa792-91b1-401a-9187-9e2aba3061ef/4ea5a837-de1d-3bc2-9c75-d27236a9d722 trace_id=79a94f195fbc90afb818dbb0764ff8d8 span_id=a0978ff693e2a16b context=metrics operation=step.metrics step=cleanupPartitionsStep fileId=4ea5a837-de1d-3bc2-9c75-d27236a9d722 jobExecutionId=1 status=COMPLETED durationMs=25 lines=0 bytes=0 linesPerSec=0 mbPerSec=0.00 msg="STEP_METRICS" data={"stepExecutionId":2,"failures":[]}
partitioner-1 2026-09-19T12:11:28.827Z level=INFO logger=b.c.s.b.p.b.listener.StepMetricsListener thread=virtual-166 request_id=cycle-4f0fa792-91b1-401a-9187-9e2aba3061ef/4ea5a837-de1d-3bc2-9c75-d27236a9d722 trace_id=79a94f195fbc90afb818dbb0764ff8d8 span_id=a0978ff693e2a16b context=metrics operation=step.metrics step=partitionWorkerStep:partition0006 fileId=4ea5a837-de1d-3bc2-9c75-d27236a9d722 jobExecutionId=1 status=COMPLETED durationMs=153025 lines=25000000 bytes=3775000019 linesPerSec=163372 mbPerSec=23.53 msg="STEP_METRICS" data={"stepExecutionId":9,"failures":[]}
partitioner-1 2026-09-19T12:11:29.126Z level=INFO logger=b.c.s.b.p.b.listener.StepMetricsListener thread=virtual-167 request_id=cycle-4f0fa792-91b1-401a-9187-9e2aba3061ef/4ea5a837-de1d-3bc2-9c75-d27236a9d722 trace_id=79a94f195fbc90afb818dbb0764ff8d8 span_id=a0978ff693e2a16b context=metrics operation=step.metrics step=partitionWorkerStep:partition0009 fileId=4ea5a837-de1d-3bc2-9c75-d27236a9d722 jobExecutionId=1 status=COMPLETED durationMs=153322 lines=25000000 bytes=3775000019 linesPerSec=163056 mbPerSec=23.48 msg="STEP_METRICS" data={"stepExecutionId":12,"failures":[]}
partitioner-1 2026-09-19T12:11:29.135Z level=INFO logger=b.c.s.b.p.b.listener.StepMetricsListener thread=virtual-163 request_id=cycle-4f0fa792-91b1-401a-9187-9e2aba3061ef/4ea5a837-de1d-3bc2-9c75-d27236a9d722 trace_id=79a94f195fbc90afb818dbb0764ff8d8 span_id=a0978ff693e2a16b context=metrics operation=step.metrics step=partitionWorkerStep:partition0004 fileId=4ea5a837-de1d-3bc2-9c75-d27236a9d722 jobExecutionId=1 status=COMPLETED durationMs=153333 lines=25000000 bytes=3775000019 linesPerSec=163044 mbPerSec=23.48 msg="STEP_METRICS" data={"stepExecutionId":7,"failures":[]}
partitioner-1 2026-09-19T12:11:29.143Z level=INFO logger=b.c.s.b.p.b.listener.StepMetricsListener thread=virtual-159 request_id=cycle-4f0fa792-91b1-401a-9187-9e2aba3061ef/4ea5a837-de1d-3bc2-9c75-d27236a9d722 trace_id=79a94f195fbc90afb818dbb0764ff8d8 span_id=a0978ff693e2a16b context=metrics operation=step.metrics step=partitionWorkerStep:partition0005 fileId=4ea5a837-de1d-3bc2-9c75-d27236a9d722 jobExecutionId=1 status=COMPLETED durationMs=153343 lines=25000000 bytes=3775000019 linesPerSec=163033 mbPerSec=23.48 msg="STEP_METRICS" data={"stepExecutionId":8,"failures":[]}
partitioner-1 2026-09-19T12:11:29.147Z level=INFO logger=b.c.s.b.p.b.listener.StepMetricsListener thread=virtual-161 request_id=cycle-4f0fa792-91b1-401a-9187-9e2aba3061ef/4ea5a837-de1d-3bc2-9c75-d27236a9d722 trace_id=79a94f195fbc90afb818dbb0764ff8d8 span_id=a0978ff693e2a16b context=metrics operation=step.metrics step=partitionWorkerStep:partition0010 fileId=4ea5a837-de1d-3bc2-9c75-d27236a9d722 jobExecutionId=1 status=COMPLETED durationMs=153346 lines=25000000 bytes=3775000019 linesPerSec=163030 mbPerSec=23.48 msg="STEP_METRICS" data={"stepExecutionId":13,"failures":[]}
partitioner-1 2026-09-19T12:11:29.159Z level=INFO logger=b.c.s.b.p.b.listener.StepMetricsListener thread=virtual-164 request_id=cycle-4f0fa792-91b1-401a-9187-9e2aba3061ef/4ea5a837-de1d-3bc2-9c75-d27236a9d722 trace_id=79a94f195fbc90afb818dbb0764ff8d8 span_id=a0978ff693e2a16b context=metrics operation=step.metrics step=partitionWorkerStep:partition0007 fileId=4ea5a837-de1d-3bc2-9c75-d27236a9d722 jobExecutionId=1 status=COMPLETED durationMs=153356 lines=25000000 bytes=3775000019 linesPerSec=163019 mbPerSec=23.48 msg="STEP_METRICS" data={"stepExecutionId":10,"failures":[]}
partitioner-1 2026-09-19T12:11:29.162Z level=INFO logger=b.c.s.b.p.b.listener.StepMetricsListener thread=virtual-162 request_id=cycle-4f0fa792-91b1-401a-9187-9e2aba3061ef/4ea5a837-de1d-3bc2-9c75-d27236a9d722 trace_id=79a94f195fbc90afb818dbb0764ff8d8 span_id=a0978ff693e2a16b context=metrics operation=step.metrics step=partitionWorkerStep:partition0001 fileId=4ea5a837-de1d-3bc2-9c75-d27236a9d722 jobExecutionId=1 status=COMPLETED durationMs=153362 lines=25000000 bytes=3775000019 linesPerSec=163013 mbPerSec=23.47 msg="STEP_METRICS" data={"stepExecutionId":4,"failures":[]}
partitioner-1 2026-09-19T12:11:29.168Z level=INFO logger=b.c.s.b.p.b.listener.StepMetricsListener thread=virtual-160 request_id=cycle-4f0fa792-91b1-401a-9187-9e2aba3061ef/4ea5a837-de1d-3bc2-9c75-d27236a9d722 trace_id=79a94f195fbc90afb818dbb0764ff8d8 span_id=a0978ff693e2a16b context=metrics operation=step.metrics step=partitionWorkerStep:partition0008 fileId=4ea5a837-de1d-3bc2-9c75-d27236a9d722 jobExecutionId=1 status=COMPLETED durationMs=153366 lines=25000000 bytes=3775000019 linesPerSec=163009 mbPerSec=23.47 msg="STEP_METRICS" data={"stepExecutionId":11,"failures":[]}
partitioner-1 2026-09-19T12:11:29.175Z level=INFO logger=b.c.s.b.p.b.listener.StepMetricsListener thread=virtual-165 request_id=cycle-4f0fa792-91b1-401a-9187-9e2aba3061ef/4ea5a837-de1d-3bc2-9c75-d27236a9d722 trace_id=79a94f195fbc90afb818dbb0764ff8d8 span_id=a0978ff693e2a16b context=metrics operation=step.metrics step=partitionWorkerStep:partition0003 fileId=4ea5a837-de1d-3bc2-9c75-d27236a9d722 jobExecutionId=1 status=COMPLETED durationMs=153373 lines=25000000 bytes=3775000019 linesPerSec=163001 mbPerSec=23.47 msg="STEP_METRICS" data={"stepExecutionId":6,"failures":[]}
partitioner-1 2026-09-19T12:11:29.178Z level=INFO logger=b.c.s.b.p.b.listener.StepMetricsListener thread=virtual-158 request_id=cycle-4f0fa792-91b1-401a-9187-9e2aba3061ef/4ea5a837-de1d-3bc2-9c75-d27236a9d722 trace_id=79a94f195fbc90afb818dbb0764ff8d8 span_id=a0978ff693e2a16b context=metrics operation=step.metrics step=partitionWorkerStep:partition0002 fileId=4ea5a837-de1d-3bc2-9c75-d27236a9d722 jobExecutionId=1 status=COMPLETED durationMs=153378 lines=25000000 bytes=3775000019 linesPerSec=162996 mbPerSec=23.47 msg="STEP_METRICS" data={"stepExecutionId":5,"failures":[]}
partitioner-1 2026-09-19T12:11:29.189Z level=INFO logger=b.c.s.b.p.b.listener.StepMetricsListener thread=virtual-157 request_id=cycle-4f0fa792-91b1-401a-9187-9e2aba3061ef/4ea5a837-de1d-3bc2-9c75-d27236a9d722 trace_id=79a94f195fbc90afb818dbb0764ff8d8 span_id=a0978ff693e2a16b context=metrics operation=step.metrics step=partitionMasterStep fileId=4ea5a837-de1d-3bc2-9c75-d27236a9d722 jobExecutionId=1 status=COMPLETED durationMs=153517 lines=250000000 bytes=37750000190 linesPerSec=1628484 mbPerSec=234.51 msg="STEP_METRICS" data={"stepExecutionId":3,"failures":[]}
partitioner-1 2026-09-19T12:11:29.235Z level=INFO logger=b.c.s.b.p.b.listener.StepMetricsListener thread=virtual-157 request_id=cycle-4f0fa792-91b1-401a-9187-9e2aba3061ef/4ea5a837-de1d-3bc2-9c75-d27236a9d722 trace_id=79a94f195fbc90afb818dbb0764ff8d8 span_id=a0978ff693e2a16b context=metrics operation=step.metrics step=registerPartitionsStep fileId=4ea5a837-de1d-3bc2-9c75-d27236a9d722 jobExecutionId=1 status=COMPLETED durationMs=24 lines=0 bytes=0 linesPerSec=0 mbPerSec=0.00 msg="STEP_METRICS" data={"stepExecutionId":14,"failures":[]}
partitioner-1 2026-09-19T12:11:29.314Z level=INFO logger=b.c.s.b.p.b.listener.StepMetricsListener thread=virtual-157 request_id=cycle-4f0fa792-91b1-401a-9187-9e2aba3061ef/4ea5a837-de1d-3bc2-9c75-d27236a9d722 trace_id=79a94f195fbc90afb818dbb0764ff8d8 span_id=a0978ff693e2a16b context=metrics operation=step.metrics step=moveOriginalStep fileId=4ea5a837-de1d-3bc2-9c75-d27236a9d722 jobExecutionId=1 status=COMPLETED durationMs=58 lines=0 bytes=37750000019 linesPerSec=0 mbPerSec=620710.44 msg="STEP_METRICS" data={"stepExecutionId":15,"failures":[]}
partitioner-1 2026-09-19T12:11:29.755Z level=INFO logger=b.c.s.b.p.b.listener.StepMetricsListener thread=virtual-157 request_id=cycle-4f0fa792-91b1-401a-9187-9e2aba3061ef/4ea5a837-de1d-3bc2-9c75-d27236a9d722 trace_id=79a94f195fbc90afb818dbb0764ff8d8 span_id=a0978ff693e2a16b context=metrics operation=step.metrics step=publishPartitionsStep fileId=4ea5a837-de1d-3bc2-9c75-d27236a9d722 jobExecutionId=1 status=COMPLETED durationMs=422 lines=0 bytes=0 linesPerSec=0 mbPerSec=0.00 msg="STEP_METRICS" data={"stepExecutionId":16,"failures":[]}
partitioner-1 2026-09-19T12:11:29.769Z level=INFO logger=b.c.s.b.p.b.listener.JobMetricsListener thread=virtual-157 request_id=cycle-4f0fa792-91b1-401a-9187-9e2aba3061ef/4ea5a837-de1d-3bc2-9c75-d27236a9d722 trace_id=79a94f195fbc90afb818dbb0764ff8d8 span_id=a0978ff693e2a16b context=metrics operation=job.metrics job=filePartitionJob fileId=4ea5a837-de1d-3bc2-9c75-d27236a9d722 jobExecutionId=1 status=COMPLETED attempt=1 durationMs=154288 lines=250000000 bytes=37750000019 partitions=10 linesPerSec=1620346 mbPerSec=233.34 msg="JOB_METRICS" data={"fileName":"MOV_ABERTO_20260919_1789819461108_01.txt","failures":[]}
== amostras de docker stats
psl-partitioner-1 398.3MiB / 4GiB 0.07%
psl-azurite 79.63MiB / 8GiB 100.38%
disk 191
psl-partitioner-1 640.9MiB / 4GiB 0.80%
psl-azurite 117.3MiB / 8GiB 106.13%
psl-partitioner-1 643.1MiB / 4GiB 0.11%
psl-azurite 145.1MiB / 8GiB 107.49%
psl-partitioner-1 645.3MiB / 4GiB 0.28%
psl-azurite 165.4MiB / 8GiB 114.71%
disk 188
psl-partitioner-1 645.5MiB / 4GiB 0.09%
psl-azurite 214.1MiB / 8GiB 113.68%
psl-partitioner-1 646.2MiB / 4GiB 0.12%
psl-azurite 241.8MiB / 8GiB 97.38%
psl-partitioner-1 646.4MiB / 4GiB 0.11%
psl-azurite 269.4MiB / 8GiB 109.27%
psl-partitioner-1 648.5MiB / 4GiB 0.54%
psl-azurite 306.9MiB / 8GiB 103.51%
disk 183
psl-partitioner-1 648.7MiB / 4GiB 0.12%
psl-azurite 307.8MiB / 8GiB 104.72%
psl-partitioner-1 648.9MiB / 4GiB 2.51%
psl-azurite 311.4MiB / 8GiB 98.78%
psl-partitioner-1 649MiB / 4GiB 2.65%
psl-azurite 322.5MiB / 8GiB 111.30%
psl-partitioner-1 649MiB / 4GiB 0.07%
psl-azurite 324.2MiB / 8GiB 106.39%
disk 180
psl-partitioner-1 649.2MiB / 4GiB 0.10%
psl-azurite 326MiB / 8GiB 102.81%
psl-partitioner-1 651.4MiB / 4GiB 0.08%
psl-azurite 356.4MiB / 8GiB 90.69%
psl-partitioner-1 651.5MiB / 4GiB 0.07%
psl-azurite 337.2MiB / 8GiB 116.14%
psl-partitioner-1 651.5MiB / 4GiB 0.29%
psl-azurite 346.2MiB / 8GiB 103.55%
disk 176
psl-partitioner-1 653.6MiB / 4GiB 0.07%
psl-azurite 347.9MiB / 8GiB 112.23%
psl-partitioner-1 653.7MiB / 4GiB 0.07%
psl-azurite 347.8MiB / 8GiB 111.66%
psl-partitioner-1 653.8MiB / 4GiB 0.07%
psl-azurite 356.4MiB / 8GiB 103.46%
psl-partitioner-1 653.9MiB / 4GiB 0.36%
psl-azurite 353.9MiB / 8GiB 106.08%
disk 171
psl-partitioner-1 656.1MiB / 4GiB 2.68%
psl-azurite 377.3MiB / 8GiB 109.79%
psl-partitioner-1 656.2MiB / 4GiB 0.08%
psl-azurite 390.2MiB / 8GiB 105.59%
psl-partitioner-1 656.2MiB / 4GiB 0.07%
psl-azurite 371.9MiB / 8GiB 110.20%
psl-partitioner-1 658.4MiB / 4GiB 0.35%
psl-azurite 383.1MiB / 8GiB 108.33%
disk 167
psl-partitioner-1 658.4MiB / 4GiB 0.07%
psl-azurite 383.1MiB / 8GiB 100.08%
psl-partitioner-1 658.6MiB / 4GiB 0.06%
psl-azurite 381.4MiB / 8GiB 113.65%
psl-partitioner-1 658.6MiB / 4GiB 0.17%
psl-azurite 398.1MiB / 8GiB 102.65%
psl-partitioner-1 658.8MiB / 4GiB 1.82%
psl-azurite 398.2MiB / 8GiB 120.94%
disk 163
psl-partitioner-1 658.8MiB / 4GiB 0.77%
psl-azurite 389.6MiB / 8GiB 104.94%
psl-partitioner-1 660.9MiB / 4GiB 2.00%
psl-azurite 392.8MiB / 8GiB 112.88%
psl-partitioner-1 661MiB / 4GiB 0.07%
psl-azurite 395.6MiB / 8GiB 115.01%
psl-partitioner-1 661.1MiB / 4GiB 1.97%
psl-azurite 396.6MiB / 8GiB 105.50%
disk 159
psl-partitioner-1 663.1MiB / 4GiB 0.07%
psl-azurite 407.9MiB / 8GiB 99.61%
psl-partitioner-1 663.3MiB / 4GiB 1.86%
psl-azurite 403.3MiB / 8GiB 109.89%
psl-partitioner-1 663.3MiB / 4GiB 0.06%
psl-azurite 402.7MiB / 8GiB 97.17%
psl-partitioner-1 666.2MiB / 4GiB 3.76%
psl-azurite 403.8MiB / 8GiB 0.00%
disk 156
psl-partitioner-1 668.1MiB / 4GiB 4.23%
psl-azurite 403.8MiB / 8GiB 0.00%
psl-partitioner-1 2.03GiB / 4GiB 58.63%
psl-azurite 457.5MiB / 8GiB 274.20%
psl-partitioner-1 3.2GiB / 4GiB 30.22%
psl-azurite 459.3MiB / 8GiB 219.58%
psl-partitioner-1 3.198GiB / 4GiB 59.69%
psl-azurite 371.1MiB / 8GiB 216.43%
disk 152
psl-partitioner-1 3.269GiB / 4GiB 58.32%
psl-azurite 350.2MiB / 8GiB 219.45%
psl-partitioner-1 3.259GiB / 4GiB 46.92%
psl-azurite 345.5MiB / 8GiB 201.04%
psl-partitioner-1 3.223GiB / 4GiB 89.33%
psl-azurite 355.5MiB / 8GiB 232.15%
psl-partitioner-1 3.266GiB / 4GiB 123.14%
psl-azurite 383.4MiB / 8GiB 231.33%
disk 145
psl-partitioner-1 3.284GiB / 4GiB 36.47%
psl-azurite 365.6MiB / 8GiB 221.16%
psl-partitioner-1 3.23GiB / 4GiB 22.29%
psl-azurite 386.9MiB / 8GiB 219.42%
psl-partitioner-1 3.221GiB / 4GiB 55.39%
psl-azurite 386.6MiB / 8GiB 227.97%
psl-partitioner-1 3.23GiB / 4GiB 61.74%
psl-azurite 368.3MiB / 8GiB 209.47%
disk 139
psl-partitioner-1 3.275GiB / 4GiB 40.88%
psl-azurite 391.5MiB / 8GiB 186.81%
psl-partitioner-1 3.232GiB / 4GiB 54.45%
psl-azurite 410.4MiB / 8GiB 157.32%
psl-partitioner-1 3.243GiB / 4GiB 40.11%
psl-azurite 430MiB / 8GiB 155.48%
psl-partitioner-1 3.267GiB / 4GiB 68.16%
psl-azurite 432.9MiB / 8GiB 206.73%
disk 132
psl-partitioner-1 3.226GiB / 4GiB 61.10%
psl-azurite 417.9MiB / 8GiB 166.08%
psl-partitioner-1 3.236GiB / 4GiB 46.72%
psl-azurite 411MiB / 8GiB 159.74%
psl-partitioner-1 3.228GiB / 4GiB 39.66%
psl-azurite 467.8MiB / 8GiB 151.17%
psl-partitioner-1 3.235GiB / 4GiB 19.80%
psl-azurite 426.3MiB / 8GiB 147.74%
disk 124
psl-partitioner-1 3.243GiB / 4GiB 47.25%
psl-azurite 446MiB / 8GiB 153.82%
psl-partitioner-1 3.282GiB / 4GiB 55.90%
psl-azurite 435.4MiB / 8GiB 166.18%
