== 250MM fileId=1e1a2cc3-a25a-3fa5-b161-cdca3453673f
partitioner-1 2026-09-18T22:28:27.615Z level=INFO logger=b.c.s.b.p.b.listener.StepMetricsListener thread=virtual-171 request_id=cycle-d9a00ce2-6f3c-41ea-94e8-c1599adcdbbb/1e1a2cc3-a25a-3fa5-b161-cdca3453673f trace_id=af6965e002d8fe46d2de8949fdf6d76d span_id=85f11350d0eed6af context=metrics operation=step.metrics step=validateHeaderStep fileId=1e1a2cc3-a25a-3fa5-b161-cdca3453673f jobExecutionId=1 status=COMPLETED durationMs=72 lines=250000000 bytes=0 linesPerSec=3472222222 mbPerSec=0.00 msg="STEP_METRICS" data={"stepExecutionId":1,"failures":[]}
partitioner-1 2026-09-18T22:28:27.662Z level=INFO logger=b.c.s.b.p.b.listener.StepMetricsListener thread=virtual-171 request_id=cycle-d9a00ce2-6f3c-41ea-94e8-c1599adcdbbb/1e1a2cc3-a25a-3fa5-b161-cdca3453673f trace_id=af6965e002d8fe46d2de8949fdf6d76d span_id=85f11350d0eed6af context=metrics operation=step.metrics step=cleanupPartitionsStep fileId=1e1a2cc3-a25a-3fa5-b161-cdca3453673f jobExecutionId=1 status=COMPLETED durationMs=24 lines=0 bytes=0 linesPerSec=0 mbPerSec=0.00 msg="STEP_METRICS" data={"stepExecutionId":2,"failures":[]}
partitioner-1 2026-09-18T22:30:58.216Z level=INFO logger=b.c.s.b.p.b.listener.StepMetricsListener thread=virtual-177 request_id=cycle-d9a00ce2-6f3c-41ea-94e8-c1599adcdbbb/1e1a2cc3-a25a-3fa5-b161-cdca3453673f trace_id=af6965e002d8fe46d2de8949fdf6d76d span_id=85f11350d0eed6af context=metrics operation=step.metrics step=partitionWorkerStep:partition0004 fileId=1e1a2cc3-a25a-3fa5-b161-cdca3453673f jobExecutionId=1 status=COMPLETED durationMs=150407 lines=25000000 bytes=3775000019 linesPerSec=166216 mbPerSec=23.94 msg="STEP_METRICS" data={"stepExecutionId":7,"failures":[]}
partitioner-1 2026-09-18T22:30:58.216Z level=INFO logger=b.c.s.b.p.b.listener.StepMetricsListener thread=virtual-174 request_id=cycle-d9a00ce2-6f3c-41ea-94e8-c1599adcdbbb/1e1a2cc3-a25a-3fa5-b161-cdca3453673f trace_id=af6965e002d8fe46d2de8949fdf6d76d span_id=85f11350d0eed6af context=metrics operation=step.metrics step=partitionWorkerStep:partition0008 fileId=1e1a2cc3-a25a-3fa5-b161-cdca3453673f jobExecutionId=1 status=COMPLETED durationMs=150407 lines=25000000 bytes=3775000019 linesPerSec=166216 mbPerSec=23.94 msg="STEP_METRICS" data={"stepExecutionId":11,"failures":[]}
partitioner-1 2026-09-18T22:30:58.227Z level=INFO logger=b.c.s.b.p.b.listener.StepMetricsListener thread=virtual-173 request_id=cycle-d9a00ce2-6f3c-41ea-94e8-c1599adcdbbb/1e1a2cc3-a25a-3fa5-b161-cdca3453673f trace_id=af6965e002d8fe46d2de8949fdf6d76d span_id=85f11350d0eed6af context=metrics operation=step.metrics step=partitionWorkerStep:partition0005 fileId=1e1a2cc3-a25a-3fa5-b161-cdca3453673f jobExecutionId=1 status=COMPLETED durationMs=150425 lines=25000000 bytes=3775000019 linesPerSec=166196 mbPerSec=23.93 msg="STEP_METRICS" data={"stepExecutionId":8,"failures":[]}
partitioner-1 2026-09-18T22:30:58.233Z level=INFO logger=b.c.s.b.p.b.listener.StepMetricsListener thread=virtual-175 request_id=cycle-d9a00ce2-6f3c-41ea-94e8-c1599adcdbbb/1e1a2cc3-a25a-3fa5-b161-cdca3453673f trace_id=af6965e002d8fe46d2de8949fdf6d76d span_id=85f11350d0eed6af context=metrics operation=step.metrics step=partitionWorkerStep:partition0010 fileId=1e1a2cc3-a25a-3fa5-b161-cdca3453673f jobExecutionId=1 status=COMPLETED durationMs=150430 lines=25000000 bytes=3775000019 linesPerSec=166190 mbPerSec=23.93 msg="STEP_METRICS" data={"stepExecutionId":13,"failures":[]}
partitioner-1 2026-09-18T22:30:58.238Z level=INFO logger=b.c.s.b.p.b.listener.StepMetricsListener thread=virtual-180 request_id=cycle-d9a00ce2-6f3c-41ea-94e8-c1599adcdbbb/1e1a2cc3-a25a-3fa5-b161-cdca3453673f trace_id=af6965e002d8fe46d2de8949fdf6d76d span_id=85f11350d0eed6af context=metrics operation=step.metrics step=partitionWorkerStep:partition0006 fileId=1e1a2cc3-a25a-3fa5-b161-cdca3453673f jobExecutionId=1 status=COMPLETED durationMs=150437 lines=25000000 bytes=3775000019 linesPerSec=166183 mbPerSec=23.93 msg="STEP_METRICS" data={"stepExecutionId":9,"failures":[]}
partitioner-1 2026-09-18T22:30:58.241Z level=INFO logger=b.c.s.b.p.b.listener.StepMetricsListener thread=virtual-181 request_id=cycle-d9a00ce2-6f3c-41ea-94e8-c1599adcdbbb/1e1a2cc3-a25a-3fa5-b161-cdca3453673f trace_id=af6965e002d8fe46d2de8949fdf6d76d span_id=85f11350d0eed6af context=metrics operation=step.metrics step=partitionWorkerStep:partition0009 fileId=1e1a2cc3-a25a-3fa5-b161-cdca3453673f jobExecutionId=1 status=COMPLETED durationMs=150441 lines=25000000 bytes=3775000019 linesPerSec=166178 mbPerSec=23.93 msg="STEP_METRICS" data={"stepExecutionId":12,"failures":[]}
partitioner-1 2026-09-18T22:30:58.314Z level=INFO logger=b.c.s.b.p.b.listener.StepMetricsListener thread=virtual-178 request_id=cycle-d9a00ce2-6f3c-41ea-94e8-c1599adcdbbb/1e1a2cc3-a25a-3fa5-b161-cdca3453673f trace_id=af6965e002d8fe46d2de8949fdf6d76d span_id=85f11350d0eed6af context=metrics operation=step.metrics step=partitionWorkerStep:partition0007 fileId=1e1a2cc3-a25a-3fa5-b161-cdca3453673f jobExecutionId=1 status=COMPLETED durationMs=150513 lines=25000000 bytes=3775000019 linesPerSec=166099 mbPerSec=23.92 msg="STEP_METRICS" data={"stepExecutionId":10,"failures":[]}
partitioner-1 2026-09-18T22:30:58.319Z level=INFO logger=b.c.s.b.p.b.listener.StepMetricsListener thread=virtual-179 request_id=cycle-d9a00ce2-6f3c-41ea-94e8-c1599adcdbbb/1e1a2cc3-a25a-3fa5-b161-cdca3453673f trace_id=af6965e002d8fe46d2de8949fdf6d76d span_id=85f11350d0eed6af context=metrics operation=step.metrics step=partitionWorkerStep:partition0003 fileId=1e1a2cc3-a25a-3fa5-b161-cdca3453673f jobExecutionId=1 status=COMPLETED durationMs=150518 lines=25000000 bytes=3775000019 linesPerSec=166093 mbPerSec=23.92 msg="STEP_METRICS" data={"stepExecutionId":6,"failures":[]}
partitioner-1 2026-09-18T22:30:58.323Z level=INFO logger=b.c.s.b.p.b.listener.StepMetricsListener thread=virtual-172 request_id=cycle-d9a00ce2-6f3c-41ea-94e8-c1599adcdbbb/1e1a2cc3-a25a-3fa5-b161-cdca3453673f trace_id=af6965e002d8fe46d2de8949fdf6d76d span_id=85f11350d0eed6af context=metrics operation=step.metrics step=partitionWorkerStep:partition0002 fileId=1e1a2cc3-a25a-3fa5-b161-cdca3453673f jobExecutionId=1 status=COMPLETED durationMs=150523 lines=25000000 bytes=3775000019 linesPerSec=166088 mbPerSec=23.92 msg="STEP_METRICS" data={"stepExecutionId":5,"failures":[]}
partitioner-1 2026-09-18T22:30:58.323Z level=INFO logger=b.c.s.b.p.b.listener.StepMetricsListener thread=virtual-176 request_id=cycle-d9a00ce2-6f3c-41ea-94e8-c1599adcdbbb/1e1a2cc3-a25a-3fa5-b161-cdca3453673f trace_id=af6965e002d8fe46d2de8949fdf6d76d span_id=85f11350d0eed6af context=metrics operation=step.metrics step=partitionWorkerStep:partition0001 fileId=1e1a2cc3-a25a-3fa5-b161-cdca3453673f jobExecutionId=1 status=COMPLETED durationMs=150523 lines=25000000 bytes=3775000019 linesPerSec=166088 mbPerSec=23.92 msg="STEP_METRICS" data={"stepExecutionId":4,"failures":[]}
partitioner-1 2026-09-18T22:30:58.336Z level=INFO logger=b.c.s.b.p.b.listener.StepMetricsListener thread=virtual-171 request_id=cycle-d9a00ce2-6f3c-41ea-94e8-c1599adcdbbb/1e1a2cc3-a25a-3fa5-b161-cdca3453673f trace_id=af6965e002d8fe46d2de8949fdf6d76d span_id=85f11350d0eed6af context=metrics operation=step.metrics step=partitionMasterStep fileId=1e1a2cc3-a25a-3fa5-b161-cdca3453673f jobExecutionId=1 status=COMPLETED durationMs=150650 lines=250000000 bytes=37750000190 linesPerSec=1659476 mbPerSec=238.97 msg="STEP_METRICS" data={"stepExecutionId":3,"failures":[]}
partitioner-1 2026-09-18T22:30:58.375Z level=INFO logger=b.c.s.b.p.b.listener.StepMetricsListener thread=virtual-171 request_id=cycle-d9a00ce2-6f3c-41ea-94e8-c1599adcdbbb/1e1a2cc3-a25a-3fa5-b161-cdca3453673f trace_id=af6965e002d8fe46d2de8949fdf6d76d span_id=85f11350d0eed6af context=metrics operation=step.metrics step=registerPartitionsStep fileId=1e1a2cc3-a25a-3fa5-b161-cdca3453673f jobExecutionId=1 status=COMPLETED durationMs=23 lines=0 bytes=0 linesPerSec=0 mbPerSec=0.00 msg="STEP_METRICS" data={"stepExecutionId":14,"failures":[]}
partitioner-1 2026-09-18T22:30:58.459Z level=INFO logger=b.c.s.b.p.b.listener.StepMetricsListener thread=virtual-171 request_id=cycle-d9a00ce2-6f3c-41ea-94e8-c1599adcdbbb/1e1a2cc3-a25a-3fa5-b161-cdca3453673f trace_id=af6965e002d8fe46d2de8949fdf6d76d span_id=85f11350d0eed6af context=metrics operation=step.metrics step=moveOriginalStep fileId=1e1a2cc3-a25a-3fa5-b161-cdca3453673f jobExecutionId=1 status=COMPLETED durationMs=65 lines=0 bytes=37750000019 linesPerSec=0 mbPerSec=553864.70 msg="STEP_METRICS" data={"stepExecutionId":15,"failures":[]}
partitioner-1 2026-09-18T22:30:58.900Z level=INFO logger=b.c.s.b.p.b.listener.StepMetricsListener thread=virtual-171 request_id=cycle-d9a00ce2-6f3c-41ea-94e8-c1599adcdbbb/1e1a2cc3-a25a-3fa5-b161-cdca3453673f trace_id=af6965e002d8fe46d2de8949fdf6d76d span_id=85f11350d0eed6af context=metrics operation=step.metrics step=publishPartitionsStep fileId=1e1a2cc3-a25a-3fa5-b161-cdca3453673f jobExecutionId=1 status=COMPLETED durationMs=420 lines=0 bytes=0 linesPerSec=0 mbPerSec=0.00 msg="STEP_METRICS" data={"stepExecutionId":16,"failures":[]}
partitioner-1 2026-09-18T22:30:58.915Z level=INFO logger=b.c.s.b.p.b.listener.JobMetricsListener thread=virtual-171 request_id=cycle-d9a00ce2-6f3c-41ea-94e8-c1599adcdbbb/1e1a2cc3-a25a-3fa5-b161-cdca3453673f trace_id=af6965e002d8fe46d2de8949fdf6d76d span_id=85f11350d0eed6af context=metrics operation=job.metrics job=filePartitionJob fileId=1e1a2cc3-a25a-3fa5-b161-cdca3453673f jobExecutionId=1 status=COMPLETED attempt=1 durationMs=151414 lines=250000000 bytes=37750000019 partitions=10 linesPerSec=1651102 mbPerSec=237.77 msg="JOB_METRICS" data={"fileName":"MOV_ABERTO_20260918_1789770145821_01.txt","failures":[]}
== amostras de docker stats
psl-partitioner-1 837.1MiB / 4GiB 0.03%
psl-azurite 75.9MiB / 8GiB 107.11%
disk 191
psl-partitioner-1 1.001GiB / 4GiB 0.05%
psl-azurite 113.2MiB / 8GiB 111.34%
psl-partitioner-1 1.002GiB / 4GiB 0.12%
psl-azurite 134.1MiB / 8GiB 120.33%
psl-partitioner-1 1.002GiB / 4GiB 0.41%
psl-azurite 157.5MiB / 8GiB 110.84%
disk 188
psl-partitioner-1 1.002GiB / 4GiB 2.45%
psl-azurite 205.7MiB / 8GiB 107.67%
psl-partitioner-1 1.003GiB / 4GiB 0.08%
psl-azurite 222MiB / 8GiB 115.26%
psl-partitioner-1 1.003GiB / 4GiB 0.09%
psl-azurite 255.2MiB / 8GiB 103.57%
psl-partitioner-1 1.003GiB / 4GiB 0.08%
psl-azurite 274.3MiB / 8GiB 108.26%
disk 184
psl-partitioner-1 1.003GiB / 4GiB 0.09%
psl-azurite 330.9MiB / 8GiB 99.04%
psl-partitioner-1 1.003GiB / 4GiB 0.06%
psl-azurite 313.5MiB / 8GiB 112.59%
psl-partitioner-1 1.003GiB / 4GiB 0.31%
psl-azurite 325.9MiB / 8GiB 94.37%
psl-partitioner-1 1.003GiB / 4GiB 2.06%
psl-azurite 316MiB / 8GiB 107.33%
disk 180
psl-partitioner-1 1.003GiB / 4GiB 0.06%
psl-azurite 316.7MiB / 8GiB 96.81%
psl-partitioner-1 1.004GiB / 4GiB 3.50%
psl-azurite 327.6MiB / 8GiB 103.90%
psl-partitioner-1 1.004GiB / 4GiB 0.05%
psl-azurite 325.2MiB / 8GiB 108.04%
psl-partitioner-1 1.004GiB / 4GiB 0.04%
psl-azurite 342.3MiB / 8GiB 112.86%
disk 176
psl-partitioner-1 1.004GiB / 4GiB 1.82%
psl-azurite 339.9MiB / 8GiB 110.50%
psl-partitioner-1 1.004GiB / 4GiB 0.30%
psl-azurite 341MiB / 8GiB 112.47%
psl-partitioner-1 1.004GiB / 4GiB 0.04%
psl-azurite 344.7MiB / 8GiB 103.92%
psl-partitioner-1 1.004GiB / 4GiB 0.04%
psl-azurite 361.2MiB / 8GiB 107.08%
disk 172
psl-partitioner-1 1.004GiB / 4GiB 0.04%
psl-azurite 362.4MiB / 8GiB 106.63%
psl-partitioner-1 1.006GiB / 4GiB 12.52%
psl-azurite 363.9MiB / 8GiB 97.75%
psl-partitioner-1 1.002GiB / 4GiB 0.04%
psl-azurite 365.4MiB / 8GiB 110.39%
psl-partitioner-1 1.002GiB / 4GiB 0.04%
psl-azurite 375.5MiB / 8GiB 106.66%
disk 168
psl-partitioner-1 1.002GiB / 4GiB 0.11%
psl-azurite 373MiB / 8GiB 108.84%
psl-partitioner-1 1.002GiB / 4GiB 0.04%
psl-azurite 385.6MiB / 8GiB 93.07%
psl-partitioner-1 1.002GiB / 4GiB 1.94%
psl-azurite 380.1MiB / 8GiB 103.13%
psl-partitioner-1 1.002GiB / 4GiB 0.08%
psl-azurite 381.8MiB / 8GiB 103.68%
disk 164
psl-partitioner-1 1.003GiB / 4GiB 0.12%
psl-azurite 382.4MiB / 8GiB 115.42%
psl-partitioner-1 1.003GiB / 4GiB 0.04%
psl-azurite 384.6MiB / 8GiB 108.42%
psl-partitioner-1 1.003GiB / 4GiB 2.20%
psl-azurite 388.9MiB / 8GiB 117.06%
psl-partitioner-1 1.003GiB / 4GiB 1.89%
psl-azurite 383.4MiB / 8GiB 115.97%
disk 160
psl-partitioner-1 1.003GiB / 4GiB 0.04%
psl-azurite 393.5MiB / 8GiB 106.64%
psl-partitioner-1 1.003GiB / 4GiB 1.71%
psl-azurite 395.9MiB / 8GiB 113.74%
psl-partitioner-1 1.003GiB / 4GiB 0.12%
psl-azurite 415.1MiB / 8GiB 116.74%
psl-partitioner-1 1.003GiB / 4GiB 0.07%
psl-azurite 398.9MiB / 8GiB 110.87%
disk 156
psl-partitioner-1 1.004GiB / 4GiB 3.74%
psl-azurite 400.4MiB / 8GiB 3.37%
psl-partitioner-1 1.004GiB / 4GiB 0.14%
psl-azurite 400.4MiB / 8GiB 0.04%
psl-partitioner-1 1.004GiB / 4GiB 4.00%
psl-azurite 400.4MiB / 8GiB 0.00%
psl-partitioner-1 2.753GiB / 4GiB 72.48%
psl-azurite 388.2MiB / 8GiB 216.65%
disk 155
psl-partitioner-1 2.977GiB / 4GiB 67.24%
psl-azurite 359.5MiB / 8GiB 226.07%
psl-partitioner-1 2.969GiB / 4GiB 66.33%
psl-azurite 351MiB / 8GiB 232.49%
psl-partitioner-1 3.063GiB / 4GiB 39.53%
psl-azurite 377.5MiB / 8GiB 201.78%
psl-partitioner-1 3.042GiB / 4GiB 68.97%
psl-azurite 330.6MiB / 8GiB 232.44%
disk 148
psl-partitioner-1 3.086GiB / 4GiB 65.76%
psl-azurite 357.4MiB / 8GiB 219.02%
psl-partitioner-1 3.109GiB / 4GiB 72.61%
psl-azurite 358.8MiB / 8GiB 226.88%
psl-partitioner-1 3.116GiB / 4GiB 53.01%
psl-azurite 364.3MiB / 8GiB 227.43%
psl-partitioner-1 3.139GiB / 4GiB 32.85%
psl-azurite 401.9MiB / 8GiB 212.97%
disk 142
psl-partitioner-1 3.175GiB / 4GiB 38.03%
psl-azurite 391.9MiB / 8GiB 196.31%
psl-partitioner-1 3.182GiB / 4GiB 55.47%
psl-azurite 394MiB / 8GiB 160.75%
psl-partitioner-1 3.171GiB / 4GiB 37.92%
psl-azurite 415.3MiB / 8GiB 155.98%
psl-partitioner-1 3.178GiB / 4GiB 59.81%
psl-azurite 423.9MiB / 8GiB 155.64%
disk 135
psl-partitioner-1 3.174GiB / 4GiB 58.50%
psl-azurite 469.7MiB / 8GiB 158.05%
psl-partitioner-1 3.169GiB / 4GiB 21.76%
psl-azurite 477.1MiB / 8GiB 207.35%
psl-partitioner-1 3.174GiB / 4GiB 40.34%
psl-azurite 482.4MiB / 8GiB 155.95%
psl-partitioner-1 3.208GiB / 4GiB 65.43%
psl-azurite 533.4MiB / 8GiB 155.21%
disk 128
psl-partitioner-1 3.192GiB / 4GiB 39.30%
psl-azurite 475.2MiB / 8GiB 155.68%
psl-partitioner-1 3.215GiB / 4GiB 42.07%
psl-azurite 550.9MiB / 8GiB 153.02%
psl-partitioner-1 3.204GiB / 4GiB 51.60%
psl-azurite 502.1MiB / 8GiB 172.76%
psl-partitioner-1 3.193GiB / 4GiB 44.20%
psl-azurite 547.8MiB / 8GiB 156.49%
disk 121
