== 250MM fileId=1f94d5e2-f3bd-3594-8556-57fd2a0fb15d
partitioner-1 2026-09-18T23:09:02.736Z level=INFO logger=b.c.s.b.p.b.listener.StepMetricsListener thread=virtual-165 request_id=cycle-0445433b-7c1b-468b-884e-a99128dbd63c/1f94d5e2-f3bd-3594-8556-57fd2a0fb15d trace_id=1797d8d81214429335de9bd164f83fbf span_id=dc9f0a1e0ca5a164 context=metrics operation=step.metrics step=validateHeaderStep fileId=1f94d5e2-f3bd-3594-8556-57fd2a0fb15d jobExecutionId=1 status=COMPLETED durationMs=71 lines=250000000 bytes=0 linesPerSec=3521126761 mbPerSec=0.00 msg="STEP_METRICS" data={"stepExecutionId":1,"failures":[]}
partitioner-1 2026-09-18T23:09:02.791Z level=INFO logger=b.c.s.b.p.b.listener.StepMetricsListener thread=virtual-165 request_id=cycle-0445433b-7c1b-468b-884e-a99128dbd63c/1f94d5e2-f3bd-3594-8556-57fd2a0fb15d trace_id=1797d8d81214429335de9bd164f83fbf span_id=dc9f0a1e0ca5a164 context=metrics operation=step.metrics step=cleanupPartitionsStep fileId=1f94d5e2-f3bd-3594-8556-57fd2a0fb15d jobExecutionId=1 status=COMPLETED durationMs=25 lines=0 bytes=0 linesPerSec=0 mbPerSec=0.00 msg="STEP_METRICS" data={"stepExecutionId":2,"failures":[]}
partitioner-1 2026-09-18T23:12:30.731Z level=INFO logger=b.c.s.b.p.b.listener.StepMetricsListener thread=virtual-171 request_id=cycle-0445433b-7c1b-468b-884e-a99128dbd63c/1f94d5e2-f3bd-3594-8556-57fd2a0fb15d trace_id=1797d8d81214429335de9bd164f83fbf span_id=dc9f0a1e0ca5a164 context=metrics operation=step.metrics step=partitionWorkerStep:partition0003 fileId=1f94d5e2-f3bd-3594-8556-57fd2a0fb15d jobExecutionId=1 status=COMPLETED durationMs=207756 lines=16666667 bytes=2516666736 linesPerSec=80222 mbPerSec=11.55 msg="STEP_METRICS" data={"stepExecutionId":6,"failures":[]}
partitioner-1 2026-09-18T23:12:31.143Z level=INFO logger=b.c.s.b.p.b.listener.StepMetricsListener thread=virtual-177 request_id=cycle-0445433b-7c1b-468b-884e-a99128dbd63c/1f94d5e2-f3bd-3594-8556-57fd2a0fb15d trace_id=1797d8d81214429335de9bd164f83fbf span_id=dc9f0a1e0ca5a164 context=metrics operation=step.metrics step=partitionWorkerStep:partition0001 fileId=1f94d5e2-f3bd-3594-8556-57fd2a0fb15d jobExecutionId=1 status=COMPLETED durationMs=208179 lines=16666667 bytes=2516666736 linesPerSec=80059 mbPerSec=11.53 msg="STEP_METRICS" data={"stepExecutionId":4,"failures":[]}
partitioner-1 2026-09-18T23:12:31.173Z level=INFO logger=b.c.s.b.p.b.listener.StepMetricsListener thread=virtual-174 request_id=cycle-0445433b-7c1b-468b-884e-a99128dbd63c/1f94d5e2-f3bd-3594-8556-57fd2a0fb15d trace_id=1797d8d81214429335de9bd164f83fbf span_id=dc9f0a1e0ca5a164 context=metrics operation=step.metrics step=partitionWorkerStep:partition0002 fileId=1f94d5e2-f3bd-3594-8556-57fd2a0fb15d jobExecutionId=1 status=COMPLETED durationMs=208209 lines=16666667 bytes=2516666736 linesPerSec=80048 mbPerSec=11.53 msg="STEP_METRICS" data={"stepExecutionId":5,"failures":[]}
partitioner-1 2026-09-18T23:12:31.182Z level=INFO logger=b.c.s.b.p.b.listener.StepMetricsListener thread=virtual-168 request_id=cycle-0445433b-7c1b-468b-884e-a99128dbd63c/1f94d5e2-f3bd-3594-8556-57fd2a0fb15d trace_id=1797d8d81214429335de9bd164f83fbf span_id=dc9f0a1e0ca5a164 context=metrics operation=step.metrics step=partitionWorkerStep:partition0013 fileId=1f94d5e2-f3bd-3594-8556-57fd2a0fb15d jobExecutionId=1 status=COMPLETED durationMs=208218 lines=16666666 bytes=2516666585 linesPerSec=80044 mbPerSec=11.53 msg="STEP_METRICS" data={"stepExecutionId":16,"failures":[]}
partitioner-1 2026-09-18T23:12:31.201Z level=INFO logger=b.c.s.b.p.b.listener.StepMetricsListener thread=virtual-176 request_id=cycle-0445433b-7c1b-468b-884e-a99128dbd63c/1f94d5e2-f3bd-3594-8556-57fd2a0fb15d trace_id=1797d8d81214429335de9bd164f83fbf span_id=dc9f0a1e0ca5a164 context=metrics operation=step.metrics step=partitionWorkerStep:partition0010 fileId=1f94d5e2-f3bd-3594-8556-57fd2a0fb15d jobExecutionId=1 status=COMPLETED durationMs=208230 lines=16666667 bytes=2516666736 linesPerSec=80040 mbPerSec=11.53 msg="STEP_METRICS" data={"stepExecutionId":13,"failures":[]}
partitioner-1 2026-09-18T23:12:31.220Z level=INFO logger=b.c.s.b.p.b.listener.StepMetricsListener thread=virtual-180 request_id=cycle-0445433b-7c1b-468b-884e-a99128dbd63c/1f94d5e2-f3bd-3594-8556-57fd2a0fb15d trace_id=1797d8d81214429335de9bd164f83fbf span_id=dc9f0a1e0ca5a164 context=metrics operation=step.metrics step=partitionWorkerStep:partition0006 fileId=1f94d5e2-f3bd-3594-8556-57fd2a0fb15d jobExecutionId=1 status=COMPLETED durationMs=208256 lines=16666667 bytes=2516666736 linesPerSec=80030 mbPerSec=11.52 msg="STEP_METRICS" data={"stepExecutionId":9,"failures":[]}
partitioner-1 2026-09-18T23:12:31.224Z level=INFO logger=b.c.s.b.p.b.listener.StepMetricsListener thread=virtual-175 request_id=cycle-0445433b-7c1b-468b-884e-a99128dbd63c/1f94d5e2-f3bd-3594-8556-57fd2a0fb15d trace_id=1797d8d81214429335de9bd164f83fbf span_id=dc9f0a1e0ca5a164 context=metrics operation=step.metrics step=partitionWorkerStep:partition0008 fileId=1f94d5e2-f3bd-3594-8556-57fd2a0fb15d jobExecutionId=1 status=COMPLETED durationMs=208262 lines=16666667 bytes=2516666736 linesPerSec=80027 mbPerSec=11.52 msg="STEP_METRICS" data={"stepExecutionId":11,"failures":[]}
partitioner-1 2026-09-18T23:12:31.342Z level=INFO logger=b.c.s.b.p.b.listener.StepMetricsListener thread=virtual-167 request_id=cycle-0445433b-7c1b-468b-884e-a99128dbd63c/1f94d5e2-f3bd-3594-8556-57fd2a0fb15d trace_id=1797d8d81214429335de9bd164f83fbf span_id=dc9f0a1e0ca5a164 context=metrics operation=step.metrics step=partitionWorkerStep:partition0005 fileId=1f94d5e2-f3bd-3594-8556-57fd2a0fb15d jobExecutionId=1 status=COMPLETED durationMs=208381 lines=16666667 bytes=2516666736 linesPerSec=79982 mbPerSec=11.52 msg="STEP_METRICS" data={"stepExecutionId":8,"failures":[]}
partitioner-1 2026-09-18T23:12:31.368Z level=INFO logger=b.c.s.b.p.b.listener.StepMetricsListener thread=virtual-170 request_id=cycle-0445433b-7c1b-468b-884e-a99128dbd63c/1f94d5e2-f3bd-3594-8556-57fd2a0fb15d trace_id=1797d8d81214429335de9bd164f83fbf span_id=dc9f0a1e0ca5a164 context=metrics operation=step.metrics step=partitionWorkerStep:partition0012 fileId=1f94d5e2-f3bd-3594-8556-57fd2a0fb15d jobExecutionId=1 status=COMPLETED durationMs=208406 lines=16666666 bytes=2516666585 linesPerSec=79972 mbPerSec=11.52 msg="STEP_METRICS" data={"stepExecutionId":15,"failures":[]}
partitioner-1 2026-09-18T23:12:31.384Z level=INFO logger=b.c.s.b.p.b.listener.StepMetricsListener thread=virtual-179 request_id=cycle-0445433b-7c1b-468b-884e-a99128dbd63c/1f94d5e2-f3bd-3594-8556-57fd2a0fb15d trace_id=1797d8d81214429335de9bd164f83fbf span_id=dc9f0a1e0ca5a164 context=metrics operation=step.metrics step=partitionWorkerStep:partition0015 fileId=1f94d5e2-f3bd-3594-8556-57fd2a0fb15d jobExecutionId=1 status=COMPLETED durationMs=208419 lines=16666666 bytes=2516666585 linesPerSec=79967 mbPerSec=11.52 msg="STEP_METRICS" data={"stepExecutionId":18,"failures":[]}
partitioner-1 2026-09-18T23:12:31.401Z level=INFO logger=b.c.s.b.p.b.listener.StepMetricsListener thread=virtual-172 request_id=cycle-0445433b-7c1b-468b-884e-a99128dbd63c/1f94d5e2-f3bd-3594-8556-57fd2a0fb15d trace_id=1797d8d81214429335de9bd164f83fbf span_id=dc9f0a1e0ca5a164 context=metrics operation=step.metrics step=partitionWorkerStep:partition0009 fileId=1f94d5e2-f3bd-3594-8556-57fd2a0fb15d jobExecutionId=1 status=COMPLETED durationMs=208440 lines=16666667 bytes=2516666736 linesPerSec=79959 mbPerSec=11.51 msg="STEP_METRICS" data={"stepExecutionId":12,"failures":[]}
partitioner-1 2026-09-18T23:12:31.412Z level=INFO logger=b.c.s.b.p.b.listener.StepMetricsListener thread=virtual-166 request_id=cycle-0445433b-7c1b-468b-884e-a99128dbd63c/1f94d5e2-f3bd-3594-8556-57fd2a0fb15d trace_id=1797d8d81214429335de9bd164f83fbf span_id=dc9f0a1e0ca5a164 context=metrics operation=step.metrics step=partitionWorkerStep:partition0014 fileId=1f94d5e2-f3bd-3594-8556-57fd2a0fb15d jobExecutionId=1 status=COMPLETED durationMs=208448 lines=16666666 bytes=2516666585 linesPerSec=79956 mbPerSec=11.51 msg="STEP_METRICS" data={"stepExecutionId":17,"failures":[]}
partitioner-1 2026-09-18T23:12:31.428Z level=INFO logger=b.c.s.b.p.b.listener.StepMetricsListener thread=virtual-178 request_id=cycle-0445433b-7c1b-468b-884e-a99128dbd63c/1f94d5e2-f3bd-3594-8556-57fd2a0fb15d trace_id=1797d8d81214429335de9bd164f83fbf span_id=dc9f0a1e0ca5a164 context=metrics operation=step.metrics step=partitionWorkerStep:partition0007 fileId=1f94d5e2-f3bd-3594-8556-57fd2a0fb15d jobExecutionId=1 status=COMPLETED durationMs=208464 lines=16666667 bytes=2516666736 linesPerSec=79950 mbPerSec=11.51 msg="STEP_METRICS" data={"stepExecutionId":10,"failures":[]}
partitioner-1 2026-09-18T23:12:31.434Z level=INFO logger=b.c.s.b.p.b.listener.StepMetricsListener thread=virtual-173 request_id=cycle-0445433b-7c1b-468b-884e-a99128dbd63c/1f94d5e2-f3bd-3594-8556-57fd2a0fb15d trace_id=1797d8d81214429335de9bd164f83fbf span_id=dc9f0a1e0ca5a164 context=metrics operation=step.metrics step=partitionWorkerStep:partition0011 fileId=1f94d5e2-f3bd-3594-8556-57fd2a0fb15d jobExecutionId=1 status=COMPLETED durationMs=208472 lines=16666666 bytes=2516666585 linesPerSec=79947 mbPerSec=11.51 msg="STEP_METRICS" data={"stepExecutionId":14,"failures":[]}
partitioner-1 2026-09-18T23:12:31.439Z level=INFO logger=b.c.s.b.p.b.listener.StepMetricsListener thread=virtual-169 request_id=cycle-0445433b-7c1b-468b-884e-a99128dbd63c/1f94d5e2-f3bd-3594-8556-57fd2a0fb15d trace_id=1797d8d81214429335de9bd164f83fbf span_id=dc9f0a1e0ca5a164 context=metrics operation=step.metrics step=partitionWorkerStep:partition0004 fileId=1f94d5e2-f3bd-3594-8556-57fd2a0fb15d jobExecutionId=1 status=COMPLETED durationMs=208478 lines=16666667 bytes=2516666736 linesPerSec=79944 mbPerSec=11.51 msg="STEP_METRICS" data={"stepExecutionId":7,"failures":[]}
partitioner-1 2026-09-18T23:12:31.459Z level=INFO logger=b.c.s.b.p.b.listener.StepMetricsListener thread=virtual-165 request_id=cycle-0445433b-7c1b-468b-884e-a99128dbd63c/1f94d5e2-f3bd-3594-8556-57fd2a0fb15d trace_id=1797d8d81214429335de9bd164f83fbf span_id=dc9f0a1e0ca5a164 context=metrics operation=step.metrics step=partitionMasterStep fileId=1f94d5e2-f3bd-3594-8556-57fd2a0fb15d jobExecutionId=1 status=COMPLETED durationMs=208641 lines=250000000 bytes=37750000285 linesPerSec=1198230 mbPerSec=172.55 msg="STEP_METRICS" data={"stepExecutionId":3,"failures":[]}
partitioner-1 2026-09-18T23:12:31.537Z level=INFO logger=b.c.s.b.p.b.listener.StepMetricsListener thread=virtual-165 request_id=cycle-0445433b-7c1b-468b-884e-a99128dbd63c/1f94d5e2-f3bd-3594-8556-57fd2a0fb15d trace_id=1797d8d81214429335de9bd164f83fbf span_id=dc9f0a1e0ca5a164 context=metrics operation=step.metrics step=registerPartitionsStep fileId=1f94d5e2-f3bd-3594-8556-57fd2a0fb15d jobExecutionId=1 status=COMPLETED durationMs=41 lines=0 bytes=0 linesPerSec=0 mbPerSec=0.00 msg="STEP_METRICS" data={"stepExecutionId":19,"failures":[]}
partitioner-1 2026-09-18T23:12:31.630Z level=INFO logger=b.c.s.b.p.b.listener.StepMetricsListener thread=virtual-165 request_id=cycle-0445433b-7c1b-468b-884e-a99128dbd63c/1f94d5e2-f3bd-3594-8556-57fd2a0fb15d trace_id=1797d8d81214429335de9bd164f83fbf span_id=dc9f0a1e0ca5a164 context=metrics operation=step.metrics step=moveOriginalStep fileId=1f94d5e2-f3bd-3594-8556-57fd2a0fb15d jobExecutionId=1 status=COMPLETED durationMs=71 lines=0 bytes=37750000019 linesPerSec=0 mbPerSec=507059.23 msg="STEP_METRICS" data={"stepExecutionId":20,"failures":[]}
partitioner-1 2026-09-18T23:12:32.287Z level=INFO logger=b.c.s.b.p.b.listener.StepMetricsListener thread=virtual-165 request_id=cycle-0445433b-7c1b-468b-884e-a99128dbd63c/1f94d5e2-f3bd-3594-8556-57fd2a0fb15d trace_id=1797d8d81214429335de9bd164f83fbf span_id=dc9f0a1e0ca5a164 context=metrics operation=step.metrics step=publishPartitionsStep fileId=1f94d5e2-f3bd-3594-8556-57fd2a0fb15d jobExecutionId=1 status=COMPLETED durationMs=622 lines=0 bytes=0 linesPerSec=0 mbPerSec=0.00 msg="STEP_METRICS" data={"stepExecutionId":21,"failures":[]}
partitioner-1 2026-09-18T23:12:32.307Z level=INFO logger=b.c.s.b.p.b.listener.JobMetricsListener thread=virtual-165 request_id=cycle-0445433b-7c1b-468b-884e-a99128dbd63c/1f94d5e2-f3bd-3594-8556-57fd2a0fb15d trace_id=1797d8d81214429335de9bd164f83fbf span_id=dc9f0a1e0ca5a164 context=metrics operation=job.metrics job=filePartitionJob fileId=1f94d5e2-f3bd-3594-8556-57fd2a0fb15d jobExecutionId=1 status=COMPLETED attempt=1 durationMs=209693 lines=250000000 bytes=37750000019 partitions=15 linesPerSec=1192219 mbPerSec=171.69 msg="JOB_METRICS" data={"fileName":"MOV_ABERTO_20260918_1789772666809_01.txt","failures":[]}
== amostras de docker stats
psl-partitioner-1 826.9MiB / 4GiB 0.13%
psl-azurite 77.28MiB / 8GiB 112.63%
disk 191
psl-partitioner-1 1007MiB / 4GiB 0.06%
psl-azurite 110.6MiB / 8GiB 108.82%
psl-partitioner-1 1007MiB / 4GiB 0.13%
psl-azurite 148.9MiB / 8GiB 100.22%
psl-partitioner-1 1007MiB / 4GiB 0.08%
psl-azurite 180.8MiB / 8GiB 99.82%
disk 188
psl-partitioner-1 1008MiB / 4GiB 0.06%
psl-azurite 226MiB / 8GiB 98.90%
psl-partitioner-1 1008MiB / 4GiB 0.05%
psl-azurite 231.8MiB / 8GiB 108.78%
psl-partitioner-1 1008MiB / 4GiB 3.37%
psl-azurite 299MiB / 8GiB 100.78%
psl-partitioner-1 1009MiB / 4GiB 0.05%
psl-azurite 308.7MiB / 8GiB 97.55%
disk 183
psl-partitioner-1 1009MiB / 4GiB 0.05%
psl-azurite 312.1MiB / 8GiB 110.30%
psl-partitioner-1 1009MiB / 4GiB 0.06%
psl-azurite 317.6MiB / 8GiB 112.59%
psl-partitioner-1 1009MiB / 4GiB 0.19%
psl-azurite 313.8MiB / 8GiB 110.37%
psl-partitioner-1 1009MiB / 4GiB 1.78%
psl-azurite 331.9MiB / 8GiB 111.91%
disk 179
psl-partitioner-1 1009MiB / 4GiB 0.05%
psl-azurite 340.9MiB / 8GiB 101.95%
psl-partitioner-1 1009MiB / 4GiB 3.48%
psl-azurite 355.9MiB / 8GiB 110.48%
psl-partitioner-1 1010MiB / 4GiB 0.07%
psl-azurite 332.6MiB / 8GiB 102.26%
psl-partitioner-1 1010MiB / 4GiB 0.04%
psl-azurite 355.2MiB / 8GiB 104.18%
disk 175
psl-partitioner-1 1010MiB / 4GiB 2.33%
psl-azurite 351.8MiB / 8GiB 119.28%
psl-partitioner-1 1010MiB / 4GiB 0.19%
psl-azurite 347.8MiB / 8GiB 95.76%
psl-partitioner-1 1010MiB / 4GiB 0.07%
psl-azurite 362.4MiB / 8GiB 102.33%
psl-partitioner-1 1010MiB / 4GiB 0.04%
psl-azurite 365MiB / 8GiB 106.86%
disk 171
psl-partitioner-1 1010MiB / 4GiB 0.04%
psl-azurite 367.9MiB / 8GiB 96.23%
psl-partitioner-1 1010MiB / 4GiB 2.30%
psl-azurite 370.3MiB / 8GiB 106.42%
psl-partitioner-1 1010MiB / 4GiB 0.04%
psl-azurite 364.3MiB / 8GiB 84.73%
psl-partitioner-1 1013MiB / 4GiB 2.57%
psl-azurite 387MiB / 8GiB 113.98%
disk 167
psl-partitioner-1 1010MiB / 4GiB 0.18%
psl-azurite 373.7MiB / 8GiB 115.00%
psl-partitioner-1 1010MiB / 4GiB 0.04%
psl-azurite 381.4MiB / 8GiB 112.32%
psl-partitioner-1 1011MiB / 4GiB 0.04%
psl-azurite 403.5MiB / 8GiB 105.34%
psl-partitioner-1 1011MiB / 4GiB 0.08%
psl-azurite 391.6MiB / 8GiB 113.81%
disk 163
psl-partitioner-1 1011MiB / 4GiB 1.57%
psl-azurite 387.9MiB / 8GiB 107.83%
psl-partitioner-1 1011MiB / 4GiB 0.05%
psl-azurite 387.9MiB / 8GiB 112.67%
psl-partitioner-1 1011MiB / 4GiB 0.09%
psl-azurite 411.8MiB / 8GiB 92.36%
psl-partitioner-1 1011MiB / 4GiB 0.21%
psl-azurite 401.3MiB / 8GiB 108.00%
disk 160
psl-partitioner-1 1011MiB / 4GiB 0.03%
psl-azurite 404.5MiB / 8GiB 103.09%
psl-partitioner-1 1011MiB / 4GiB 1.63%
psl-azurite 422MiB / 8GiB 94.92%
psl-partitioner-1 1011MiB / 4GiB 0.06%
psl-azurite 404.3MiB / 8GiB 101.47%
psl-partitioner-1 1011MiB / 4GiB 0.09%
psl-azurite 400MiB / 8GiB 97.32%
disk 156
psl-partitioner-1 1012MiB / 4GiB 2.81%
psl-azurite 401.3MiB / 8GiB 2.55%
psl-partitioner-1 1012MiB / 4GiB 2.92%
psl-azurite 401.3MiB / 8GiB 0.04%
psl-partitioner-1 1012MiB / 4GiB 0.79%
psl-azurite 401.3MiB / 8GiB 2.81%
psl-partitioner-1 2.813GiB / 4GiB 28.26%
psl-azurite 393.6MiB / 8GiB 177.79%
disk 155
psl-partitioner-1 3.088GiB / 4GiB 96.31%
psl-azurite 472.3MiB / 8GiB 233.81%
psl-partitioner-1 2.97GiB / 4GiB 50.32%
psl-azurite 346.2MiB / 8GiB 221.56%
psl-partitioner-1 3.15GiB / 4GiB 129.36%
psl-azurite 424MiB / 8GiB 237.04%
psl-partitioner-1 3.011GiB / 4GiB 58.35%
psl-azurite 369.9MiB / 8GiB 254.62%
disk 150
psl-partitioner-1 2.988GiB / 4GiB 18.56%
psl-azurite 336.6MiB / 8GiB 202.70%
psl-partitioner-1 3.044GiB / 4GiB 140.69%
psl-azurite 454.3MiB / 8GiB 259.31%
psl-partitioner-1 3.047GiB / 4GiB 172.96%
psl-azurite 380.1MiB / 8GiB 195.18%
psl-partitioner-1 3.13GiB / 4GiB 132.26%
psl-azurite 443.2MiB / 8GiB 210.81%
disk 145
psl-partitioner-1 3.131GiB / 4GiB 74.79%
psl-azurite 413.9MiB / 8GiB 157.49%
psl-partitioner-1 3.111GiB / 4GiB 28.11%
psl-azurite 400MiB / 8GiB 195.02%
psl-partitioner-1 3.113GiB / 4GiB 55.54%
psl-azurite 358.8MiB / 8GiB 209.26%
psl-partitioner-1 3.304GiB / 4GiB 92.04%
psl-azurite 438.4MiB / 8GiB 226.11%
disk 140
psl-partitioner-1 3.184GiB / 4GiB 28.53%
psl-azurite 386MiB / 8GiB 197.66%
psl-partitioner-1 3.12GiB / 4GiB 69.80%
psl-azurite 393.8MiB / 8GiB 197.30%
psl-partitioner-1 3.193GiB / 4GiB 68.26%
psl-azurite 409.5MiB / 8GiB 172.43%
psl-partitioner-1 3.136GiB / 4GiB 68.96%
psl-azurite 434.4MiB / 8GiB 174.77%
disk 136
psl-partitioner-1 3.161GiB / 4GiB 193.82%
psl-azurite 458.1MiB / 8GiB 184.93%
psl-partitioner-1 3.185GiB / 4GiB 85.96%
psl-azurite 496.2MiB / 8GiB 180.46%
psl-partitioner-1 3.205GiB / 4GiB 93.98%
psl-azurite 528.7MiB / 8GiB 184.54%
psl-partitioner-1 3.18GiB / 4GiB 53.60%
psl-azurite 451.6MiB / 8GiB 238.86%
disk 131
psl-partitioner-1 3.16GiB / 4GiB 51.27%
psl-azurite 500.1MiB / 8GiB 167.77%
psl-partitioner-1 3.245GiB / 4GiB 115.31%
psl-azurite 509.5MiB / 8GiB 187.89%
psl-partitioner-1 3.232GiB / 4GiB 42.32%
psl-azurite 517.1MiB / 8GiB 152.61%
psl-partitioner-1 3.17GiB / 4GiB 37.16%
psl-azurite 450.6MiB / 8GiB 157.67%
disk 126
psl-partitioner-1 3.153GiB / 4GiB 38.60%
psl-azurite 491.4MiB / 8GiB 166.97%
psl-partitioner-1 3.186GiB / 4GiB 71.79%
psl-azurite 515.7MiB / 8GiB 221.53%
psl-partitioner-1 3.16GiB / 4GiB 50.26%
psl-azurite 493.6MiB / 8GiB 167.20%
psl-partitioner-1 3.143GiB / 4GiB 199.27%
psl-azurite 443MiB / 8GiB 0.54%
disk 121
