== 250MM fileId=589e1d47-afa0-3556-a3b7-83df846129f5
partitioner-1 2026-09-18T23:42:47.920Z level=INFO logger=b.c.s.b.p.b.listener.StepMetricsListener thread=virtual-167 request_id=cycle-861bac6a-326a-4068-897c-da09e2693502/589e1d47-afa0-3556-a3b7-83df846129f5 trace_id=c50ea2ff63fb59f04c8c0ebbd273e09c span_id=d2a13afa2b0bfc8f context=metrics operation=step.metrics step=validateHeaderStep fileId=589e1d47-afa0-3556-a3b7-83df846129f5 jobExecutionId=1 status=COMPLETED durationMs=114 lines=250000000 bytes=0 linesPerSec=2192982456 mbPerSec=0.00 msg="STEP_METRICS" data={"stepExecutionId":1,"failures":[]}
partitioner-1 2026-09-18T23:42:47.990Z level=INFO logger=b.c.s.b.p.b.listener.StepMetricsListener thread=virtual-167 request_id=cycle-861bac6a-326a-4068-897c-da09e2693502/589e1d47-afa0-3556-a3b7-83df846129f5 trace_id=c50ea2ff63fb59f04c8c0ebbd273e09c span_id=d2a13afa2b0bfc8f context=metrics operation=step.metrics step=cleanupPartitionsStep fileId=589e1d47-afa0-3556-a3b7-83df846129f5 jobExecutionId=1 status=COMPLETED durationMs=35 lines=0 bytes=0 linesPerSec=0 mbPerSec=0.00 msg="STEP_METRICS" data={"stepExecutionId":2,"failures":[]}
partitioner-1 2026-09-18T23:45:58.552Z level=INFO logger=b.c.s.b.p.b.listener.StepMetricsListener thread=virtual-177 request_id=cycle-861bac6a-326a-4068-897c-da09e2693502/589e1d47-afa0-3556-a3b7-83df846129f5 trace_id=c50ea2ff63fb59f04c8c0ebbd273e09c span_id=d2a13afa2b0bfc8f context=metrics operation=step.metrics step=partitionWorkerStep:partition0009 fileId=589e1d47-afa0-3556-a3b7-83df846129f5 jobExecutionId=1 status=COMPLETED durationMs=190356 lines=25000000 bytes=3775000019 linesPerSec=131333 mbPerSec=18.91 msg="STEP_METRICS" data={"stepExecutionId":12,"failures":[]}
partitioner-1 2026-09-18T23:45:58.676Z level=INFO logger=b.c.s.b.p.b.listener.StepMetricsListener thread=virtual-172 request_id=cycle-861bac6a-326a-4068-897c-da09e2693502/589e1d47-afa0-3556-a3b7-83df846129f5 trace_id=c50ea2ff63fb59f04c8c0ebbd273e09c span_id=d2a13afa2b0bfc8f context=metrics operation=step.metrics step=partitionWorkerStep:partition0001 fileId=589e1d47-afa0-3556-a3b7-83df846129f5 jobExecutionId=1 status=COMPLETED durationMs=190480 lines=25000000 bytes=3775000019 linesPerSec=131247 mbPerSec=18.90 msg="STEP_METRICS" data={"stepExecutionId":4,"failures":[]}
partitioner-1 2026-09-18T23:45:58.761Z level=INFO logger=b.c.s.b.p.b.listener.StepMetricsListener thread=virtual-168 request_id=cycle-861bac6a-326a-4068-897c-da09e2693502/589e1d47-afa0-3556-a3b7-83df846129f5 trace_id=c50ea2ff63fb59f04c8c0ebbd273e09c span_id=d2a13afa2b0bfc8f context=metrics operation=step.metrics step=partitionWorkerStep:partition0002 fileId=589e1d47-afa0-3556-a3b7-83df846129f5 jobExecutionId=1 status=COMPLETED durationMs=190568 lines=25000000 bytes=3775000019 linesPerSec=131187 mbPerSec=18.89 msg="STEP_METRICS" data={"stepExecutionId":5,"failures":[]}
partitioner-1 2026-09-18T23:45:58.833Z level=INFO logger=b.c.s.b.p.b.listener.StepMetricsListener thread=virtual-176 request_id=cycle-861bac6a-326a-4068-897c-da09e2693502/589e1d47-afa0-3556-a3b7-83df846129f5 trace_id=c50ea2ff63fb59f04c8c0ebbd273e09c span_id=d2a13afa2b0bfc8f context=metrics operation=step.metrics step=partitionWorkerStep:partition0006 fileId=589e1d47-afa0-3556-a3b7-83df846129f5 jobExecutionId=1 status=COMPLETED durationMs=190641 lines=25000000 bytes=3775000019 linesPerSec=131137 mbPerSec=18.88 msg="STEP_METRICS" data={"stepExecutionId":9,"failures":[]}
partitioner-1 2026-09-18T23:45:58.851Z level=INFO logger=b.c.s.b.p.b.listener.StepMetricsListener thread=virtual-175 request_id=cycle-861bac6a-326a-4068-897c-da09e2693502/589e1d47-afa0-3556-a3b7-83df846129f5 trace_id=c50ea2ff63fb59f04c8c0ebbd273e09c span_id=d2a13afa2b0bfc8f context=metrics operation=step.metrics step=partitionWorkerStep:partition0003 fileId=589e1d47-afa0-3556-a3b7-83df846129f5 jobExecutionId=1 status=COMPLETED durationMs=190658 lines=25000000 bytes=3775000019 linesPerSec=131125 mbPerSec=18.88 msg="STEP_METRICS" data={"stepExecutionId":6,"failures":[]}
partitioner-1 2026-09-18T23:45:58.905Z level=INFO logger=b.c.s.b.p.b.listener.StepMetricsListener thread=virtual-173 request_id=cycle-861bac6a-326a-4068-897c-da09e2693502/589e1d47-afa0-3556-a3b7-83df846129f5 trace_id=c50ea2ff63fb59f04c8c0ebbd273e09c span_id=d2a13afa2b0bfc8f context=metrics operation=step.metrics step=partitionWorkerStep:partition0004 fileId=589e1d47-afa0-3556-a3b7-83df846129f5 jobExecutionId=1 status=COMPLETED durationMs=190710 lines=25000000 bytes=3775000019 linesPerSec=131089 mbPerSec=18.88 msg="STEP_METRICS" data={"stepExecutionId":7,"failures":[]}
partitioner-1 2026-09-18T23:45:58.908Z level=INFO logger=b.c.s.b.p.b.listener.StepMetricsListener thread=virtual-170 request_id=cycle-861bac6a-326a-4068-897c-da09e2693502/589e1d47-afa0-3556-a3b7-83df846129f5 trace_id=c50ea2ff63fb59f04c8c0ebbd273e09c span_id=d2a13afa2b0bfc8f context=metrics operation=step.metrics step=partitionWorkerStep:partition0008 fileId=589e1d47-afa0-3556-a3b7-83df846129f5 jobExecutionId=1 status=COMPLETED durationMs=190716 lines=25000000 bytes=3775000019 linesPerSec=131085 mbPerSec=18.88 msg="STEP_METRICS" data={"stepExecutionId":11,"failures":[]}
partitioner-1 2026-09-18T23:45:58.946Z level=INFO logger=b.c.s.b.p.b.listener.StepMetricsListener thread=virtual-169 request_id=cycle-861bac6a-326a-4068-897c-da09e2693502/589e1d47-afa0-3556-a3b7-83df846129f5 trace_id=c50ea2ff63fb59f04c8c0ebbd273e09c span_id=d2a13afa2b0bfc8f context=metrics operation=step.metrics step=partitionWorkerStep:partition0005 fileId=589e1d47-afa0-3556-a3b7-83df846129f5 jobExecutionId=1 status=COMPLETED durationMs=190755 lines=25000000 bytes=3775000019 linesPerSec=131058 mbPerSec=18.87 msg="STEP_METRICS" data={"stepExecutionId":8,"failures":[]}
partitioner-1 2026-09-18T23:45:58.965Z level=INFO logger=b.c.s.b.p.b.listener.StepMetricsListener thread=virtual-171 request_id=cycle-861bac6a-326a-4068-897c-da09e2693502/589e1d47-afa0-3556-a3b7-83df846129f5 trace_id=c50ea2ff63fb59f04c8c0ebbd273e09c span_id=d2a13afa2b0bfc8f context=metrics operation=step.metrics step=partitionWorkerStep:partition0010 fileId=589e1d47-afa0-3556-a3b7-83df846129f5 jobExecutionId=1 status=COMPLETED durationMs=190774 lines=25000000 bytes=3775000019 linesPerSec=131045 mbPerSec=18.87 msg="STEP_METRICS" data={"stepExecutionId":13,"failures":[]}
partitioner-1 2026-09-18T23:45:58.969Z level=INFO logger=b.c.s.b.p.b.listener.StepMetricsListener thread=virtual-174 request_id=cycle-861bac6a-326a-4068-897c-da09e2693502/589e1d47-afa0-3556-a3b7-83df846129f5 trace_id=c50ea2ff63fb59f04c8c0ebbd273e09c span_id=d2a13afa2b0bfc8f context=metrics operation=step.metrics step=partitionWorkerStep:partition0007 fileId=589e1d47-afa0-3556-a3b7-83df846129f5 jobExecutionId=1 status=COMPLETED durationMs=190777 lines=25000000 bytes=3775000019 linesPerSec=131043 mbPerSec=18.87 msg="STEP_METRICS" data={"stepExecutionId":10,"failures":[]}
partitioner-1 2026-09-18T23:45:58.981Z level=INFO logger=b.c.s.b.p.b.listener.StepMetricsListener thread=virtual-167 request_id=cycle-861bac6a-326a-4068-897c-da09e2693502/589e1d47-afa0-3556-a3b7-83df846129f5 trace_id=c50ea2ff63fb59f04c8c0ebbd273e09c span_id=d2a13afa2b0bfc8f context=metrics operation=step.metrics step=partitionMasterStep fileId=589e1d47-afa0-3556-a3b7-83df846129f5 jobExecutionId=1 status=COMPLETED durationMs=190958 lines=250000000 bytes=37750000190 linesPerSec=1309188 mbPerSec=188.53 msg="STEP_METRICS" data={"stepExecutionId":3,"failures":[]}
partitioner-1 2026-09-18T23:45:59.027Z level=INFO logger=b.c.s.b.p.b.listener.StepMetricsListener thread=virtual-167 request_id=cycle-861bac6a-326a-4068-897c-da09e2693502/589e1d47-afa0-3556-a3b7-83df846129f5 trace_id=c50ea2ff63fb59f04c8c0ebbd273e09c span_id=d2a13afa2b0bfc8f context=metrics operation=step.metrics step=registerPartitionsStep fileId=589e1d47-afa0-3556-a3b7-83df846129f5 jobExecutionId=1 status=COMPLETED durationMs=26 lines=0 bytes=0 linesPerSec=0 mbPerSec=0.00 msg="STEP_METRICS" data={"stepExecutionId":14,"failures":[]}
partitioner-1 2026-09-18T23:45:59.119Z level=INFO logger=b.c.s.b.p.b.listener.StepMetricsListener thread=virtual-167 request_id=cycle-861bac6a-326a-4068-897c-da09e2693502/589e1d47-afa0-3556-a3b7-83df846129f5 trace_id=c50ea2ff63fb59f04c8c0ebbd273e09c span_id=d2a13afa2b0bfc8f context=metrics operation=step.metrics step=moveOriginalStep fileId=589e1d47-afa0-3556-a3b7-83df846129f5 jobExecutionId=1 status=COMPLETED durationMs=67 lines=0 bytes=37750000019 linesPerSec=0 mbPerSec=537331.42 msg="STEP_METRICS" data={"stepExecutionId":15,"failures":[]}
partitioner-1 2026-09-18T23:45:59.627Z level=INFO logger=b.c.s.b.p.b.listener.StepMetricsListener thread=virtual-167 request_id=cycle-861bac6a-326a-4068-897c-da09e2693502/589e1d47-afa0-3556-a3b7-83df846129f5 trace_id=c50ea2ff63fb59f04c8c0ebbd273e09c span_id=d2a13afa2b0bfc8f context=metrics operation=step.metrics step=publishPartitionsStep fileId=589e1d47-afa0-3556-a3b7-83df846129f5 jobExecutionId=1 status=COMPLETED durationMs=482 lines=0 bytes=0 linesPerSec=0 mbPerSec=0.00 msg="STEP_METRICS" data={"stepExecutionId":16,"failures":[]}
partitioner-1 2026-09-18T23:45:59.641Z level=INFO logger=b.c.s.b.p.b.listener.JobMetricsListener thread=virtual-167 request_id=cycle-861bac6a-326a-4068-897c-da09e2693502/589e1d47-afa0-3556-a3b7-83df846129f5 trace_id=c50ea2ff63fb59f04c8c0ebbd273e09c span_id=d2a13afa2b0bfc8f context=metrics operation=job.metrics job=filePartitionJob fileId=589e1d47-afa0-3556-a3b7-83df846129f5 jobExecutionId=1 status=COMPLETED attempt=1 durationMs=191893 lines=250000000 bytes=37750000019 partitions=10 linesPerSec=1302809 mbPerSec=187.61 msg="JOB_METRICS" data={"fileName":"MOV_ABERTO_20260918_1789774662958_01.txt","failures":[]}
== amostras de docker stats
psl-partitioner-1 389.4MiB / 4GiB 0.04%
psl-azurite 74.65MiB / 8GiB 113.79%
disk 191
psl-partitioner-1 636.9MiB / 4GiB 2.69%
psl-azurite 101.7MiB / 8GiB 109.50%
psl-partitioner-1 639MiB / 4GiB 0.69%
psl-azurite 132.4MiB / 8GiB 95.82%
psl-partitioner-1 639.1MiB / 4GiB 0.50%
psl-azurite 193.2MiB / 8GiB 105.27%
disk 188
psl-partitioner-1 639.3MiB / 4GiB 0.11%
psl-azurite 205.8MiB / 8GiB 101.80%
psl-partitioner-1 642.1MiB / 4GiB 0.08%
psl-azurite 226.5MiB / 8GiB 108.29%
psl-partitioner-1 642.2MiB / 4GiB 2.77%
psl-azurite 265.5MiB / 8GiB 102.06%
psl-partitioner-1 642.3MiB / 4GiB 0.08%
psl-azurite 288.7MiB / 8GiB 106.80%
disk 184
psl-partitioner-1 644.5MiB / 4GiB 0.09%
psl-azurite 310.3MiB / 8GiB 113.60%
psl-partitioner-1 644.8MiB / 4GiB 0.14%
psl-azurite 331.4MiB / 8GiB 92.48%
psl-partitioner-1 646.9MiB / 4GiB 0.58%
psl-azurite 317.8MiB / 8GiB 113.70%
psl-partitioner-1 647MiB / 4GiB 3.77%
psl-azurite 312.9MiB / 8GiB 124.66%
disk 180
psl-partitioner-1 647MiB / 4GiB 0.07%
psl-azurite 317.9MiB / 8GiB 106.78%
psl-partitioner-1 647.2MiB / 4GiB 3.72%
psl-azurite 325.8MiB / 8GiB 121.40%
psl-partitioner-1 649.4MiB / 4GiB 0.10%
psl-azurite 333.2MiB / 8GiB 98.80%
psl-partitioner-1 649.5MiB / 4GiB 0.08%
psl-azurite 332.8MiB / 8GiB 113.20%
disk 177
psl-partitioner-1 649.6MiB / 4GiB 0.15%
psl-azurite 331.4MiB / 8GiB 127.64%
psl-partitioner-1 649.6MiB / 4GiB 1.23%
psl-azurite 349.2MiB / 8GiB 127.49%
psl-partitioner-1 649.8MiB / 4GiB 2.84%
psl-azurite 339.9MiB / 8GiB 121.78%
psl-partitioner-1 649.8MiB / 4GiB 0.75%
psl-azurite 364.3MiB / 8GiB 112.01%
disk 173
psl-partitioner-1 649.9MiB / 4GiB 0.06%
psl-azurite 348.8MiB / 8GiB 105.30%
psl-partitioner-1 652MiB / 4GiB 0.08%
psl-azurite 365.1MiB / 8GiB 106.43%
psl-partitioner-1 652.2MiB / 4GiB 0.13%
psl-azurite 376.2MiB / 8GiB 101.76%
psl-partitioner-1 652.3MiB / 4GiB 2.11%
psl-azurite 383.8MiB / 8GiB 109.66%
disk 170
psl-partitioner-1 652.4MiB / 4GiB 0.32%
psl-azurite 392.6MiB / 8GiB 109.14%
psl-partitioner-1 652.4MiB / 4GiB 0.08%
psl-azurite 369.1MiB / 8GiB 112.24%
psl-partitioner-1 654.6MiB / 4GiB 0.07%
psl-azurite 369.8MiB / 8GiB 116.84%
psl-partitioner-1 654.7MiB / 4GiB 0.11%
psl-azurite 384.8MiB / 8GiB 109.66%
disk 166
psl-partitioner-1 654.8MiB / 4GiB 0.09%
psl-azurite 388.6MiB / 8GiB 101.27%
psl-partitioner-1 656.8MiB / 4GiB 0.12%
psl-azurite 408.1MiB / 8GiB 107.44%
psl-partitioner-1 657MiB / 4GiB 6.04%
psl-azurite 387.5MiB / 8GiB 121.18%
psl-partitioner-1 657MiB / 4GiB 0.65%
psl-azurite 399.2MiB / 8GiB 117.72%
disk 163
psl-partitioner-1 657.1MiB / 4GiB 0.10%
psl-azurite 387MiB / 8GiB 107.88%
psl-partitioner-1 657.1MiB / 4GiB 0.72%
psl-azurite 384.9MiB / 8GiB 118.49%
psl-partitioner-1 657.2MiB / 4GiB 6.22%
psl-azurite 399.6MiB / 8GiB 114.81%
psl-partitioner-1 659.3MiB / 4GiB 2.87%
psl-azurite 401.4MiB / 8GiB 113.89%
disk 159
psl-partitioner-1 659.3MiB / 4GiB 0.07%
psl-azurite 410.1MiB / 8GiB 113.03%
psl-partitioner-1 659.4MiB / 4GiB 0.09%
psl-azurite 407.7MiB / 8GiB 120.43%
psl-partitioner-1 659.5MiB / 4GiB 0.40%
psl-azurite 400.4MiB / 8GiB 113.43%
psl-partitioner-1 661.6MiB / 4GiB 0.38%
psl-azurite 413.5MiB / 8GiB 120.67%
disk 156
psl-partitioner-1 664MiB / 4GiB 1.16%
psl-azurite 401.1MiB / 8GiB 0.02%
psl-partitioner-1 666.2MiB / 4GiB 0.22%
psl-azurite 404.4MiB / 8GiB 0.00%
psl-partitioner-1 666.4MiB / 4GiB 5.94%
psl-azurite 404.5MiB / 8GiB 2.69%
psl-partitioner-1 2.407GiB / 4GiB 122.32%
psl-azurite 420.6MiB / 8GiB 273.86%
disk 155
psl-partitioner-1 3.255GiB / 4GiB 128.27%
psl-azurite 423.2MiB / 8GiB 253.10%
psl-partitioner-1 3.282GiB / 4GiB 98.00%
psl-azurite 417.5MiB / 8GiB 260.24%
psl-partitioner-1 3.284GiB / 4GiB 48.09%
psl-azurite 364.4MiB / 8GiB 220.25%
psl-partitioner-1 3.278GiB / 4GiB 106.30%
psl-azurite 370.4MiB / 8GiB 265.51%
disk 150
psl-partitioner-1 3.312GiB / 4GiB 102.94%
psl-azurite 438MiB / 8GiB 254.51%
psl-partitioner-1 3.299GiB / 4GiB 79.66%
psl-azurite 436.2MiB / 8GiB 227.31%
psl-partitioner-1 3.253GiB / 4GiB 57.14%
psl-azurite 338.5MiB / 8GiB 212.45%
psl-partitioner-1 3.267GiB / 4GiB 90.02%
psl-azurite 357.1MiB / 8GiB 164.60%
disk 145
psl-partitioner-1 3.349GiB / 4GiB 56.39%
psl-azurite 426.4MiB / 8GiB 154.93%
psl-partitioner-1 3.265GiB / 4GiB 66.99%
psl-azurite 398.3MiB / 8GiB 174.11%
psl-partitioner-1 3.311GiB / 4GiB 81.76%
psl-azurite 417MiB / 8GiB 229.42%
psl-partitioner-1 3.294GiB / 4GiB 53.42%
psl-azurite 431.5MiB / 8GiB 200.61%
disk 139
psl-partitioner-1 3.297GiB / 4GiB 35.88%
psl-azurite 424.6MiB / 8GiB 228.61%
psl-partitioner-1 3.284GiB / 4GiB 34.06%
psl-azurite 395.6MiB / 8GiB 207.14%
psl-partitioner-1 3.284GiB / 4GiB 41.34%
psl-azurite 420.9MiB / 8GiB 169.97%
psl-partitioner-1 3.295GiB / 4GiB 67.11%
psl-azurite 434.4MiB / 8GiB 172.57%
disk 134
psl-partitioner-1 3.291GiB / 4GiB 32.24%
psl-azurite 438MiB / 8GiB 219.89%
psl-partitioner-1 3.285GiB / 4GiB 41.17%
psl-azurite 418.1MiB / 8GiB 213.30%
psl-partitioner-1 3.305GiB / 4GiB 33.32%
psl-azurite 435.8MiB / 8GiB 179.87%
psl-partitioner-1 3.306GiB / 4GiB 47.10%
psl-azurite 439.4MiB / 8GiB 161.38%
disk 129
psl-partitioner-1 3.304GiB / 4GiB 52.73%
psl-azurite 417.1MiB / 8GiB 158.14%
psl-partitioner-1 3.297GiB / 4GiB 43.15%
psl-azurite 460MiB / 8GiB 165.44%
psl-partitioner-1 3.295GiB / 4GiB 41.36%
psl-azurite 452.2MiB / 8GiB 164.97%
psl-partitioner-1 3.295GiB / 4GiB 63.38%
psl-azurite 465.1MiB / 8GiB 159.06%
disk 123
psl-partitioner-1 3.296GiB / 4GiB 62.57%
psl-azurite 515.7MiB / 8GiB 170.95%
psl-partitioner-1 3.288GiB / 4GiB 129.18%
psl-azurite 444.4MiB / 8GiB 151.81%
