== 250MM fileId=09963177-71ca-34b3-ae82-846de8e63e4f
partitioner-1 2026-09-18T22:53:49.541Z level=INFO logger=b.c.s.b.p.b.listener.StepMetricsListener thread=virtual-200 request_id=cycle-9565e629-f8f4-4aa1-9524-0c3e08cc96a1/09963177-71ca-34b3-ae82-846de8e63e4f trace_id=- span_id=- context=metrics operation=step.metrics step=validateHeaderStep fileId=09963177-71ca-34b3-ae82-846de8e63e4f jobExecutionId=1 status=COMPLETED durationMs=54 lines=250000000 bytes=0 linesPerSec=4629629630 mbPerSec=0.00 msg="STEP_METRICS" data={"stepExecutionId":1,"failures":[]}
partitioner-1 2026-09-18T22:53:49.589Z level=INFO logger=b.c.s.b.p.b.listener.StepMetricsListener thread=virtual-200 request_id=cycle-9565e629-f8f4-4aa1-9524-0c3e08cc96a1/09963177-71ca-34b3-ae82-846de8e63e4f trace_id=- span_id=- context=metrics operation=step.metrics step=cleanupPartitionsStep fileId=09963177-71ca-34b3-ae82-846de8e63e4f jobExecutionId=1 status=COMPLETED durationMs=24 lines=0 bytes=0 linesPerSec=0 mbPerSec=0.00 msg="STEP_METRICS" data={"stepExecutionId":2,"failures":[]}
partitioner-1 2026-09-18T22:56:12.744Z level=INFO logger=b.c.s.b.p.b.listener.StepMetricsListener thread=virtual-210 request_id=cycle-9565e629-f8f4-4aa1-9524-0c3e08cc96a1/09963177-71ca-34b3-ae82-846de8e63e4f trace_id=- span_id=- context=metrics operation=step.metrics step=partitionWorkerStep:partition0009 fileId=09963177-71ca-34b3-ae82-846de8e63e4f jobExecutionId=1 status=COMPLETED durationMs=143030 lines=25000000 bytes=3775000019 linesPerSec=174789 mbPerSec=25.17 msg="STEP_METRICS" data={"stepExecutionId":12,"failures":[]}
partitioner-1 2026-09-18T22:56:12.817Z level=INFO logger=b.c.s.b.p.b.listener.StepMetricsListener thread=virtual-206 request_id=cycle-9565e629-f8f4-4aa1-9524-0c3e08cc96a1/09963177-71ca-34b3-ae82-846de8e63e4f trace_id=- span_id=- context=metrics operation=step.metrics step=partitionWorkerStep:partition0004 fileId=09963177-71ca-34b3-ae82-846de8e63e4f jobExecutionId=1 status=COMPLETED durationMs=143106 lines=25000000 bytes=3775000019 linesPerSec=174696 mbPerSec=25.16 msg="STEP_METRICS" data={"stepExecutionId":7,"failures":[]}
partitioner-1 2026-09-18T22:56:12.825Z level=INFO logger=b.c.s.b.p.b.listener.StepMetricsListener thread=virtual-202 request_id=cycle-9565e629-f8f4-4aa1-9524-0c3e08cc96a1/09963177-71ca-34b3-ae82-846de8e63e4f trace_id=- span_id=- context=metrics operation=step.metrics step=partitionWorkerStep:partition0005 fileId=09963177-71ca-34b3-ae82-846de8e63e4f jobExecutionId=1 status=COMPLETED durationMs=143116 lines=25000000 bytes=3775000019 linesPerSec=174683 mbPerSec=25.16 msg="STEP_METRICS" data={"stepExecutionId":8,"failures":[]}
partitioner-1 2026-09-18T22:56:12.926Z level=INFO logger=b.c.s.b.p.b.listener.StepMetricsListener thread=virtual-203 request_id=cycle-9565e629-f8f4-4aa1-9524-0c3e08cc96a1/09963177-71ca-34b3-ae82-846de8e63e4f trace_id=- span_id=- context=metrics operation=step.metrics step=partitionWorkerStep:partition0008 fileId=09963177-71ca-34b3-ae82-846de8e63e4f jobExecutionId=1 status=COMPLETED durationMs=143216 lines=25000000 bytes=3775000019 linesPerSec=174562 mbPerSec=25.14 msg="STEP_METRICS" data={"stepExecutionId":11,"failures":[]}
partitioner-1 2026-09-18T22:56:12.932Z level=INFO logger=b.c.s.b.p.b.listener.StepMetricsListener thread=virtual-209 request_id=cycle-9565e629-f8f4-4aa1-9524-0c3e08cc96a1/09963177-71ca-34b3-ae82-846de8e63e4f trace_id=- span_id=- context=metrics operation=step.metrics step=partitionWorkerStep:partition0006 fileId=09963177-71ca-34b3-ae82-846de8e63e4f jobExecutionId=1 status=COMPLETED durationMs=143224 lines=25000000 bytes=3775000019 linesPerSec=174552 mbPerSec=25.14 msg="STEP_METRICS" data={"stepExecutionId":9,"failures":[]}
partitioner-1 2026-09-18T22:56:12.943Z level=INFO logger=b.c.s.b.p.b.listener.StepMetricsListener thread=virtual-205 request_id=cycle-9565e629-f8f4-4aa1-9524-0c3e08cc96a1/09963177-71ca-34b3-ae82-846de8e63e4f trace_id=- span_id=- context=metrics operation=step.metrics step=partitionWorkerStep:partition0001 fileId=09963177-71ca-34b3-ae82-846de8e63e4f jobExecutionId=1 status=COMPLETED durationMs=143234 lines=25000000 bytes=3775000019 linesPerSec=174540 mbPerSec=25.13 msg="STEP_METRICS" data={"stepExecutionId":4,"failures":[]}
partitioner-1 2026-09-18T22:56:12.981Z level=INFO logger=b.c.s.b.p.b.listener.StepMetricsListener thread=virtual-204 request_id=cycle-9565e629-f8f4-4aa1-9524-0c3e08cc96a1/09963177-71ca-34b3-ae82-846de8e63e4f trace_id=- span_id=- context=metrics operation=step.metrics step=partitionWorkerStep:partition0010 fileId=09963177-71ca-34b3-ae82-846de8e63e4f jobExecutionId=1 status=COMPLETED durationMs=143265 lines=25000000 bytes=3775000019 linesPerSec=174502 mbPerSec=25.13 msg="STEP_METRICS" data={"stepExecutionId":13,"failures":[]}
partitioner-1 2026-09-18T22:56:13.005Z level=INFO logger=b.c.s.b.p.b.listener.StepMetricsListener thread=virtual-207 request_id=cycle-9565e629-f8f4-4aa1-9524-0c3e08cc96a1/09963177-71ca-34b3-ae82-846de8e63e4f trace_id=- span_id=- context=metrics operation=step.metrics step=partitionWorkerStep:partition0007 fileId=09963177-71ca-34b3-ae82-846de8e63e4f jobExecutionId=1 status=COMPLETED durationMs=143295 lines=25000000 bytes=3775000019 linesPerSec=174465 mbPerSec=25.12 msg="STEP_METRICS" data={"stepExecutionId":10,"failures":[]}
partitioner-1 2026-09-18T22:56:13.033Z level=INFO logger=b.c.s.b.p.b.listener.StepMetricsListener thread=virtual-208 request_id=cycle-9565e629-f8f4-4aa1-9524-0c3e08cc96a1/09963177-71ca-34b3-ae82-846de8e63e4f trace_id=- span_id=- context=metrics operation=step.metrics step=partitionWorkerStep:partition0003 fileId=09963177-71ca-34b3-ae82-846de8e63e4f jobExecutionId=1 status=COMPLETED durationMs=143324 lines=25000000 bytes=3775000019 linesPerSec=174430 mbPerSec=25.12 msg="STEP_METRICS" data={"stepExecutionId":6,"failures":[]}
partitioner-1 2026-09-18T22:56:13.046Z level=INFO logger=b.c.s.b.p.b.listener.StepMetricsListener thread=virtual-201 request_id=cycle-9565e629-f8f4-4aa1-9524-0c3e08cc96a1/09963177-71ca-34b3-ae82-846de8e63e4f trace_id=- span_id=- context=metrics operation=step.metrics step=partitionWorkerStep:partition0002 fileId=09963177-71ca-34b3-ae82-846de8e63e4f jobExecutionId=1 status=COMPLETED durationMs=143338 lines=25000000 bytes=3775000019 linesPerSec=174413 mbPerSec=25.12 msg="STEP_METRICS" data={"stepExecutionId":5,"failures":[]}
partitioner-1 2026-09-18T22:56:13.060Z level=INFO logger=b.c.s.b.p.b.listener.StepMetricsListener thread=virtual-200 request_id=cycle-9565e629-f8f4-4aa1-9524-0c3e08cc96a1/09963177-71ca-34b3-ae82-846de8e63e4f trace_id=- span_id=- context=metrics operation=step.metrics step=partitionMasterStep fileId=09963177-71ca-34b3-ae82-846de8e63e4f jobExecutionId=1 status=COMPLETED durationMs=143446 lines=250000000 bytes=37750000190 linesPerSec=1742816 mbPerSec=250.97 msg="STEP_METRICS" data={"stepExecutionId":3,"failures":[]}
partitioner-1 2026-09-18T22:56:13.101Z level=INFO logger=b.c.s.b.p.b.listener.StepMetricsListener thread=virtual-200 request_id=cycle-9565e629-f8f4-4aa1-9524-0c3e08cc96a1/09963177-71ca-34b3-ae82-846de8e63e4f trace_id=- span_id=- context=metrics operation=step.metrics step=registerPartitionsStep fileId=09963177-71ca-34b3-ae82-846de8e63e4f jobExecutionId=1 status=COMPLETED durationMs=23 lines=0 bytes=0 linesPerSec=0 mbPerSec=0.00 msg="STEP_METRICS" data={"stepExecutionId":14,"failures":[]}
partitioner-1 2026-09-18T22:56:13.153Z level=INFO logger=b.c.s.b.p.b.listener.StepMetricsListener thread=virtual-200 request_id=cycle-9565e629-f8f4-4aa1-9524-0c3e08cc96a1/09963177-71ca-34b3-ae82-846de8e63e4f trace_id=- span_id=- context=metrics operation=step.metrics step=moveOriginalStep fileId=09963177-71ca-34b3-ae82-846de8e63e4f jobExecutionId=1 status=COMPLETED durationMs=34 lines=0 bytes=37750000019 linesPerSec=0 mbPerSec=1058858.98 msg="STEP_METRICS" data={"stepExecutionId":15,"failures":[]}
partitioner-1 2026-09-18T22:56:13.524Z level=INFO logger=b.c.s.b.p.b.listener.StepMetricsListener thread=virtual-200 request_id=cycle-9565e629-f8f4-4aa1-9524-0c3e08cc96a1/09963177-71ca-34b3-ae82-846de8e63e4f trace_id=- span_id=- context=metrics operation=step.metrics step=publishPartitionsStep fileId=09963177-71ca-34b3-ae82-846de8e63e4f jobExecutionId=1 status=COMPLETED durationMs=355 lines=0 bytes=0 linesPerSec=0 mbPerSec=0.00 msg="STEP_METRICS" data={"stepExecutionId":16,"failures":[]}
partitioner-1 2026-09-18T22:56:13.537Z level=INFO logger=b.c.s.b.p.b.listener.JobMetricsListener thread=virtual-200 request_id=cycle-9565e629-f8f4-4aa1-9524-0c3e08cc96a1/09963177-71ca-34b3-ae82-846de8e63e4f trace_id=- span_id=- context=metrics operation=job.metrics job=filePartitionJob fileId=09963177-71ca-34b3-ae82-846de8e63e4f jobExecutionId=1 status=COMPLETED attempt=1 durationMs=144081 lines=250000000 bytes=37750000019 partitions=10 linesPerSec=1735135 mbPerSec=249.87 msg="JOB_METRICS" data={"fileName":"MOV_ABERTO_20260918_1789771752978_01.txt","failures":[]}
== amostras de docker stats
psl-partitioner-1 557.1MiB / 4GiB 0.03%
psl-azurite 77.38MiB / 8GiB 111.31%
disk 191
psl-partitioner-1 569.2MiB / 4GiB 3.85%
psl-azurite 109.3MiB / 8GiB 114.30%
psl-partitioner-1 569.2MiB / 4GiB 0.45%
psl-azurite 148.1MiB / 8GiB 107.19%
psl-partitioner-1 569.3MiB / 4GiB 0.05%
psl-azurite 182.2MiB / 8GiB 103.95%
disk 188
psl-partitioner-1 569.5MiB / 4GiB 0.09%
psl-azurite 201.6MiB / 8GiB 106.37%
psl-partitioner-1 570.1MiB / 4GiB 0.08%
psl-azurite 254MiB / 8GiB 113.08%
psl-partitioner-1 570.2MiB / 4GiB 2.14%
psl-azurite 275.5MiB / 8GiB 114.78%
psl-partitioner-1 570.3MiB / 4GiB 0.05%
psl-azurite 303.8MiB / 8GiB 102.51%
disk 184
psl-partitioner-1 570.4MiB / 4GiB 0.05%
psl-azurite 320.5MiB / 8GiB 108.86%
psl-partitioner-1 570.5MiB / 4GiB 0.25%
psl-azurite 308.9MiB / 8GiB 99.56%
psl-partitioner-1 570.7MiB / 4GiB 0.10%
psl-azurite 312.1MiB / 8GiB 94.14%
psl-partitioner-1 570.8MiB / 4GiB 1.97%
psl-azurite 328.5MiB / 8GiB 108.80%
disk 179
psl-partitioner-1 570.9MiB / 4GiB 0.05%
psl-azurite 332.8MiB / 8GiB 105.18%
psl-partitioner-1 570.9MiB / 4GiB 0.05%
psl-azurite 330.6MiB / 8GiB 100.85%
psl-partitioner-1 571.2MiB / 4GiB 0.05%
psl-azurite 339.1MiB / 8GiB 106.44%
psl-partitioner-1 571.3MiB / 4GiB 0.04%
psl-azurite 334.9MiB / 8GiB 117.21%
disk 175
psl-partitioner-1 571.4MiB / 4GiB 1.95%
psl-azurite 360.6MiB / 8GiB 112.64%
psl-partitioner-1 571.4MiB / 4GiB 0.07%
psl-azurite 365.9MiB / 8GiB 120.75%
psl-partitioner-1 571.4MiB / 4GiB 0.04%
psl-azurite 361.3MiB / 8GiB 107.64%
psl-partitioner-1 571.5MiB / 4GiB 0.04%
psl-azurite 363.6MiB / 8GiB 102.86%
disk 171
psl-partitioner-1 571.6MiB / 4GiB 0.08%
psl-azurite 359.7MiB / 8GiB 96.89%
psl-partitioner-1 571.7MiB / 4GiB 0.04%
psl-azurite 363.4MiB / 8GiB 101.53%
psl-partitioner-1 571.8MiB / 4GiB 0.04%
psl-azurite 369.8MiB / 8GiB 120.99%
psl-partitioner-1 571.9MiB / 4GiB 1.94%
psl-azurite 372MiB / 8GiB 97.70%
disk 167
psl-partitioner-1 571.9MiB / 4GiB 0.03%
psl-azurite 370.9MiB / 8GiB 108.12%
psl-partitioner-1 572MiB / 4GiB 0.04%
psl-azurite 379.9MiB / 8GiB 112.01%
psl-partitioner-1 572.1MiB / 4GiB 1.44%
psl-azurite 391MiB / 8GiB 103.27%
psl-partitioner-1 572.2MiB / 4GiB 0.03%
psl-azurite 377.8MiB / 8GiB 98.13%
disk 163
psl-partitioner-1 572.3MiB / 4GiB 2.20%
psl-azurite 397.4MiB / 8GiB 108.31%
psl-partitioner-1 572.3MiB / 4GiB 0.04%
psl-azurite 416.3MiB / 8GiB 98.78%
psl-partitioner-1 572.4MiB / 4GiB 0.03%
psl-azurite 392.1MiB / 8GiB 96.10%
psl-partitioner-1 572.6MiB / 4GiB 0.04%
psl-azurite 398.8MiB / 8GiB 102.35%
disk 159
psl-partitioner-1 572.6MiB / 4GiB 0.18%
psl-azurite 416.8MiB / 8GiB 106.81%
psl-partitioner-1 572.6MiB / 4GiB 1.82%
psl-azurite 399.7MiB / 8GiB 119.61%
psl-partitioner-1 572.6MiB / 4GiB 0.03%
psl-azurite 401.9MiB / 8GiB 101.93%
psl-partitioner-1 573.1MiB / 4GiB 0.07%
psl-azurite 401.6MiB / 8GiB 0.00%
disk 156
psl-partitioner-1 573.3MiB / 4GiB 0.15%
psl-azurite 401.5MiB / 8GiB 0.00%
psl-partitioner-1 573.6MiB / 4GiB 3.54%
psl-azurite 401.5MiB / 8GiB 0.04%
psl-partitioner-1 573.9MiB / 4GiB 1.31%
psl-azurite 401.5MiB / 8GiB 2.08%
psl-partitioner-1 2.637GiB / 4GiB 147.00%
psl-azurite 579.4MiB / 8GiB 238.22%
disk 155
psl-partitioner-1 2.899GiB / 4GiB 17.71%
psl-azurite 387.6MiB / 8GiB 194.89%
psl-partitioner-1 3.06GiB / 4GiB 25.57%
psl-azurite 347.5MiB / 8GiB 207.97%
psl-partitioner-1 3.166GiB / 4GiB 58.62%
psl-azurite 432.6MiB / 8GiB 211.79%
psl-partitioner-1 3.098GiB / 4GiB 61.58%
psl-azurite 334.3MiB / 8GiB 214.48%
disk 149
psl-partitioner-1 3.104GiB / 4GiB 33.87%
psl-azurite 369.9MiB / 8GiB 194.11%
psl-partitioner-1 3.091GiB / 4GiB 62.41%
psl-azurite 374MiB / 8GiB 158.84%
psl-partitioner-1 3.138GiB / 4GiB 46.52%
psl-azurite 479.1MiB / 8GiB 150.72%
psl-partitioner-1 3.117GiB / 4GiB 38.35%
psl-azurite 370.8MiB / 8GiB 159.32%
disk 142
psl-partitioner-1 3.138GiB / 4GiB 56.67%
psl-azurite 403.9MiB / 8GiB 175.78%
psl-partitioner-1 3.129GiB / 4GiB 47.35%
psl-azurite 403.5MiB / 8GiB 156.98%
psl-partitioner-1 3.132GiB / 4GiB 48.43%
psl-azurite 427.7MiB / 8GiB 216.63%
psl-partitioner-1 3.152GiB / 4GiB 55.09%
psl-azurite 412.5MiB / 8GiB 156.06%
disk 134
psl-partitioner-1 3.166GiB / 4GiB 35.58%
psl-azurite 437MiB / 8GiB 181.62%
psl-partitioner-1 3.145GiB / 4GiB 37.56%
psl-azurite 420.7MiB / 8GiB 161.35%
psl-partitioner-1 3.158GiB / 4GiB 40.10%
psl-azurite 438.1MiB / 8GiB 161.56%
psl-partitioner-1 3.163GiB / 4GiB 33.90%
psl-azurite 429.2MiB / 8GiB 210.32%
disk 127
psl-partitioner-1 3.155GiB / 4GiB 45.49%
psl-azurite 464.9MiB / 8GiB 173.35%
psl-partitioner-1 3.173GiB / 4GiB 38.86%
psl-azurite 491.5MiB / 8GiB 149.56%
psl-partitioner-1 3.136GiB / 4GiB 23.26%
psl-azurite 459.3MiB / 8GiB 122.31%
psl-partitioner-1 3.176GiB / 4GiB 56.95%
psl-azurite 427.9MiB / 8GiB 0.00%
