== 250MM fileId=a195325d-a518-3449-81f7-10c2a8cd82d7
partitioner-1 2026-09-18T23:01:23.686Z level=INFO logger=b.c.s.b.p.b.listener.StepMetricsListener thread=virtual-178 request_id=cycle-9d1da345-7707-4b85-a68d-ba7ca8ad5441/a195325d-a518-3449-81f7-10c2a8cd82d7 trace_id=c8c9a12739272383fa7580e7e9a7e680 span_id=1cf74c76f23a5fc5 context=metrics operation=step.metrics step=validateHeaderStep fileId=a195325d-a518-3449-81f7-10c2a8cd82d7 jobExecutionId=1 status=COMPLETED durationMs=64 lines=250000000 bytes=0 linesPerSec=3906250000 mbPerSec=0.00 msg="STEP_METRICS" data={"stepExecutionId":1,"failures":[]}
partitioner-1 2026-09-18T23:01:23.730Z level=INFO logger=b.c.s.b.p.b.listener.StepMetricsListener thread=virtual-178 request_id=cycle-9d1da345-7707-4b85-a68d-ba7ca8ad5441/a195325d-a518-3449-81f7-10c2a8cd82d7 trace_id=c8c9a12739272383fa7580e7e9a7e680 span_id=1cf74c76f23a5fc5 context=metrics operation=step.metrics step=cleanupPartitionsStep fileId=a195325d-a518-3449-81f7-10c2a8cd82d7 jobExecutionId=1 status=COMPLETED durationMs=22 lines=0 bytes=0 linesPerSec=0 mbPerSec=0.00 msg="STEP_METRICS" data={"stepExecutionId":2,"failures":[]}
partitioner-1 2026-09-18T23:03:49.260Z level=INFO logger=b.c.s.b.p.b.listener.StepMetricsListener thread=virtual-183 request_id=cycle-9d1da345-7707-4b85-a68d-ba7ca8ad5441/a195325d-a518-3449-81f7-10c2a8cd82d7 trace_id=c8c9a12739272383fa7580e7e9a7e680 span_id=1cf74c76f23a5fc5 context=metrics operation=step.metrics step=partitionWorkerStep:partition0002 fileId=a195325d-a518-3449-81f7-10c2a8cd82d7 jobExecutionId=1 status=COMPLETED durationMs=145340 lines=25000000 bytes=3775000019 linesPerSec=172010 mbPerSec=24.77 msg="STEP_METRICS" data={"stepExecutionId":5,"failures":[]}
partitioner-1 2026-09-18T23:03:49.327Z level=INFO logger=b.c.s.b.p.b.listener.StepMetricsListener thread=virtual-188 request_id=cycle-9d1da345-7707-4b85-a68d-ba7ca8ad5441/a195325d-a518-3449-81f7-10c2a8cd82d7 trace_id=c8c9a12739272383fa7580e7e9a7e680 span_id=1cf74c76f23a5fc5 context=metrics operation=step.metrics step=partitionWorkerStep:partition0004 fileId=a195325d-a518-3449-81f7-10c2a8cd82d7 jobExecutionId=1 status=COMPLETED durationMs=145407 lines=25000000 bytes=3775000019 linesPerSec=171931 mbPerSec=24.76 msg="STEP_METRICS" data={"stepExecutionId":7,"failures":[]}
partitioner-1 2026-09-18T23:03:49.571Z level=INFO logger=b.c.s.b.p.b.listener.StepMetricsListener thread=virtual-186 request_id=cycle-9d1da345-7707-4b85-a68d-ba7ca8ad5441/a195325d-a518-3449-81f7-10c2a8cd82d7 trace_id=c8c9a12739272383fa7580e7e9a7e680 span_id=1cf74c76f23a5fc5 context=metrics operation=step.metrics step=partitionWorkerStep:partition0010 fileId=a195325d-a518-3449-81f7-10c2a8cd82d7 jobExecutionId=1 status=COMPLETED durationMs=145656 lines=25000000 bytes=3775000019 linesPerSec=171637 mbPerSec=24.72 msg="STEP_METRICS" data={"stepExecutionId":13,"failures":[]}
partitioner-1 2026-09-18T23:03:49.584Z level=INFO logger=b.c.s.b.p.b.listener.StepMetricsListener thread=virtual-191 request_id=cycle-9d1da345-7707-4b85-a68d-ba7ca8ad5441/a195325d-a518-3449-81f7-10c2a8cd82d7 trace_id=c8c9a12739272383fa7580e7e9a7e680 span_id=1cf74c76f23a5fc5 context=metrics operation=step.metrics step=partitionWorkerStep:partition0006 fileId=a195325d-a518-3449-81f7-10c2a8cd82d7 jobExecutionId=1 status=COMPLETED durationMs=145669 lines=25000000 bytes=3775000019 linesPerSec=171622 mbPerSec=24.71 msg="STEP_METRICS" data={"stepExecutionId":9,"failures":[]}
partitioner-1 2026-09-18T23:03:49.587Z level=INFO logger=b.c.s.b.p.b.listener.StepMetricsListener thread=virtual-192 request_id=cycle-9d1da345-7707-4b85-a68d-ba7ca8ad5441/a195325d-a518-3449-81f7-10c2a8cd82d7 trace_id=c8c9a12739272383fa7580e7e9a7e680 span_id=1cf74c76f23a5fc5 context=metrics operation=step.metrics step=partitionWorkerStep:partition0009 fileId=a195325d-a518-3449-81f7-10c2a8cd82d7 jobExecutionId=1 status=COMPLETED durationMs=145674 lines=25000000 bytes=3775000019 linesPerSec=171616 mbPerSec=24.71 msg="STEP_METRICS" data={"stepExecutionId":12,"failures":[]}
partitioner-1 2026-09-18T23:03:49.615Z level=INFO logger=b.c.s.b.p.b.listener.StepMetricsListener thread=virtual-190 request_id=cycle-9d1da345-7707-4b85-a68d-ba7ca8ad5441/a195325d-a518-3449-81f7-10c2a8cd82d7 trace_id=c8c9a12739272383fa7580e7e9a7e680 span_id=1cf74c76f23a5fc5 context=metrics operation=step.metrics step=partitionWorkerStep:partition0003 fileId=a195325d-a518-3449-81f7-10c2a8cd82d7 jobExecutionId=1 status=COMPLETED durationMs=145701 lines=25000000 bytes=3775000019 linesPerSec=171584 mbPerSec=24.71 msg="STEP_METRICS" data={"stepExecutionId":6,"failures":[]}
partitioner-1 2026-09-18T23:03:49.639Z level=INFO logger=b.c.s.b.p.b.listener.StepMetricsListener thread=virtual-187 request_id=cycle-9d1da345-7707-4b85-a68d-ba7ca8ad5441/a195325d-a518-3449-81f7-10c2a8cd82d7 trace_id=c8c9a12739272383fa7580e7e9a7e680 span_id=1cf74c76f23a5fc5 context=metrics operation=step.metrics step=partitionWorkerStep:partition0001 fileId=a195325d-a518-3449-81f7-10c2a8cd82d7 jobExecutionId=1 status=COMPLETED durationMs=145728 lines=25000000 bytes=3775000019 linesPerSec=171552 mbPerSec=24.70 msg="STEP_METRICS" data={"stepExecutionId":4,"failures":[]}
partitioner-1 2026-09-18T23:03:49.658Z level=INFO logger=b.c.s.b.p.b.listener.StepMetricsListener thread=virtual-185 request_id=cycle-9d1da345-7707-4b85-a68d-ba7ca8ad5441/a195325d-a518-3449-81f7-10c2a8cd82d7 trace_id=c8c9a12739272383fa7580e7e9a7e680 span_id=1cf74c76f23a5fc5 context=metrics operation=step.metrics step=partitionWorkerStep:partition0008 fileId=a195325d-a518-3449-81f7-10c2a8cd82d7 jobExecutionId=1 status=COMPLETED durationMs=145746 lines=25000000 bytes=3775000019 linesPerSec=171531 mbPerSec=24.70 msg="STEP_METRICS" data={"stepExecutionId":11,"failures":[]}
partitioner-1 2026-09-18T23:03:49.689Z level=INFO logger=b.c.s.b.p.b.listener.StepMetricsListener thread=virtual-184 request_id=cycle-9d1da345-7707-4b85-a68d-ba7ca8ad5441/a195325d-a518-3449-81f7-10c2a8cd82d7 trace_id=c8c9a12739272383fa7580e7e9a7e680 span_id=1cf74c76f23a5fc5 context=metrics operation=step.metrics step=partitionWorkerStep:partition0005 fileId=a195325d-a518-3449-81f7-10c2a8cd82d7 jobExecutionId=1 status=COMPLETED durationMs=145775 lines=25000000 bytes=3775000019 linesPerSec=171497 mbPerSec=24.70 msg="STEP_METRICS" data={"stepExecutionId":8,"failures":[]}
partitioner-1 2026-09-18T23:03:49.699Z level=INFO logger=b.c.s.b.p.b.listener.StepMetricsListener thread=virtual-189 request_id=cycle-9d1da345-7707-4b85-a68d-ba7ca8ad5441/a195325d-a518-3449-81f7-10c2a8cd82d7 trace_id=c8c9a12739272383fa7580e7e9a7e680 span_id=1cf74c76f23a5fc5 context=metrics operation=step.metrics step=partitionWorkerStep:partition0007 fileId=a195325d-a518-3449-81f7-10c2a8cd82d7 jobExecutionId=1 status=COMPLETED durationMs=145786 lines=25000000 bytes=3775000019 linesPerSec=171484 mbPerSec=24.69 msg="STEP_METRICS" data={"stepExecutionId":10,"failures":[]}
partitioner-1 2026-09-18T23:03:49.713Z level=INFO logger=b.c.s.b.p.b.listener.StepMetricsListener thread=virtual-178 request_id=cycle-9d1da345-7707-4b85-a68d-ba7ca8ad5441/a195325d-a518-3449-81f7-10c2a8cd82d7 trace_id=c8c9a12739272383fa7580e7e9a7e680 span_id=1cf74c76f23a5fc5 context=metrics operation=step.metrics step=partitionMasterStep fileId=a195325d-a518-3449-81f7-10c2a8cd82d7 jobExecutionId=1 status=COMPLETED durationMs=145957 lines=250000000 bytes=37750000190 linesPerSec=1712833 mbPerSec=246.66 msg="STEP_METRICS" data={"stepExecutionId":3,"failures":[]}
partitioner-1 2026-09-18T23:03:49.756Z level=INFO logger=b.c.s.b.p.b.listener.StepMetricsListener thread=virtual-178 request_id=cycle-9d1da345-7707-4b85-a68d-ba7ca8ad5441/a195325d-a518-3449-81f7-10c2a8cd82d7 trace_id=c8c9a12739272383fa7580e7e9a7e680 span_id=1cf74c76f23a5fc5 context=metrics operation=step.metrics step=registerPartitionsStep fileId=a195325d-a518-3449-81f7-10c2a8cd82d7 jobExecutionId=1 status=COMPLETED durationMs=22 lines=0 bytes=0 linesPerSec=0 mbPerSec=0.00 msg="STEP_METRICS" data={"stepExecutionId":14,"failures":[]}
partitioner-1 2026-09-18T23:03:49.847Z level=INFO logger=b.c.s.b.p.b.listener.StepMetricsListener thread=virtual-178 request_id=cycle-9d1da345-7707-4b85-a68d-ba7ca8ad5441/a195325d-a518-3449-81f7-10c2a8cd82d7 trace_id=c8c9a12739272383fa7580e7e9a7e680 span_id=1cf74c76f23a5fc5 context=metrics operation=step.metrics step=moveOriginalStep fileId=a195325d-a518-3449-81f7-10c2a8cd82d7 jobExecutionId=1 status=COMPLETED durationMs=70 lines=0 bytes=37750000019 linesPerSec=0 mbPerSec=514302.94 msg="STEP_METRICS" data={"stepExecutionId":15,"failures":[]}
partitioner-1 2026-09-18T23:03:50.281Z level=INFO logger=b.c.s.b.p.b.listener.StepMetricsListener thread=virtual-178 request_id=cycle-9d1da345-7707-4b85-a68d-ba7ca8ad5441/a195325d-a518-3449-81f7-10c2a8cd82d7 trace_id=c8c9a12739272383fa7580e7e9a7e680 span_id=1cf74c76f23a5fc5 context=metrics operation=step.metrics step=publishPartitionsStep fileId=a195325d-a518-3449-81f7-10c2a8cd82d7 jobExecutionId=1 status=COMPLETED durationMs=411 lines=0 bytes=0 linesPerSec=0 mbPerSec=0.00 msg="STEP_METRICS" data={"stepExecutionId":16,"failures":[]}
partitioner-1 2026-09-18T23:03:50.294Z level=INFO logger=b.c.s.b.p.b.listener.JobMetricsListener thread=virtual-178 request_id=cycle-9d1da345-7707-4b85-a68d-ba7ca8ad5441/a195325d-a518-3449-81f7-10c2a8cd82d7 trace_id=c8c9a12739272383fa7580e7e9a7e680 span_id=1cf74c76f23a5fc5 context=metrics operation=job.metrics job=filePartitionJob fileId=a195325d-a518-3449-81f7-10c2a8cd82d7 jobExecutionId=1 status=COMPLETED attempt=1 durationMs=146707 lines=250000000 bytes=37750000019 partitions=10 linesPerSec=1704077 mbPerSec=245.40 msg="JOB_METRICS" data={"fileName":"MOV_ABERTO_20260918_1789772209637_01.txt","failures":[]}
== amostras de docker stats
psl-partitioner-1 386.8MiB / 4GiB 0.04%
psl-azurite 68.33MiB / 8GiB 103.58%
disk 191
psl-partitioner-1 633.1MiB / 4GiB 0.09%
psl-azurite 124.2MiB / 8GiB 97.42%
psl-partitioner-1 633.3MiB / 4GiB 0.11%
psl-azurite 146.9MiB / 8GiB 101.17%
psl-partitioner-1 633.4MiB / 4GiB 0.67%
psl-azurite 167.1MiB / 8GiB 109.22%
disk 188
psl-partitioner-1 633.6MiB / 4GiB 2.18%
psl-azurite 205.3MiB / 8GiB 97.38%
psl-partitioner-1 636.4MiB / 4GiB 0.09%
psl-azurite 226MiB / 8GiB 101.20%
psl-partitioner-1 636.4MiB / 4GiB 0.07%
psl-azurite 263.9MiB / 8GiB 105.41%
psl-partitioner-1 636.6MiB / 4GiB 0.08%
psl-azurite 306.1MiB / 8GiB 112.00%
disk 184
psl-partitioner-1 636.8MiB / 4GiB 0.07%
psl-azurite 326.5MiB / 8GiB 96.51%
psl-partitioner-1 639.1MiB / 4GiB 1.86%
psl-azurite 313.2MiB / 8GiB 103.41%
psl-partitioner-1 639.1MiB / 4GiB 0.25%
psl-azurite 326.9MiB / 8GiB 110.74%
psl-partitioner-1 639.2MiB / 4GiB 0.07%
psl-azurite 324.4MiB / 8GiB 101.93%
disk 179
psl-partitioner-1 641.3MiB / 4GiB 0.07%
psl-azurite 328.7MiB / 8GiB 105.90%
psl-partitioner-1 641.6MiB / 4GiB 2.46%
psl-azurite 354.2MiB / 8GiB 109.28%
psl-partitioner-1 641.8MiB / 4GiB 4.06%
psl-azurite 336.4MiB / 8GiB 116.16%
psl-partitioner-1 641.8MiB / 4GiB 0.08%
psl-azurite 346.5MiB / 8GiB 113.06%
disk 175
psl-partitioner-1 641.8MiB / 4GiB 1.90%
psl-azurite 343.5MiB / 8GiB 104.02%
psl-partitioner-1 643.9MiB / 4GiB 0.13%
psl-azurite 356.6MiB / 8GiB 102.67%
psl-partitioner-1 644MiB / 4GiB 0.06%
psl-azurite 349.6MiB / 8GiB 103.43%
psl-partitioner-1 644.1MiB / 4GiB 0.06%
psl-azurite 357.2MiB / 8GiB 102.99%
disk 171
psl-partitioner-1 644.2MiB / 4GiB 0.06%
psl-azurite 387.2MiB / 8GiB 94.18%
psl-partitioner-1 644.4MiB / 4GiB 3.91%
psl-azurite 383.1MiB / 8GiB 101.97%
psl-partitioner-1 646.5MiB / 4GiB 0.07%
psl-azurite 364.7MiB / 8GiB 119.03%
psl-partitioner-1 646.5MiB / 4GiB 0.06%
psl-azurite 373.9MiB / 8GiB 105.00%
disk 167
psl-partitioner-1 646.7MiB / 4GiB 0.07%
psl-azurite 379.5MiB / 8GiB 101.19%
psl-partitioner-1 646.7MiB / 4GiB 0.06%
psl-azurite 377.6MiB / 8GiB 101.49%
psl-partitioner-1 646.9MiB / 4GiB 1.90%
psl-azurite 403.7MiB / 8GiB 112.53%
psl-partitioner-1 648.9MiB / 4GiB 0.21%
psl-azurite 393.9MiB / 8GiB 96.03%
disk 163
psl-partitioner-1 649MiB / 4GiB 0.09%
psl-azurite 379.8MiB / 8GiB 109.20%
psl-partitioner-1 649.1MiB / 4GiB 0.06%
psl-azurite 390.9MiB / 8GiB 115.12%
psl-partitioner-1 649.2MiB / 4GiB 1.85%
psl-azurite 419.4MiB / 8GiB 105.41%
psl-partitioner-1 651.3MiB / 4GiB 2.43%
psl-azurite 412.2MiB / 8GiB 113.76%
disk 159
psl-partitioner-1 651.3MiB / 4GiB 0.05%
psl-azurite 395.2MiB / 8GiB 111.31%
psl-partitioner-1 651.4MiB / 4GiB 0.05%
psl-azurite 403.7MiB / 8GiB 110.80%
psl-partitioner-1 651.4MiB / 4GiB 0.23%
psl-azurite 405.9MiB / 8GiB 109.56%
psl-partitioner-1 654MiB / 4GiB 0.30%
psl-azurite 401.5MiB / 8GiB 2.69%
disk 156
psl-partitioner-1 656.3MiB / 4GiB 2.98%
psl-azurite 401.4MiB / 8GiB 1.99%
psl-partitioner-1 658.5MiB / 4GiB 0.18%
psl-azurite 401.4MiB / 8GiB 0.00%
psl-partitioner-1 660.9MiB / 4GiB 2.66%
psl-azurite 401.4MiB / 8GiB 0.00%
psl-partitioner-1 3.199GiB / 4GiB 28.21%
psl-azurite 410.5MiB / 8GiB 187.19%
disk 155
psl-partitioner-1 3.258GiB / 4GiB 101.35%
psl-azurite 382.4MiB / 8GiB 232.39%
psl-partitioner-1 3.256GiB / 4GiB 62.03%
psl-azurite 339.5MiB / 8GiB 205.91%
psl-partitioner-1 3.286GiB / 4GiB 78.19%
psl-azurite 484.2MiB / 8GiB 221.21%
psl-partitioner-1 3.253GiB / 4GiB 99.62%
psl-azurite 351.8MiB / 8GiB 222.32%
disk 148
psl-partitioner-1 3.26GiB / 4GiB 30.73%
psl-azurite 369.6MiB / 8GiB 137.12%
psl-partitioner-1 3.259GiB / 4GiB 43.33%
psl-azurite 350.8MiB / 8GiB 152.02%
psl-partitioner-1 3.275GiB / 4GiB 63.16%
psl-azurite 443.9MiB / 8GiB 177.56%
psl-partitioner-1 3.255GiB / 4GiB 54.02%
psl-azurite 367.8MiB / 8GiB 149.68%
disk 141
psl-partitioner-1 3.257GiB / 4GiB 29.86%
psl-azurite 383.1MiB / 8GiB 148.57%
psl-partitioner-1 3.265GiB / 4GiB 56.35%
psl-azurite 387.6MiB / 8GiB 159.12%
psl-partitioner-1 3.261GiB / 4GiB 46.95%
psl-azurite 420.2MiB / 8GiB 160.47%
psl-partitioner-1 3.272GiB / 4GiB 60.06%
psl-azurite 442.2MiB / 8GiB 148.97%
disk 134
psl-partitioner-1 3.273GiB / 4GiB 33.64%
psl-azurite 449.6MiB / 8GiB 159.23%
psl-partitioner-1 3.264GiB / 4GiB 47.33%
psl-azurite 413.5MiB / 8GiB 162.62%
psl-partitioner-1 3.278GiB / 4GiB 44.29%
psl-azurite 463.3MiB / 8GiB 155.91%
psl-partitioner-1 3.27GiB / 4GiB 38.11%
psl-azurite 438.8MiB / 8GiB 216.83%
disk 127
psl-partitioner-1 3.276GiB / 4GiB 30.86%
psl-azurite 444.6MiB / 8GiB 160.42%
psl-partitioner-1 3.263GiB / 4GiB 35.56%
psl-azurite 435.8MiB / 8GiB 211.73%
psl-partitioner-1 3.277GiB / 4GiB 34.03%
psl-azurite 490.5MiB / 8GiB 159.39%
psl-partitioner-1 3.291GiB / 4GiB 193.85%
psl-azurite 431.3MiB / 8GiB 0.44%
