== 250MM fileId=22fa2201-be70-3434-b441-3360cb8eba71
partitioner-1 2026-09-19T12:42:05.946Z level=INFO logger=b.c.s.b.p.b.listener.StepMetricsListener thread=virtual-158 request_id=cycle-6c8f577a-5942-4605-af50-86c5a932592c/22fa2201-be70-3434-b441-3360cb8eba71 trace_id=09dbd5e161e9fe70b27aa6997687afba span_id=c3aed8a7fd56eeb2 context=metrics operation=step.metrics step=validateHeaderStep fileId=22fa2201-be70-3434-b441-3360cb8eba71 jobExecutionId=1 status=COMPLETED durationMs=72 lines=250000000 bytes=0 linesPerSec=3472222222 mbPerSec=0.00 msg="STEP_METRICS" data={"stepExecutionId":1,"failures":[]}
partitioner-1 2026-09-19T12:42:05.997Z level=INFO logger=b.c.s.b.p.b.listener.StepMetricsListener thread=virtual-158 request_id=cycle-6c8f577a-5942-4605-af50-86c5a932592c/22fa2201-be70-3434-b441-3360cb8eba71 trace_id=09dbd5e161e9fe70b27aa6997687afba span_id=c3aed8a7fd56eeb2 context=metrics operation=step.metrics step=cleanupPartitionsStep fileId=22fa2201-be70-3434-b441-3360cb8eba71 jobExecutionId=1 status=COMPLETED durationMs=24 lines=0 bytes=0 linesPerSec=0 mbPerSec=0.00 msg="STEP_METRICS" data={"stepExecutionId":2,"failures":[]}
partitioner-1 2026-09-19T12:44:40.217Z level=INFO logger=b.c.s.b.p.b.listener.StepMetricsListener thread=virtual-160 request_id=cycle-6c8f577a-5942-4605-af50-86c5a932592c/22fa2201-be70-3434-b441-3360cb8eba71 trace_id=09dbd5e161e9fe70b27aa6997687afba span_id=c3aed8a7fd56eeb2 context=metrics operation=step.metrics step=partitionWorkerStep:partition0005 fileId=22fa2201-be70-3434-b441-3360cb8eba71 jobExecutionId=1 status=COMPLETED durationMs=154092 lines=31250000 bytes=4718750019 linesPerSec=202801 mbPerSec=29.20 msg="STEP_METRICS" data={"stepExecutionId":8,"failures":[]}
partitioner-1 2026-09-19T12:44:40.404Z level=INFO logger=b.c.s.b.p.b.listener.StepMetricsListener thread=virtual-164 request_id=cycle-6c8f577a-5942-4605-af50-86c5a932592c/22fa2201-be70-3434-b441-3360cb8eba71 trace_id=09dbd5e161e9fe70b27aa6997687afba span_id=c3aed8a7fd56eeb2 context=metrics operation=step.metrics step=partitionWorkerStep:partition0007 fileId=22fa2201-be70-3434-b441-3360cb8eba71 jobExecutionId=1 status=COMPLETED durationMs=154280 lines=31250000 bytes=4718750019 linesPerSec=202554 mbPerSec=29.17 msg="STEP_METRICS" data={"stepExecutionId":10,"failures":[]}
partitioner-1 2026-09-19T12:44:40.416Z level=INFO logger=b.c.s.b.p.b.listener.StepMetricsListener thread=virtual-159 request_id=cycle-6c8f577a-5942-4605-af50-86c5a932592c/22fa2201-be70-3434-b441-3360cb8eba71 trace_id=09dbd5e161e9fe70b27aa6997687afba span_id=c3aed8a7fd56eeb2 context=metrics operation=step.metrics step=partitionWorkerStep:partition0002 fileId=22fa2201-be70-3434-b441-3360cb8eba71 jobExecutionId=1 status=COMPLETED durationMs=154289 lines=31250000 bytes=4718750019 linesPerSec=202542 mbPerSec=29.17 msg="STEP_METRICS" data={"stepExecutionId":5,"failures":[]}
partitioner-1 2026-09-19T12:44:40.431Z level=INFO logger=b.c.s.b.p.b.listener.StepMetricsListener thread=virtual-163 request_id=cycle-6c8f577a-5942-4605-af50-86c5a932592c/22fa2201-be70-3434-b441-3360cb8eba71 trace_id=09dbd5e161e9fe70b27aa6997687afba span_id=c3aed8a7fd56eeb2 context=metrics operation=step.metrics step=partitionWorkerStep:partition0004 fileId=22fa2201-be70-3434-b441-3360cb8eba71 jobExecutionId=1 status=COMPLETED durationMs=154302 lines=31250000 bytes=4718750019 linesPerSec=202525 mbPerSec=29.16 msg="STEP_METRICS" data={"stepExecutionId":7,"failures":[]}
partitioner-1 2026-09-19T12:44:40.435Z level=INFO logger=b.c.s.b.p.b.listener.StepMetricsListener thread=virtual-162 request_id=cycle-6c8f577a-5942-4605-af50-86c5a932592c/22fa2201-be70-3434-b441-3360cb8eba71 trace_id=09dbd5e161e9fe70b27aa6997687afba span_id=c3aed8a7fd56eeb2 context=metrics operation=step.metrics step=partitionWorkerStep:partition0001 fileId=22fa2201-be70-3434-b441-3360cb8eba71 jobExecutionId=1 status=COMPLETED durationMs=154311 lines=31250000 bytes=4718750019 linesPerSec=202513 mbPerSec=29.16 msg="STEP_METRICS" data={"stepExecutionId":4,"failures":[]}
partitioner-1 2026-09-19T12:44:40.443Z level=INFO logger=b.c.s.b.p.b.listener.StepMetricsListener thread=virtual-161 request_id=cycle-6c8f577a-5942-4605-af50-86c5a932592c/22fa2201-be70-3434-b441-3360cb8eba71 trace_id=09dbd5e161e9fe70b27aa6997687afba span_id=c3aed8a7fd56eeb2 context=metrics operation=step.metrics step=partitionWorkerStep:partition0008 fileId=22fa2201-be70-3434-b441-3360cb8eba71 jobExecutionId=1 status=COMPLETED durationMs=154317 lines=31250000 bytes=4718750019 linesPerSec=202505 mbPerSec=29.16 msg="STEP_METRICS" data={"stepExecutionId":11,"failures":[]}
partitioner-1 2026-09-19T12:44:40.446Z level=INFO logger=b.c.s.b.p.b.listener.StepMetricsListener thread=virtual-165 request_id=cycle-6c8f577a-5942-4605-af50-86c5a932592c/22fa2201-be70-3434-b441-3360cb8eba71 trace_id=09dbd5e161e9fe70b27aa6997687afba span_id=c3aed8a7fd56eeb2 context=metrics operation=step.metrics step=partitionWorkerStep:partition0003 fileId=22fa2201-be70-3434-b441-3360cb8eba71 jobExecutionId=1 status=COMPLETED durationMs=154322 lines=31250000 bytes=4718750019 linesPerSec=202499 mbPerSec=29.16 msg="STEP_METRICS" data={"stepExecutionId":6,"failures":[]}
partitioner-1 2026-09-19T12:44:40.446Z level=INFO logger=b.c.s.b.p.b.listener.StepMetricsListener thread=virtual-166 request_id=cycle-6c8f577a-5942-4605-af50-86c5a932592c/22fa2201-be70-3434-b441-3360cb8eba71 trace_id=09dbd5e161e9fe70b27aa6997687afba span_id=c3aed8a7fd56eeb2 context=metrics operation=step.metrics step=partitionWorkerStep:partition0006 fileId=22fa2201-be70-3434-b441-3360cb8eba71 jobExecutionId=1 status=COMPLETED durationMs=154322 lines=31250000 bytes=4718750019 linesPerSec=202499 mbPerSec=29.16 msg="STEP_METRICS" data={"stepExecutionId":9,"failures":[]}
partitioner-1 2026-09-19T12:44:40.470Z level=INFO logger=b.c.s.b.p.b.listener.StepMetricsListener thread=virtual-158 request_id=cycle-6c8f577a-5942-4605-af50-86c5a932592c/22fa2201-be70-3434-b441-3360cb8eba71 trace_id=09dbd5e161e9fe70b27aa6997687afba span_id=c3aed8a7fd56eeb2 context=metrics operation=step.metrics step=partitionMasterStep fileId=22fa2201-be70-3434-b441-3360cb8eba71 jobExecutionId=1 status=COMPLETED durationMs=154442 lines=250000000 bytes=37750000152 linesPerSec=1618731 mbPerSec=233.11 msg="STEP_METRICS" data={"stepExecutionId":3,"failures":[]}
partitioner-1 2026-09-19T12:44:40.553Z level=INFO logger=b.c.s.b.p.b.listener.StepMetricsListener thread=virtual-158 request_id=cycle-6c8f577a-5942-4605-af50-86c5a932592c/22fa2201-be70-3434-b441-3360cb8eba71 trace_id=09dbd5e161e9fe70b27aa6997687afba span_id=c3aed8a7fd56eeb2 context=metrics operation=step.metrics step=registerPartitionsStep fileId=22fa2201-be70-3434-b441-3360cb8eba71 jobExecutionId=1 status=COMPLETED durationMs=41 lines=0 bytes=0 linesPerSec=0 mbPerSec=0.00 msg="STEP_METRICS" data={"stepExecutionId":12,"failures":[]}
partitioner-1 2026-09-19T12:44:40.661Z level=INFO logger=b.c.s.b.p.b.listener.StepMetricsListener thread=virtual-158 request_id=cycle-6c8f577a-5942-4605-af50-86c5a932592c/22fa2201-be70-3434-b441-3360cb8eba71 trace_id=09dbd5e161e9fe70b27aa6997687afba span_id=c3aed8a7fd56eeb2 context=metrics operation=step.metrics step=moveOriginalStep fileId=22fa2201-be70-3434-b441-3360cb8eba71 jobExecutionId=1 status=COMPLETED durationMs=74 lines=0 bytes=37750000019 linesPerSec=0 mbPerSec=486502.78 msg="STEP_METRICS" data={"stepExecutionId":13,"failures":[]}
partitioner-1 2026-09-19T12:44:41.148Z level=INFO logger=b.c.s.b.p.b.listener.StepMetricsListener thread=virtual-158 request_id=cycle-6c8f577a-5942-4605-af50-86c5a932592c/22fa2201-be70-3434-b441-3360cb8eba71 trace_id=09dbd5e161e9fe70b27aa6997687afba span_id=c3aed8a7fd56eeb2 context=metrics operation=step.metrics step=publishPartitionsStep fileId=22fa2201-be70-3434-b441-3360cb8eba71 jobExecutionId=1 status=COMPLETED durationMs=460 lines=0 bytes=0 linesPerSec=0 mbPerSec=0.00 msg="STEP_METRICS" data={"stepExecutionId":14,"failures":[]}
partitioner-1 2026-09-19T12:44:41.163Z level=INFO logger=b.c.s.b.p.b.listener.JobMetricsListener thread=virtual-158 request_id=cycle-6c8f577a-5942-4605-af50-86c5a932592c/22fa2201-be70-3434-b441-3360cb8eba71 trace_id=09dbd5e161e9fe70b27aa6997687afba span_id=c3aed8a7fd56eeb2 context=metrics operation=job.metrics job=filePartitionJob fileId=22fa2201-be70-3434-b441-3360cb8eba71 jobExecutionId=1 status=COMPLETED attempt=1 durationMs=155330 lines=250000000 bytes=37750000019 partitions=8 linesPerSec=1609477 mbPerSec=231.77 msg="JOB_METRICS" data={"fileName":"MOV_ABERTO_20260919_1789821451578_01.txt","failures":[]}
== amostras de docker stats
psl-partitioner-1 407.7MiB / 4GiB 0.04%
psl-azurite 93.29MiB / 8GiB 105.91%
disk 191
psl-partitioner-1 655.1MiB / 4GiB 0.13%
psl-azurite 110.6MiB / 8GiB 113.69%
psl-partitioner-1 657MiB / 4GiB 0.13%
psl-azurite 133.5MiB / 8GiB 108.32%
psl-partitioner-1 657.2MiB / 4GiB 0.36%
psl-azurite 166.2MiB / 8GiB 110.82%
disk 188
psl-partitioner-1 657.5MiB / 4GiB 0.10%
psl-azurite 209.6MiB / 8GiB 108.61%
psl-partitioner-1 658.1MiB / 4GiB 0.07%
psl-azurite 228.8MiB / 8GiB 106.37%
psl-partitioner-1 660.3MiB / 4GiB 0.15%
psl-azurite 261.3MiB / 8GiB 114.66%
psl-partitioner-1 660.4MiB / 4GiB 0.72%
psl-azurite 286.4MiB / 8GiB 108.92%
disk 184
psl-partitioner-1 660.7MiB / 4GiB 2.69%
psl-azurite 320.6MiB / 8GiB 108.16%
psl-partitioner-1 660.9MiB / 4GiB 0.14%
psl-azurite 316.6MiB / 8GiB 94.68%
psl-partitioner-1 663MiB / 4GiB 2.16%
psl-azurite 331.8MiB / 8GiB 102.17%
psl-partitioner-1 663MiB / 4GiB 0.29%
psl-azurite 336MiB / 8GiB 105.07%
disk 179
psl-partitioner-1 663.2MiB / 4GiB 2.46%
psl-azurite 337.5MiB / 8GiB 107.99%
psl-partitioner-1 663.3MiB / 4GiB 0.07%
psl-azurite 335.1MiB / 8GiB 105.35%
psl-partitioner-1 665.5MiB / 4GiB 2.03%
psl-azurite 344.1MiB / 8GiB 105.30%
psl-partitioner-1 665.5MiB / 4GiB 0.30%
psl-azurite 341.3MiB / 8GiB 97.14%
disk 175
psl-partitioner-1 665.6MiB / 4GiB 2.46%
psl-azurite 351MiB / 8GiB 100.59%
psl-partitioner-1 665.7MiB / 4GiB 0.07%
psl-azurite 348.4MiB / 8GiB 113.85%
psl-partitioner-1 667.8MiB / 4GiB 1.75%
psl-azurite 348.7MiB / 8GiB 113.33%
psl-partitioner-1 667.9MiB / 4GiB 0.44%
psl-azurite 349.8MiB / 8GiB 121.63%
disk 171
psl-partitioner-1 671.7MiB / 4GiB 20.44%
psl-azurite 368.9MiB / 8GiB 93.20%
psl-partitioner-1 671.8MiB / 4GiB 0.07%
psl-azurite 376MiB / 8GiB 116.98%
psl-partitioner-1 671.9MiB / 4GiB 0.06%
psl-azurite 373.2MiB / 8GiB 110.62%
psl-partitioner-1 674MiB / 4GiB 0.27%
psl-azurite 369.8MiB / 8GiB 106.86%
disk 167
psl-partitioner-1 674.1MiB / 4GiB 0.07%
psl-azurite 394.6MiB / 8GiB 111.37%
psl-partitioner-1 674.2MiB / 4GiB 0.06%
psl-azurite 404.9MiB / 8GiB 107.01%
psl-partitioner-1 674.3MiB / 4GiB 0.08%
psl-azurite 411.3MiB / 8GiB 102.76%
psl-partitioner-1 674.4MiB / 4GiB 0.07%
psl-azurite 400.8MiB / 8GiB 101.57%
disk 163
psl-partitioner-1 674.4MiB / 4GiB 0.08%
psl-azurite 386.6MiB / 8GiB 116.42%
psl-partitioner-1 676.5MiB / 4GiB 0.06%
psl-azurite 399.8MiB / 8GiB 108.14%
psl-partitioner-1 676.6MiB / 4GiB 0.09%
psl-azurite 418.6MiB / 8GiB 112.83%
psl-partitioner-1 678.7MiB / 4GiB 0.23%
psl-azurite 401.3MiB / 8GiB 106.13%
disk 159
psl-partitioner-1 678.7MiB / 4GiB 0.07%
psl-azurite 418.2MiB / 8GiB 119.64%
psl-partitioner-1 678.9MiB / 4GiB 2.92%
psl-azurite 402.2MiB / 8GiB 127.03%
psl-partitioner-1 678.9MiB / 4GiB 0.06%
psl-azurite 415.2MiB / 8GiB 118.01%
psl-partitioner-1 681.5MiB / 4GiB 5.06%
psl-azurite 402.5MiB / 8GiB 0.00%
disk 156
psl-partitioner-1 684.4MiB / 4GiB 3.59%
psl-azurite 402.5MiB / 8GiB 0.00%
psl-partitioner-1 2.229GiB / 4GiB 150.97%
psl-azurite 430.5MiB / 8GiB 241.11%
psl-partitioner-1 3.251GiB / 4GiB 62.40%
psl-azurite 425MiB / 8GiB 232.11%
psl-partitioner-1 3.247GiB / 4GiB 60.14%
psl-azurite 403.4MiB / 8GiB 232.52%
disk 152
psl-partitioner-1 3.206GiB / 4GiB 77.63%
psl-azurite 341.2MiB / 8GiB 226.47%
psl-partitioner-1 3.216GiB / 4GiB 69.74%
psl-azurite 401.5MiB / 8GiB 225.94%
psl-partitioner-1 3.216GiB / 4GiB 58.68%
psl-azurite 359.6MiB / 8GiB 233.81%
psl-partitioner-1 3.268GiB / 4GiB 66.26%
psl-azurite 437.5MiB / 8GiB 215.29%
disk 146
psl-partitioner-1 3.214GiB / 4GiB 37.46%
psl-azurite 384MiB / 8GiB 202.76%
psl-partitioner-1 3.228GiB / 4GiB 48.12%
psl-azurite 396.6MiB / 8GiB 143.20%
psl-partitioner-1 3.278GiB / 4GiB 43.26%
psl-azurite 427.7MiB / 8GiB 154.55%
psl-partitioner-1 3.217GiB / 4GiB 35.55%
psl-azurite 420.4MiB / 8GiB 154.72%
disk 139
psl-partitioner-1 3.218GiB / 4GiB 38.94%
psl-azurite 407.1MiB / 8GiB 153.29%
psl-partitioner-1 3.229GiB / 4GiB 43.22%
psl-azurite 442.1MiB / 8GiB 182.85%
psl-partitioner-1 3.334GiB / 4GiB 59.59%
psl-azurite 483.9MiB / 8GiB 153.56%
psl-partitioner-1 3.222GiB / 4GiB 45.49%
psl-azurite 446.2MiB / 8GiB 160.43%
disk 132
psl-partitioner-1 3.261GiB / 4GiB 38.99%
psl-azurite 497.8MiB / 8GiB 149.30%
psl-partitioner-1 3.227GiB / 4GiB 31.14%
psl-azurite 461.2MiB / 8GiB 147.85%
psl-partitioner-1 3.219GiB / 4GiB 33.69%
psl-azurite 444MiB / 8GiB 146.78%
psl-partitioner-1 3.236GiB / 4GiB 52.29%
psl-azurite 520.7MiB / 8GiB 157.28%
disk 125
psl-partitioner-1 3.219GiB / 4GiB 21.06%
psl-azurite 525.4MiB / 8GiB 147.07%
psl-partitioner-1 3.227GiB / 4GiB 44.79%
psl-azurite 439.1MiB / 8GiB 164.56%
psl-partitioner-1 3.239GiB / 4GiB 12.05%
psl-azurite 439.6MiB / 8GiB 0.00%
