== 250MM fileId=ac4ef1b5-88d0-3e87-a378-dc92fe19ccc2
partitioner-1 2026-09-18T20:29:38.318Z level=INFO logger=b.c.s.b.p.b.listener.StepMetricsListener thread=virtual-207 request_id=cycle-7fc3f1ce-b504-4f6a-a8f8-54944e4f79a8/ac4ef1b5-88d0-3e87-a378-dc92fe19ccc2 trace_id=47705ed7c43f97c115706926f1bf2f61 span_id=9b50051e94391df5 context=metrics operation=step.metrics step=validateHeaderStep fileId=ac4ef1b5-88d0-3e87-a378-dc92fe19ccc2 jobExecutionId=1 status=COMPLETED durationMs=71 lines=250000000 bytes=0 linesPerSec=3521126761 mbPerSec=0.00 msg="STEP_METRICS" data={"stepExecutionId":1,"failures":[]}
partitioner-1 2026-09-18T20:29:38.361Z level=INFO logger=b.c.s.b.p.b.listener.StepMetricsListener thread=virtual-207 request_id=cycle-7fc3f1ce-b504-4f6a-a8f8-54944e4f79a8/ac4ef1b5-88d0-3e87-a378-dc92fe19ccc2 trace_id=47705ed7c43f97c115706926f1bf2f61 span_id=9b50051e94391df5 context=metrics operation=step.metrics step=cleanupPartitionsStep fileId=ac4ef1b5-88d0-3e87-a378-dc92fe19ccc2 jobExecutionId=1 status=COMPLETED durationMs=19 lines=0 bytes=0 linesPerSec=0 mbPerSec=0.00 msg="STEP_METRICS" data={"stepExecutionId":2,"failures":[]}
partitioner-1 2026-09-18T20:36:59.267Z level=INFO logger=b.c.s.b.p.b.listener.StepMetricsListener thread=virtual-214 request_id=cycle-7fc3f1ce-b504-4f6a-a8f8-54944e4f79a8/ac4ef1b5-88d0-3e87-a378-dc92fe19ccc2 trace_id=47705ed7c43f97c115706926f1bf2f61 span_id=9b50051e94391df5 context=metrics operation=step.metrics step=partitionWorkerStep:partition0008 fileId=ac4ef1b5-88d0-3e87-a378-dc92fe19ccc2 jobExecutionId=1 status=COMPLETED durationMs=440753 lines=25000000 bytes=3775000019 linesPerSec=56721 mbPerSec=8.17 msg="STEP_METRICS" data={"stepExecutionId":11,"failures":[]}
partitioner-1 2026-09-18T20:36:59.270Z level=INFO logger=b.c.s.b.p.b.listener.StepMetricsListener thread=virtual-217 request_id=cycle-7fc3f1ce-b504-4f6a-a8f8-54944e4f79a8/ac4ef1b5-88d0-3e87-a378-dc92fe19ccc2 trace_id=47705ed7c43f97c115706926f1bf2f61 span_id=9b50051e94391df5 context=metrics operation=step.metrics step=partitionWorkerStep:partition0004 fileId=ac4ef1b5-88d0-3e87-a378-dc92fe19ccc2 jobExecutionId=1 status=COMPLETED durationMs=440757 lines=25000000 bytes=3775000019 linesPerSec=56721 mbPerSec=8.17 msg="STEP_METRICS" data={"stepExecutionId":7,"failures":[]}
partitioner-1 2026-09-18T20:36:59.279Z level=INFO logger=b.c.s.b.p.b.listener.StepMetricsListener thread=virtual-221 request_id=cycle-7fc3f1ce-b504-4f6a-a8f8-54944e4f79a8/ac4ef1b5-88d0-3e87-a378-dc92fe19ccc2 trace_id=47705ed7c43f97c115706926f1bf2f61 span_id=9b50051e94391df5 context=metrics operation=step.metrics step=partitionWorkerStep:partition0009 fileId=ac4ef1b5-88d0-3e87-a378-dc92fe19ccc2 jobExecutionId=1 status=COMPLETED durationMs=440767 lines=25000000 bytes=3775000019 linesPerSec=56719 mbPerSec=8.17 msg="STEP_METRICS" data={"stepExecutionId":12,"failures":[]}
partitioner-1 2026-09-18T20:36:59.286Z level=INFO logger=b.c.s.b.p.b.listener.StepMetricsListener thread=virtual-212 request_id=cycle-7fc3f1ce-b504-4f6a-a8f8-54944e4f79a8/ac4ef1b5-88d0-3e87-a378-dc92fe19ccc2 trace_id=47705ed7c43f97c115706926f1bf2f61 span_id=9b50051e94391df5 context=metrics operation=step.metrics step=partitionWorkerStep:partition0002 fileId=ac4ef1b5-88d0-3e87-a378-dc92fe19ccc2 jobExecutionId=1 status=COMPLETED durationMs=440776 lines=25000000 bytes=3775000019 linesPerSec=56718 mbPerSec=8.17 msg="STEP_METRICS" data={"stepExecutionId":5,"failures":[]}
partitioner-1 2026-09-18T20:36:59.293Z level=INFO logger=b.c.s.b.p.b.listener.StepMetricsListener thread=virtual-216 request_id=cycle-7fc3f1ce-b504-4f6a-a8f8-54944e4f79a8/ac4ef1b5-88d0-3e87-a378-dc92fe19ccc2 trace_id=47705ed7c43f97c115706926f1bf2f61 span_id=9b50051e94391df5 context=metrics operation=step.metrics step=partitionWorkerStep:partition0001 fileId=ac4ef1b5-88d0-3e87-a378-dc92fe19ccc2 jobExecutionId=1 status=COMPLETED durationMs=440783 lines=25000000 bytes=3775000019 linesPerSec=56717 mbPerSec=8.17 msg="STEP_METRICS" data={"stepExecutionId":4,"failures":[]}
partitioner-1 2026-09-18T20:36:59.302Z level=INFO logger=b.c.s.b.p.b.listener.StepMetricsListener thread=virtual-213 request_id=cycle-7fc3f1ce-b504-4f6a-a8f8-54944e4f79a8/ac4ef1b5-88d0-3e87-a378-dc92fe19ccc2 trace_id=47705ed7c43f97c115706926f1bf2f61 span_id=9b50051e94391df5 context=metrics operation=step.metrics step=partitionWorkerStep:partition0005 fileId=ac4ef1b5-88d0-3e87-a378-dc92fe19ccc2 jobExecutionId=1 status=COMPLETED durationMs=440787 lines=25000000 bytes=3775000019 linesPerSec=56717 mbPerSec=8.17 msg="STEP_METRICS" data={"stepExecutionId":8,"failures":[]}
partitioner-1 2026-09-18T20:36:59.306Z level=INFO logger=b.c.s.b.p.b.listener.StepMetricsListener thread=virtual-215 request_id=cycle-7fc3f1ce-b504-4f6a-a8f8-54944e4f79a8/ac4ef1b5-88d0-3e87-a378-dc92fe19ccc2 trace_id=47705ed7c43f97c115706926f1bf2f61 span_id=9b50051e94391df5 context=metrics operation=step.metrics step=partitionWorkerStep:partition0010 fileId=ac4ef1b5-88d0-3e87-a378-dc92fe19ccc2 jobExecutionId=1 status=COMPLETED durationMs=440794 lines=25000000 bytes=3775000019 linesPerSec=56716 mbPerSec=8.17 msg="STEP_METRICS" data={"stepExecutionId":13,"failures":[]}
partitioner-1 2026-09-18T20:36:59.312Z level=INFO logger=b.c.s.b.p.b.listener.StepMetricsListener thread=virtual-219 request_id=cycle-7fc3f1ce-b504-4f6a-a8f8-54944e4f79a8/ac4ef1b5-88d0-3e87-a378-dc92fe19ccc2 trace_id=47705ed7c43f97c115706926f1bf2f61 span_id=9b50051e94391df5 context=metrics operation=step.metrics step=partitionWorkerStep:partition0003 fileId=ac4ef1b5-88d0-3e87-a378-dc92fe19ccc2 jobExecutionId=1 status=COMPLETED durationMs=440798 lines=25000000 bytes=3775000019 linesPerSec=56715 mbPerSec=8.17 msg="STEP_METRICS" data={"stepExecutionId":6,"failures":[]}
partitioner-1 2026-09-18T20:36:59.320Z level=INFO logger=b.c.s.b.p.b.listener.StepMetricsListener thread=virtual-220 request_id=cycle-7fc3f1ce-b504-4f6a-a8f8-54944e4f79a8/ac4ef1b5-88d0-3e87-a378-dc92fe19ccc2 trace_id=47705ed7c43f97c115706926f1bf2f61 span_id=9b50051e94391df5 context=metrics operation=step.metrics step=partitionWorkerStep:partition0006 fileId=ac4ef1b5-88d0-3e87-a378-dc92fe19ccc2 jobExecutionId=1 status=COMPLETED durationMs=440804 lines=25000000 bytes=3775000019 linesPerSec=56715 mbPerSec=8.17 msg="STEP_METRICS" data={"stepExecutionId":9,"failures":[]}
partitioner-1 2026-09-18T20:36:59.423Z level=INFO logger=b.c.s.b.p.b.listener.StepMetricsListener thread=virtual-218 request_id=cycle-7fc3f1ce-b504-4f6a-a8f8-54944e4f79a8/ac4ef1b5-88d0-3e87-a378-dc92fe19ccc2 trace_id=47705ed7c43f97c115706926f1bf2f61 span_id=9b50051e94391df5 context=metrics operation=step.metrics step=partitionWorkerStep:partition0007 fileId=ac4ef1b5-88d0-3e87-a378-dc92fe19ccc2 jobExecutionId=1 status=COMPLETED durationMs=440913 lines=25000000 bytes=3775000019 linesPerSec=56701 mbPerSec=8.17 msg="STEP_METRICS" data={"stepExecutionId":10,"failures":[]}
partitioner-1 2026-09-18T20:36:59.436Z level=INFO logger=b.c.s.b.p.b.listener.StepMetricsListener thread=virtual-207 request_id=cycle-7fc3f1ce-b504-4f6a-a8f8-54944e4f79a8/ac4ef1b5-88d0-3e87-a378-dc92fe19ccc2 trace_id=47705ed7c43f97c115706926f1bf2f61 span_id=9b50051e94391df5 context=metrics operation=step.metrics step=partitionMasterStep fileId=ac4ef1b5-88d0-3e87-a378-dc92fe19ccc2 jobExecutionId=1 status=COMPLETED durationMs=441054 lines=250000000 bytes=37750000190 linesPerSec=566824 mbPerSec=81.63 msg="STEP_METRICS" data={"stepExecutionId":3,"failures":[]}
partitioner-1 2026-09-18T20:36:59.486Z level=INFO logger=b.c.s.b.p.b.listener.StepMetricsListener thread=virtual-207 request_id=cycle-7fc3f1ce-b504-4f6a-a8f8-54944e4f79a8/ac4ef1b5-88d0-3e87-a378-dc92fe19ccc2 trace_id=47705ed7c43f97c115706926f1bf2f61 span_id=9b50051e94391df5 context=metrics operation=step.metrics step=registerPartitionsStep fileId=ac4ef1b5-88d0-3e87-a378-dc92fe19ccc2 jobExecutionId=1 status=COMPLETED durationMs=28 lines=0 bytes=0 linesPerSec=0 mbPerSec=0.00 msg="STEP_METRICS" data={"stepExecutionId":14,"failures":[]}
partitioner-1 2026-09-18T20:36:59.559Z level=INFO logger=b.c.s.b.p.b.listener.StepMetricsListener thread=virtual-207 request_id=cycle-7fc3f1ce-b504-4f6a-a8f8-54944e4f79a8/ac4ef1b5-88d0-3e87-a378-dc92fe19ccc2 trace_id=47705ed7c43f97c115706926f1bf2f61 span_id=9b50051e94391df5 context=metrics operation=step.metrics step=moveOriginalStep fileId=ac4ef1b5-88d0-3e87-a378-dc92fe19ccc2 jobExecutionId=1 status=COMPLETED durationMs=58 lines=0 bytes=37750000019 linesPerSec=0 mbPerSec=620710.44 msg="STEP_METRICS" data={"stepExecutionId":15,"failures":[]}
partitioner-1 2026-09-18T20:37:00.035Z level=INFO logger=b.c.s.b.p.b.listener.StepMetricsListener thread=virtual-207 request_id=cycle-7fc3f1ce-b504-4f6a-a8f8-54944e4f79a8/ac4ef1b5-88d0-3e87-a378-dc92fe19ccc2 trace_id=47705ed7c43f97c115706926f1bf2f61 span_id=9b50051e94391df5 context=metrics operation=step.metrics step=publishPartitionsStep fileId=ac4ef1b5-88d0-3e87-a378-dc92fe19ccc2 jobExecutionId=1 status=COMPLETED durationMs=456 lines=0 bytes=0 linesPerSec=0 mbPerSec=0.00 msg="STEP_METRICS" data={"stepExecutionId":16,"failures":[]}
partitioner-1 2026-09-18T20:37:00.048Z level=INFO logger=b.c.s.b.p.b.listener.JobMetricsListener thread=virtual-207 request_id=cycle-7fc3f1ce-b504-4f6a-a8f8-54944e4f79a8/ac4ef1b5-88d0-3e87-a378-dc92fe19ccc2 trace_id=47705ed7c43f97c115706926f1bf2f61 span_id=9b50051e94391df5 context=metrics operation=job.metrics job=filePartitionJob fileId=ac4ef1b5-88d0-3e87-a378-dc92fe19ccc2 jobExecutionId=1 status=COMPLETED attempt=1 durationMs=441836 lines=250000000 bytes=37750000019 partitions=10 linesPerSec=565821 mbPerSec=81.48 msg="JOB_METRICS" data={"fileName":"MOV_ABERTO_20260918_1789762803298_01.txt","failures":[]}
== amostras de docker stats
psl-partitioner-1 829.9MiB / 4GiB 0.03%
psl-azurite 99.98MiB / 8GiB 117.91%
disk 191
psl-partitioner-1 1017MiB / 4GiB 0.06%
psl-azurite 115.9MiB / 8GiB 106.90%
psl-partitioner-1 1018MiB / 4GiB 0.18%
psl-azurite 150MiB / 8GiB 102.75%
psl-partitioner-1 1018MiB / 4GiB 0.69%
psl-azurite 136MiB / 8GiB 107.98%
disk 190
psl-partitioner-1 1018MiB / 4GiB 3.66%
psl-azurite 157.7MiB / 8GiB 119.22%
psl-partitioner-1 1019MiB / 4GiB 0.10%
psl-azurite 181.1MiB / 8GiB 109.89%
psl-partitioner-1 1019MiB / 4GiB 0.23%
psl-azurite 199.4MiB / 8GiB 106.78%
psl-partitioner-1 1019MiB / 4GiB 0.07%
psl-azurite 202.1MiB / 8GiB 100.03%
disk 188
psl-partitioner-1 1019MiB / 4GiB 0.08%
psl-azurite 216.4MiB / 8GiB 115.33%
psl-partitioner-1 1019MiB / 4GiB 2.08%
psl-azurite 223.9MiB / 8GiB 115.00%
psl-partitioner-1 1019MiB / 4GiB 0.25%
psl-azurite 250.3MiB / 8GiB 102.64%
psl-partitioner-1 1020MiB / 4GiB 2.38%
psl-azurite 259.3MiB / 8GiB 107.40%
disk 186
psl-partitioner-1 1020MiB / 4GiB 0.37%
psl-azurite 281.7MiB / 8GiB 101.16%
psl-partitioner-1 1020MiB / 4GiB 0.27%
psl-azurite 269MiB / 8GiB 115.35%
psl-partitioner-1 1020MiB / 4GiB 0.18%
psl-azurite 291.4MiB / 8GiB 115.94%
psl-partitioner-1 1020MiB / 4GiB 0.08%
psl-azurite 305.4MiB / 8GiB 109.94%
disk 185
psl-partitioner-1 1020MiB / 4GiB 1.80%
psl-azurite 317.1MiB / 8GiB 110.34%
psl-partitioner-1 1020MiB / 4GiB 0.13%
psl-azurite 334.6MiB / 8GiB 105.49%
psl-partitioner-1 1020MiB / 4GiB 0.05%
psl-azurite 355.4MiB / 8GiB 107.78%
psl-partitioner-1 1020MiB / 4GiB 0.06%
psl-azurite 359.8MiB / 8GiB 105.04%
disk 183
psl-partitioner-1 1020MiB / 4GiB 0.05%
psl-azurite 345.7MiB / 8GiB 104.62%
psl-partitioner-1 1021MiB / 4GiB 2.55%
psl-azurite 341.4MiB / 8GiB 112.82%
psl-partitioner-1 1021MiB / 4GiB 0.04%
psl-azurite 353.7MiB / 8GiB 103.15%
psl-partitioner-1 1021MiB / 4GiB 0.05%
psl-azurite 345.1MiB / 8GiB 107.79%
disk 181
psl-partitioner-1 1021MiB / 4GiB 0.04%
psl-azurite 347.1MiB / 8GiB 99.46%
psl-partitioner-1 1021MiB / 4GiB 0.03%
psl-azurite 353.3MiB / 8GiB 104.44%
psl-partitioner-1 1021MiB / 4GiB 1.73%
psl-azurite 353.8MiB / 8GiB 113.38%
psl-partitioner-1 1021MiB / 4GiB 0.14%
psl-azurite 364.6MiB / 8GiB 107.87%
disk 179
psl-partitioner-1 1021MiB / 4GiB 0.04%
psl-azurite 362.1MiB / 8GiB 108.62%
psl-partitioner-1 1021MiB / 4GiB 0.04%
psl-azurite 363.9MiB / 8GiB 99.94%
psl-partitioner-1 1021MiB / 4GiB 2.62%
psl-azurite 367MiB / 8GiB 106.69%
psl-partitioner-1 1022MiB / 4GiB 1.86%
psl-azurite 375.7MiB / 8GiB 108.84%
disk 178
psl-partitioner-1 1022MiB / 4GiB 0.04%
psl-azurite 371.5MiB / 8GiB 106.09%
psl-partitioner-1 1022MiB / 4GiB 1.99%
psl-azurite 376.8MiB / 8GiB 100.83%
psl-partitioner-1 1022MiB / 4GiB 0.19%
psl-azurite 390.7MiB / 8GiB 98.76%
psl-partitioner-1 1022MiB / 4GiB 0.11%
psl-azurite 368.5MiB / 8GiB 111.20%
disk 176
psl-partitioner-1 1022MiB / 4GiB 0.04%
psl-azurite 395.8MiB / 8GiB 111.54%
psl-partitioner-1 1022MiB / 4GiB 0.04%
psl-azurite 396.3MiB / 8GiB 98.23%
psl-partitioner-1 1022MiB / 4GiB 1.69%
psl-azurite 369.9MiB / 8GiB 103.84%
psl-partitioner-1 1022MiB / 4GiB 0.04%
psl-azurite 375.4MiB / 8GiB 104.14%
disk 174
psl-partitioner-1 1022MiB / 4GiB 0.03%
psl-azurite 392.7MiB / 8GiB 101.47%
psl-partitioner-1 1022MiB / 4GiB 0.14%
psl-azurite 374.3MiB / 8GiB 115.84%
psl-partitioner-1 1022MiB / 4GiB 0.04%
psl-azurite 390.1MiB / 8GiB 104.75%
psl-partitioner-1 1022MiB / 4GiB 1.54%
psl-azurite 398.4MiB / 8GiB 108.62%
disk 172
psl-partitioner-1 1022MiB / 4GiB 0.03%
psl-azurite 379.8MiB / 8GiB 105.57%
psl-partitioner-1 1022MiB / 4GiB 0.03%
psl-azurite 392.9MiB / 8GiB 107.84%
psl-partitioner-1 1022MiB / 4GiB 0.03%
psl-azurite 400.6MiB / 8GiB 120.66%
psl-partitioner-1 1023MiB / 4GiB 2.83%
psl-azurite 397.5MiB / 8GiB 111.01%
disk 170
psl-partitioner-1 1023MiB / 4GiB 2.19%
psl-azurite 395.1MiB / 8GiB 115.48%
psl-partitioner-1 1023MiB / 4GiB 0.03%
psl-azurite 391.2MiB / 8GiB 101.30%
psl-partitioner-1 1023MiB / 4GiB 0.03%
psl-azurite 398.5MiB / 8GiB 104.29%
psl-partitioner-1 1023MiB / 4GiB 0.11%
psl-azurite 394.5MiB / 8GiB 108.37%
disk 169
psl-partitioner-1 1023MiB / 4GiB 0.06%
psl-azurite 423.1MiB / 8GiB 102.81%
psl-partitioner-1 1023MiB / 4GiB 3.11%
psl-azurite 399.4MiB / 8GiB 106.65%
psl-partitioner-1 1023MiB / 4GiB 0.03%
psl-azurite 424.8MiB / 8GiB 105.35%
psl-partitioner-1 1023MiB / 4GiB 0.03%
psl-azurite 399MiB / 8GiB 114.15%
disk 167
psl-partitioner-1 1023MiB / 4GiB 0.03%
psl-azurite 407.3MiB / 8GiB 111.39%
psl-partitioner-1 1023MiB / 4GiB 0.03%
psl-azurite 415.2MiB / 8GiB 108.46%
psl-partitioner-1 1023MiB / 4GiB 2.32%
psl-azurite 412.6MiB / 8GiB 109.34%
psl-partitioner-1 1023MiB / 4GiB 0.04%
psl-azurite 414MiB / 8GiB 113.29%
disk 165
psl-partitioner-1 1024MiB / 4GiB 1.66%
psl-azurite 432.9MiB / 8GiB 107.54%
psl-partitioner-1 1023MiB / 4GiB 0.03%
psl-azurite 410.7MiB / 8GiB 116.75%
psl-partitioner-1 1023MiB / 4GiB 0.03%
psl-azurite 413.8MiB / 8GiB 117.96%
psl-partitioner-1 1023MiB / 4GiB 0.03%
psl-azurite 417.2MiB / 8GiB 109.65%
disk 163
psl-partitioner-1 1024MiB / 4GiB 0.03%
psl-azurite 434.5MiB / 8GiB 107.25%
psl-partitioner-1 1024MiB / 4GiB 1.80%
psl-azurite 423.8MiB / 8GiB 108.84%
psl-partitioner-1 1024MiB / 4GiB 0.04%
psl-azurite 421.5MiB / 8GiB 114.74%
psl-partitioner-1 1024MiB / 4GiB 0.03%
psl-azurite 440.3MiB / 8GiB 107.24%
disk 161
psl-partitioner-1 1024MiB / 4GiB 0.04%
psl-azurite 416.6MiB / 8GiB 104.18%
psl-partitioner-1 1.003GiB / 4GiB 0.08%
psl-azurite 428.3MiB / 8GiB 108.55%
psl-partitioner-1 1.003GiB / 4GiB 1.47%
psl-azurite 426.6MiB / 8GiB 111.09%
psl-partitioner-1 1.003GiB / 4GiB 0.04%
psl-azurite 426.9MiB / 8GiB 124.70%
disk 159
psl-partitioner-1 1.003GiB / 4GiB 0.06%
psl-azurite 421.8MiB / 8GiB 115.90%
psl-partitioner-1 1.003GiB / 4GiB 0.04%
psl-azurite 428.1MiB / 8GiB 110.10%
psl-partitioner-1 1.003GiB / 4GiB 0.04%
psl-azurite 434.1MiB / 8GiB 106.61%
psl-partitioner-1 1.003GiB / 4GiB 1.69%
psl-azurite 430MiB / 8GiB 111.25%
disk 158
psl-partitioner-1 1.003GiB / 4GiB 0.04%
psl-azurite 442.4MiB / 8GiB 111.05%
psl-partitioner-1 1.003GiB / 4GiB 0.04%
psl-azurite 458.1MiB / 8GiB 103.14%
psl-partitioner-1 1.003GiB / 4GiB 0.04%
psl-azurite 438.1MiB / 8GiB 107.04%
psl-partitioner-1 1.007GiB / 4GiB 14.05%
psl-azurite 431.6MiB / 8GiB 51.74%
disk 156
psl-partitioner-1 1.002GiB / 4GiB 4.01%
psl-azurite 433.3MiB / 8GiB 0.00%
psl-partitioner-1 1.975GiB / 4GiB 128.65%
psl-azurite 443.9MiB / 8GiB 227.01%
psl-partitioner-1 2.904GiB / 4GiB 7.76%
psl-azurite 445.1MiB / 8GiB 122.38%
psl-partitioner-1 2.969GiB / 4GiB 0.28%
psl-azurite 417.6MiB / 8GiB 117.28%
disk 155
psl-partitioner-1 2.969GiB / 4GiB 1.17%
psl-azurite 430.8MiB / 8GiB 132.65%
psl-partitioner-1 3.105GiB / 4GiB 60.01%
psl-azurite 450.2MiB / 8GiB 230.85%
psl-partitioner-1 3.087GiB / 4GiB 7.76%
psl-azurite 403.6MiB / 8GiB 130.25%
psl-partitioner-1 3.087GiB / 4GiB 1.91%
psl-azurite 372.8MiB / 8GiB 116.60%
disk 152
psl-partitioner-1 3.087GiB / 4GiB 9.42%
psl-azurite 382.1MiB / 8GiB 130.61%
psl-partitioner-1 3.168GiB / 4GiB 87.33%
psl-azurite 405.5MiB / 8GiB 208.65%
psl-partitioner-1 3.192GiB / 4GiB 45.65%
psl-azurite 401.7MiB / 8GiB 170.38%
psl-partitioner-1 3.157GiB / 4GiB 3.23%
psl-azurite 356.9MiB / 8GiB 122.23%
disk 150
psl-partitioner-1 3.164GiB / 4GiB 2.67%
psl-azurite 369.9MiB / 8GiB 121.05%
psl-partitioner-1 3.168GiB / 4GiB 5.26%
psl-azurite 370.8MiB / 8GiB 146.65%
psl-partitioner-1 3.234GiB / 4GiB 61.84%
psl-azurite 486.7MiB / 8GiB 191.93%
psl-partitioner-1 3.165GiB / 4GiB 0.70%
psl-azurite 361.6MiB / 8GiB 123.76%
disk 148
psl-partitioner-1 3.171GiB / 4GiB 0.23%
psl-azurite 383.9MiB / 8GiB 110.48%
psl-partitioner-1 3.19GiB / 4GiB 68.67%
psl-azurite 415.8MiB / 8GiB 204.76%
psl-partitioner-1 3.188GiB / 4GiB 9.42%
psl-azurite 376.1MiB / 8GiB 143.84%
psl-partitioner-1 3.188GiB / 4GiB 0.74%
psl-azurite 392.6MiB / 8GiB 116.76%
disk 146
psl-partitioner-1 3.19GiB / 4GiB 1.01%
psl-azurite 378.6MiB / 8GiB 126.51%
psl-partitioner-1 3.197GiB / 4GiB 54.22%
psl-azurite 403.6MiB / 8GiB 215.14%
psl-partitioner-1 3.182GiB / 4GiB 24.58%
psl-azurite 396.9MiB / 8GiB 172.98%
psl-partitioner-1 3.175GiB / 4GiB 1.38%
psl-azurite 398.8MiB / 8GiB 118.30%
disk 144
psl-partitioner-1 3.179GiB / 4GiB 2.16%
psl-azurite 371.1MiB / 8GiB 118.16%
psl-partitioner-1 3.175GiB / 4GiB 1.41%
psl-azurite 398.4MiB / 8GiB 124.23%
psl-partitioner-1 3.206GiB / 4GiB 74.16%
psl-azurite 380.3MiB / 8GiB 212.26%
psl-partitioner-1 3.218GiB / 4GiB 57.20%
psl-azurite 477.7MiB / 8GiB 150.22%
disk 141
psl-partitioner-1 3.197GiB / 4GiB 4.66%
psl-azurite 400.2MiB / 8GiB 110.40%
psl-partitioner-1 3.198GiB / 4GiB 5.06%
psl-azurite 398.1MiB / 8GiB 106.55%
psl-partitioner-1 3.198GiB / 4GiB 1.55%
psl-azurite 386.6MiB / 8GiB 108.94%
psl-partitioner-1 3.198GiB / 4GiB 0.65%
psl-azurite 418.7MiB / 8GiB 109.80%
disk 139
psl-partitioner-1 3.198GiB / 4GiB 18.54%
psl-azurite 425.5MiB / 8GiB 130.35%
psl-partitioner-1 3.203GiB / 4GiB 62.66%
psl-azurite 439MiB / 8GiB 147.96%
psl-partitioner-1 3.233GiB / 4GiB 46.83%
psl-azurite 518.4MiB / 8GiB 127.29%
psl-partitioner-1 3.202GiB / 4GiB 2.99%
psl-azurite 434.4MiB / 8GiB 110.76%
disk 137
psl-partitioner-1 3.214GiB / 4GiB 1.41%
psl-azurite 441.4MiB / 8GiB 116.98%
psl-partitioner-1 3.212GiB / 4GiB 4.30%
psl-azurite 437MiB / 8GiB 107.92%
psl-partitioner-1 3.235GiB / 4GiB 49.13%
psl-azurite 448.2MiB / 8GiB 149.65%
psl-partitioner-1 3.276GiB / 4GiB 82.85%
psl-azurite 513.9MiB / 8GiB 150.85%
disk 134
psl-partitioner-1 3.234GiB / 4GiB 30.62%
psl-azurite 441.8MiB / 8GiB 116.28%
psl-partitioner-1 3.247GiB / 4GiB 12.11%
psl-azurite 441.2MiB / 8GiB 106.68%
psl-partitioner-1 3.231GiB / 4GiB 1.18%
psl-azurite 444.8MiB / 8GiB 106.73%
psl-partitioner-1 3.232GiB / 4GiB 1.99%
psl-azurite 468.5MiB / 8GiB 106.16%
disk 132
psl-partitioner-1 3.234GiB / 4GiB 46.95%
psl-azurite 454.9MiB / 8GiB 137.93%
psl-partitioner-1 3.259GiB / 4GiB 71.99%
psl-azurite 546.3MiB / 8GiB 150.92%
psl-partitioner-1 3.24GiB / 4GiB 4.54%
psl-azurite 462.4MiB / 8GiB 105.99%
psl-partitioner-1 3.234GiB / 4GiB 1.56%
psl-azurite 468.8MiB / 8GiB 106.25%
disk 130
psl-partitioner-1 3.235GiB / 4GiB 0.52%
psl-azurite 479.8MiB / 8GiB 106.91%
psl-partitioner-1 3.235GiB / 4GiB 0.62%
psl-azurite 462.9MiB / 8GiB 106.74%
psl-partitioner-1 3.235GiB / 4GiB 1.31%
psl-azurite 458.3MiB / 8GiB 118.40%
psl-partitioner-1 3.233GiB / 4GiB 46.13%
psl-azurite 466.6MiB / 8GiB 142.85%
disk 127
psl-partitioner-1 3.343GiB / 4GiB 49.52%
psl-azurite 607.5MiB / 8GiB 138.83%
psl-partitioner-1 3.239GiB / 4GiB 5.45%
psl-azurite 459.9MiB / 8GiB 107.57%
psl-partitioner-1 3.238GiB / 4GiB 2.81%
psl-azurite 469.3MiB / 8GiB 106.53%
psl-partitioner-1 3.233GiB / 4GiB 1.47%
psl-azurite 484.1MiB / 8GiB 106.80%
disk 125
psl-partitioner-1 3.234GiB / 4GiB 1.95%
psl-azurite 480.5MiB / 8GiB 106.33%
psl-partitioner-1 3.251GiB / 4GiB 5.27%
psl-azurite 491.1MiB / 8GiB 115.68%
psl-partitioner-1 3.258GiB / 4GiB 48.53%
psl-azurite 481.8MiB / 8GiB 139.09%
psl-partitioner-1 3.278GiB / 4GiB 48.21%
psl-azurite 572.9MiB / 8GiB 148.09%
disk 123
psl-partitioner-1 3.268GiB / 4GiB 18.98%
psl-azurite 493.8MiB / 8GiB 165.38%
psl-partitioner-1 3.268GiB / 4GiB 2.61%
psl-azurite 505.2MiB / 8GiB 106.88%
psl-partitioner-1 3.291GiB / 4GiB 4.17%
psl-azurite 486.8MiB / 8GiB 108.64%
psl-partitioner-1 3.31GiB / 4GiB 173.59%
psl-azurite 483MiB / 8GiB 9.68%
